INFO:Parsing config file: /home/toot/myStuff/development/github-projects/7D2D-EntityRandomizer/./config_example_TEST_all_entities.json
INFO:Loading entityclasses.xml file: /home/toot/.local/share/Steam/steamapps/common/7 Days To Die/Data/Config/entityclasses.xml
INFO:Loading entitygroups.xml file: /home/toot/.local/share/Steam/steamapps/common/7 Days To Die/Data/Config/entitygroups.xml
INFO:Randomizing archetypes flag set. Loading archetypes file archetypes.xml file: /home/toot/.local/share/Steam/steamapps/common/7 Days To Die/Data/Config/archetypes.xml
INFO:########## Generating Lookup Tables ##########
INFO:########## Populating Entity -> Type Lookup table ##########
DEBUG:Found entity Name: playerMale
DEBUG:playerMale is Class:EntityPlayer
DEBUG:Found entity Name: playerFemale
DEBUG:playerFemale EXTENDS: playerMale
DEBUG:Found entity Name: zombieTemplateMale
DEBUG:zombieTemplateMale is Class:EntityZombie
DEBUG:Found entity Name: zombieWightFeral
DEBUG:zombieWightFeral EXTENDS: zombieTemplateMale
DEBUG:Found entity Name: zombieWightRadiated
DEBUG:zombieWightRadiated EXTENDS: zombieWightFeral
DEBUG:Found entity Name: zombieBoe
DEBUG:zombieBoe EXTENDS: zombieTemplateMale
DEBUG:Found entity Name: zombieBoeFeral
DEBUG:zombieBoeFeral EXTENDS: zombieBoe
DEBUG:Found entity Name: zombieBoeRadiated
DEBUG:zombieBoeRadiated EXTENDS: zombieBoeFeral
DEBUG:Found entity Name: zombieFootballPlayer
DEBUG:zombieFootballPlayer EXTENDS: zombieTemplateMale
DEBUG:Found entity Name: zombieFemaleFat
DEBUG:zombieFemaleFat EXTENDS: zombieTemplateMale
DEBUG:Found entity Name: zombieFemaleFatFeral
DEBUG:zombieFemaleFatFeral EXTENDS: zombieFemaleFat
DEBUG:Found entity Name: zombieFemaleFatRadiated
DEBUG:zombieFemaleFatRadiated EXTENDS: zombieFemaleFatFeral
DEBUG:Found entity Name: zombieJoe
DEBUG:zombieJoe EXTENDS: zombieTemplateMale
DEBUG:Found entity Name: zombieJoeFeral
DEBUG:zombieJoeFeral EXTENDS: zombieJoe
DEBUG:Found entity Name: zombieJoeRadiated
DEBUG:zombieJoeRadiated EXTENDS: zombieJoeFeral
DEBUG:Found entity Name: zombieJanitor
DEBUG:zombieJanitor EXTENDS: zombieTemplateMale
DEBUG:Found entity Name: zombieJanitorFeral
DEBUG:zombieJanitorFeral EXTENDS: zombieJoe
DEBUG:Found entity Name: zombieJanitorRadiated
DEBUG:zombieJanitorRadiated EXTENDS: zombieJoeFeral
DEBUG:Found entity Name: zombieMoe
DEBUG:zombieMoe EXTENDS: zombieTemplateMale
DEBUG:Found entity Name: zombieMoeFeral
DEBUG:zombieMoeFeral EXTENDS: zombieMoe
DEBUG:Found entity Name: zombieMoeRadiated
DEBUG:zombieMoeRadiated EXTENDS: zombieMoeFeral
DEBUG:Found entity Name: zombieArlene
DEBUG:zombieArlene EXTENDS: zombieTemplateMale
DEBUG:Found entity Name: zombieArleneFeral
DEBUG:zombieArleneFeral EXTENDS: zombieArlene
DEBUG:Found entity Name: zombieArleneRadiated
DEBUG:zombieArleneRadiated EXTENDS: zombieArleneFeral
DEBUG:Found entity Name: zombieLab
DEBUG:zombieLab EXTENDS: zombieArlene
DEBUG:Found entity Name: zombieLabFeral
DEBUG:zombieLabFeral EXTENDS: zombieLab
DEBUG:Found entity Name: zombieLabRadiated
DEBUG:zombieLabRadiated EXTENDS: zombieLab
DEBUG:Found entity Name: legendaryZombieLab
DEBUG:legendaryZombieLab EXTENDS: zombieLab
DEBUG:Found entity Name: zombieScreamer
DEBUG:zombieScreamer EXTENDS: zombieTemplateMale
DEBUG:Found entity Name: zombieScreamerFeral
DEBUG:zombieScreamerFeral EXTENDS: zombieScreamer
DEBUG:Found entity Name: zombieScreamerRadiated
DEBUG:zombieScreamerRadiated EXTENDS: zombieScreamerFeral
DEBUG:Found entity Name: zombieDarlene
DEBUG:zombieDarlene EXTENDS: zombieTemplateMale
DEBUG:Found entity Name: zombieDarleneFeral
DEBUG:zombieDarleneFeral EXTENDS: zombieDarlene
DEBUG:Found entity Name: zombieDarleneRadiated
DEBUG:zombieDarleneRadiated EXTENDS: zombieDarleneFeral
DEBUG:Found entity Name: zombieMarlene
DEBUG:zombieMarlene EXTENDS: zombieTemplateMale
DEBUG:Found entity Name: zombieMarleneFeral
DEBUG:zombieMarleneFeral EXTENDS: zombieMarlene
DEBUG:Found entity Name: zombieMarleneRadiated
DEBUG:zombieMarleneRadiated EXTENDS: zombieMarlene
DEBUG:Found entity Name: zombieYo
DEBUG:zombieYo EXTENDS: zombieTemplateMale
DEBUG:Found entity Name: zombieYoFeral
DEBUG:zombieYoFeral EXTENDS: zombieYo
DEBUG:Found entity Name: zombieYoRadiated
DEBUG:zombieYoRadiated EXTENDS: zombieYoFeral
DEBUG:Found entity Name: zombieSteve
DEBUG:zombieSteve EXTENDS: zombieTemplateMale
DEBUG:Found entity Name: zombieSteveFeral
DEBUG:zombieSteveFeral EXTENDS: zombieSteve
DEBUG:Found entity Name: zombieSteveRadiated
DEBUG:zombieSteveRadiated EXTENDS: zombieSteveFeral
DEBUG:Found entity Name: zombieSteveCrawler
DEBUG:zombieSteveCrawler EXTENDS: zombieTemplateMale
DEBUG:Found entity Name: zombieSteveCrawlerFeral
DEBUG:zombieSteveCrawlerFeral EXTENDS: zombieSteveCrawler
DEBUG:Found entity Name: zombieBusinessMan
DEBUG:zombieBusinessMan EXTENDS: zombieTemplateMale
DEBUG:Found entity Name: zombieBusinessManFeral
DEBUG:zombieBusinessManFeral EXTENDS: zombieBusinessMan
DEBUG:Found entity Name: legendaryZombieBusinessMan
DEBUG:legendaryZombieBusinessMan EXTENDS: zombieBusinessMan
DEBUG:Found entity Name: zombieSnow
DEBUG:zombieSnow EXTENDS: zombieTemplateMale
DEBUG:Found entity Name: zombieSnowFeral
DEBUG:zombieSnowFeral EXTENDS: zombieSnow
DEBUG:Found entity Name: zombieSpider
DEBUG:zombieSpider EXTENDS: zombieTemplateMale
DEBUG:Found entity Name: zombieSpiderFeral
DEBUG:zombieSpiderFeral EXTENDS: zombieSpider
DEBUG:Found entity Name: zombieSpiderRadiated
DEBUG:zombieSpiderRadiated EXTENDS: zombieSpiderFeral
DEBUG:Found entity Name: zombieBurnt
DEBUG:zombieBurnt EXTENDS: zombieTemplateMale
DEBUG:Found entity Name: zombieNurse
DEBUG:zombieNurse EXTENDS: zombieTemplateMale
DEBUG:Found entity Name: zombieNurseFeral
DEBUG:zombieNurseFeral EXTENDS: zombieNurse
DEBUG:Found entity Name: zombieFatHawaiian
DEBUG:zombieFatHawaiian EXTENDS: zombieTemplateMale
DEBUG:Found entity Name: zombieFatHawaiianFeral
DEBUG:zombieFatHawaiianFeral EXTENDS: zombieFatHawaiian
DEBUG:Found entity Name: zombieFatCop
DEBUG:zombieFatCop EXTENDS: zombieTemplateMale
DEBUG:Found entity Name: zombieFatCopFeral
DEBUG:zombieFatCopFeral EXTENDS: zombieFatCop
DEBUG:Found entity Name: zombieFatCopRadiated
DEBUG:zombieFatCopRadiated EXTENDS: zombieFatCopFeral
DEBUG:Found entity Name: zombieMaleHazmat
DEBUG:zombieMaleHazmat EXTENDS: zombieBoe
DEBUG:Found entity Name: zombieUtilityWorker
DEBUG:zombieUtilityWorker EXTENDS: zombieTemplateMale
DEBUG:Found entity Name: zombieUtilityWorkerFeral
DEBUG:zombieUtilityWorkerFeral EXTENDS: zombieUtilityWorker
DEBUG:Found entity Name: legendaryZombieUtilityWorker
DEBUG:legendaryZombieUtilityWorker EXTENDS: zombieUtilityWorker
DEBUG:Found entity Name: zombieSoldier
DEBUG:zombieSoldier EXTENDS: zombieTemplateMale
DEBUG:Found entity Name: zombieSoldierFeral
DEBUG:zombieSoldierFeral EXTENDS: zombieSoldier
DEBUG:Found entity Name: zombieSoldierRadiated
DEBUG:zombieSoldierRadiated EXTENDS: zombieSoldierFeral
DEBUG:Found entity Name: zombieDemolition
DEBUG:zombieDemolition EXTENDS: zombieSoldier
DEBUG:Found entity Name: zombieSkateboarder
DEBUG:zombieSkateboarder EXTENDS: zombieBoe
DEBUG:Found entity Name: zombieSkateboarderFeral
DEBUG:zombieSkateboarderFeral EXTENDS: zombieSkateboarder
DEBUG:Found entity Name: zombieSkateboarderRadiated
DEBUG:zombieSkateboarderRadiated EXTENDS: zombieSkateboarderFeral
DEBUG:Found entity Name: zombieCheerleader
DEBUG:zombieCheerleader EXTENDS: zombieTemplateMale
DEBUG:Found entity Name: zombieCheerleaderFeral
DEBUG:zombieCheerleaderFeral EXTENDS: zombieCheerleader
DEBUG:Found entity Name: zombieCheerleaderRadiated
DEBUG:zombieCheerleaderRadiated EXTENDS: zombieCheerleaderFeral
DEBUG:Found entity Name: zombieOldTimer
DEBUG:zombieOldTimer EXTENDS: zombieBoe
DEBUG:Found entity Name: zombieOldTimerFeral
DEBUG:zombieOldTimerFeral EXTENDS: zombieOldTimer
DEBUG:Found entity Name: zombieOldTimerRadiated
DEBUG:zombieOldTimerRadiated EXTENDS: zombieOldTimerFeral
DEBUG:Found entity Name: zombieBiker
DEBUG:zombieBiker EXTENDS: zombieTemplateMale
DEBUG:Found entity Name: zombieBikerFeral
DEBUG:zombieBikerFeral EXTENDS: zombieBiker
DEBUG:Found entity Name: zombieBikerRadiated
DEBUG:zombieBikerRadiated EXTENDS: zombieBikerFeral
DEBUG:Found entity Name: zombieFarmer
DEBUG:zombieFarmer EXTENDS: zombieTemplateMale
DEBUG:Found entity Name: zombieFarmerFeral
DEBUG:zombieFarmerFeral EXTENDS: zombieFarmer
DEBUG:Found entity Name: zombieStripper
DEBUG:zombieStripper EXTENDS: zombieDarlene
DEBUG:Found entity Name: zombieStripperFeral
DEBUG:zombieStripperFeral EXTENDS: zombieStripper
DEBUG:Found entity Name: zombieUMATemplateMale
DEBUG:zombieUMATemplateMale EXTENDS: zombieTemplateMale
DEBUG:Found entity Name: zombieUMATemplateFemale
DEBUG:zombieUMATemplateFemale EXTENDS: zombieUMATemplateMale
DEBUG:zombieUMATemplateFemale maps to Archetype:ZombieFemaleUMA
DEBUG:Found entity Name: zombieMiner
DEBUG:zombieMiner EXTENDS: zombieUMATemplateMale
DEBUG:zombieMiner maps to Archetype:ZombieMiner
DEBUG:Found entity Name: animalTemplateTimid
DEBUG:animalTemplateTimid is Class:EntityAnimalStag
DEBUG:Found entity Name: animalStag
DEBUG:animalStag EXTENDS: animalTemplateTimid
DEBUG:Found entity Name: animalDoe
DEBUG:animalDoe EXTENDS: animalStag
DEBUG:Found entity Name: animalRabbit
DEBUG:animalRabbit EXTENDS: animalTemplateTimid
DEBUG:Found entity Name: animalChicken
DEBUG:animalChicken EXTENDS: animalTemplateTimid
DEBUG:Found entity Name: animalTemplateHostile
DEBUG:animalTemplateHostile is Class:EntityEnemyAnimal
DEBUG:Found entity Name: animalBear
DEBUG:animalBear EXTENDS: animalTemplateHostile
DEBUG:Found entity Name: animalZombieBear
DEBUG:animalZombieBear EXTENDS: animalBear
DEBUG:Found entity Name: animalWolf
DEBUG:animalWolf EXTENDS: animalTemplateHostile
DEBUG:Found entity Name: animalCoyote
DEBUG:animalCoyote EXTENDS: animalWolf
DEBUG:Found entity Name: animalDireWolf
DEBUG:animalDireWolf EXTENDS: animalWolf
DEBUG:Found entity Name: animalMountainLion
DEBUG:animalMountainLion EXTENDS: animalDireWolf
DEBUG:Found entity Name: animalZombieVulture
DEBUG:animalZombieVulture EXTENDS: animalTemplateHostile
DEBUG:Found entity Name: animalZombieVultureRadiated
DEBUG:animalZombieVultureRadiated EXTENDS: animalZombieVulture
DEBUG:Found entity Name: animalZombieDog
DEBUG:animalZombieDog EXTENDS: animalWolf
DEBUG:Found entity Name: animalSnake
DEBUG:animalSnake EXTENDS: animalTemplateHostile
DEBUG:Found entity Name: animalBoar
DEBUG:animalBoar EXTENDS: animalTemplateHostile
DEBUG:Found entity Name: animalBossGrace
DEBUG:animalBossGrace EXTENDS: animalBoar
DEBUG:Found entity Name: vehicleBicycle
DEBUG:vehicleBicycle is Class:EntityBicycle
DEBUG:Found entity Name: vehicleMinibike
DEBUG:vehicleMinibike is Class:EntityMinibike
DEBUG:Found entity Name: vehicleMotorcycle
DEBUG:vehicleMotorcycle is Class:EntityMotorcycle
DEBUG:Found entity Name: vehicle4x4Truck
DEBUG:vehicle4x4Truck is Class:EntityVJeep
DEBUG:Found entity Name: vehicleGyrocopter
DEBUG:vehicleGyrocopter is Class:EntityVGyroCopter
DEBUG:Found entity Name: supplyPlane
DEBUG:supplyPlane is Class:EntitySupplyPlane
DEBUG:Found entity Name: sc_General
DEBUG:sc_General is Class:EntitySupplyCrate
DEBUG:Found entity Name: Backpack
DEBUG:Backpack is Class:EntityBackpack
DEBUG:Found entity Name: DroppedLootContainer
DEBUG:DroppedLootContainer is Class:EntityLootContainer
DEBUG:Found entity Name: EntityLootContainerRegular
DEBUG:EntityLootContainerRegular is Class:EntityLootContainer
DEBUG:Found entity Name: EntityLootContainerStrong
DEBUG:EntityLootContainerStrong is Class:EntityLootContainer
DEBUG:Found entity Name: EntityLootContainerBoss
DEBUG:EntityLootContainerBoss is Class:EntityLootContainer
DEBUG:Found entity Name: EntityLootContainerBandit
DEBUG:EntityLootContainerBandit is Class:EntityLootContainer
DEBUG:Found entity Name: invisibleAnimal
DEBUG:invisibleAnimal is Class:EntityLootContainer
DEBUG:Found entity Name: invisibleAnimalEnemy
DEBUG:invisibleAnimalEnemy is Class:EntityLootContainer
DEBUG:Found entity Name: npcTraderUMATemplate
DEBUG:npcTraderUMATemplate is Class:EntityTrader
DEBUG:npcTraderUMATemplate maps to Archetype:TraderJoel
DEBUG:Found entity Name: junkTurretSledge
DEBUG:junkTurretSledge is Class:EntityTurret
DEBUG:Found entity Name: junkTurretGun
DEBUG:junkTurretGun is Class:EntityTurret
DEBUG:Found entity Name: entityJunkDrone
DEBUG:entityJunkDrone is Class:EntityDrone
DEBUG:Found entity Name: npcTraderTemplate
DEBUG:npcTraderTemplate is Class:EntityTrader
DEBUG:npcTraderTemplate maps to Archetype:TraderJoel
DEBUG:Found entity Name: npcTraderJoel
DEBUG:npcTraderJoel EXTENDS: npcTraderTemplate
DEBUG:Found entity Name: npcTraderRekt
DEBUG:npcTraderRekt EXTENDS: npcTraderTemplate
DEBUG:Found entity Name: npcTraderBob
DEBUG:npcTraderBob EXTENDS: npcTraderTemplate
DEBUG:Found entity Name: npcTraderHugh
DEBUG:npcTraderHugh EXTENDS: npcTraderTemplate
DEBUG:Found entity Name: npcTraderJen
DEBUG:npcTraderJen EXTENDS: npcTraderTemplate
DEBUG:Found entity Name: npcTraderTest
DEBUG:npcTraderTest EXTENDS: npcTraderTemplate
INFO:########## Populating Type -> Entity Lookup table ##########
DEBUG:Backpack -> EntityBackpack
DEBUG:DroppedLootContainer -> EntityLootContainer
DEBUG:EntityLootContainerBandit -> EntityLootContainer
DEBUG:EntityLootContainerBoss -> EntityLootContainer
DEBUG:EntityLootContainerRegular -> EntityLootContainer
DEBUG:EntityLootContainerStrong -> EntityLootContainer
DEBUG:animalBear -> EntityEnemyAnimal
DEBUG:animalBoar -> EntityEnemyAnimal
DEBUG:animalBossGrace -> EntityEnemyAnimal
DEBUG:animalChicken -> EntityAnimalStag
DEBUG:animalCoyote -> EntityEnemyAnimal
DEBUG:animalDireWolf -> EntityEnemyAnimal
DEBUG:animalDoe -> EntityAnimalStag
DEBUG:animalMountainLion -> EntityEnemyAnimal
DEBUG:animalRabbit -> EntityAnimalStag
DEBUG:animalSnake -> EntityEnemyAnimal
DEBUG:animalStag -> EntityAnimalStag
DEBUG:animalTemplateHostile -> EntityEnemyAnimal
DEBUG:animalTemplateTimid -> EntityAnimalStag
DEBUG:animalWolf -> EntityEnemyAnimal
DEBUG:animalZombieBear -> EntityEnemyAnimal
DEBUG:animalZombieDog -> EntityEnemyAnimal
DEBUG:animalZombieVulture -> EntityEnemyAnimal
DEBUG:animalZombieVultureRadiated -> EntityEnemyAnimal
DEBUG:entityJunkDrone -> EntityDrone
DEBUG:invisibleAnimal -> EntityLootContainer
DEBUG:invisibleAnimalEnemy -> EntityLootContainer
DEBUG:junkTurretGun -> EntityTurret
DEBUG:junkTurretSledge -> EntityTurret
DEBUG:legendaryZombieBusinessMan -> EntityZombie
DEBUG:legendaryZombieLab -> EntityZombie
DEBUG:legendaryZombieUtilityWorker -> EntityZombie
DEBUG:npcTraderBob -> EntityTrader
DEBUG:npcTraderHugh -> EntityTrader
DEBUG:npcTraderJen -> EntityTrader
DEBUG:npcTraderJoel -> EntityTrader
DEBUG:npcTraderRekt -> EntityTrader
DEBUG:npcTraderTemplate -> EntityTrader
DEBUG:npcTraderTest -> EntityTrader
DEBUG:npcTraderUMATemplate -> EntityTrader
DEBUG:playerFemale -> EntityPlayer
DEBUG:playerMale -> EntityPlayer
DEBUG:sc_General -> EntitySupplyCrate
DEBUG:supplyPlane -> EntitySupplyPlane
DEBUG:vehicle4x4Truck -> EntityVJeep
DEBUG:vehicleBicycle -> EntityBicycle
DEBUG:vehicleGyrocopter -> EntityVGyroCopter
DEBUG:vehicleMinibike -> EntityMinibike
DEBUG:vehicleMotorcycle -> EntityMotorcycle
DEBUG:zombieArlene -> EntityZombie
DEBUG:zombieArleneFeral -> EntityZombie
DEBUG:zombieArleneRadiated -> EntityZombie
DEBUG:zombieBiker -> EntityZombie
DEBUG:zombieBikerFeral -> EntityZombie
DEBUG:zombieBikerRadiated -> EntityZombie
DEBUG:zombieBoe -> EntityZombie
DEBUG:zombieBoeFeral -> EntityZombie
DEBUG:zombieBoeRadiated -> EntityZombie
DEBUG:zombieBurnt -> EntityZombie
DEBUG:zombieBusinessMan -> EntityZombie
DEBUG:zombieBusinessManFeral -> EntityZombie
DEBUG:zombieCheerleader -> EntityZombie
DEBUG:zombieCheerleaderFeral -> EntityZombie
DEBUG:zombieCheerleaderRadiated -> EntityZombie
DEBUG:zombieDarlene -> EntityZombie
DEBUG:zombieDarleneFeral -> EntityZombie
DEBUG:zombieDarleneRadiated -> EntityZombie
DEBUG:zombieDemolition -> EntityZombie
DEBUG:zombieFarmer -> EntityZombie
DEBUG:zombieFarmerFeral -> EntityZombie
DEBUG:zombieFatCop -> EntityZombie
DEBUG:zombieFatCopFeral -> EntityZombie
DEBUG:zombieFatCopRadiated -> EntityZombie
DEBUG:zombieFatHawaiian -> EntityZombie
DEBUG:zombieFatHawaiianFeral -> EntityZombie
DEBUG:zombieFemaleFat -> EntityZombie
DEBUG:zombieFemaleFatFeral -> EntityZombie
DEBUG:zombieFemaleFatRadiated -> EntityZombie
DEBUG:zombieFootballPlayer -> EntityZombie
DEBUG:zombieJanitor -> EntityZombie
DEBUG:zombieJanitorFeral -> EntityZombie
DEBUG:zombieJanitorRadiated -> EntityZombie
DEBUG:zombieJoe -> EntityZombie
DEBUG:zombieJoeFeral -> EntityZombie
DEBUG:zombieJoeRadiated -> EntityZombie
DEBUG:zombieLab -> EntityZombie
DEBUG:zombieLabFeral -> EntityZombie
DEBUG:zombieLabRadiated -> EntityZombie
DEBUG:zombieMaleHazmat -> EntityZombie
DEBUG:zombieMarlene -> EntityZombie
DEBUG:zombieMarleneFeral -> EntityZombie
DEBUG:zombieMarleneRadiated -> EntityZombie
DEBUG:zombieMiner -> EntityZombie
DEBUG:zombieMoe -> EntityZombie
DEBUG:zombieMoeFeral -> EntityZombie
DEBUG:zombieMoeRadiated -> EntityZombie
DEBUG:zombieNurse -> EntityZombie
DEBUG:zombieNurseFeral -> EntityZombie
DEBUG:zombieOldTimer -> EntityZombie
DEBUG:zombieOldTimerFeral -> EntityZombie
DEBUG:zombieOldTimerRadiated -> EntityZombie
DEBUG:zombieScreamer -> EntityZombie
DEBUG:zombieScreamerFeral -> EntityZombie
DEBUG:zombieScreamerRadiated -> EntityZombie
DEBUG:zombieSkateboarder -> EntityZombie
DEBUG:zombieSkateboarderFeral -> EntityZombie
DEBUG:zombieSkateboarderRadiated -> EntityZombie
DEBUG:zombieSnow -> EntityZombie
DEBUG:zombieSnowFeral -> EntityZombie
DEBUG:zombieSoldier -> EntityZombie
DEBUG:zombieSoldierFeral -> EntityZombie
DEBUG:zombieSoldierRadiated -> EntityZombie
DEBUG:zombieSpider -> EntityZombie
DEBUG:zombieSpiderFeral -> EntityZombie
DEBUG:zombieSpiderRadiated -> EntityZombie
DEBUG:zombieSteve -> EntityZombie
DEBUG:zombieSteveCrawler -> EntityZombie
DEBUG:zombieSteveCrawlerFeral -> EntityZombie
DEBUG:zombieSteveFeral -> EntityZombie
DEBUG:zombieSteveRadiated -> EntityZombie
DEBUG:zombieStripper -> EntityZombie
DEBUG:zombieStripperFeral -> EntityZombie
DEBUG:zombieTemplateMale -> EntityZombie
DEBUG:zombieUMATemplateFemale -> EntityZombie
DEBUG:zombieUMATemplateMale -> EntityZombie
DEBUG:zombieUtilityWorker -> EntityZombie
DEBUG:zombieUtilityWorkerFeral -> EntityZombie
DEBUG:zombieWightFeral -> EntityZombie
DEBUG:zombieWightRadiated -> EntityZombie
DEBUG:zombieYo -> EntityZombie
DEBUG:zombieYoFeral -> EntityZombie
DEBUG:zombieYoRadiated -> EntityZombie
DEBUG:Saving zombieBusinessManFeral -> EntityZombie
DEBUG:Saving zombieFatCopRadiated -> EntityZombie
DEBUG:Saving zombieFarmer -> EntityZombie
DEBUG:Saving zombieSteveCrawler -> EntityZombie
DEBUG:Saving zombieSoldierFeral -> EntityZombie
DEBUG:Saving zombieWightFeral -> EntityZombie
DEBUG:Saving zombieArleneRadiated -> EntityZombie
DEBUG:Saving legendaryZombieLab -> EntityZombie
DEBUG:Saving junkTurretGun -> EntityTurret
DEBUG:Saving zombieFemaleFatFeral -> EntityZombie
DEBUG:Saving zombieBoeFeral -> EntityZombie
DEBUG:Saving EntityLootContainerStrong -> EntityLootContainer
DEBUG:Saving zombieJoeFeral -> EntityZombie
DEBUG:Saving npcTraderRekt -> EntityTrader
DEBUG:Saving animalBear -> EntityEnemyAnimal
DEBUG:Saving supplyPlane -> EntitySupplyPlane
DEBUG:Saving animalZombieVulture -> EntityEnemyAnimal
DEBUG:Saving animalMountainLion -> EntityEnemyAnimal
DEBUG:Saving zombieSteve -> EntityZombie
DEBUG:Saving playerMale -> EntityPlayer
DEBUG:Saving EntityLootContainerBoss -> EntityLootContainer
DEBUG:Saving zombieSoldier -> EntityZombie
DEBUG:Saving zombieBurnt -> EntityZombie
DEBUG:Saving EntityLootContainerBandit -> EntityLootContainer
DEBUG:Saving zombieFemaleFat -> EntityZombie
DEBUG:Saving legendaryZombieBusinessMan -> EntityZombie
DEBUG:Saving zombieLabFeral -> EntityZombie
DEBUG:Saving Backpack -> EntityBackpack
DEBUG:Saving zombieScreamerFeral -> EntityZombie
DEBUG:Saving EntityLootContainerRegular -> EntityLootContainer
DEBUG:Saving animalRabbit -> EntityAnimalStag
DEBUG:Saving zombieSoldierRadiated -> EntityZombie
DEBUG:Saving zombieSpiderRadiated -> EntityZombie
DEBUG:Saving zombieWightRadiated -> EntityZombie
DEBUG:Saving zombieSnow -> EntityZombie
DEBUG:Saving animalTemplateTimid -> EntityAnimalStag
DEBUG:Saving zombieNurse -> EntityZombie
DEBUG:Saving animalZombieVultureRadiated -> EntityEnemyAnimal
DEBUG:Saving zombieBiker -> EntityZombie
DEBUG:Saving zombieFatHawaiian -> EntityZombie
DEBUG:Saving animalDoe -> EntityAnimalStag
DEBUG:Saving animalWolf -> EntityEnemyAnimal
DEBUG:Saving zombieFatCop -> EntityZombie
DEBUG:Saving zombieMarlene -> EntityZombie
DEBUG:Saving zombieBoe -> EntityZombie
DEBUG:Saving zombieFatHawaiianFeral -> EntityZombie
DEBUG:Saving zombieArlene -> EntityZombie
DEBUG:Saving zombieMoeRadiated -> EntityZombie
DEBUG:Saving zombieMiner -> EntityZombie
DEBUG:Saving zombieMarleneRadiated -> EntityZombie
DEBUG:Saving vehicleMotorcycle -> EntityMotorcycle
DEBUG:Saving zombieJoe -> EntityZombie
DEBUG:Saving zombieYoRadiated -> EntityZombie
DEBUG:Saving zombieMarleneFeral -> EntityZombie
DEBUG:Saving animalCoyote -> EntityEnemyAnimal
DEBUG:Saving vehicleGyrocopter -> EntityVGyroCopter
DEBUG:Saving zombieLab -> EntityZombie
DEBUG:Saving zombieSkateboarderFeral -> EntityZombie
DEBUG:Saving animalChicken -> EntityAnimalStag
DEBUG:Saving zombieStripperFeral -> EntityZombie
DEBUG:Saving zombieYo -> EntityZombie
DEBUG:Saving zombieMaleHazmat -> EntityZombie
DEBUG:Saving invisibleAnimal -> EntityLootContainer
DEBUG:Saving zombieOldTimerFeral -> EntityZombie
DEBUG:Saving zombieBusinessMan -> EntityZombie
DEBUG:Saving zombieSpider -> EntityZombie
DEBUG:Saving zombieFootballPlayer -> EntityZombie
DEBUG:Saving playerFemale -> EntityPlayer
DEBUG:Saving legendaryZombieUtilityWorker -> EntityZombie
DEBUG:Saving animalSnake -> EntityEnemyAnimal
DEBUG:Saving zombieTemplateMale -> EntityZombie
DEBUG:Saving npcTraderTest -> EntityTrader
DEBUG:Saving zombieCheerleaderRadiated -> EntityZombie
DEBUG:Saving zombieMoe -> EntityZombie
DEBUG:Saving npcTraderUMATemplate -> EntityTrader
DEBUG:Saving zombieBoeRadiated -> EntityZombie
DEBUG:Saving zombieDarleneFeral -> EntityZombie
DEBUG:Saving junkTurretSledge -> EntityTurret
DEBUG:Saving zombieUtilityWorkerFeral -> EntityZombie
DEBUG:Saving zombieJanitorFeral -> EntityZombie
DEBUG:Saving zombieFemaleFatRadiated -> EntityZombie
DEBUG:Saving sc_General -> EntitySupplyCrate
DEBUG:Saving zombieJoeRadiated -> EntityZombie
DEBUG:Saving zombieUtilityWorker -> EntityZombie
DEBUG:Saving zombieSpiderFeral -> EntityZombie
DEBUG:Saving vehicleBicycle -> EntityBicycle
DEBUG:Saving animalTemplateHostile -> EntityEnemyAnimal
DEBUG:Saving zombieJanitorRadiated -> EntityZombie
DEBUG:Saving vehicle4x4Truck -> EntityVJeep
DEBUG:Saving zombieArleneFeral -> EntityZombie
DEBUG:Saving npcTraderJoel -> EntityTrader
DEBUG:Saving npcTraderHugh -> EntityTrader
DEBUG:Saving zombieLabRadiated -> EntityZombie
DEBUG:Saving zombieSkateboarder -> EntityZombie
DEBUG:Saving zombieDarlene -> EntityZombie
DEBUG:Saving zombieFatCopFeral -> EntityZombie
DEBUG:Saving zombieCheerleader -> EntityZombie
DEBUG:Saving animalBoar -> EntityEnemyAnimal
DEBUG:Saving zombieJanitor -> EntityZombie
DEBUG:Saving animalStag -> EntityAnimalStag
DEBUG:Saving DroppedLootContainer -> EntityLootContainer
DEBUG:Saving zombieDarleneRadiated -> EntityZombie
DEBUG:Saving zombieSnowFeral -> EntityZombie
DEBUG:Saving zombieScreamer -> EntityZombie
DEBUG:Saving zombieOldTimerRadiated -> EntityZombie
DEBUG:Saving zombieBikerFeral -> EntityZombie
DEBUG:Saving zombieNurseFeral -> EntityZombie
DEBUG:Saving animalZombieBear -> EntityEnemyAnimal
DEBUG:Saving animalDireWolf -> EntityEnemyAnimal
DEBUG:Saving zombieUMATemplateMale -> EntityZombie
DEBUG:Saving zombieSteveCrawlerFeral -> EntityZombie
DEBUG:Saving zombieMoeFeral -> EntityZombie
DEBUG:Saving zombieSkateboarderRadiated -> EntityZombie
DEBUG:Saving zombieDemolition -> EntityZombie
DEBUG:Saving zombieUMATemplateFemale -> EntityZombie
DEBUG:Saving animalBossGrace -> EntityEnemyAnimal
DEBUG:Saving npcTraderTemplate -> EntityTrader
DEBUG:Saving vehicleMinibike -> EntityMinibike
DEBUG:Saving zombieSteveFeral -> EntityZombie
DEBUG:Saving zombieYoFeral -> EntityZombie
DEBUG:Saving zombieCheerleaderFeral -> EntityZombie
DEBUG:Saving zombieSteveRadiated -> EntityZombie
DEBUG:Saving invisibleAnimalEnemy -> EntityLootContainer
DEBUG:Saving zombieFarmerFeral -> EntityZombie
DEBUG:Saving npcTraderJen -> EntityTrader
DEBUG:Saving entityJunkDrone -> EntityDrone
DEBUG:Saving npcTraderBob -> EntityTrader
DEBUG:Saving zombieOldTimer -> EntityZombie
DEBUG:Saving zombieScreamerRadiated -> EntityZombie
DEBUG:Saving zombieStripper -> EntityZombie
DEBUG:Saving animalZombieDog -> EntityEnemyAnimal
DEBUG:Saving zombieBikerRadiated -> EntityZombie
INFO:########## Generating EntityZombie Entities ##########
DEBUG:########## GenerateNewEntityFromExistingName ##########
DEBUG:Looking for: zombieBusinessManFeral
DEBUG:Found: zombieBusinessManFeral
DEBUG:Cloned entity_class EntityZombie: zombieBusinessManFeral as: DoughsR2_zombieBusinessManFeral
DEBUG:Randomizing: ConfigEntityZombie - KnockdownKneelDamageThreshold via:setcreate_one_range
DEBUG:Randomizing: ConfigEntityZombie - KnockdownKneelStunDuration via:setcreate_two_range
DEBUG:Randomizing: ConfigEntityZombie - MassAndWeightAndSizeScale via:custom_MassAndWeightAndSizeScale
DEBUG:Randomizing: ConfigEntityZombie - AttackTimeoutDay via:setcreate_one_range
DEBUG:Randomizing: ConfigEntityZombie - WalkType via:custom_WalkType
DEBUG:Randomizing: ConfigEntityZombie - DismemberMultiplierHead via:setcreate_one_range
DEBUG:Randomizing of this property is blocked in config file for entity: ConfigEntityZombie->Explosion.BlockDamage->zombieBusinessManFeral
DEBUG:Randomizing: ConfigEntityZombie - TintMaterial via:custom_TintMaterial
DEBUG:Randomizing of this property is blocked in config file for entity: ConfigEntityZombie->Explosion.RadiusBlocks->zombieBusinessManFeral
DEBUG:Randomizing: ConfigEntityZombie - MoveSpeedAggro via:setcreate_two_range
DEBUG:Randomizing: ConfigEntityZombie - SightRange via:setcreate_rand_around_percent
DEBUG:Randomizing of this property is blocked in config file for entity: ConfigEntityZombie->Explosion.EntityDamage->zombieBusinessManFeral
DEBUG:Randomizing: ConfigEntityZombie - LookAtAngle via:setcreate_rand_around_percent
DEBUG:Randomizing of this property is blocked in config file for entity: ConfigEntityZombie->ExplodeDelay->zombieBusinessManFeral
DEBUG:Randomizing: ConfigEntityZombie - AttackTimeoutNight via:setcreate_one_range
DEBUG:Randomizing: ConfigEntityZombie - KnockdownProneDamageThreshold via:setcreate_one_range
DEBUG:Randomizing: ConfigEntityZombie - DismemberMultiplierLegs via:setcreate_one_range
DEBUG:Randomizing: ConfigEntityZombie - DismemberMultiplierArms via:setcreate_one_range
DEBUG:Randomizing: ConfigEntityZombie - MaxViewAngle via:setcreate_rand_around_percent
DEBUG:Randomizing: ConfigEntityZombie - AINoiseSeekDist via:setcreate_rand_around_percent
DEBUG:Randomizing of this property is blocked in config file for entity: ConfigEntityZombie->Explosion.DamageBonus.earth->zombieBusinessManFeral
DEBUG:Randomizing: ConfigEntityZombie - JumpMaxDistance via:setcreate_two_range
DEBUG:Randomizing: ConfigEntityZombie - MaxTurnSpeed via:setcreate_rand_around_percent
DEBUG:Randomizing: ConfigEntityZombie - SmellAlertThreshold via:setcreate_rand_around_percent
DEBUG:Randomizing: ConfigEntityZombie - KnockdownProneStunDuration via:setcreate_two_range
DEBUG:Randomizing: ConfigEntityZombie - LegCrawlerThreshold via:setcreate_one_range
DEBUG:Randomizing: ConfigEntityZombie - MoveSpeed via:setcreate_one_range
DEBUG:Randomizing: ConfigEntityZombie - HealthAndExperienceGain via:custom_HealthAndExperienceGain
DEBUG:Randomizing of this property is blocked in config file for entity: ConfigEntityZombie->Explosion.RadiusEntities->zombieBusinessManFeral
DEBUG:########## GenerateNewEntityFromExistingName ##########
DEBUG:Looking for: zombieFatCopRadiated
DEBUG:Found: zombieFatCopRadiated
DEBUG:Cloned entity_class EntityZombie: zombieFatCopRadiated as: DoughsR3_zombieFatCopRadiated
DEBUG:Randomizing: ConfigEntityZombie - KnockdownKneelDamageThreshold via:setcreate_one_range
DEBUG:Randomizing: ConfigEntityZombie - KnockdownKneelStunDuration via:setcreate_two_range
DEBUG:Randomizing: ConfigEntityZombie - MassAndWeightAndSizeScale via:custom_MassAndWeightAndSizeScale
DEBUG:Randomizing: ConfigEntityZombie - AttackTimeoutDay via:setcreate_one_range
DEBUG:Randomizing: ConfigEntityZombie - WalkType via:custom_WalkType
DEBUG:Randomizing: ConfigEntityZombie - DismemberMultiplierHead via:setcreate_one_range
DEBUG:Randomizing: ConfigEntityZombie - Explosion.BlockDamage via:setcreate_one_range
DEBUG:Randomizing: ConfigEntityZombie - TintMaterial via:custom_TintMaterial
DEBUG:Randomizing: ConfigEntityZombie - Explosion.RadiusBlocks via:setcreate_one_range
DEBUG:Randomizing: ConfigEntityZombie - MoveSpeedAggro via:setcreate_two_range
DEBUG:Randomizing: ConfigEntityZombie - SightRange via:setcreate_rand_around_percent
DEBUG:Randomizing: ConfigEntityZombie - Explosion.EntityDamage via:setcreate_one_range
DEBUG:Randomizing: ConfigEntityZombie - LookAtAngle via:setcreate_rand_around_percent
DEBUG:Randomizing of this property is blocked in config file for entity: ConfigEntityZombie->ExplodeDelay->zombieFatCopRadiated
DEBUG:Randomizing: ConfigEntityZombie - AttackTimeoutNight via:setcreate_one_range
DEBUG:Randomizing: ConfigEntityZombie - KnockdownProneDamageThreshold via:setcreate_one_range
DEBUG:Randomizing: ConfigEntityZombie - DismemberMultiplierLegs via:setcreate_one_range
DEBUG:Randomizing: ConfigEntityZombie - DismemberMultiplierArms via:setcreate_one_range
DEBUG:Randomizing: ConfigEntityZombie - MaxViewAngle via:setcreate_rand_around_percent
DEBUG:Randomizing: ConfigEntityZombie - AINoiseSeekDist via:setcreate_rand_around_percent
DEBUG:Randomizing: ConfigEntityZombie - Explosion.DamageBonus.earth via:setcreate_one_range
DEBUG:Randomizing: ConfigEntityZombie - JumpMaxDistance via:setcreate_two_range
DEBUG:Randomizing: ConfigEntityZombie - MaxTurnSpeed via:setcreate_rand_around_percent
DEBUG:Randomizing: ConfigEntityZombie - SmellAlertThreshold via:setcreate_rand_around_percent
DEBUG:Randomizing: ConfigEntityZombie - KnockdownProneStunDuration via:setcreate_two_range
DEBUG:Randomizing: ConfigEntityZombie - LegCrawlerThreshold via:setcreate_one_range
DEBUG:Randomizing: ConfigEntityZombie - MoveSpeed via:setcreate_one_range
DEBUG:Randomizing: ConfigEntityZombie - HealthAndExperienceGain via:custom_HealthAndExperienceGain
DEBUG:Randomizing: ConfigEntityZombie - Explosion.RadiusEntities via:setcreate_one_range
DEBUG:########## GenerateNewEntityFromExistingName ##########
DEBUG:Looking for: zombieFarmer
DEBUG:Found: zombieFarmer
DEBUG:Cloned entity_class EntityZombie: zombieFarmer as: DoughsR4_zombieFarmer
DEBUG:Randomizing: ConfigEntityZombie - KnockdownKneelDamageThreshold via:setcreate_one_range
DEBUG:Randomizing: ConfigEntityZombie - KnockdownKneelStunDuration via:setcreate_two_range
DEBUG:Randomizing: ConfigEntityZombie - MassAndWeightAndSizeScale via:custom_MassAndWeightAndSizeScale
DEBUG:Randomizing: ConfigEntityZombie - AttackTimeoutDay via:setcreate_one_range
DEBUG:Randomizing: ConfigEntityZombie - WalkType via:custom_WalkType
DEBUG:Randomizing: ConfigEntityZombie - DismemberMultiplierHead via:setcreate_one_range
DEBUG:Randomizing of this property is blocked in config file for entity: ConfigEntityZombie->Explosion.BlockDamage->zombieFarmer
DEBUG:Randomizing: ConfigEntityZombie - TintMaterial via:custom_TintMaterial
DEBUG:Randomizing of this property is blocked in config file for entity: ConfigEntityZombie->Explosion.RadiusBlocks->zombieFarmer
DEBUG:Randomizing: ConfigEntityZombie - MoveSpeedAggro via:setcreate_two_range
DEBUG:Randomizing: ConfigEntityZombie - SightRange via:setcreate_rand_around_percent
DEBUG:Randomizing of this property is blocked in config file for entity: ConfigEntityZombie->Explosion.EntityDamage->zombieFarmer
DEBUG:Randomizing: ConfigEntityZombie - LookAtAngle via:setcreate_rand_around_percent
DEBUG:Randomizing of this property is blocked in config file for entity: ConfigEntityZombie->ExplodeDelay->zombieFarmer
DEBUG:Randomizing: ConfigEntityZombie - AttackTimeoutNight via:setcreate_one_range
DEBUG:Randomizing: ConfigEntityZombie - KnockdownProneDamageThreshold via:setcreate_one_range
DEBUG:Randomizing: ConfigEntityZombie - DismemberMultiplierLegs via:setcreate_one_range
DEBUG:Randomizing: ConfigEntityZombie - DismemberMultiplierArms via:setcreate_one_range
DEBUG:Randomizing: ConfigEntityZombie - MaxViewAngle via:setcreate_rand_around_percent
DEBUG:Randomizing: ConfigEntityZombie - AINoiseSeekDist via:setcreate_rand_around_percent
DEBUG:Randomizing of this property is blocked in config file for entity: ConfigEntityZombie->Explosion.DamageBonus.earth->zombieFarmer
DEBUG:Randomizing: ConfigEntityZombie - JumpMaxDistance via:setcreate_two_range
DEBUG:Randomizing: ConfigEntityZombie - MaxTurnSpeed via:setcreate_rand_around_percent
DEBUG:Randomizing: ConfigEntityZombie - SmellAlertThreshold via:setcreate_rand_around_percent
DEBUG:Randomizing: ConfigEntityZombie - KnockdownProneStunDuration via:setcreate_two_range
DEBUG:Randomizing: ConfigEntityZombie - LegCrawlerThreshold via:setcreate_one_range
DEBUG:Randomizing: ConfigEntityZombie - MoveSpeed via:setcreate_one_range
DEBUG:Randomizing: ConfigEntityZombie - HealthAndExperienceGain via:custom_HealthAndExperienceGain
DEBUG:Randomizing of this property is blocked in config file for entity: ConfigEntityZombie->Explosion.RadiusEntities->zombieFarmer
DEBUG:########## GenerateNewEntityFromExistingName ##########
DEBUG:Looking for: zombieSteveCrawler
DEBUG:Found: zombieSteveCrawler
DEBUG:Cloned entity_class EntityZombie: zombieSteveCrawler as: DoughsR5_zombieSteveCrawler
DEBUG:Randomizing: ConfigEntityZombie - KnockdownKneelDamageThreshold via:setcreate_one_range
DEBUG:Randomizing: ConfigEntityZombie - KnockdownKneelStunDuration via:setcreate_two_range
DEBUG:Randomizing: ConfigEntityZombie - MassAndWeightAndSizeScale via:custom_MassAndWeightAndSizeScale
DEBUG:Randomizing: ConfigEntityZombie - AttackTimeoutDay via:setcreate_one_range
DEBUG:Randomizing: ConfigEntityZombie - WalkType via:custom_WalkType
DEBUG:Randomizing: ConfigEntityZombie - DismemberMultiplierHead via:setcreate_one_range
DEBUG:Randomizing of this property is blocked in config file for entity: ConfigEntityZombie->Explosion.BlockDamage->zombieSteveCrawler
DEBUG:Randomizing: ConfigEntityZombie - TintMaterial via:custom_TintMaterial
DEBUG:Randomizing of this property is blocked in config file for entity: ConfigEntityZombie->Explosion.RadiusBlocks->zombieSteveCrawler
DEBUG:Randomizing: ConfigEntityZombie - MoveSpeedAggro via:setcreate_two_range
DEBUG:Randomizing: ConfigEntityZombie - SightRange via:setcreate_rand_around_percent
DEBUG:Randomizing of this property is blocked in config file for entity: ConfigEntityZombie->Explosion.EntityDamage->zombieSteveCrawler
DEBUG:Randomizing: ConfigEntityZombie - LookAtAngle via:setcreate_rand_around_percent
DEBUG:Randomizing of this property is blocked in config file for entity: ConfigEntityZombie->ExplodeDelay->zombieSteveCrawler
DEBUG:Randomizing: ConfigEntityZombie - AttackTimeoutNight via:setcreate_one_range
DEBUG:Randomizing: ConfigEntityZombie - KnockdownProneDamageThreshold via:setcreate_one_range
DEBUG:Randomizing: ConfigEntityZombie - DismemberMultiplierLegs via:setcreate_one_range
DEBUG:Randomizing: ConfigEntityZombie - DismemberMultiplierArms via:setcreate_one_range
DEBUG:Randomizing: ConfigEntityZombie - MaxViewAngle via:setcreate_rand_around_percent
DEBUG:Randomizing: ConfigEntityZombie - AINoiseSeekDist via:setcreate_rand_around_percent
DEBUG:Randomizing of this property is blocked in config file for entity: ConfigEntityZombie->Explosion.DamageBonus.earth->zombieSteveCrawler
DEBUG:Randomizing: ConfigEntityZombie - JumpMaxDistance via:setcreate_two_range
DEBUG:Randomizing: ConfigEntityZombie - MaxTurnSpeed via:setcreate_rand_around_percent
DEBUG:Randomizing: ConfigEntityZombie - SmellAlertThreshold via:setcreate_rand_around_percent
DEBUG:Randomizing: ConfigEntityZombie - KnockdownProneStunDuration via:setcreate_two_range
DEBUG:Randomizing: ConfigEntityZombie - LegCrawlerThreshold via:setcreate_one_range
DEBUG:Randomizing: ConfigEntityZombie - MoveSpeed via:setcreate_one_range
DEBUG:Randomizing: ConfigEntityZombie - HealthAndExperienceGain via:custom_HealthAndExperienceGain
DEBUG:Randomizing of this property is blocked in config file for entity: ConfigEntityZombie->Explosion.RadiusEntities->zombieSteveCrawler
DEBUG:########## GenerateNewEntityFromExistingName ##########
DEBUG:Looking for: zombieSoldierFeral
DEBUG:Found: zombieSoldierFeral
DEBUG:Cloned entity_class EntityZombie: zombieSoldierFeral as: DoughsR6_zombieSoldierFeral
DEBUG:Randomizing: ConfigEntityZombie - KnockdownKneelDamageThreshold via:setcreate_one_range
DEBUG:Randomizing: ConfigEntityZombie - KnockdownKneelStunDuration via:setcreate_two_range
DEBUG:Randomizing: ConfigEntityZombie - MassAndWeightAndSizeScale via:custom_MassAndWeightAndSizeScale
DEBUG:Randomizing: ConfigEntityZombie - AttackTimeoutDay via:setcreate_one_range
DEBUG:Randomizing: ConfigEntityZombie - WalkType via:custom_WalkType
DEBUG:Randomizing: ConfigEntityZombie - DismemberMultiplierHead via:setcreate_one_range
DEBUG:Randomizing of this property is blocked in config file for entity: ConfigEntityZombie->Explosion.BlockDamage->zombieSoldierFeral
DEBUG:Randomizing: ConfigEntityZombie - TintMaterial via:custom_TintMaterial
DEBUG:Randomizing of this property is blocked in config file for entity: ConfigEntityZombie->Explosion.RadiusBlocks->zombieSoldierFeral
DEBUG:Randomizing: ConfigEntityZombie - MoveSpeedAggro via:setcreate_two_range
DEBUG:Randomizing: ConfigEntityZombie - SightRange via:setcreate_rand_around_percent
DEBUG:Randomizing of this property is blocked in config file for entity: ConfigEntityZombie->Explosion.EntityDamage->zombieSoldierFeral
DEBUG:Randomizing: ConfigEntityZombie - LookAtAngle via:setcreate_rand_around_percent
DEBUG:Randomizing of this property is blocked in config file for entity: ConfigEntityZombie->ExplodeDelay->zombieSoldierFeral
DEBUG:Randomizing: ConfigEntityZombie - AttackTimeoutNight via:setcreate_one_range
DEBUG:Randomizing: ConfigEntityZombie - KnockdownProneDamageThreshold via:setcreate_one_range
DEBUG:Randomizing: ConfigEntityZombie - DismemberMultiplierLegs via:setcreate_one_range
DEBUG:Randomizing: ConfigEntityZombie - DismemberMultiplierArms via:setcreate_one_range
DEBUG:Randomizing: ConfigEntityZombie - MaxViewAngle via:setcreate_rand_around_percent
DEBUG:Randomizing: ConfigEntityZombie - AINoiseSeekDist via:setcreate_rand_around_percent
DEBUG:Randomizing of this property is blocked in config file for entity: ConfigEntityZombie->Explosion.DamageBonus.earth->zombieSoldierFeral
DEBUG:Randomizing: ConfigEntityZombie - JumpMaxDistance via:setcreate_two_range
DEBUG:Randomizing: ConfigEntityZombie - MaxTurnSpeed via:setcreate_rand_around_percent
DEBUG:Randomizing: ConfigEntityZombie - SmellAlertThreshold via:setcreate_rand_around_percent
DEBUG:Randomizing: ConfigEntityZombie - KnockdownProneStunDuration via:setcreate_two_range
DEBUG:Randomizing: ConfigEntityZombie - LegCrawlerThreshold via:setcreate_one_range
DEBUG:Randomizing: ConfigEntityZombie - MoveSpeed via:setcreate_one_range
DEBUG:Randomizing: ConfigEntityZombie - HealthAndExperienceGain via:custom_HealthAndExperienceGain
DEBUG:Randomizing of this property is blocked in config file for entity: ConfigEntityZombie->Explosion.RadiusEntities->zombieSoldierFeral
DEBUG:########## GenerateNewEntityFromExistingName ##########
DEBUG:Looking for: zombieWightFeral
DEBUG:Found: zombieWightFeral
DEBUG:Cloned entity_class EntityZombie: zombieWightFeral as: DoughsR7_zombieWightFeral
DEBUG:Randomizing: ConfigEntityZombie - KnockdownKneelDamageThreshold via:setcreate_one_range
DEBUG:Randomizing: ConfigEntityZombie - KnockdownKneelStunDuration via:setcreate_two_range
DEBUG:Randomizing: ConfigEntityZombie - MassAndWeightAndSizeScale via:custom_MassAndWeightAndSizeScale
DEBUG:Randomizing: ConfigEntityZombie - AttackTimeoutDay via:setcreate_one_range
DEBUG:Randomizing: ConfigEntityZombie - WalkType via:custom_WalkType
DEBUG:Randomizing: ConfigEntityZombie - DismemberMultiplierHead via:setcreate_one_range
DEBUG:Randomizing of this property is blocked in config file for entity: ConfigEntityZombie->Explosion.BlockDamage->zombieWightFeral
DEBUG:Randomizing: ConfigEntityZombie - TintMaterial via:custom_TintMaterial
DEBUG:Randomizing of this property is blocked in config file for entity: ConfigEntityZombie->Explosion.RadiusBlocks->zombieWightFeral
DEBUG:Randomizing: ConfigEntityZombie - MoveSpeedAggro via:setcreate_two_range
DEBUG:Randomizing: ConfigEntityZombie - SightRange via:setcreate_rand_around_percent
DEBUG:Randomizing of this property is blocked in config file for entity: ConfigEntityZombie->Explosion.EntityDamage->zombieWightFeral
DEBUG:Randomizing: ConfigEntityZombie - LookAtAngle via:setcreate_rand_around_percent
DEBUG:Randomizing of this property is blocked in config file for entity: ConfigEntityZombie->ExplodeDelay->zombieWightFeral
DEBUG:Randomizing: ConfigEntityZombie - AttackTimeoutNight via:setcreate_one_range
DEBUG:Randomizing: ConfigEntityZombie - KnockdownProneDamageThreshold via:setcreate_one_range
DEBUG:Randomizing: ConfigEntityZombie - DismemberMultiplierLegs via:setcreate_one_range
DEBUG:Randomizing: ConfigEntityZombie - DismemberMultiplierArms via:setcreate_one_range
DEBUG:Randomizing: ConfigEntityZombie - MaxViewAngle via:setcreate_rand_around_percent
DEBUG:Randomizing: ConfigEntityZombie - AINoiseSeekDist via:setcreate_rand_around_percent
DEBUG:Randomizing of this property is blocked in config file for entity: ConfigEntityZombie->Explosion.DamageBonus.earth->zombieWightFeral
DEBUG:Randomizing: ConfigEntityZombie - JumpMaxDistance via:setcreate_two_range
DEBUG:Randomizing: ConfigEntityZombie - MaxTurnSpeed via:setcreate_rand_around_percent
DEBUG:Randomizing: ConfigEntityZombie - SmellAlertThreshold via:setcreate_rand_around_percent
DEBUG:Randomizing: ConfigEntityZombie - KnockdownProneStunDuration via:setcreate_two_range
DEBUG:Randomizing: ConfigEntityZombie - LegCrawlerThreshold via:setcreate_one_range
DEBUG:Randomizing: ConfigEntityZombie - MoveSpeed via:setcreate_one_range
DEBUG:Randomizing: ConfigEntityZombie - HealthAndExperienceGain via:custom_HealthAndExperienceGain
DEBUG:Randomizing of this property is blocked in config file for entity: ConfigEntityZombie->Explosion.RadiusEntities->zombieWightFeral
DEBUG:########## GenerateNewEntityFromExistingName ##########
DEBUG:Looking for: zombieArleneRadiated
DEBUG:Found: zombieArleneRadiated
DEBUG:Cloned entity_class EntityZombie: zombieArleneRadiated as: DoughsR8_zombieArleneRadiated
DEBUG:Randomizing: ConfigEntityZombie - KnockdownKneelDamageThreshold via:setcreate_one_range
DEBUG:Randomizing: ConfigEntityZombie - KnockdownKneelStunDuration via:setcreate_two_range
DEBUG:Randomizing: ConfigEntityZombie - MassAndWeightAndSizeScale via:custom_MassAndWeightAndSizeScale
DEBUG:Randomizing: ConfigEntityZombie - AttackTimeoutDay via:setcreate_one_range
DEBUG:Randomizing: ConfigEntityZombie - WalkType via:custom_WalkType
DEBUG:Randomizing: ConfigEntityZombie - DismemberMultiplierHead via:setcreate_one_range
DEBUG:Randomizing of this property is blocked in config file for entity: ConfigEntityZombie->Explosion.BlockDamage->zombieArleneRadiated
DEBUG:Randomizing: ConfigEntityZombie - TintMaterial via:custom_TintMaterial
DEBUG:Randomizing of this property is blocked in config file for entity: ConfigEntityZombie->Explosion.RadiusBlocks->zombieArleneRadiated
DEBUG:Randomizing: ConfigEntityZombie - MoveSpeedAggro via:setcreate_two_range
DEBUG:Randomizing: ConfigEntityZombie - SightRange via:setcreate_rand_around_percent
DEBUG:Randomizing of this property is blocked in config file for entity: ConfigEntityZombie->Explosion.EntityDamage->zombieArleneRadiated
DEBUG:Randomizing: ConfigEntityZombie - LookAtAngle via:setcreate_rand_around_percent
DEBUG:Randomizing of this property is blocked in config file for entity: ConfigEntityZombie->ExplodeDelay->zombieArleneRadiated
DEBUG:Randomizing: ConfigEntityZombie - AttackTimeoutNight via:setcreate_one_range
DEBUG:Randomizing: ConfigEntityZombie - KnockdownProneDamageThreshold via:setcreate_one_range
DEBUG:Randomizing: ConfigEntityZombie - DismemberMultiplierLegs via:setcreate_one_range
DEBUG:Randomizing: ConfigEntityZombie - DismemberMultiplierArms via:setcreate_one_range
DEBUG:Randomizing: ConfigEntityZombie - MaxViewAngle via:setcreate_rand_around_percent
DEBUG:Randomizing: ConfigEntityZombie - AINoiseSeekDist via:setcreate_rand_around_percent
DEBUG:Randomizing of this property is blocked in config file for entity: ConfigEntityZombie->Explosion.DamageBonus.earth->zombieArleneRadiated
DEBUG:Randomizing: ConfigEntityZombie - JumpMaxDistance via:setcreate_two_range
DEBUG:Randomizing: ConfigEntityZombie - MaxTurnSpeed via:setcreate_rand_around_percent
DEBUG:Randomizing: ConfigEntityZombie - SmellAlertThreshold via:setcreate_rand_around_percent
DEBUG:Randomizing: ConfigEntityZombie - KnockdownProneStunDuration via:setcreate_two_range
DEBUG:Randomizing: ConfigEntityZombie - LegCrawlerThreshold via:setcreate_one_range
DEBUG:Randomizing: ConfigEntityZombie - MoveSpeed via:setcreate_one_range
DEBUG:Randomizing: ConfigEntityZombie - HealthAndExperienceGain via:custom_HealthAndExperienceGain
DEBUG:Randomizing of this property is blocked in config file for entity: ConfigEntityZombie->Explosion.RadiusEntities->zombieArleneRadiated
DEBUG:########## GenerateNewEntityFromExistingName ##########
DEBUG:Looking for: legendaryZombieLab
DEBUG:Found: legendaryZombieLab
DEBUG:Cloned entity_class EntityZombie: legendaryZombieLab as: DoughsR9_legendaryZombieLab
DEBUG:Randomizing: ConfigEntityZombie - KnockdownKneelDamageThreshold via:setcreate_one_range
DEBUG:Randomizing: ConfigEntityZombie - KnockdownKneelStunDuration via:setcreate_two_range
DEBUG:Randomizing: ConfigEntityZombie - MassAndWeightAndSizeScale via:custom_MassAndWeightAndSizeScale
DEBUG:Randomizing: ConfigEntityZombie - AttackTimeoutDay via:setcreate_one_range
DEBUG:Randomizing: ConfigEntityZombie - WalkType via:custom_WalkType
DEBUG:Randomizing: ConfigEntityZombie - DismemberMultiplierHead via:setcreate_one_range
DEBUG:Randomizing of this property is blocked in config file for entity: ConfigEntityZombie->Explosion.BlockDamage->legendaryZombieLab
DEBUG:Randomizing: ConfigEntityZombie - TintMaterial via:custom_TintMaterial
DEBUG:Randomizing of this property is blocked in config file for entity: ConfigEntityZombie->Explosion.RadiusBlocks->legendaryZombieLab
DEBUG:Randomizing: ConfigEntityZombie - MoveSpeedAggro via:setcreate_two_range
DEBUG:Randomizing: ConfigEntityZombie - SightRange via:setcreate_rand_around_percent
DEBUG:Randomizing of this property is blocked in config file for entity: ConfigEntityZombie->Explosion.EntityDamage->legendaryZombieLab
DEBUG:Randomizing: ConfigEntityZombie - LookAtAngle via:setcreate_rand_around_percent
DEBUG:Randomizing of this property is blocked in config file for entity: ConfigEntityZombie->ExplodeDelay->legendaryZombieLab
DEBUG:Randomizing: ConfigEntityZombie - AttackTimeoutNight via:setcreate_one_range
DEBUG:Randomizing: ConfigEntityZombie - KnockdownProneDamageThreshold via:setcreate_one_range
DEBUG:Randomizing: ConfigEntityZombie - DismemberMultiplierLegs via:setcreate_one_range
DEBUG:Randomizing: ConfigEntityZombie - DismemberMultiplierArms via:setcreate_one_range
DEBUG:Randomizing: ConfigEntityZombie - MaxViewAngle via:setcreate_rand_around_percent
DEBUG:Randomizing: ConfigEntityZombie - AINoiseSeekDist via:setcreate_rand_around_percent
DEBUG:Randomizing of this property is blocked in config file for entity: ConfigEntityZombie->Explosion.DamageBonus.earth->legendaryZombieLab
DEBUG:Randomizing: ConfigEntityZombie - JumpMaxDistance via:setcreate_two_range
DEBUG:Randomizing: ConfigEntityZombie - MaxTurnSpeed via:setcreate_rand_around_percent
DEBUG:Randomizing: ConfigEntityZombie - SmellAlertThreshold via:setcreate_rand_around_percent
DEBUG:Randomizing: ConfigEntityZombie - KnockdownProneStunDuration via:setcreate_two_range
DEBUG:Randomizing: ConfigEntityZombie - LegCrawlerThreshold via:setcreate_one_range
DEBUG:Randomizing: ConfigEntityZombie - MoveSpeed via:setcreate_one_range
DEBUG:Randomizing: ConfigEntityZombie - HealthAndExperienceGain via:custom_HealthAndExperienceGain
DEBUG:Randomizing of this property is blocked in config file for entity: ConfigEntityZombie->Explosion.RadiusEntities->legendaryZombieLab
DEBUG:########## GenerateNewEntityFromExistingName ##########
DEBUG:Looking for: zombieFemaleFatFeral
DEBUG:Found: zombieFemaleFatFeral
DEBUG:Cloned entity_class EntityZombie: zombieFemaleFatFeral as: DoughsR10_zombieFemaleFatFeral
DEBUG:Randomizing: ConfigEntityZombie - KnockdownKneelDamageThreshold via:setcreate_one_range
DEBUG:Randomizing: ConfigEntityZombie - KnockdownKneelStunDuration via:setcreate_two_range
DEBUG:Randomizing: ConfigEntityZombie - MassAndWeightAndSizeScale via:custom_MassAndWeightAndSizeScale
DEBUG:Randomizing: ConfigEntityZombie - AttackTimeoutDay via:setcreate_one_range
DEBUG:Randomizing: ConfigEntityZombie - WalkType via:custom_WalkType
DEBUG:Randomizing: ConfigEntityZombie - DismemberMultiplierHead via:setcreate_one_range
DEBUG:Randomizing of this property is blocked in config file for entity: ConfigEntityZombie->Explosion.BlockDamage->zombieFemaleFatFeral
DEBUG:Randomizing: ConfigEntityZombie - TintMaterial via:custom_TintMaterial
DEBUG:Randomizing of this property is blocked in config file for entity: ConfigEntityZombie->Explosion.RadiusBlocks->zombieFemaleFatFeral
DEBUG:Randomizing: ConfigEntityZombie - MoveSpeedAggro via:setcreate_two_range
DEBUG:Randomizing: ConfigEntityZombie - SightRange via:setcreate_rand_around_percent
DEBUG:Randomizing of this property is blocked in config file for entity: ConfigEntityZombie->Explosion.EntityDamage->zombieFemaleFatFeral
DEBUG:Randomizing: ConfigEntityZombie - LookAtAngle via:setcreate_rand_around_percent
DEBUG:Randomizing of this property is blocked in config file for entity: ConfigEntityZombie->ExplodeDelay->zombieFemaleFatFeral
DEBUG:Randomizing: ConfigEntityZombie - AttackTimeoutNight via:setcreate_one_range
DEBUG:Randomizing: ConfigEntityZombie - KnockdownProneDamageThreshold via:setcreate_one_range
DEBUG:Randomizing: ConfigEntityZombie - DismemberMultiplierLegs via:setcreate_one_range
DEBUG:Randomizing: ConfigEntityZombie - DismemberMultiplierArms via:setcreate_one_range
DEBUG:Randomizing: ConfigEntityZombie - MaxViewAngle via:setcreate_rand_around_percent
DEBUG:Randomizing: ConfigEntityZombie - AINoiseSeekDist via:setcreate_rand_around_percent
DEBUG:Randomizing of this property is blocked in config file for entity: ConfigEntityZombie->Explosion.DamageBonus.earth->zombieFemaleFatFeral
DEBUG:Randomizing: ConfigEntityZombie - JumpMaxDistance via:setcreate_two_range
DEBUG:Randomizing: ConfigEntityZombie - MaxTurnSpeed via:setcreate_rand_around_percent
DEBUG:Randomizing: ConfigEntityZombie - SmellAlertThreshold via:setcreate_rand_around_percent
DEBUG:Randomizing: ConfigEntityZombie - KnockdownProneStunDuration via:setcreate_two_range
DEBUG:Randomizing: ConfigEntityZombie - LegCrawlerThreshold via:setcreate_one_range
DEBUG:Randomizing: ConfigEntityZombie - MoveSpeed via:setcreate_one_range
DEBUG:Randomizing: ConfigEntityZombie - HealthAndExperienceGain via:custom_HealthAndExperienceGain
DEBUG:Randomizing of this property is blocked in config file for entity: ConfigEntityZombie->Explosion.RadiusEntities->zombieFemaleFatFeral
DEBUG:########## GenerateNewEntityFromExistingName ##########
DEBUG:Looking for: zombieBoeFeral
DEBUG:Found: zombieBoeFeral
DEBUG:Cloned entity_class EntityZombie: zombieBoeFeral as: DoughsR11_zombieBoeFeral
DEBUG:Randomizing: ConfigEntityZombie - KnockdownKneelDamageThreshold via:setcreate_one_range
DEBUG:Randomizing: ConfigEntityZombie - KnockdownKneelStunDuration via:setcreate_two_range
DEBUG:Randomizing: ConfigEntityZombie - MassAndWeightAndSizeScale via:custom_MassAndWeightAndSizeScale
DEBUG:Randomizing: ConfigEntityZombie - AttackTimeoutDay via:setcreate_one_range
DEBUG:Randomizing: ConfigEntityZombie - WalkType via:custom_WalkType
DEBUG:Randomizing: ConfigEntityZombie - DismemberMultiplierHead via:setcreate_one_range
DEBUG:Randomizing of this property is blocked in config file for entity: ConfigEntityZombie->Explosion.BlockDamage->zombieBoeFeral
DEBUG:Randomizing: ConfigEntityZombie - TintMaterial via:custom_TintMaterial
DEBUG:Randomizing of this property is blocked in config file for entity: ConfigEntityZombie->Explosion.RadiusBlocks->zombieBoeFeral
DEBUG:Randomizing: ConfigEntityZombie - MoveSpeedAggro via:setcreate_two_range
DEBUG:Randomizing: ConfigEntityZombie - SightRange via:setcreate_rand_around_percent
DEBUG:Randomizing of this property is blocked in config file for entity: ConfigEntityZombie->Explosion.EntityDamage->zombieBoeFeral
DEBUG:Randomizing: ConfigEntityZombie - LookAtAngle via:setcreate_rand_around_percent
DEBUG:Randomizing of this property is blocked in config file for entity: ConfigEntityZombie->ExplodeDelay->zombieBoeFeral
DEBUG:Randomizing: ConfigEntityZombie - AttackTimeoutNight via:setcreate_one_range
DEBUG:Randomizing: ConfigEntityZombie - KnockdownProneDamageThreshold via:setcreate_one_range
DEBUG:Randomizing: ConfigEntityZombie - DismemberMultiplierLegs via:setcreate_one_range
DEBUG:Randomizing: ConfigEntityZombie - DismemberMultiplierArms via:setcreate_one_range
DEBUG:Randomizing: ConfigEntityZombie - MaxViewAngle via:setcreate_rand_around_percent
DEBUG:Randomizing: ConfigEntityZombie - AINoiseSeekDist via:setcreate_rand_around_percent
DEBUG:Randomizing of this property is blocked in config file for entity: ConfigEntityZombie->Explosion.DamageBonus.earth->zombieBoeFeral
DEBUG:Randomizing: ConfigEntityZombie - JumpMaxDistance via:setcreate_two_range
DEBUG:Randomizing: ConfigEntityZombie - MaxTurnSpeed via:setcreate_rand_around_percent
DEBUG:Randomizing: ConfigEntityZombie - SmellAlertThreshold via:setcreate_rand_around_percent
DEBUG:Randomizing: ConfigEntityZombie - KnockdownProneStunDuration via:setcreate_two_range
DEBUG:Randomizing: ConfigEntityZombie - LegCrawlerThreshold via:setcreate_one_range
DEBUG:Randomizing: ConfigEntityZombie - MoveSpeed via:setcreate_one_range
DEBUG:Randomizing: ConfigEntityZombie - HealthAndExperienceGain via:custom_HealthAndExperienceGain
DEBUG:Randomizing of this property is blocked in config file for entity: ConfigEntityZombie->Explosion.RadiusEntities->zombieBoeFeral
DEBUG:########## GenerateNewEntityFromExistingName ##########
DEBUG:Looking for: zombieJoeFeral
DEBUG:Found: zombieJoeFeral
DEBUG:Cloned entity_class EntityZombie: zombieJoeFeral as: DoughsR12_zombieJoeFeral
DEBUG:Randomizing: ConfigEntityZombie - KnockdownKneelDamageThreshold via:setcreate_one_range
DEBUG:Randomizing: ConfigEntityZombie - KnockdownKneelStunDuration via:setcreate_two_range
DEBUG:Randomizing: ConfigEntityZombie - MassAndWeightAndSizeScale via:custom_MassAndWeightAndSizeScale
DEBUG:Randomizing: ConfigEntityZombie - AttackTimeoutDay via:setcreate_one_range
DEBUG:Randomizing: ConfigEntityZombie - WalkType via:custom_WalkType
DEBUG:Randomizing: ConfigEntityZombie - DismemberMultiplierHead via:setcreate_one_range
DEBUG:Randomizing of this property is blocked in config file for entity: ConfigEntityZombie->Explosion.BlockDamage->zombieJoeFeral
DEBUG:Randomizing: ConfigEntityZombie - TintMaterial via:custom_TintMaterial
DEBUG:Randomizing of this property is blocked in config file for entity: ConfigEntityZombie->Explosion.RadiusBlocks->zombieJoeFeral
DEBUG:Randomizing: ConfigEntityZombie - MoveSpeedAggro via:setcreate_two_range
DEBUG:Randomizing: ConfigEntityZombie - SightRange via:setcreate_rand_around_percent
DEBUG:Randomizing of this property is blocked in config file for entity: ConfigEntityZombie->Explosion.EntityDamage->zombieJoeFeral
DEBUG:Randomizing: ConfigEntityZombie - LookAtAngle via:setcreate_rand_around_percent
DEBUG:Randomizing of this property is blocked in config file for entity: ConfigEntityZombie->ExplodeDelay->zombieJoeFeral
DEBUG:Randomizing: ConfigEntityZombie - AttackTimeoutNight via:setcreate_one_range
DEBUG:Randomizing: ConfigEntityZombie - KnockdownProneDamageThreshold via:setcreate_one_range
DEBUG:Randomizing: ConfigEntityZombie - DismemberMultiplierLegs via:setcreate_one_range
DEBUG:Randomizing: ConfigEntityZombie - DismemberMultiplierArms via:setcreate_one_range
DEBUG:Randomizing: ConfigEntityZombie - MaxViewAngle via:setcreate_rand_around_percent
DEBUG:Randomizing: ConfigEntityZombie - AINoiseSeekDist via:setcreate_rand_around_percent
DEBUG:Randomizing of this property is blocked in config file for entity: ConfigEntityZombie->Explosion.DamageBonus.earth->zombieJoeFeral
DEBUG:Randomizing: ConfigEntityZombie - JumpMaxDistance via:setcreate_two_range
DEBUG:Randomizing: ConfigEntityZombie - MaxTurnSpeed via:setcreate_rand_around_percent
DEBUG:Randomizing: ConfigEntityZombie - SmellAlertThreshold via:setcreate_rand_around_percent
DEBUG:Randomizing: ConfigEntityZombie - KnockdownProneStunDuration via:setcreate_two_range
DEBUG:Randomizing: ConfigEntityZombie - LegCrawlerThreshold via:setcreate_one_range
DEBUG:Randomizing: ConfigEntityZombie - MoveSpeed via:setcreate_one_range
DEBUG:Randomizing: ConfigEntityZombie - HealthAndExperienceGain via:custom_HealthAndExperienceGain
DEBUG:Randomizing of this property is blocked in config file for entity: ConfigEntityZombie->Explosion.RadiusEntities->zombieJoeFeral
DEBUG:########## GenerateNewEntityFromExistingName ##########
DEBUG:Looking for: zombieSteve
DEBUG:Found: zombieSteve
DEBUG:Cloned entity_class EntityZombie: zombieSteve as: DoughsR13_zombieSteve
DEBUG:Randomizing: ConfigEntityZombie - KnockdownKneelDamageThreshold via:setcreate_one_range
DEBUG:Randomizing: ConfigEntityZombie - KnockdownKneelStunDuration via:setcreate_two_range
DEBUG:Randomizing: ConfigEntityZombie - MassAndWeightAndSizeScale via:custom_MassAndWeightAndSizeScale
DEBUG:Randomizing: ConfigEntityZombie - AttackTimeoutDay via:setcreate_one_range
DEBUG:Randomizing: ConfigEntityZombie - WalkType via:custom_WalkType
DEBUG:Randomizing: ConfigEntityZombie - DismemberMultiplierHead via:setcreate_one_range
DEBUG:Randomizing of this property is blocked in config file for entity: ConfigEntityZombie->Explosion.BlockDamage->zombieSteve
DEBUG:Randomizing: ConfigEntityZombie - TintMaterial via:custom_TintMaterial
DEBUG:Randomizing of this property is blocked in config file for entity: ConfigEntityZombie->Explosion.RadiusBlocks->zombieSteve
DEBUG:Randomizing: ConfigEntityZombie - MoveSpeedAggro via:setcreate_two_range
DEBUG:Randomizing: ConfigEntityZombie - SightRange via:setcreate_rand_around_percent
DEBUG:Randomizing of this property is blocked in config file for entity: ConfigEntityZombie->Explosion.EntityDamage->zombieSteve
DEBUG:Randomizing: ConfigEntityZombie - LookAtAngle via:setcreate_rand_around_percent
DEBUG:Randomizing of this property is blocked in config file for entity: ConfigEntityZombie->ExplodeDelay->zombieSteve
DEBUG:Randomizing: ConfigEntityZombie - AttackTimeoutNight via:setcreate_one_range
DEBUG:Randomizing: ConfigEntityZombie - KnockdownProneDamageThreshold via:setcreate_one_range
DEBUG:Randomizing: ConfigEntityZombie - DismemberMultiplierLegs via:setcreate_one_range
DEBUG:Randomizing: ConfigEntityZombie - DismemberMultiplierArms via:setcreate_one_range
DEBUG:Randomizing: ConfigEntityZombie - MaxViewAngle via:setcreate_rand_around_percent
DEBUG:Randomizing: ConfigEntityZombie - AINoiseSeekDist via:setcreate_rand_around_percent
DEBUG:Randomizing of this property is blocked in config file for entity: ConfigEntityZombie->Explosion.DamageBonus.earth->zombieSteve
DEBUG:Randomizing: ConfigEntityZombie - JumpMaxDistance via:setcreate_two_range
DEBUG:Randomizing: ConfigEntityZombie - MaxTurnSpeed via:setcreate_rand_around_percent
DEBUG:Randomizing: ConfigEntityZombie - SmellAlertThreshold via:setcreate_rand_around_percent
DEBUG:Randomizing: ConfigEntityZombie - KnockdownProneStunDuration via:setcreate_two_range
DEBUG:Randomizing: ConfigEntityZombie - LegCrawlerThreshold via:setcreate_one_range
DEBUG:Randomizing: ConfigEntityZombie - MoveSpeed via:setcreate_one_range
DEBUG:Randomizing: ConfigEntityZombie - HealthAndExperienceGain via:custom_HealthAndExperienceGain
DEBUG:Randomizing of this property is blocked in config file for entity: ConfigEntityZombie->Explosion.RadiusEntities->zombieSteve
DEBUG:########## GenerateNewEntityFromExistingName ##########
DEBUG:Looking for: zombieSoldier
DEBUG:Found: zombieSoldier
DEBUG:Cloned entity_class EntityZombie: zombieSoldier as: DoughsR14_zombieSoldier
DEBUG:Randomizing: ConfigEntityZombie - KnockdownKneelDamageThreshold via:setcreate_one_range
DEBUG:Randomizing: ConfigEntityZombie - KnockdownKneelStunDuration via:setcreate_two_range
DEBUG:Randomizing: ConfigEntityZombie - MassAndWeightAndSizeScale via:custom_MassAndWeightAndSizeScale
DEBUG:Randomizing: ConfigEntityZombie - AttackTimeoutDay via:setcreate_one_range
DEBUG:Randomizing: ConfigEntityZombie - WalkType via:custom_WalkType
DEBUG:Randomizing: ConfigEntityZombie - DismemberMultiplierHead via:setcreate_one_range
DEBUG:Randomizing of this property is blocked in config file for entity: ConfigEntityZombie->Explosion.BlockDamage->zombieSoldier
DEBUG:Randomizing: ConfigEntityZombie - TintMaterial via:custom_TintMaterial
DEBUG:Randomizing of this property is blocked in config file for entity: ConfigEntityZombie->Explosion.RadiusBlocks->zombieSoldier
DEBUG:Randomizing: ConfigEntityZombie - MoveSpeedAggro via:setcreate_two_range
DEBUG:Randomizing: ConfigEntityZombie - SightRange via:setcreate_rand_around_percent
DEBUG:Randomizing of this property is blocked in config file for entity: ConfigEntityZombie->Explosion.EntityDamage->zombieSoldier
DEBUG:Randomizing: ConfigEntityZombie - LookAtAngle via:setcreate_rand_around_percent
DEBUG:Randomizing of this property is blocked in config file for entity: ConfigEntityZombie->ExplodeDelay->zombieSoldier
DEBUG:Randomizing: ConfigEntityZombie - AttackTimeoutNight via:setcreate_one_range
DEBUG:Randomizing: ConfigEntityZombie - KnockdownProneDamageThreshold via:setcreate_one_range
DEBUG:Randomizing: ConfigEntityZombie - DismemberMultiplierLegs via:setcreate_one_range
DEBUG:Randomizing: ConfigEntityZombie - DismemberMultiplierArms via:setcreate_one_range
DEBUG:Randomizing: ConfigEntityZombie - MaxViewAngle via:setcreate_rand_around_percent
DEBUG:Randomizing: ConfigEntityZombie - AINoiseSeekDist via:setcreate_rand_around_percent
DEBUG:Randomizing of this property is blocked in config file for entity: ConfigEntityZombie->Explosion.DamageBonus.earth->zombieSoldier
DEBUG:Randomizing: ConfigEntityZombie - JumpMaxDistance via:setcreate_two_range
DEBUG:Randomizing: ConfigEntityZombie - MaxTurnSpeed via:setcreate_rand_around_percent
DEBUG:Randomizing: ConfigEntityZombie - SmellAlertThreshold via:setcreate_rand_around_percent
DEBUG:Randomizing: ConfigEntityZombie - KnockdownProneStunDuration via:setcreate_two_range
DEBUG:Randomizing: ConfigEntityZombie - LegCrawlerThreshold via:setcreate_one_range
DEBUG:Randomizing: ConfigEntityZombie - MoveSpeed via:setcreate_one_range
DEBUG:Randomizing: ConfigEntityZombie - HealthAndExperienceGain via:custom_HealthAndExperienceGain
DEBUG:Randomizing of this property is blocked in config file for entity: ConfigEntityZombie->Explosion.RadiusEntities->zombieSoldier
DEBUG:########## GenerateNewEntityFromExistingName ##########
DEBUG:Looking for: zombieBurnt
DEBUG:Found: zombieBurnt
DEBUG:Cloned entity_class EntityZombie: zombieBurnt as: DoughsR15_zombieBurnt
DEBUG:Randomizing: ConfigEntityZombie - KnockdownKneelDamageThreshold via:setcreate_one_range
DEBUG:Randomizing: ConfigEntityZombie - KnockdownKneelStunDuration via:setcreate_two_range
DEBUG:Randomizing: ConfigEntityZombie - MassAndWeightAndSizeScale via:custom_MassAndWeightAndSizeScale
DEBUG:Randomizing: ConfigEntityZombie - AttackTimeoutDay via:setcreate_one_range
DEBUG:Randomizing: ConfigEntityZombie - WalkType via:custom_WalkType
DEBUG:Randomizing: ConfigEntityZombie - DismemberMultiplierHead via:setcreate_one_range
DEBUG:Randomizing of this property is blocked in config file for entity: ConfigEntityZombie->Explosion.BlockDamage->zombieBurnt
DEBUG:Randomizing: ConfigEntityZombie - TintMaterial via:custom_TintMaterial
DEBUG:Randomizing of this property is blocked in config file for entity: ConfigEntityZombie->Explosion.RadiusBlocks->zombieBurnt
DEBUG:Randomizing: ConfigEntityZombie - MoveSpeedAggro via:setcreate_two_range
DEBUG:Randomizing: ConfigEntityZombie - SightRange via:setcreate_rand_around_percent
DEBUG:Randomizing of this property is blocked in config file for entity: ConfigEntityZombie->Explosion.EntityDamage->zombieBurnt
DEBUG:Randomizing: ConfigEntityZombie - LookAtAngle via:setcreate_rand_around_percent
DEBUG:Randomizing of this property is blocked in config file for entity: ConfigEntityZombie->ExplodeDelay->zombieBurnt
DEBUG:Randomizing: ConfigEntityZombie - AttackTimeoutNight via:setcreate_one_range
DEBUG:Randomizing: ConfigEntityZombie - KnockdownProneDamageThreshold via:setcreate_one_range
DEBUG:Randomizing: ConfigEntityZombie - DismemberMultiplierLegs via:setcreate_one_range
DEBUG:Randomizing: ConfigEntityZombie - DismemberMultiplierArms via:setcreate_one_range
DEBUG:Randomizing: ConfigEntityZombie - MaxViewAngle via:setcreate_rand_around_percent
DEBUG:Randomizing: ConfigEntityZombie - AINoiseSeekDist via:setcreate_rand_around_percent
DEBUG:Randomizing of this property is blocked in config file for entity: ConfigEntityZombie->Explosion.DamageBonus.earth->zombieBurnt
DEBUG:Randomizing: ConfigEntityZombie - JumpMaxDistance via:setcreate_two_range
DEBUG:Randomizing: ConfigEntityZombie - MaxTurnSpeed via:setcreate_rand_around_percent
DEBUG:Randomizing: ConfigEntityZombie - SmellAlertThreshold via:setcreate_rand_around_percent
DEBUG:Randomizing: ConfigEntityZombie - KnockdownProneStunDuration via:setcreate_two_range
DEBUG:Randomizing: ConfigEntityZombie - LegCrawlerThreshold via:setcreate_one_range
DEBUG:Randomizing: ConfigEntityZombie - MoveSpeed via:setcreate_one_range
DEBUG:Randomizing: ConfigEntityZombie - HealthAndExperienceGain via:custom_HealthAndExperienceGain
DEBUG:Randomizing of this property is blocked in config file for entity: ConfigEntityZombie->Explosion.RadiusEntities->zombieBurnt
DEBUG:########## GenerateNewEntityFromExistingName ##########
DEBUG:Looking for: zombieFemaleFat
DEBUG:Found: zombieFemaleFat
DEBUG:Cloned entity_class EntityZombie: zombieFemaleFat as: DoughsR16_zombieFemaleFat
DEBUG:Randomizing: ConfigEntityZombie - KnockdownKneelDamageThreshold via:setcreate_one_range
DEBUG:Randomizing: ConfigEntityZombie - KnockdownKneelStunDuration via:setcreate_two_range
DEBUG:Randomizing: ConfigEntityZombie - MassAndWeightAndSizeScale via:custom_MassAndWeightAndSizeScale
DEBUG:Randomizing: ConfigEntityZombie - AttackTimeoutDay via:setcreate_one_range
DEBUG:Randomizing: ConfigEntityZombie - WalkType via:custom_WalkType
DEBUG:Randomizing: ConfigEntityZombie - DismemberMultiplierHead via:setcreate_one_range
DEBUG:Randomizing of this property is blocked in config file for entity: ConfigEntityZombie->Explosion.BlockDamage->zombieFemaleFat
DEBUG:Randomizing: ConfigEntityZombie - TintMaterial via:custom_TintMaterial
DEBUG:Randomizing of this property is blocked in config file for entity: ConfigEntityZombie->Explosion.RadiusBlocks->zombieFemaleFat
DEBUG:Randomizing: ConfigEntityZombie - MoveSpeedAggro via:setcreate_two_range
DEBUG:Randomizing: ConfigEntityZombie - SightRange via:setcreate_rand_around_percent
DEBUG:Randomizing of this property is blocked in config file for entity: ConfigEntityZombie->Explosion.EntityDamage->zombieFemaleFat
DEBUG:Randomizing: ConfigEntityZombie - LookAtAngle via:setcreate_rand_around_percent
DEBUG:Randomizing of this property is blocked in config file for entity: ConfigEntityZombie->ExplodeDelay->zombieFemaleFat
DEBUG:Randomizing: ConfigEntityZombie - AttackTimeoutNight via:setcreate_one_range
DEBUG:Randomizing: ConfigEntityZombie - KnockdownProneDamageThreshold via:setcreate_one_range
DEBUG:Randomizing: ConfigEntityZombie - DismemberMultiplierLegs via:setcreate_one_range
DEBUG:Randomizing: ConfigEntityZombie - DismemberMultiplierArms via:setcreate_one_range
DEBUG:Randomizing: ConfigEntityZombie - MaxViewAngle via:setcreate_rand_around_percent
DEBUG:Randomizing: ConfigEntityZombie - AINoiseSeekDist via:setcreate_rand_around_percent
DEBUG:Randomizing of this property is blocked in config file for entity: ConfigEntityZombie->Explosion.DamageBonus.earth->zombieFemaleFat
DEBUG:Randomizing: ConfigEntityZombie - JumpMaxDistance via:setcreate_two_range
DEBUG:Randomizing: ConfigEntityZombie - MaxTurnSpeed via:setcreate_rand_around_percent
DEBUG:Randomizing: ConfigEntityZombie - SmellAlertThreshold via:setcreate_rand_around_percent
DEBUG:Randomizing: ConfigEntityZombie - KnockdownProneStunDuration via:setcreate_two_range
DEBUG:Randomizing: ConfigEntityZombie - LegCrawlerThreshold via:setcreate_one_range
DEBUG:Randomizing: ConfigEntityZombie - MoveSpeed via:setcreate_one_range
DEBUG:Randomizing: ConfigEntityZombie - HealthAndExperienceGain via:custom_HealthAndExperienceGain
DEBUG:Randomizing of this property is blocked in config file for entity: ConfigEntityZombie->Explosion.RadiusEntities->zombieFemaleFat
DEBUG:########## GenerateNewEntityFromExistingName ##########
DEBUG:Looking for: legendaryZombieBusinessMan
DEBUG:Found: legendaryZombieBusinessMan
DEBUG:Cloned entity_class EntityZombie: legendaryZombieBusinessMan as: DoughsR17_legendaryZombieBusinessMan
DEBUG:Randomizing: ConfigEntityZombie - KnockdownKneelDamageThreshold via:setcreate_one_range
DEBUG:Randomizing: ConfigEntityZombie - KnockdownKneelStunDuration via:setcreate_two_range
DEBUG:Randomizing: ConfigEntityZombie - MassAndWeightAndSizeScale via:custom_MassAndWeightAndSizeScale
DEBUG:Randomizing: ConfigEntityZombie - AttackTimeoutDay via:setcreate_one_range
DEBUG:Randomizing: ConfigEntityZombie - WalkType via:custom_WalkType
DEBUG:Randomizing: ConfigEntityZombie - DismemberMultiplierHead via:setcreate_one_range
DEBUG:Randomizing of this property is blocked in config file for entity: ConfigEntityZombie->Explosion.BlockDamage->legendaryZombieBusinessMan
DEBUG:Randomizing: ConfigEntityZombie - TintMaterial via:custom_TintMaterial
DEBUG:Randomizing of this property is blocked in config file for entity: ConfigEntityZombie->Explosion.RadiusBlocks->legendaryZombieBusinessMan
DEBUG:Randomizing: ConfigEntityZombie - MoveSpeedAggro via:setcreate_two_range
DEBUG:Randomizing: ConfigEntityZombie - SightRange via:setcreate_rand_around_percent
DEBUG:Randomizing of this property is blocked in config file for entity: ConfigEntityZombie->Explosion.EntityDamage->legendaryZombieBusinessMan
DEBUG:Randomizing: ConfigEntityZombie - LookAtAngle via:setcreate_rand_around_percent
DEBUG:Randomizing of this property is blocked in config file for entity: ConfigEntityZombie->ExplodeDelay->legendaryZombieBusinessMan
DEBUG:Randomizing: ConfigEntityZombie - AttackTimeoutNight via:setcreate_one_range
DEBUG:Randomizing: ConfigEntityZombie - KnockdownProneDamageThreshold via:setcreate_one_range
DEBUG:Randomizing: ConfigEntityZombie - DismemberMultiplierLegs via:setcreate_one_range
DEBUG:Randomizing: ConfigEntityZombie - DismemberMultiplierArms via:setcreate_one_range
DEBUG:Randomizing: ConfigEntityZombie - MaxViewAngle via:setcreate_rand_around_percent
DEBUG:Randomizing: ConfigEntityZombie - AINoiseSeekDist via:setcreate_rand_around_percent
DEBUG:Randomizing of this property is blocked in config file for entity: ConfigEntityZombie->Explosion.DamageBonus.earth->legendaryZombieBusinessMan
DEBUG:Randomizing: ConfigEntityZombie - JumpMaxDistance via:setcreate_two_range
DEBUG:Randomizing: ConfigEntityZombie - MaxTurnSpeed via:setcreate_rand_around_percent
DEBUG:Randomizing: ConfigEntityZombie - SmellAlertThreshold via:setcreate_rand_around_percent
DEBUG:Randomizing: ConfigEntityZombie - KnockdownProneStunDuration via:setcreate_two_range
DEBUG:Randomizing: ConfigEntityZombie - LegCrawlerThreshold via:setcreate_one_range
DEBUG:Randomizing: ConfigEntityZombie - MoveSpeed via:setcreate_one_range
DEBUG:Randomizing: ConfigEntityZombie - HealthAndExperienceGain via:custom_HealthAndExperienceGain
DEBUG:Randomizing of this property is blocked in config file for entity: ConfigEntityZombie->Explosion.RadiusEntities->legendaryZombieBusinessMan
DEBUG:########## GenerateNewEntityFromExistingName ##########
DEBUG:Looking for: zombieLabFeral
DEBUG:Found: zombieLabFeral
DEBUG:Cloned entity_class EntityZombie: zombieLabFeral as: DoughsR18_zombieLabFeral
DEBUG:Randomizing: ConfigEntityZombie - KnockdownKneelDamageThreshold via:setcreate_one_range
DEBUG:Randomizing: ConfigEntityZombie - KnockdownKneelStunDuration via:setcreate_two_range
DEBUG:Randomizing: ConfigEntityZombie - MassAndWeightAndSizeScale via:custom_MassAndWeightAndSizeScale
DEBUG:Randomizing: ConfigEntityZombie - AttackTimeoutDay via:setcreate_one_range
DEBUG:Randomizing: ConfigEntityZombie - WalkType via:custom_WalkType
DEBUG:Randomizing: ConfigEntityZombie - DismemberMultiplierHead via:setcreate_one_range
DEBUG:Randomizing of this property is blocked in config file for entity: ConfigEntityZombie->Explosion.BlockDamage->zombieLabFeral
DEBUG:Randomizing: ConfigEntityZombie - TintMaterial via:custom_TintMaterial
DEBUG:Randomizing of this property is blocked in config file for entity: ConfigEntityZombie->Explosion.RadiusBlocks->zombieLabFeral
DEBUG:Randomizing: ConfigEntityZombie - MoveSpeedAggro via:setcreate_two_range
DEBUG:Randomizing: ConfigEntityZombie - SightRange via:setcreate_rand_around_percent
DEBUG:Randomizing of this property is blocked in config file for entity: ConfigEntityZombie->Explosion.EntityDamage->zombieLabFeral
DEBUG:Randomizing: ConfigEntityZombie - LookAtAngle via:setcreate_rand_around_percent
DEBUG:Randomizing of this property is blocked in config file for entity: ConfigEntityZombie->ExplodeDelay->zombieLabFeral
DEBUG:Randomizing: ConfigEntityZombie - AttackTimeoutNight via:setcreate_one_range
DEBUG:Randomizing: ConfigEntityZombie - KnockdownProneDamageThreshold via:setcreate_one_range
DEBUG:Randomizing: ConfigEntityZombie - DismemberMultiplierLegs via:setcreate_one_range
DEBUG:Randomizing: ConfigEntityZombie - DismemberMultiplierArms via:setcreate_one_range
DEBUG:Randomizing: ConfigEntityZombie - MaxViewAngle via:setcreate_rand_around_percent
DEBUG:Randomizing: ConfigEntityZombie - AINoiseSeekDist via:setcreate_rand_around_percent
DEBUG:Randomizing of this property is blocked in config file for entity: ConfigEntityZombie->Explosion.DamageBonus.earth->zombieLabFeral
DEBUG:Randomizing: ConfigEntityZombie - JumpMaxDistance via:setcreate_two_range
DEBUG:Randomizing: ConfigEntityZombie - MaxTurnSpeed via:setcreate_rand_around_percent
DEBUG:Randomizing: ConfigEntityZombie - SmellAlertThreshold via:setcreate_rand_around_percent
DEBUG:Randomizing: ConfigEntityZombie - KnockdownProneStunDuration via:setcreate_two_range
DEBUG:Randomizing: ConfigEntityZombie - LegCrawlerThreshold via:setcreate_one_range
DEBUG:Randomizing: ConfigEntityZombie - MoveSpeed via:setcreate_one_range
DEBUG:Randomizing: ConfigEntityZombie - HealthAndExperienceGain via:custom_HealthAndExperienceGain
DEBUG:Randomizing of this property is blocked in config file for entity: ConfigEntityZombie->Explosion.RadiusEntities->zombieLabFeral
DEBUG:########## GenerateNewEntityFromExistingName ##########
DEBUG:Looking for: zombieScreamerFeral
DEBUG:Found: zombieScreamerFeral
DEBUG:Cloned entity_class EntityZombie: zombieScreamerFeral as: DoughsR19_zombieScreamerFeral
DEBUG:Randomizing: ConfigEntityZombie - KnockdownKneelDamageThreshold via:setcreate_one_range
DEBUG:Randomizing: ConfigEntityZombie - KnockdownKneelStunDuration via:setcreate_two_range
DEBUG:Randomizing: ConfigEntityZombie - MassAndWeightAndSizeScale via:custom_MassAndWeightAndSizeScale
DEBUG:Randomizing: ConfigEntityZombie - AttackTimeoutDay via:setcreate_one_range
DEBUG:Randomizing: ConfigEntityZombie - WalkType via:custom_WalkType
DEBUG:Randomizing: ConfigEntityZombie - DismemberMultiplierHead via:setcreate_one_range
DEBUG:Randomizing of this property is blocked in config file for entity: ConfigEntityZombie->Explosion.BlockDamage->zombieScreamerFeral
DEBUG:Randomizing: ConfigEntityZombie - TintMaterial via:custom_TintMaterial
DEBUG:Randomizing of this property is blocked in config file for entity: ConfigEntityZombie->Explosion.RadiusBlocks->zombieScreamerFeral
DEBUG:Randomizing: ConfigEntityZombie - MoveSpeedAggro via:setcreate_two_range
DEBUG:Randomizing: ConfigEntityZombie - SightRange via:setcreate_rand_around_percent
DEBUG:Randomizing of this property is blocked in config file for entity: ConfigEntityZombie->Explosion.EntityDamage->zombieScreamerFeral
DEBUG:Randomizing: ConfigEntityZombie - LookAtAngle via:setcreate_rand_around_percent
DEBUG:Randomizing of this property is blocked in config file for entity: ConfigEntityZombie->ExplodeDelay->zombieScreamerFeral
DEBUG:Randomizing: ConfigEntityZombie - AttackTimeoutNight via:setcreate_one_range
DEBUG:Randomizing: ConfigEntityZombie - KnockdownProneDamageThreshold via:setcreate_one_range
DEBUG:Randomizing: ConfigEntityZombie - DismemberMultiplierLegs via:setcreate_one_range
DEBUG:Randomizing: ConfigEntityZombie - DismemberMultiplierArms via:setcreate_one_range
DEBUG:Randomizing: ConfigEntityZombie - MaxViewAngle via:setcreate_rand_around_percent
DEBUG:Randomizing: ConfigEntityZombie - AINoiseSeekDist via:setcreate_rand_around_percent
DEBUG:Randomizing of this property is blocked in config file for entity: ConfigEntityZombie->Explosion.DamageBonus.earth->zombieScreamerFeral
DEBUG:Randomizing: ConfigEntityZombie - JumpMaxDistance via:setcreate_two_range
DEBUG:Randomizing: ConfigEntityZombie - MaxTurnSpeed via:setcreate_rand_around_percent
DEBUG:Randomizing: ConfigEntityZombie - SmellAlertThreshold via:setcreate_rand_around_percent
DEBUG:Randomizing: ConfigEntityZombie - KnockdownProneStunDuration via:setcreate_two_range
DEBUG:Randomizing: ConfigEntityZombie - LegCrawlerThreshold via:setcreate_one_range
DEBUG:Randomizing: ConfigEntityZombie - MoveSpeed via:setcreate_one_range
DEBUG:Randomizing: ConfigEntityZombie - HealthAndExperienceGain via:custom_HealthAndExperienceGain
DEBUG:Randomizing of this property is blocked in config file for entity: ConfigEntityZombie->Explosion.RadiusEntities->zombieScreamerFeral
DEBUG:########## GenerateNewEntityFromExistingName ##########
DEBUG:Looking for: zombieSoldierRadiated
DEBUG:Found: zombieSoldierRadiated
DEBUG:Cloned entity_class EntityZombie: zombieSoldierRadiated as: DoughsR20_zombieSoldierRadiated
DEBUG:Randomizing: ConfigEntityZombie - KnockdownKneelDamageThreshold via:setcreate_one_range
DEBUG:Randomizing: ConfigEntityZombie - KnockdownKneelStunDuration via:setcreate_two_range
DEBUG:Randomizing: ConfigEntityZombie - MassAndWeightAndSizeScale via:custom_MassAndWeightAndSizeScale
DEBUG:Randomizing: ConfigEntityZombie - AttackTimeoutDay via:setcreate_one_range
DEBUG:Randomizing: ConfigEntityZombie - WalkType via:custom_WalkType
DEBUG:Randomizing: ConfigEntityZombie - DismemberMultiplierHead via:setcreate_one_range
DEBUG:Randomizing of this property is blocked in config file for entity: ConfigEntityZombie->Explosion.BlockDamage->zombieSoldierRadiated
DEBUG:Randomizing: ConfigEntityZombie - TintMaterial via:custom_TintMaterial
DEBUG:Randomizing of this property is blocked in config file for entity: ConfigEntityZombie->Explosion.RadiusBlocks->zombieSoldierRadiated
DEBUG:Randomizing: ConfigEntityZombie - MoveSpeedAggro via:setcreate_two_range
DEBUG:Randomizing: ConfigEntityZombie - SightRange via:setcreate_rand_around_percent
DEBUG:Randomizing of this property is blocked in config file for entity: ConfigEntityZombie->Explosion.EntityDamage->zombieSoldierRadiated
DEBUG:Randomizing: ConfigEntityZombie - LookAtAngle via:setcreate_rand_around_percent
DEBUG:Randomizing of this property is blocked in config file for entity: ConfigEntityZombie->ExplodeDelay->zombieSoldierRadiated
DEBUG:Randomizing: ConfigEntityZombie - AttackTimeoutNight via:setcreate_one_range
DEBUG:Randomizing: ConfigEntityZombie - KnockdownProneDamageThreshold via:setcreate_one_range
DEBUG:Randomizing: ConfigEntityZombie - DismemberMultiplierLegs via:setcreate_one_range
DEBUG:Randomizing: ConfigEntityZombie - DismemberMultiplierArms via:setcreate_one_range
DEBUG:Randomizing: ConfigEntityZombie - MaxViewAngle via:setcreate_rand_around_percent
DEBUG:Randomizing: ConfigEntityZombie - AINoiseSeekDist via:setcreate_rand_around_percent
DEBUG:Randomizing of this property is blocked in config file for entity: ConfigEntityZombie->Explosion.DamageBonus.earth->zombieSoldierRadiated
DEBUG:Randomizing: ConfigEntityZombie - JumpMaxDistance via:setcreate_two_range
DEBUG:Randomizing: ConfigEntityZombie - MaxTurnSpeed via:setcreate_rand_around_percent
DEBUG:Randomizing: ConfigEntityZombie - SmellAlertThreshold via:setcreate_rand_around_percent
DEBUG:Randomizing: ConfigEntityZombie - KnockdownProneStunDuration via:setcreate_two_range
DEBUG:Randomizing: ConfigEntityZombie - LegCrawlerThreshold via:setcreate_one_range
DEBUG:Randomizing: ConfigEntityZombie - MoveSpeed via:setcreate_one_range
DEBUG:Randomizing: ConfigEntityZombie - HealthAndExperienceGain via:custom_HealthAndExperienceGain
DEBUG:Randomizing of this property is blocked in config file for entity: ConfigEntityZombie->Explosion.RadiusEntities->zombieSoldierRadiated
DEBUG:########## GenerateNewEntityFromExistingName ##########
DEBUG:Looking for: zombieSpiderRadiated
DEBUG:Found: zombieSpiderRadiated
DEBUG:Cloned entity_class EntityZombie: zombieSpiderRadiated as: DoughsR21_zombieSpiderRadiated
DEBUG:Randomizing: ConfigEntityZombie - KnockdownKneelDamageThreshold via:setcreate_one_range
DEBUG:Randomizing: ConfigEntityZombie - KnockdownKneelStunDuration via:setcreate_two_range
DEBUG:Randomizing: ConfigEntityZombie - MassAndWeightAndSizeScale via:custom_MassAndWeightAndSizeScale
DEBUG:Randomizing: ConfigEntityZombie - AttackTimeoutDay via:setcreate_one_range
DEBUG:Randomizing: ConfigEntityZombie - WalkType via:custom_WalkType
DEBUG:Randomizing: ConfigEntityZombie - DismemberMultiplierHead via:setcreate_one_range
DEBUG:Randomizing of this property is blocked in config file for entity: ConfigEntityZombie->Explosion.BlockDamage->zombieSpiderRadiated
DEBUG:Randomizing: ConfigEntityZombie - TintMaterial via:custom_TintMaterial
DEBUG:Randomizing of this property is blocked in config file for entity: ConfigEntityZombie->Explosion.RadiusBlocks->zombieSpiderRadiated
DEBUG:Randomizing: ConfigEntityZombie - MoveSpeedAggro via:setcreate_two_range
DEBUG:Randomizing: ConfigEntityZombie - SightRange via:setcreate_rand_around_percent
DEBUG:Randomizing of this property is blocked in config file for entity: ConfigEntityZombie->Explosion.EntityDamage->zombieSpiderRadiated
DEBUG:Randomizing: ConfigEntityZombie - LookAtAngle via:setcreate_rand_around_percent
DEBUG:Randomizing of this property is blocked in config file for entity: ConfigEntityZombie->ExplodeDelay->zombieSpiderRadiated
DEBUG:Randomizing: ConfigEntityZombie - AttackTimeoutNight via:setcreate_one_range
DEBUG:Randomizing: ConfigEntityZombie - KnockdownProneDamageThreshold via:setcreate_one_range
DEBUG:Randomizing: ConfigEntityZombie - DismemberMultiplierLegs via:setcreate_one_range
DEBUG:Randomizing: ConfigEntityZombie - DismemberMultiplierArms via:setcreate_one_range
DEBUG:Randomizing: ConfigEntityZombie - MaxViewAngle via:setcreate_rand_around_percent
DEBUG:Randomizing: ConfigEntityZombie - AINoiseSeekDist via:setcreate_rand_around_percent
DEBUG:Randomizing of this property is blocked in config file for entity: ConfigEntityZombie->Explosion.DamageBonus.earth->zombieSpiderRadiated
DEBUG:Randomizing: ConfigEntityZombie - JumpMaxDistance via:setcreate_two_range
DEBUG:Randomizing: ConfigEntityZombie - MaxTurnSpeed via:setcreate_rand_around_percent
DEBUG:Randomizing: ConfigEntityZombie - SmellAlertThreshold via:setcreate_rand_around_percent
DEBUG:Randomizing: ConfigEntityZombie - KnockdownProneStunDuration via:setcreate_two_range
DEBUG:Randomizing: ConfigEntityZombie - LegCrawlerThreshold via:setcreate_one_range
DEBUG:Randomizing: ConfigEntityZombie - MoveSpeed via:setcreate_one_range
DEBUG:Randomizing: ConfigEntityZombie - HealthAndExperienceGain via:custom_HealthAndExperienceGain
DEBUG:Randomizing of this property is blocked in config file for entity: ConfigEntityZombie->Explosion.RadiusEntities->zombieSpiderRadiated
DEBUG:########## GenerateNewEntityFromExistingName ##########
DEBUG:Looking for: zombieWightRadiated
DEBUG:Found: zombieWightRadiated
DEBUG:Cloned entity_class EntityZombie: zombieWightRadiated as: DoughsR22_zombieWightRadiated
DEBUG:Randomizing: ConfigEntityZombie - KnockdownKneelDamageThreshold via:setcreate_one_range
DEBUG:Randomizing: ConfigEntityZombie - KnockdownKneelStunDuration via:setcreate_two_range
DEBUG:Randomizing: ConfigEntityZombie - MassAndWeightAndSizeScale via:custom_MassAndWeightAndSizeScale
DEBUG:Randomizing: ConfigEntityZombie - AttackTimeoutDay via:setcreate_one_range
DEBUG:Randomizing: ConfigEntityZombie - WalkType via:custom_WalkType
DEBUG:Randomizing: ConfigEntityZombie - DismemberMultiplierHead via:setcreate_one_range
DEBUG:Randomizing of this property is blocked in config file for entity: ConfigEntityZombie->Explosion.BlockDamage->zombieWightRadiated
DEBUG:Randomizing: ConfigEntityZombie - TintMaterial via:custom_TintMaterial
DEBUG:Randomizing of this property is blocked in config file for entity: ConfigEntityZombie->Explosion.RadiusBlocks->zombieWightRadiated
DEBUG:Randomizing: ConfigEntityZombie - MoveSpeedAggro via:setcreate_two_range
DEBUG:Randomizing: ConfigEntityZombie - SightRange via:setcreate_rand_around_percent
DEBUG:Randomizing of this property is blocked in config file for entity: ConfigEntityZombie->Explosion.EntityDamage->zombieWightRadiated
DEBUG:Randomizing: ConfigEntityZombie - LookAtAngle via:setcreate_rand_around_percent
DEBUG:Randomizing of this property is blocked in config file for entity: ConfigEntityZombie->ExplodeDelay->zombieWightRadiated
DEBUG:Randomizing: ConfigEntityZombie - AttackTimeoutNight via:setcreate_one_range
DEBUG:Randomizing: ConfigEntityZombie - KnockdownProneDamageThreshold via:setcreate_one_range
DEBUG:Randomizing: ConfigEntityZombie - DismemberMultiplierLegs via:setcreate_one_range
DEBUG:Randomizing: ConfigEntityZombie - DismemberMultiplierArms via:setcreate_one_range
DEBUG:Randomizing: ConfigEntityZombie - MaxViewAngle via:setcreate_rand_around_percent
DEBUG:Randomizing: ConfigEntityZombie - AINoiseSeekDist via:setcreate_rand_around_percent
DEBUG:Randomizing of this property is blocked in config file for entity: ConfigEntityZombie->Explosion.DamageBonus.earth->zombieWightRadiated
DEBUG:Randomizing: ConfigEntityZombie - JumpMaxDistance via:setcreate_two_range
DEBUG:Randomizing: ConfigEntityZombie - MaxTurnSpeed via:setcreate_rand_around_percent
DEBUG:Randomizing: ConfigEntityZombie - SmellAlertThreshold via:setcreate_rand_around_percent
DEBUG:Randomizing: ConfigEntityZombie - KnockdownProneStunDuration via:setcreate_two_range
DEBUG:Randomizing: ConfigEntityZombie - LegCrawlerThreshold via:setcreate_one_range
DEBUG:Randomizing: ConfigEntityZombie - MoveSpeed via:setcreate_one_range
DEBUG:Randomizing: ConfigEntityZombie - HealthAndExperienceGain via:custom_HealthAndExperienceGain
DEBUG:Randomizing of this property is blocked in config file for entity: ConfigEntityZombie->Explosion.RadiusEntities->zombieWightRadiated
DEBUG:########## GenerateNewEntityFromExistingName ##########
DEBUG:Looking for: zombieSnow
DEBUG:Found: zombieSnow
DEBUG:Cloned entity_class EntityZombie: zombieSnow as: DoughsR23_zombieSnow
DEBUG:Randomizing: ConfigEntityZombie - KnockdownKneelDamageThreshold via:setcreate_one_range
DEBUG:Randomizing: ConfigEntityZombie - KnockdownKneelStunDuration via:setcreate_two_range
DEBUG:Randomizing: ConfigEntityZombie - MassAndWeightAndSizeScale via:custom_MassAndWeightAndSizeScale
DEBUG:Randomizing: ConfigEntityZombie - AttackTimeoutDay via:setcreate_one_range
DEBUG:Randomizing: ConfigEntityZombie - WalkType via:custom_WalkType
DEBUG:Randomizing: ConfigEntityZombie - DismemberMultiplierHead via:setcreate_one_range
DEBUG:Randomizing of this property is blocked in config file for entity: ConfigEntityZombie->Explosion.BlockDamage->zombieSnow
DEBUG:Randomizing: ConfigEntityZombie - TintMaterial via:custom_TintMaterial
DEBUG:Randomizing of this property is blocked in config file for entity: ConfigEntityZombie->Explosion.RadiusBlocks->zombieSnow
DEBUG:Randomizing: ConfigEntityZombie - MoveSpeedAggro via:setcreate_two_range
DEBUG:Randomizing: ConfigEntityZombie - SightRange via:setcreate_rand_around_percent
DEBUG:Randomizing of this property is blocked in config file for entity: ConfigEntityZombie->Explosion.EntityDamage->zombieSnow
DEBUG:Randomizing: ConfigEntityZombie - LookAtAngle via:setcreate_rand_around_percent
DEBUG:Randomizing of this property is blocked in config file for entity: ConfigEntityZombie->ExplodeDelay->zombieSnow
DEBUG:Randomizing: ConfigEntityZombie - AttackTimeoutNight via:setcreate_one_range
DEBUG:Randomizing: ConfigEntityZombie - KnockdownProneDamageThreshold via:setcreate_one_range
DEBUG:Randomizing: ConfigEntityZombie - DismemberMultiplierLegs via:setcreate_one_range
DEBUG:Randomizing: ConfigEntityZombie - DismemberMultiplierArms via:setcreate_one_range
DEBUG:Randomizing: ConfigEntityZombie - MaxViewAngle via:setcreate_rand_around_percent
DEBUG:Randomizing: ConfigEntityZombie - AINoiseSeekDist via:setcreate_rand_around_percent
DEBUG:Randomizing of this property is blocked in config file for entity: ConfigEntityZombie->Explosion.DamageBonus.earth->zombieSnow
DEBUG:Randomizing: ConfigEntityZombie - JumpMaxDistance via:setcreate_two_range
DEBUG:Randomizing: ConfigEntityZombie - MaxTurnSpeed via:setcreate_rand_around_percent
DEBUG:Randomizing: ConfigEntityZombie - SmellAlertThreshold via:setcreate_rand_around_percent
DEBUG:Randomizing: ConfigEntityZombie - KnockdownProneStunDuration via:setcreate_two_range
DEBUG:Randomizing: ConfigEntityZombie - LegCrawlerThreshold via:setcreate_one_range
DEBUG:Randomizing: ConfigEntityZombie - MoveSpeed via:setcreate_one_range
DEBUG:Randomizing: ConfigEntityZombie - HealthAndExperienceGain via:custom_HealthAndExperienceGain
DEBUG:Randomizing of this property is blocked in config file for entity: ConfigEntityZombie->Explosion.RadiusEntities->zombieSnow
DEBUG:########## GenerateNewEntityFromExistingName ##########
DEBUG:Looking for: zombieNurse
DEBUG:Found: zombieNurse
DEBUG:Cloned entity_class EntityZombie: zombieNurse as: DoughsR24_zombieNurse
DEBUG:Randomizing: ConfigEntityZombie - KnockdownKneelDamageThreshold via:setcreate_one_range
DEBUG:Randomizing: ConfigEntityZombie - KnockdownKneelStunDuration via:setcreate_two_range
DEBUG:Randomizing: ConfigEntityZombie - MassAndWeightAndSizeScale via:custom_MassAndWeightAndSizeScale
DEBUG:Randomizing: ConfigEntityZombie - AttackTimeoutDay via:setcreate_one_range
DEBUG:Randomizing: ConfigEntityZombie - WalkType via:custom_WalkType
DEBUG:Randomizing: ConfigEntityZombie - DismemberMultiplierHead via:setcreate_one_range
DEBUG:Randomizing of this property is blocked in config file for entity: ConfigEntityZombie->Explosion.BlockDamage->zombieNurse
DEBUG:Randomizing: ConfigEntityZombie - TintMaterial via:custom_TintMaterial
DEBUG:Randomizing of this property is blocked in config file for entity: ConfigEntityZombie->Explosion.RadiusBlocks->zombieNurse
DEBUG:Randomizing: ConfigEntityZombie - MoveSpeedAggro via:setcreate_two_range
DEBUG:Randomizing: ConfigEntityZombie - SightRange via:setcreate_rand_around_percent
DEBUG:Randomizing of this property is blocked in config file for entity: ConfigEntityZombie->Explosion.EntityDamage->zombieNurse
DEBUG:Randomizing: ConfigEntityZombie - LookAtAngle via:setcreate_rand_around_percent
DEBUG:Randomizing of this property is blocked in config file for entity: ConfigEntityZombie->ExplodeDelay->zombieNurse
DEBUG:Randomizing: ConfigEntityZombie - AttackTimeoutNight via:setcreate_one_range
DEBUG:Randomizing: ConfigEntityZombie - KnockdownProneDamageThreshold via:setcreate_one_range
DEBUG:Randomizing: ConfigEntityZombie - DismemberMultiplierLegs via:setcreate_one_range
DEBUG:Randomizing: ConfigEntityZombie - DismemberMultiplierArms via:setcreate_one_range
DEBUG:Randomizing: ConfigEntityZombie - MaxViewAngle via:setcreate_rand_around_percent
DEBUG:Randomizing: ConfigEntityZombie - AINoiseSeekDist via:setcreate_rand_around_percent
DEBUG:Randomizing of this property is blocked in config file for entity: ConfigEntityZombie->Explosion.DamageBonus.earth->zombieNurse
DEBUG:Randomizing: ConfigEntityZombie - JumpMaxDistance via:setcreate_two_range
DEBUG:Randomizing: ConfigEntityZombie - MaxTurnSpeed via:setcreate_rand_around_percent
DEBUG:Randomizing: ConfigEntityZombie - SmellAlertThreshold via:setcreate_rand_around_percent
DEBUG:Randomizing: ConfigEntityZombie - KnockdownProneStunDuration via:setcreate_two_range
DEBUG:Randomizing: ConfigEntityZombie - LegCrawlerThreshold via:setcreate_one_range
DEBUG:Randomizing: ConfigEntityZombie - MoveSpeed via:setcreate_one_range
DEBUG:Randomizing: ConfigEntityZombie - HealthAndExperienceGain via:custom_HealthAndExperienceGain
DEBUG:Randomizing of this property is blocked in config file for entity: ConfigEntityZombie->Explosion.RadiusEntities->zombieNurse
DEBUG:########## GenerateNewEntityFromExistingName ##########
DEBUG:Looking for: zombieBiker
DEBUG:Found: zombieBiker
DEBUG:Cloned entity_class EntityZombie: zombieBiker as: DoughsR25_zombieBiker
DEBUG:Randomizing: ConfigEntityZombie - KnockdownKneelDamageThreshold via:setcreate_one_range
DEBUG:Randomizing: ConfigEntityZombie - KnockdownKneelStunDuration via:setcreate_two_range
DEBUG:Randomizing: ConfigEntityZombie - MassAndWeightAndSizeScale via:custom_MassAndWeightAndSizeScale
DEBUG:Randomizing: ConfigEntityZombie - AttackTimeoutDay via:setcreate_one_range
DEBUG:Randomizing: ConfigEntityZombie - WalkType via:custom_WalkType
DEBUG:Randomizing: ConfigEntityZombie - DismemberMultiplierHead via:setcreate_one_range
DEBUG:Randomizing of this property is blocked in config file for entity: ConfigEntityZombie->Explosion.BlockDamage->zombieBiker
DEBUG:Randomizing: ConfigEntityZombie - TintMaterial via:custom_TintMaterial
DEBUG:Randomizing of this property is blocked in config file for entity: ConfigEntityZombie->Explosion.RadiusBlocks->zombieBiker
DEBUG:Randomizing: ConfigEntityZombie - MoveSpeedAggro via:setcreate_two_range
DEBUG:Randomizing: ConfigEntityZombie - SightRange via:setcreate_rand_around_percent
DEBUG:Randomizing of this property is blocked in config file for entity: ConfigEntityZombie->Explosion.EntityDamage->zombieBiker
DEBUG:Randomizing: ConfigEntityZombie - LookAtAngle via:setcreate_rand_around_percent
DEBUG:Randomizing of this property is blocked in config file for entity: ConfigEntityZombie->ExplodeDelay->zombieBiker
DEBUG:Randomizing: ConfigEntityZombie - AttackTimeoutNight via:setcreate_one_range
DEBUG:Randomizing: ConfigEntityZombie - KnockdownProneDamageThreshold via:setcreate_one_range
DEBUG:Randomizing: ConfigEntityZombie - DismemberMultiplierLegs via:setcreate_one_range
DEBUG:Randomizing: ConfigEntityZombie - DismemberMultiplierArms via:setcreate_one_range
DEBUG:Randomizing: ConfigEntityZombie - MaxViewAngle via:setcreate_rand_around_percent
DEBUG:Randomizing: ConfigEntityZombie - AINoiseSeekDist via:setcreate_rand_around_percent
DEBUG:Randomizing of this property is blocked in config file for entity: ConfigEntityZombie->Explosion.DamageBonus.earth->zombieBiker
DEBUG:Randomizing: ConfigEntityZombie - JumpMaxDistance via:setcreate_two_range
DEBUG:Randomizing: ConfigEntityZombie - MaxTurnSpeed via:setcreate_rand_around_percent
DEBUG:Randomizing: ConfigEntityZombie - SmellAlertThreshold via:setcreate_rand_around_percent
DEBUG:Randomizing: ConfigEntityZombie - KnockdownProneStunDuration via:setcreate_two_range
DEBUG:Randomizing: ConfigEntityZombie - LegCrawlerThreshold via:setcreate_one_range
DEBUG:Randomizing: ConfigEntityZombie - MoveSpeed via:setcreate_one_range
DEBUG:Randomizing: ConfigEntityZombie - HealthAndExperienceGain via:custom_HealthAndExperienceGain
DEBUG:Randomizing of this property is blocked in config file for entity: ConfigEntityZombie->Explosion.RadiusEntities->zombieBiker
DEBUG:########## GenerateNewEntityFromExistingName ##########
DEBUG:Looking for: zombieFatHawaiian
DEBUG:Found: zombieFatHawaiian
DEBUG:Cloned entity_class EntityZombie: zombieFatHawaiian as: DoughsR26_zombieFatHawaiian
DEBUG:Randomizing: ConfigEntityZombie - KnockdownKneelDamageThreshold via:setcreate_one_range
DEBUG:Randomizing: ConfigEntityZombie - KnockdownKneelStunDuration via:setcreate_two_range
DEBUG:Randomizing: ConfigEntityZombie - MassAndWeightAndSizeScale via:custom_MassAndWeightAndSizeScale
DEBUG:Randomizing: ConfigEntityZombie - AttackTimeoutDay via:setcreate_one_range
DEBUG:Randomizing: ConfigEntityZombie - WalkType via:custom_WalkType
DEBUG:Randomizing: ConfigEntityZombie - DismemberMultiplierHead via:setcreate_one_range
DEBUG:Randomizing of this property is blocked in config file for entity: ConfigEntityZombie->Explosion.BlockDamage->zombieFatHawaiian
DEBUG:Randomizing: ConfigEntityZombie - TintMaterial via:custom_TintMaterial
DEBUG:Randomizing of this property is blocked in config file for entity: ConfigEntityZombie->Explosion.RadiusBlocks->zombieFatHawaiian
DEBUG:Randomizing: ConfigEntityZombie - MoveSpeedAggro via:setcreate_two_range
DEBUG:Randomizing: ConfigEntityZombie - SightRange via:setcreate_rand_around_percent
DEBUG:Randomizing of this property is blocked in config file for entity: ConfigEntityZombie->Explosion.EntityDamage->zombieFatHawaiian
DEBUG:Randomizing: ConfigEntityZombie - LookAtAngle via:setcreate_rand_around_percent
DEBUG:Randomizing of this property is blocked in config file for entity: ConfigEntityZombie->ExplodeDelay->zombieFatHawaiian
DEBUG:Randomizing: ConfigEntityZombie - AttackTimeoutNight via:setcreate_one_range
DEBUG:Randomizing: ConfigEntityZombie - KnockdownProneDamageThreshold via:setcreate_one_range
DEBUG:Randomizing: ConfigEntityZombie - DismemberMultiplierLegs via:setcreate_one_range
DEBUG:Randomizing: ConfigEntityZombie - DismemberMultiplierArms via:setcreate_one_range
DEBUG:Randomizing: ConfigEntityZombie - MaxViewAngle via:setcreate_rand_around_percent
DEBUG:Randomizing: ConfigEntityZombie - AINoiseSeekDist via:setcreate_rand_around_percent
DEBUG:Randomizing of this property is blocked in config file for entity: ConfigEntityZombie->Explosion.DamageBonus.earth->zombieFatHawaiian
DEBUG:Randomizing: ConfigEntityZombie - JumpMaxDistance via:setcreate_two_range
DEBUG:Randomizing: ConfigEntityZombie - MaxTurnSpeed via:setcreate_rand_around_percent
DEBUG:Randomizing: ConfigEntityZombie - SmellAlertThreshold via:setcreate_rand_around_percent
DEBUG:Randomizing: ConfigEntityZombie - KnockdownProneStunDuration via:setcreate_two_range
DEBUG:Randomizing: ConfigEntityZombie - LegCrawlerThreshold via:setcreate_one_range
DEBUG:Randomizing: ConfigEntityZombie - MoveSpeed via:setcreate_one_range
DEBUG:Randomizing: ConfigEntityZombie - HealthAndExperienceGain via:custom_HealthAndExperienceGain
DEBUG:Randomizing of this property is blocked in config file for entity: ConfigEntityZombie->Explosion.RadiusEntities->zombieFatHawaiian
DEBUG:########## GenerateNewEntityFromExistingName ##########
DEBUG:Looking for: zombieFatCop
DEBUG:Found: zombieFatCop
DEBUG:Cloned entity_class EntityZombie: zombieFatCop as: DoughsR27_zombieFatCop
DEBUG:Randomizing: ConfigEntityZombie - KnockdownKneelDamageThreshold via:setcreate_one_range
DEBUG:Randomizing: ConfigEntityZombie - KnockdownKneelStunDuration via:setcreate_two_range
DEBUG:Randomizing: ConfigEntityZombie - MassAndWeightAndSizeScale via:custom_MassAndWeightAndSizeScale
DEBUG:Randomizing: ConfigEntityZombie - AttackTimeoutDay via:setcreate_one_range
DEBUG:Randomizing: ConfigEntityZombie - WalkType via:custom_WalkType
DEBUG:Randomizing: ConfigEntityZombie - DismemberMultiplierHead via:setcreate_one_range
DEBUG:Randomizing: ConfigEntityZombie - Explosion.BlockDamage via:setcreate_one_range
DEBUG:Randomizing: ConfigEntityZombie - TintMaterial via:custom_TintMaterial
DEBUG:Randomizing: ConfigEntityZombie - Explosion.RadiusBlocks via:setcreate_one_range
DEBUG:Randomizing: ConfigEntityZombie - MoveSpeedAggro via:setcreate_two_range
DEBUG:Randomizing: ConfigEntityZombie - SightRange via:setcreate_rand_around_percent
DEBUG:Randomizing: ConfigEntityZombie - Explosion.EntityDamage via:setcreate_one_range
DEBUG:Randomizing: ConfigEntityZombie - LookAtAngle via:setcreate_rand_around_percent
DEBUG:Randomizing of this property is blocked in config file for entity: ConfigEntityZombie->ExplodeDelay->zombieFatCop
DEBUG:Randomizing: ConfigEntityZombie - AttackTimeoutNight via:setcreate_one_range
DEBUG:Randomizing: ConfigEntityZombie - KnockdownProneDamageThreshold via:setcreate_one_range
DEBUG:Randomizing: ConfigEntityZombie - DismemberMultiplierLegs via:setcreate_one_range
DEBUG:Randomizing: ConfigEntityZombie - DismemberMultiplierArms via:setcreate_one_range
DEBUG:Randomizing: ConfigEntityZombie - MaxViewAngle via:setcreate_rand_around_percent
DEBUG:Randomizing: ConfigEntityZombie - AINoiseSeekDist via:setcreate_rand_around_percent
DEBUG:Randomizing: ConfigEntityZombie - Explosion.DamageBonus.earth via:setcreate_one_range
DEBUG:Randomizing: ConfigEntityZombie - JumpMaxDistance via:setcreate_two_range
DEBUG:Randomizing: ConfigEntityZombie - MaxTurnSpeed via:setcreate_rand_around_percent
DEBUG:Randomizing: ConfigEntityZombie - SmellAlertThreshold via:setcreate_rand_around_percent
DEBUG:Randomizing: ConfigEntityZombie - KnockdownProneStunDuration via:setcreate_two_range
DEBUG:Randomizing: ConfigEntityZombie - LegCrawlerThreshold via:setcreate_one_range
DEBUG:Randomizing: ConfigEntityZombie - MoveSpeed via:setcreate_one_range
DEBUG:Randomizing: ConfigEntityZombie - HealthAndExperienceGain via:custom_HealthAndExperienceGain
DEBUG:Randomizing: ConfigEntityZombie - Explosion.RadiusEntities via:setcreate_one_range
DEBUG:########## GenerateNewEntityFromExistingName ##########
DEBUG:Looking for: zombieMarlene
DEBUG:Found: zombieMarlene
DEBUG:Cloned entity_class EntityZombie: zombieMarlene as: DoughsR28_zombieMarlene
DEBUG:Randomizing: ConfigEntityZombie - KnockdownKneelDamageThreshold via:setcreate_one_range
DEBUG:Randomizing: ConfigEntityZombie - KnockdownKneelStunDuration via:setcreate_two_range
DEBUG:Randomizing: ConfigEntityZombie - MassAndWeightAndSizeScale via:custom_MassAndWeightAndSizeScale
DEBUG:Randomizing: ConfigEntityZombie - AttackTimeoutDay via:setcreate_one_range
DEBUG:Randomizing: ConfigEntityZombie - WalkType via:custom_WalkType
DEBUG:Randomizing: ConfigEntityZombie - DismemberMultiplierHead via:setcreate_one_range
DEBUG:Randomizing of this property is blocked in config file for entity: ConfigEntityZombie->Explosion.BlockDamage->zombieMarlene
DEBUG:Randomizing: ConfigEntityZombie - TintMaterial via:custom_TintMaterial
DEBUG:Randomizing of this property is blocked in config file for entity: ConfigEntityZombie->Explosion.RadiusBlocks->zombieMarlene
DEBUG:Randomizing: ConfigEntityZombie - MoveSpeedAggro via:setcreate_two_range
DEBUG:Randomizing: ConfigEntityZombie - SightRange via:setcreate_rand_around_percent
DEBUG:Randomizing of this property is blocked in config file for entity: ConfigEntityZombie->Explosion.EntityDamage->zombieMarlene
DEBUG:Randomizing: ConfigEntityZombie - LookAtAngle via:setcreate_rand_around_percent
DEBUG:Randomizing of this property is blocked in config file for entity: ConfigEntityZombie->ExplodeDelay->zombieMarlene
DEBUG:Randomizing: ConfigEntityZombie - AttackTimeoutNight via:setcreate_one_range
DEBUG:Randomizing: ConfigEntityZombie - KnockdownProneDamageThreshold via:setcreate_one_range
DEBUG:Randomizing: ConfigEntityZombie - DismemberMultiplierLegs via:setcreate_one_range
DEBUG:Randomizing: ConfigEntityZombie - DismemberMultiplierArms via:setcreate_one_range
DEBUG:Randomizing: ConfigEntityZombie - MaxViewAngle via:setcreate_rand_around_percent
DEBUG:Randomizing: ConfigEntityZombie - AINoiseSeekDist via:setcreate_rand_around_percent
DEBUG:Randomizing of this property is blocked in config file for entity: ConfigEntityZombie->Explosion.DamageBonus.earth->zombieMarlene
DEBUG:Randomizing: ConfigEntityZombie - JumpMaxDistance via:setcreate_two_range
DEBUG:Randomizing: ConfigEntityZombie - MaxTurnSpeed via:setcreate_rand_around_percent
DEBUG:Randomizing: ConfigEntityZombie - SmellAlertThreshold via:setcreate_rand_around_percent
DEBUG:Randomizing: ConfigEntityZombie - KnockdownProneStunDuration via:setcreate_two_range
DEBUG:Randomizing: ConfigEntityZombie - LegCrawlerThreshold via:setcreate_one_range
DEBUG:Randomizing: ConfigEntityZombie - MoveSpeed via:setcreate_one_range
DEBUG:Randomizing: ConfigEntityZombie - HealthAndExperienceGain via:custom_HealthAndExperienceGain
DEBUG:Randomizing of this property is blocked in config file for entity: ConfigEntityZombie->Explosion.RadiusEntities->zombieMarlene
DEBUG:########## GenerateNewEntityFromExistingName ##########
DEBUG:Looking for: zombieBoe
DEBUG:Found: zombieBoe
DEBUG:Cloned entity_class EntityZombie: zombieBoe as: DoughsR29_zombieBoe
DEBUG:Randomizing: ConfigEntityZombie - KnockdownKneelDamageThreshold via:setcreate_one_range
DEBUG:Randomizing: ConfigEntityZombie - KnockdownKneelStunDuration via:setcreate_two_range
DEBUG:Randomizing: ConfigEntityZombie - MassAndWeightAndSizeScale via:custom_MassAndWeightAndSizeScale
DEBUG:Randomizing: ConfigEntityZombie - AttackTimeoutDay via:setcreate_one_range
DEBUG:Randomizing: ConfigEntityZombie - WalkType via:custom_WalkType
DEBUG:Randomizing: ConfigEntityZombie - DismemberMultiplierHead via:setcreate_one_range
DEBUG:Randomizing of this property is blocked in config file for entity: ConfigEntityZombie->Explosion.BlockDamage->zombieBoe
DEBUG:Randomizing: ConfigEntityZombie - TintMaterial via:custom_TintMaterial
DEBUG:Randomizing of this property is blocked in config file for entity: ConfigEntityZombie->Explosion.RadiusBlocks->zombieBoe
DEBUG:Randomizing: ConfigEntityZombie - MoveSpeedAggro via:setcreate_two_range
DEBUG:Randomizing: ConfigEntityZombie - SightRange via:setcreate_rand_around_percent
DEBUG:Randomizing of this property is blocked in config file for entity: ConfigEntityZombie->Explosion.EntityDamage->zombieBoe
DEBUG:Randomizing: ConfigEntityZombie - LookAtAngle via:setcreate_rand_around_percent
DEBUG:Randomizing of this property is blocked in config file for entity: ConfigEntityZombie->ExplodeDelay->zombieBoe
DEBUG:Randomizing: ConfigEntityZombie - AttackTimeoutNight via:setcreate_one_range
DEBUG:Randomizing: ConfigEntityZombie - KnockdownProneDamageThreshold via:setcreate_one_range
DEBUG:Randomizing: ConfigEntityZombie - DismemberMultiplierLegs via:setcreate_one_range
DEBUG:Randomizing: ConfigEntityZombie - DismemberMultiplierArms via:setcreate_one_range
DEBUG:Randomizing: ConfigEntityZombie - MaxViewAngle via:setcreate_rand_around_percent
DEBUG:Randomizing: ConfigEntityZombie - AINoiseSeekDist via:setcreate_rand_around_percent
DEBUG:Randomizing of this property is blocked in config file for entity: ConfigEntityZombie->Explosion.DamageBonus.earth->zombieBoe
DEBUG:Randomizing: ConfigEntityZombie - JumpMaxDistance via:setcreate_two_range
DEBUG:Randomizing: ConfigEntityZombie - MaxTurnSpeed via:setcreate_rand_around_percent
DEBUG:Randomizing: ConfigEntityZombie - SmellAlertThreshold via:setcreate_rand_around_percent
DEBUG:Randomizing: ConfigEntityZombie - KnockdownProneStunDuration via:setcreate_two_range
DEBUG:Randomizing: ConfigEntityZombie - LegCrawlerThreshold via:setcreate_one_range
DEBUG:Randomizing: ConfigEntityZombie - MoveSpeed via:setcreate_one_range
DEBUG:Randomizing: ConfigEntityZombie - HealthAndExperienceGain via:custom_HealthAndExperienceGain
DEBUG:Randomizing of this property is blocked in config file for entity: ConfigEntityZombie->Explosion.RadiusEntities->zombieBoe
DEBUG:########## GenerateNewEntityFromExistingName ##########
DEBUG:Looking for: zombieFatHawaiianFeral
DEBUG:Found: zombieFatHawaiianFeral
DEBUG:Cloned entity_class EntityZombie: zombieFatHawaiianFeral as: DoughsR30_zombieFatHawaiianFeral
DEBUG:Randomizing: ConfigEntityZombie - KnockdownKneelDamageThreshold via:setcreate_one_range
DEBUG:Randomizing: ConfigEntityZombie - KnockdownKneelStunDuration via:setcreate_two_range
DEBUG:Randomizing: ConfigEntityZombie - MassAndWeightAndSizeScale via:custom_MassAndWeightAndSizeScale
DEBUG:Randomizing: ConfigEntityZombie - AttackTimeoutDay via:setcreate_one_range
DEBUG:Randomizing: ConfigEntityZombie - WalkType via:custom_WalkType
DEBUG:Randomizing: ConfigEntityZombie - DismemberMultiplierHead via:setcreate_one_range
DEBUG:Randomizing of this property is blocked in config file for entity: ConfigEntityZombie->Explosion.BlockDamage->zombieFatHawaiianFeral
DEBUG:Randomizing: ConfigEntityZombie - TintMaterial via:custom_TintMaterial
DEBUG:Randomizing of this property is blocked in config file for entity: ConfigEntityZombie->Explosion.RadiusBlocks->zombieFatHawaiianFeral
DEBUG:Randomizing: ConfigEntityZombie - MoveSpeedAggro via:setcreate_two_range
DEBUG:Randomizing: ConfigEntityZombie - SightRange via:setcreate_rand_around_percent
DEBUG:Randomizing of this property is blocked in config file for entity: ConfigEntityZombie->Explosion.EntityDamage->zombieFatHawaiianFeral
DEBUG:Randomizing: ConfigEntityZombie - LookAtAngle via:setcreate_rand_around_percent
DEBUG:Randomizing of this property is blocked in config file for entity: ConfigEntityZombie->ExplodeDelay->zombieFatHawaiianFeral
DEBUG:Randomizing: ConfigEntityZombie - AttackTimeoutNight via:setcreate_one_range
DEBUG:Randomizing: ConfigEntityZombie - KnockdownProneDamageThreshold via:setcreate_one_range
DEBUG:Randomizing: ConfigEntityZombie - DismemberMultiplierLegs via:setcreate_one_range
DEBUG:Randomizing: ConfigEntityZombie - DismemberMultiplierArms via:setcreate_one_range
DEBUG:Randomizing: ConfigEntityZombie - MaxViewAngle via:setcreate_rand_around_percent
DEBUG:Randomizing: ConfigEntityZombie - AINoiseSeekDist via:setcreate_rand_around_percent
DEBUG:Randomizing of this property is blocked in config file for entity: ConfigEntityZombie->Explosion.DamageBonus.earth->zombieFatHawaiianFeral
DEBUG:Randomizing: ConfigEntityZombie - JumpMaxDistance via:setcreate_two_range
DEBUG:Randomizing: ConfigEntityZombie - MaxTurnSpeed via:setcreate_rand_around_percent
DEBUG:Randomizing: ConfigEntityZombie - SmellAlertThreshold via:setcreate_rand_around_percent
DEBUG:Randomizing: ConfigEntityZombie - KnockdownProneStunDuration via:setcreate_two_range
DEBUG:Randomizing: ConfigEntityZombie - LegCrawlerThreshold via:setcreate_one_range
DEBUG:Randomizing: ConfigEntityZombie - MoveSpeed via:setcreate_one_range
DEBUG:Randomizing: ConfigEntityZombie - HealthAndExperienceGain via:custom_HealthAndExperienceGain
DEBUG:Randomizing of this property is blocked in config file for entity: ConfigEntityZombie->Explosion.RadiusEntities->zombieFatHawaiianFeral
DEBUG:########## GenerateNewEntityFromExistingName ##########
DEBUG:Looking for: zombieArlene
DEBUG:Found: zombieArlene
DEBUG:Cloned entity_class EntityZombie: zombieArlene as: DoughsR31_zombieArlene
DEBUG:Randomizing: ConfigEntityZombie - KnockdownKneelDamageThreshold via:setcreate_one_range
DEBUG:Randomizing: ConfigEntityZombie - KnockdownKneelStunDuration via:setcreate_two_range
DEBUG:Randomizing: ConfigEntityZombie - MassAndWeightAndSizeScale via:custom_MassAndWeightAndSizeScale
DEBUG:Randomizing: ConfigEntityZombie - AttackTimeoutDay via:setcreate_one_range
DEBUG:Randomizing: ConfigEntityZombie - WalkType via:custom_WalkType
DEBUG:Randomizing: ConfigEntityZombie - DismemberMultiplierHead via:setcreate_one_range
DEBUG:Randomizing of this property is blocked in config file for entity: ConfigEntityZombie->Explosion.BlockDamage->zombieArlene
DEBUG:Randomizing: ConfigEntityZombie - TintMaterial via:custom_TintMaterial
DEBUG:Randomizing of this property is blocked in config file for entity: ConfigEntityZombie->Explosion.RadiusBlocks->zombieArlene
DEBUG:Randomizing: ConfigEntityZombie - MoveSpeedAggro via:setcreate_two_range
DEBUG:Randomizing: ConfigEntityZombie - SightRange via:setcreate_rand_around_percent
DEBUG:Randomizing of this property is blocked in config file for entity: ConfigEntityZombie->Explosion.EntityDamage->zombieArlene
DEBUG:Randomizing: ConfigEntityZombie - LookAtAngle via:setcreate_rand_around_percent
DEBUG:Randomizing of this property is blocked in config file for entity: ConfigEntityZombie->ExplodeDelay->zombieArlene
DEBUG:Randomizing: ConfigEntityZombie - AttackTimeoutNight via:setcreate_one_range
DEBUG:Randomizing: ConfigEntityZombie - KnockdownProneDamageThreshold via:setcreate_one_range
DEBUG:Randomizing: ConfigEntityZombie - DismemberMultiplierLegs via:setcreate_one_range
DEBUG:Randomizing: ConfigEntityZombie - DismemberMultiplierArms via:setcreate_one_range
DEBUG:Randomizing: ConfigEntityZombie - MaxViewAngle via:setcreate_rand_around_percent
DEBUG:Randomizing: ConfigEntityZombie - AINoiseSeekDist via:setcreate_rand_around_percent
DEBUG:Randomizing of this property is blocked in config file for entity: ConfigEntityZombie->Explosion.DamageBonus.earth->zombieArlene
DEBUG:Randomizing: ConfigEntityZombie - JumpMaxDistance via:setcreate_two_range
DEBUG:Randomizing: ConfigEntityZombie - MaxTurnSpeed via:setcreate_rand_around_percent
DEBUG:Randomizing: ConfigEntityZombie - SmellAlertThreshold via:setcreate_rand_around_percent
DEBUG:Randomizing: ConfigEntityZombie - KnockdownProneStunDuration via:setcreate_two_range
DEBUG:Randomizing: ConfigEntityZombie - LegCrawlerThreshold via:setcreate_one_range
DEBUG:Randomizing: ConfigEntityZombie - MoveSpeed via:setcreate_one_range
DEBUG:Randomizing: ConfigEntityZombie - HealthAndExperienceGain via:custom_HealthAndExperienceGain
DEBUG:Randomizing of this property is blocked in config file for entity: ConfigEntityZombie->Explosion.RadiusEntities->zombieArlene
DEBUG:########## GenerateNewEntityFromExistingName ##########
DEBUG:Looking for: zombieMoeRadiated
DEBUG:Found: zombieMoeRadiated
DEBUG:Cloned entity_class EntityZombie: zombieMoeRadiated as: DoughsR32_zombieMoeRadiated
DEBUG:Randomizing: ConfigEntityZombie - KnockdownKneelDamageThreshold via:setcreate_one_range
DEBUG:Randomizing: ConfigEntityZombie - KnockdownKneelStunDuration via:setcreate_two_range
DEBUG:Randomizing: ConfigEntityZombie - MassAndWeightAndSizeScale via:custom_MassAndWeightAndSizeScale
DEBUG:Randomizing: ConfigEntityZombie - AttackTimeoutDay via:setcreate_one_range
DEBUG:Randomizing: ConfigEntityZombie - WalkType via:custom_WalkType
DEBUG:Randomizing: ConfigEntityZombie - DismemberMultiplierHead via:setcreate_one_range
DEBUG:Randomizing of this property is blocked in config file for entity: ConfigEntityZombie->Explosion.BlockDamage->zombieMoeRadiated
DEBUG:Randomizing: ConfigEntityZombie - TintMaterial via:custom_TintMaterial
DEBUG:Randomizing of this property is blocked in config file for entity: ConfigEntityZombie->Explosion.RadiusBlocks->zombieMoeRadiated
DEBUG:Randomizing: ConfigEntityZombie - MoveSpeedAggro via:setcreate_two_range
DEBUG:Randomizing: ConfigEntityZombie - SightRange via:setcreate_rand_around_percent
DEBUG:Randomizing of this property is blocked in config file for entity: ConfigEntityZombie->Explosion.EntityDamage->zombieMoeRadiated
DEBUG:Randomizing: ConfigEntityZombie - LookAtAngle via:setcreate_rand_around_percent
DEBUG:Randomizing of this property is blocked in config file for entity: ConfigEntityZombie->ExplodeDelay->zombieMoeRadiated
DEBUG:Randomizing: ConfigEntityZombie - AttackTimeoutNight via:setcreate_one_range
DEBUG:Randomizing: ConfigEntityZombie - KnockdownProneDamageThreshold via:setcreate_one_range
DEBUG:Randomizing: ConfigEntityZombie - DismemberMultiplierLegs via:setcreate_one_range
DEBUG:Randomizing: ConfigEntityZombie - DismemberMultiplierArms via:setcreate_one_range
DEBUG:Randomizing: ConfigEntityZombie - MaxViewAngle via:setcreate_rand_around_percent
DEBUG:Randomizing: ConfigEntityZombie - AINoiseSeekDist via:setcreate_rand_around_percent
DEBUG:Randomizing of this property is blocked in config file for entity: ConfigEntityZombie->Explosion.DamageBonus.earth->zombieMoeRadiated
DEBUG:Randomizing: ConfigEntityZombie - JumpMaxDistance via:setcreate_two_range
DEBUG:Randomizing: ConfigEntityZombie - MaxTurnSpeed via:setcreate_rand_around_percent
DEBUG:Randomizing: ConfigEntityZombie - SmellAlertThreshold via:setcreate_rand_around_percent
DEBUG:Randomizing: ConfigEntityZombie - KnockdownProneStunDuration via:setcreate_two_range
DEBUG:Randomizing: ConfigEntityZombie - LegCrawlerThreshold via:setcreate_one_range
DEBUG:Randomizing: ConfigEntityZombie - MoveSpeed via:setcreate_one_range
DEBUG:Randomizing: ConfigEntityZombie - HealthAndExperienceGain via:custom_HealthAndExperienceGain
DEBUG:Randomizing of this property is blocked in config file for entity: ConfigEntityZombie->Explosion.RadiusEntities->zombieMoeRadiated
DEBUG:########## GenerateNewEntityFromExistingName ##########
DEBUG:Looking for: zombieMiner
DEBUG:Found: zombieMiner
DEBUG:Cloned entity_class EntityZombie: zombieMiner as: DoughsR33_zombieMiner
DEBUG:Randomizing: ConfigEntityZombie - KnockdownKneelDamageThreshold via:setcreate_one_range
DEBUG:Randomizing: ConfigEntityZombie - KnockdownKneelStunDuration via:setcreate_two_range
DEBUG:Randomizing: ConfigEntityZombie - MassAndWeightAndSizeScale via:custom_MassAndWeightAndSizeScale
DEBUG:Randomizing: ConfigEntityZombie - AttackTimeoutDay via:setcreate_one_range
DEBUG:Randomizing: ConfigEntityZombie - WalkType via:custom_WalkType
DEBUG:Randomizing: ConfigEntityZombie - DismemberMultiplierHead via:setcreate_one_range
DEBUG:Randomizing of this property is blocked in config file for entity: ConfigEntityZombie->Explosion.BlockDamage->zombieMiner
DEBUG:Randomizing: ConfigEntityZombie - TintMaterial via:custom_TintMaterial
DEBUG:Randomizing of this property is blocked in config file for entity: ConfigEntityZombie->Explosion.RadiusBlocks->zombieMiner
DEBUG:Randomizing: ConfigEntityZombie - MoveSpeedAggro via:setcreate_two_range
DEBUG:Randomizing: ConfigEntityZombie - SightRange via:setcreate_rand_around_percent
DEBUG:Randomizing of this property is blocked in config file for entity: ConfigEntityZombie->Explosion.EntityDamage->zombieMiner
DEBUG:Randomizing: ConfigEntityZombie - LookAtAngle via:setcreate_rand_around_percent
DEBUG:Randomizing of this property is blocked in config file for entity: ConfigEntityZombie->ExplodeDelay->zombieMiner
DEBUG:Randomizing: ConfigEntityZombie - AttackTimeoutNight via:setcreate_one_range
DEBUG:Randomizing: ConfigEntityZombie - KnockdownProneDamageThreshold via:setcreate_one_range
DEBUG:Randomizing: ConfigEntityZombie - DismemberMultiplierLegs via:setcreate_one_range
DEBUG:Randomizing: ConfigEntityZombie - DismemberMultiplierArms via:setcreate_one_range
DEBUG:Randomizing: ConfigEntityZombie - MaxViewAngle via:setcreate_rand_around_percent
DEBUG:Randomizing: ConfigEntityZombie - AINoiseSeekDist via:setcreate_rand_around_percent
DEBUG:Randomizing of this property is blocked in config file for entity: ConfigEntityZombie->Explosion.DamageBonus.earth->zombieMiner
DEBUG:Randomizing: ConfigEntityZombie - JumpMaxDistance via:setcreate_two_range
DEBUG:Randomizing: ConfigEntityZombie - MaxTurnSpeed via:setcreate_rand_around_percent
DEBUG:Randomizing: ConfigEntityZombie - SmellAlertThreshold via:setcreate_rand_around_percent
DEBUG:Randomizing: ConfigEntityZombie - KnockdownProneStunDuration via:setcreate_two_range
DEBUG:Randomizing: ConfigEntityZombie - LegCrawlerThreshold via:setcreate_one_range
DEBUG:Randomizing: ConfigEntityZombie - MoveSpeed via:setcreate_one_range
DEBUG:Randomizing: ConfigEntityZombie - HealthAndExperienceGain via:custom_HealthAndExperienceGain
DEBUG:Randomizing of this property is blocked in config file for entity: ConfigEntityZombie->Explosion.RadiusEntities->zombieMiner
DEBUG:########## GenerateNewEntityFromExistingName ##########
DEBUG:Looking for: zombieMarleneRadiated
DEBUG:Found: zombieMarleneRadiated
DEBUG:Cloned entity_class EntityZombie: zombieMarleneRadiated as: DoughsR34_zombieMarleneRadiated
DEBUG:Randomizing: ConfigEntityZombie - KnockdownKneelDamageThreshold via:setcreate_one_range
DEBUG:Randomizing: ConfigEntityZombie - KnockdownKneelStunDuration via:setcreate_two_range
DEBUG:Randomizing: ConfigEntityZombie - MassAndWeightAndSizeScale via:custom_MassAndWeightAndSizeScale
DEBUG:Randomizing: ConfigEntityZombie - AttackTimeoutDay via:setcreate_one_range
DEBUG:Randomizing: ConfigEntityZombie - WalkType via:custom_WalkType
DEBUG:Randomizing: ConfigEntityZombie - DismemberMultiplierHead via:setcreate_one_range
DEBUG:Randomizing of this property is blocked in config file for entity: ConfigEntityZombie->Explosion.BlockDamage->zombieMarleneRadiated
DEBUG:Randomizing: ConfigEntityZombie - TintMaterial via:custom_TintMaterial
DEBUG:Randomizing of this property is blocked in config file for entity: ConfigEntityZombie->Explosion.RadiusBlocks->zombieMarleneRadiated
DEBUG:Randomizing: ConfigEntityZombie - MoveSpeedAggro via:setcreate_two_range
DEBUG:Randomizing: ConfigEntityZombie - SightRange via:setcreate_rand_around_percent
DEBUG:Randomizing of this property is blocked in config file for entity: ConfigEntityZombie->Explosion.EntityDamage->zombieMarleneRadiated
DEBUG:Randomizing: ConfigEntityZombie - LookAtAngle via:setcreate_rand_around_percent
DEBUG:Randomizing of this property is blocked in config file for entity: ConfigEntityZombie->ExplodeDelay->zombieMarleneRadiated
DEBUG:Randomizing: ConfigEntityZombie - AttackTimeoutNight via:setcreate_one_range
DEBUG:Randomizing: ConfigEntityZombie - KnockdownProneDamageThreshold via:setcreate_one_range
DEBUG:Randomizing: ConfigEntityZombie - DismemberMultiplierLegs via:setcreate_one_range
DEBUG:Randomizing: ConfigEntityZombie - DismemberMultiplierArms via:setcreate_one_range
DEBUG:Randomizing: ConfigEntityZombie - MaxViewAngle via:setcreate_rand_around_percent
DEBUG:Randomizing: ConfigEntityZombie - AINoiseSeekDist via:setcreate_rand_around_percent
DEBUG:Randomizing of this property is blocked in config file for entity: ConfigEntityZombie->Explosion.DamageBonus.earth->zombieMarleneRadiated
DEBUG:Randomizing: ConfigEntityZombie - JumpMaxDistance via:setcreate_two_range
DEBUG:Randomizing: ConfigEntityZombie - MaxTurnSpeed via:setcreate_rand_around_percent
DEBUG:Randomizing: ConfigEntityZombie - SmellAlertThreshold via:setcreate_rand_around_percent
DEBUG:Randomizing: ConfigEntityZombie - KnockdownProneStunDuration via:setcreate_two_range
DEBUG:Randomizing: ConfigEntityZombie - LegCrawlerThreshold via:setcreate_one_range
DEBUG:Randomizing: ConfigEntityZombie - MoveSpeed via:setcreate_one_range
DEBUG:Randomizing: ConfigEntityZombie - HealthAndExperienceGain via:custom_HealthAndExperienceGain
DEBUG:Randomizing of this property is blocked in config file for entity: ConfigEntityZombie->Explosion.RadiusEntities->zombieMarleneRadiated
DEBUG:########## GenerateNewEntityFromExistingName ##########
DEBUG:Looking for: zombieJoe
DEBUG:Found: zombieJoe
DEBUG:Cloned entity_class EntityZombie: zombieJoe as: DoughsR35_zombieJoe
DEBUG:Randomizing: ConfigEntityZombie - KnockdownKneelDamageThreshold via:setcreate_one_range
DEBUG:Randomizing: ConfigEntityZombie - KnockdownKneelStunDuration via:setcreate_two_range
DEBUG:Randomizing: ConfigEntityZombie - MassAndWeightAndSizeScale via:custom_MassAndWeightAndSizeScale
DEBUG:Randomizing: ConfigEntityZombie - AttackTimeoutDay via:setcreate_one_range
DEBUG:Randomizing: ConfigEntityZombie - WalkType via:custom_WalkType
DEBUG:Randomizing: ConfigEntityZombie - DismemberMultiplierHead via:setcreate_one_range
DEBUG:Randomizing of this property is blocked in config file for entity: ConfigEntityZombie->Explosion.BlockDamage->zombieJoe
DEBUG:Randomizing: ConfigEntityZombie - TintMaterial via:custom_TintMaterial
DEBUG:Randomizing of this property is blocked in config file for entity: ConfigEntityZombie->Explosion.RadiusBlocks->zombieJoe
DEBUG:Randomizing: ConfigEntityZombie - MoveSpeedAggro via:setcreate_two_range
DEBUG:Randomizing: ConfigEntityZombie - SightRange via:setcreate_rand_around_percent
DEBUG:Randomizing of this property is blocked in config file for entity: ConfigEntityZombie->Explosion.EntityDamage->zombieJoe
DEBUG:Randomizing: ConfigEntityZombie - LookAtAngle via:setcreate_rand_around_percent
DEBUG:Randomizing of this property is blocked in config file for entity: ConfigEntityZombie->ExplodeDelay->zombieJoe
DEBUG:Randomizing: ConfigEntityZombie - AttackTimeoutNight via:setcreate_one_range
DEBUG:Randomizing: ConfigEntityZombie - KnockdownProneDamageThreshold via:setcreate_one_range
DEBUG:Randomizing: ConfigEntityZombie - DismemberMultiplierLegs via:setcreate_one_range
DEBUG:Randomizing: ConfigEntityZombie - DismemberMultiplierArms via:setcreate_one_range
DEBUG:Randomizing: ConfigEntityZombie - MaxViewAngle via:setcreate_rand_around_percent
DEBUG:Randomizing: ConfigEntityZombie - AINoiseSeekDist via:setcreate_rand_around_percent
DEBUG:Randomizing of this property is blocked in config file for entity: ConfigEntityZombie->Explosion.DamageBonus.earth->zombieJoe
DEBUG:Randomizing: ConfigEntityZombie - JumpMaxDistance via:setcreate_two_range
DEBUG:Randomizing: ConfigEntityZombie - MaxTurnSpeed via:setcreate_rand_around_percent
DEBUG:Randomizing: ConfigEntityZombie - SmellAlertThreshold via:setcreate_rand_around_percent
DEBUG:Randomizing: ConfigEntityZombie - KnockdownProneStunDuration via:setcreate_two_range
DEBUG:Randomizing: ConfigEntityZombie - LegCrawlerThreshold via:setcreate_one_range
DEBUG:Randomizing: ConfigEntityZombie - MoveSpeed via:setcreate_one_range
DEBUG:Randomizing: ConfigEntityZombie - HealthAndExperienceGain via:custom_HealthAndExperienceGain
DEBUG:Randomizing of this property is blocked in config file for entity: ConfigEntityZombie->Explosion.RadiusEntities->zombieJoe
DEBUG:########## GenerateNewEntityFromExistingName ##########
DEBUG:Looking for: zombieYoRadiated
DEBUG:Found: zombieYoRadiated
DEBUG:Cloned entity_class EntityZombie: zombieYoRadiated as: DoughsR36_zombieYoRadiated
DEBUG:Randomizing: ConfigEntityZombie - KnockdownKneelDamageThreshold via:setcreate_one_range
DEBUG:Randomizing: ConfigEntityZombie - KnockdownKneelStunDuration via:setcreate_two_range
DEBUG:Randomizing: ConfigEntityZombie - MassAndWeightAndSizeScale via:custom_MassAndWeightAndSizeScale
DEBUG:Randomizing: ConfigEntityZombie - AttackTimeoutDay via:setcreate_one_range
DEBUG:Randomizing: ConfigEntityZombie - WalkType via:custom_WalkType
DEBUG:Randomizing: ConfigEntityZombie - DismemberMultiplierHead via:setcreate_one_range
DEBUG:Randomizing of this property is blocked in config file for entity: ConfigEntityZombie->Explosion.BlockDamage->zombieYoRadiated
DEBUG:Randomizing: ConfigEntityZombie - TintMaterial via:custom_TintMaterial
DEBUG:Randomizing of this property is blocked in config file for entity: ConfigEntityZombie->Explosion.RadiusBlocks->zombieYoRadiated
DEBUG:Randomizing: ConfigEntityZombie - MoveSpeedAggro via:setcreate_two_range
DEBUG:Randomizing: ConfigEntityZombie - SightRange via:setcreate_rand_around_percent
DEBUG:Randomizing of this property is blocked in config file for entity: ConfigEntityZombie->Explosion.EntityDamage->zombieYoRadiated
DEBUG:Randomizing: ConfigEntityZombie - LookAtAngle via:setcreate_rand_around_percent
DEBUG:Randomizing of this property is blocked in config file for entity: ConfigEntityZombie->ExplodeDelay->zombieYoRadiated
DEBUG:Randomizing: ConfigEntityZombie - AttackTimeoutNight via:setcreate_one_range
DEBUG:Randomizing: ConfigEntityZombie - KnockdownProneDamageThreshold via:setcreate_one_range
DEBUG:Randomizing: ConfigEntityZombie - DismemberMultiplierLegs via:setcreate_one_range
DEBUG:Randomizing: ConfigEntityZombie - DismemberMultiplierArms via:setcreate_one_range
DEBUG:Randomizing: ConfigEntityZombie - MaxViewAngle via:setcreate_rand_around_percent
DEBUG:Randomizing: ConfigEntityZombie - AINoiseSeekDist via:setcreate_rand_around_percent
DEBUG:Randomizing of this property is blocked in config file for entity: ConfigEntityZombie->Explosion.DamageBonus.earth->zombieYoRadiated
DEBUG:Randomizing: ConfigEntityZombie - JumpMaxDistance via:setcreate_two_range
DEBUG:Randomizing: ConfigEntityZombie - MaxTurnSpeed via:setcreate_rand_around_percent
DEBUG:Randomizing: ConfigEntityZombie - SmellAlertThreshold via:setcreate_rand_around_percent
DEBUG:Randomizing: ConfigEntityZombie - KnockdownProneStunDuration via:setcreate_two_range
DEBUG:Randomizing: ConfigEntityZombie - LegCrawlerThreshold via:setcreate_one_range
DEBUG:Randomizing: ConfigEntityZombie - MoveSpeed via:setcreate_one_range
DEBUG:Randomizing: ConfigEntityZombie - HealthAndExperienceGain via:custom_HealthAndExperienceGain
DEBUG:Randomizing of this property is blocked in config file for entity: ConfigEntityZombie->Explosion.RadiusEntities->zombieYoRadiated
DEBUG:########## GenerateNewEntityFromExistingName ##########
DEBUG:Looking for: zombieMarleneFeral
DEBUG:Found: zombieMarleneFeral
DEBUG:Cloned entity_class EntityZombie: zombieMarleneFeral as: DoughsR37_zombieMarleneFeral
DEBUG:Randomizing: ConfigEntityZombie - KnockdownKneelDamageThreshold via:setcreate_one_range
DEBUG:Randomizing: ConfigEntityZombie - KnockdownKneelStunDuration via:setcreate_two_range
DEBUG:Randomizing: ConfigEntityZombie - MassAndWeightAndSizeScale via:custom_MassAndWeightAndSizeScale
DEBUG:Randomizing: ConfigEntityZombie - AttackTimeoutDay via:setcreate_one_range
DEBUG:Randomizing: ConfigEntityZombie - WalkType via:custom_WalkType
DEBUG:Randomizing: ConfigEntityZombie - DismemberMultiplierHead via:setcreate_one_range
DEBUG:Randomizing of this property is blocked in config file for entity: ConfigEntityZombie->Explosion.BlockDamage->zombieMarleneFeral
DEBUG:Randomizing: ConfigEntityZombie - TintMaterial via:custom_TintMaterial
DEBUG:Randomizing of this property is blocked in config file for entity: ConfigEntityZombie->Explosion.RadiusBlocks->zombieMarleneFeral
DEBUG:Randomizing: ConfigEntityZombie - MoveSpeedAggro via:setcreate_two_range
DEBUG:Randomizing: ConfigEntityZombie - SightRange via:setcreate_rand_around_percent
DEBUG:Randomizing of this property is blocked in config file for entity: ConfigEntityZombie->Explosion.EntityDamage->zombieMarleneFeral
DEBUG:Randomizing: ConfigEntityZombie - LookAtAngle via:setcreate_rand_around_percent
DEBUG:Randomizing of this property is blocked in config file for entity: ConfigEntityZombie->ExplodeDelay->zombieMarleneFeral
DEBUG:Randomizing: ConfigEntityZombie - AttackTimeoutNight via:setcreate_one_range
DEBUG:Randomizing: ConfigEntityZombie - KnockdownProneDamageThreshold via:setcreate_one_range
DEBUG:Randomizing: ConfigEntityZombie - DismemberMultiplierLegs via:setcreate_one_range
DEBUG:Randomizing: ConfigEntityZombie - DismemberMultiplierArms via:setcreate_one_range
DEBUG:Randomizing: ConfigEntityZombie - MaxViewAngle via:setcreate_rand_around_percent
DEBUG:Randomizing: ConfigEntityZombie - AINoiseSeekDist via:setcreate_rand_around_percent
DEBUG:Randomizing of this property is blocked in config file for entity: ConfigEntityZombie->Explosion.DamageBonus.earth->zombieMarleneFeral
DEBUG:Randomizing: ConfigEntityZombie - JumpMaxDistance via:setcreate_two_range
DEBUG:Randomizing: ConfigEntityZombie - MaxTurnSpeed via:setcreate_rand_around_percent
DEBUG:Randomizing: ConfigEntityZombie - SmellAlertThreshold via:setcreate_rand_around_percent
DEBUG:Randomizing: ConfigEntityZombie - KnockdownProneStunDuration via:setcreate_two_range
DEBUG:Randomizing: ConfigEntityZombie - LegCrawlerThreshold via:setcreate_one_range
DEBUG:Randomizing: ConfigEntityZombie - MoveSpeed via:setcreate_one_range
DEBUG:Randomizing: ConfigEntityZombie - HealthAndExperienceGain via:custom_HealthAndExperienceGain
DEBUG:Randomizing of this property is blocked in config file for entity: ConfigEntityZombie->Explosion.RadiusEntities->zombieMarleneFeral
DEBUG:########## GenerateNewEntityFromExistingName ##########
DEBUG:Looking for: zombieLab
DEBUG:Found: zombieLab
DEBUG:Cloned entity_class EntityZombie: zombieLab as: DoughsR38_zombieLab
DEBUG:Randomizing: ConfigEntityZombie - KnockdownKneelDamageThreshold via:setcreate_one_range
DEBUG:Randomizing: ConfigEntityZombie - KnockdownKneelStunDuration via:setcreate_two_range
DEBUG:Randomizing: ConfigEntityZombie - MassAndWeightAndSizeScale via:custom_MassAndWeightAndSizeScale
DEBUG:Randomizing: ConfigEntityZombie - AttackTimeoutDay via:setcreate_one_range
DEBUG:Randomizing: ConfigEntityZombie - WalkType via:custom_WalkType
DEBUG:Randomizing: ConfigEntityZombie - DismemberMultiplierHead via:setcreate_one_range
DEBUG:Randomizing of this property is blocked in config file for entity: ConfigEntityZombie->Explosion.BlockDamage->zombieLab
DEBUG:Randomizing: ConfigEntityZombie - TintMaterial via:custom_TintMaterial
DEBUG:Randomizing of this property is blocked in config file for entity: ConfigEntityZombie->Explosion.RadiusBlocks->zombieLab
DEBUG:Randomizing: ConfigEntityZombie - MoveSpeedAggro via:setcreate_two_range
DEBUG:Randomizing: ConfigEntityZombie - SightRange via:setcreate_rand_around_percent
DEBUG:Randomizing of this property is blocked in config file for entity: ConfigEntityZombie->Explosion.EntityDamage->zombieLab
DEBUG:Randomizing: ConfigEntityZombie - LookAtAngle via:setcreate_rand_around_percent
DEBUG:Randomizing of this property is blocked in config file for entity: ConfigEntityZombie->ExplodeDelay->zombieLab
DEBUG:Randomizing: ConfigEntityZombie - AttackTimeoutNight via:setcreate_one_range
DEBUG:Randomizing: ConfigEntityZombie - KnockdownProneDamageThreshold via:setcreate_one_range
DEBUG:Randomizing: ConfigEntityZombie - DismemberMultiplierLegs via:setcreate_one_range
DEBUG:Randomizing: ConfigEntityZombie - DismemberMultiplierArms via:setcreate_one_range
DEBUG:Randomizing: ConfigEntityZombie - MaxViewAngle via:setcreate_rand_around_percent
DEBUG:Randomizing: ConfigEntityZombie - AINoiseSeekDist via:setcreate_rand_around_percent
DEBUG:Randomizing of this property is blocked in config file for entity: ConfigEntityZombie->Explosion.DamageBonus.earth->zombieLab
DEBUG:Randomizing: ConfigEntityZombie - JumpMaxDistance via:setcreate_two_range
DEBUG:Randomizing: ConfigEntityZombie - MaxTurnSpeed via:setcreate_rand_around_percent
DEBUG:Randomizing: ConfigEntityZombie - SmellAlertThreshold via:setcreate_rand_around_percent
DEBUG:Randomizing: ConfigEntityZombie - KnockdownProneStunDuration via:setcreate_two_range
DEBUG:Randomizing: ConfigEntityZombie - LegCrawlerThreshold via:setcreate_one_range
DEBUG:Randomizing: ConfigEntityZombie - MoveSpeed via:setcreate_one_range
DEBUG:Randomizing: ConfigEntityZombie - HealthAndExperienceGain via:custom_HealthAndExperienceGain
DEBUG:Randomizing of this property is blocked in config file for entity: ConfigEntityZombie->Explosion.RadiusEntities->zombieLab
DEBUG:########## GenerateNewEntityFromExistingName ##########
DEBUG:Looking for: zombieSkateboarderFeral
DEBUG:Found: zombieSkateboarderFeral
DEBUG:Cloned entity_class EntityZombie: zombieSkateboarderFeral as: DoughsR39_zombieSkateboarderFeral
DEBUG:Randomizing: ConfigEntityZombie - KnockdownKneelDamageThreshold via:setcreate_one_range
DEBUG:Randomizing: ConfigEntityZombie - KnockdownKneelStunDuration via:setcreate_two_range
DEBUG:Randomizing: ConfigEntityZombie - MassAndWeightAndSizeScale via:custom_MassAndWeightAndSizeScale
DEBUG:Randomizing: ConfigEntityZombie - AttackTimeoutDay via:setcreate_one_range
DEBUG:Randomizing: ConfigEntityZombie - WalkType via:custom_WalkType
DEBUG:Randomizing: ConfigEntityZombie - DismemberMultiplierHead via:setcreate_one_range
DEBUG:Randomizing of this property is blocked in config file for entity: ConfigEntityZombie->Explosion.BlockDamage->zombieSkateboarderFeral
DEBUG:Randomizing: ConfigEntityZombie - TintMaterial via:custom_TintMaterial
DEBUG:Randomizing of this property is blocked in config file for entity: ConfigEntityZombie->Explosion.RadiusBlocks->zombieSkateboarderFeral
DEBUG:Randomizing: ConfigEntityZombie - MoveSpeedAggro via:setcreate_two_range
DEBUG:Randomizing: ConfigEntityZombie - SightRange via:setcreate_rand_around_percent
DEBUG:Randomizing of this property is blocked in config file for entity: ConfigEntityZombie->Explosion.EntityDamage->zombieSkateboarderFeral
DEBUG:Randomizing: ConfigEntityZombie - LookAtAngle via:setcreate_rand_around_percent
DEBUG:Randomizing of this property is blocked in config file for entity: ConfigEntityZombie->ExplodeDelay->zombieSkateboarderFeral
DEBUG:Randomizing: ConfigEntityZombie - AttackTimeoutNight via:setcreate_one_range
DEBUG:Randomizing: ConfigEntityZombie - KnockdownProneDamageThreshold via:setcreate_one_range
DEBUG:Randomizing: ConfigEntityZombie - DismemberMultiplierLegs via:setcreate_one_range
DEBUG:Randomizing: ConfigEntityZombie - DismemberMultiplierArms via:setcreate_one_range
DEBUG:Randomizing: ConfigEntityZombie - MaxViewAngle via:setcreate_rand_around_percent
DEBUG:Randomizing: ConfigEntityZombie - AINoiseSeekDist via:setcreate_rand_around_percent
DEBUG:Randomizing of this property is blocked in config file for entity: ConfigEntityZombie->Explosion.DamageBonus.earth->zombieSkateboarderFeral
DEBUG:Randomizing: ConfigEntityZombie - JumpMaxDistance via:setcreate_two_range
DEBUG:Randomizing: ConfigEntityZombie - MaxTurnSpeed via:setcreate_rand_around_percent
DEBUG:Randomizing: ConfigEntityZombie - SmellAlertThreshold via:setcreate_rand_around_percent
DEBUG:Randomizing: ConfigEntityZombie - KnockdownProneStunDuration via:setcreate_two_range
DEBUG:Randomizing: ConfigEntityZombie - LegCrawlerThreshold via:setcreate_one_range
DEBUG:Randomizing: ConfigEntityZombie - MoveSpeed via:setcreate_one_range
DEBUG:Randomizing: ConfigEntityZombie - HealthAndExperienceGain via:custom_HealthAndExperienceGain
DEBUG:Randomizing of this property is blocked in config file for entity: ConfigEntityZombie->Explosion.RadiusEntities->zombieSkateboarderFeral
DEBUG:########## GenerateNewEntityFromExistingName ##########
DEBUG:Looking for: zombieStripperFeral
DEBUG:Found: zombieStripperFeral
DEBUG:Cloned entity_class EntityZombie: zombieStripperFeral as: DoughsR40_zombieStripperFeral
DEBUG:Randomizing: ConfigEntityZombie - KnockdownKneelDamageThreshold via:setcreate_one_range
DEBUG:Randomizing: ConfigEntityZombie - KnockdownKneelStunDuration via:setcreate_two_range
DEBUG:Randomizing: ConfigEntityZombie - MassAndWeightAndSizeScale via:custom_MassAndWeightAndSizeScale
DEBUG:Randomizing: ConfigEntityZombie - AttackTimeoutDay via:setcreate_one_range
DEBUG:Randomizing: ConfigEntityZombie - WalkType via:custom_WalkType
DEBUG:Randomizing: ConfigEntityZombie - DismemberMultiplierHead via:setcreate_one_range
DEBUG:Randomizing of this property is blocked in config file for entity: ConfigEntityZombie->Explosion.BlockDamage->zombieStripperFeral
DEBUG:Randomizing: ConfigEntityZombie - TintMaterial via:custom_TintMaterial
DEBUG:Randomizing of this property is blocked in config file for entity: ConfigEntityZombie->Explosion.RadiusBlocks->zombieStripperFeral
DEBUG:Randomizing: ConfigEntityZombie - MoveSpeedAggro via:setcreate_two_range
DEBUG:Randomizing: ConfigEntityZombie - SightRange via:setcreate_rand_around_percent
DEBUG:Randomizing of this property is blocked in config file for entity: ConfigEntityZombie->Explosion.EntityDamage->zombieStripperFeral
DEBUG:Randomizing: ConfigEntityZombie - LookAtAngle via:setcreate_rand_around_percent
DEBUG:Randomizing of this property is blocked in config file for entity: ConfigEntityZombie->ExplodeDelay->zombieStripperFeral
DEBUG:Randomizing: ConfigEntityZombie - AttackTimeoutNight via:setcreate_one_range
DEBUG:Randomizing: ConfigEntityZombie - KnockdownProneDamageThreshold via:setcreate_one_range
DEBUG:Randomizing: ConfigEntityZombie - DismemberMultiplierLegs via:setcreate_one_range
DEBUG:Randomizing: ConfigEntityZombie - DismemberMultiplierArms via:setcreate_one_range
DEBUG:Randomizing: ConfigEntityZombie - MaxViewAngle via:setcreate_rand_around_percent
DEBUG:Randomizing: ConfigEntityZombie - AINoiseSeekDist via:setcreate_rand_around_percent
DEBUG:Randomizing of this property is blocked in config file for entity: ConfigEntityZombie->Explosion.DamageBonus.earth->zombieStripperFeral
DEBUG:Randomizing: ConfigEntityZombie - JumpMaxDistance via:setcreate_two_range
DEBUG:Randomizing: ConfigEntityZombie - MaxTurnSpeed via:setcreate_rand_around_percent
DEBUG:Randomizing: ConfigEntityZombie - SmellAlertThreshold via:setcreate_rand_around_percent
DEBUG:Randomizing: ConfigEntityZombie - KnockdownProneStunDuration via:setcreate_two_range
DEBUG:Randomizing: ConfigEntityZombie - LegCrawlerThreshold via:setcreate_one_range
DEBUG:Randomizing: ConfigEntityZombie - MoveSpeed via:setcreate_one_range
DEBUG:Randomizing: ConfigEntityZombie - HealthAndExperienceGain via:custom_HealthAndExperienceGain
DEBUG:Randomizing of this property is blocked in config file for entity: ConfigEntityZombie->Explosion.RadiusEntities->zombieStripperFeral
DEBUG:########## GenerateNewEntityFromExistingName ##########
DEBUG:Looking for: zombieYo
DEBUG:Found: zombieYo
DEBUG:Cloned entity_class EntityZombie: zombieYo as: DoughsR41_zombieYo
DEBUG:Randomizing: ConfigEntityZombie - KnockdownKneelDamageThreshold via:setcreate_one_range
DEBUG:Randomizing: ConfigEntityZombie - KnockdownKneelStunDuration via:setcreate_two_range
DEBUG:Randomizing: ConfigEntityZombie - MassAndWeightAndSizeScale via:custom_MassAndWeightAndSizeScale
DEBUG:Randomizing: ConfigEntityZombie - AttackTimeoutDay via:setcreate_one_range
DEBUG:Randomizing: ConfigEntityZombie - WalkType via:custom_WalkType
DEBUG:Randomizing: ConfigEntityZombie - DismemberMultiplierHead via:setcreate_one_range
DEBUG:Randomizing of this property is blocked in config file for entity: ConfigEntityZombie->Explosion.BlockDamage->zombieYo
DEBUG:Randomizing: ConfigEntityZombie - TintMaterial via:custom_TintMaterial
DEBUG:Randomizing of this property is blocked in config file for entity: ConfigEntityZombie->Explosion.RadiusBlocks->zombieYo
DEBUG:Randomizing: ConfigEntityZombie - MoveSpeedAggro via:setcreate_two_range
DEBUG:Randomizing: ConfigEntityZombie - SightRange via:setcreate_rand_around_percent
DEBUG:Randomizing of this property is blocked in config file for entity: ConfigEntityZombie->Explosion.EntityDamage->zombieYo
DEBUG:Randomizing: ConfigEntityZombie - LookAtAngle via:setcreate_rand_around_percent
DEBUG:Randomizing of this property is blocked in config file for entity: ConfigEntityZombie->ExplodeDelay->zombieYo
DEBUG:Randomizing: ConfigEntityZombie - AttackTimeoutNight via:setcreate_one_range
DEBUG:Randomizing: ConfigEntityZombie - KnockdownProneDamageThreshold via:setcreate_one_range
DEBUG:Randomizing: ConfigEntityZombie - DismemberMultiplierLegs via:setcreate_one_range
DEBUG:Randomizing: ConfigEntityZombie - DismemberMultiplierArms via:setcreate_one_range
DEBUG:Randomizing: ConfigEntityZombie - MaxViewAngle via:setcreate_rand_around_percent
DEBUG:Randomizing: ConfigEntityZombie - AINoiseSeekDist via:setcreate_rand_around_percent
DEBUG:Randomizing of this property is blocked in config file for entity: ConfigEntityZombie->Explosion.DamageBonus.earth->zombieYo
DEBUG:Randomizing: ConfigEntityZombie - JumpMaxDistance via:setcreate_two_range
DEBUG:Randomizing: ConfigEntityZombie - MaxTurnSpeed via:setcreate_rand_around_percent
DEBUG:Randomizing: ConfigEntityZombie - SmellAlertThreshold via:setcreate_rand_around_percent
DEBUG:Randomizing: ConfigEntityZombie - KnockdownProneStunDuration via:setcreate_two_range
DEBUG:Randomizing: ConfigEntityZombie - LegCrawlerThreshold via:setcreate_one_range
DEBUG:Randomizing: ConfigEntityZombie - MoveSpeed via:setcreate_one_range
DEBUG:Randomizing: ConfigEntityZombie - HealthAndExperienceGain via:custom_HealthAndExperienceGain
DEBUG:Randomizing of this property is blocked in config file for entity: ConfigEntityZombie->Explosion.RadiusEntities->zombieYo
DEBUG:########## GenerateNewEntityFromExistingName ##########
DEBUG:Looking for: zombieMaleHazmat
DEBUG:Found: zombieMaleHazmat
DEBUG:Cloned entity_class EntityZombie: zombieMaleHazmat as: DoughsR42_zombieMaleHazmat
DEBUG:Randomizing: ConfigEntityZombie - KnockdownKneelDamageThreshold via:setcreate_one_range
DEBUG:Randomizing: ConfigEntityZombie - KnockdownKneelStunDuration via:setcreate_two_range
DEBUG:Randomizing: ConfigEntityZombie - MassAndWeightAndSizeScale via:custom_MassAndWeightAndSizeScale
DEBUG:Randomizing: ConfigEntityZombie - AttackTimeoutDay via:setcreate_one_range
DEBUG:Randomizing: ConfigEntityZombie - WalkType via:custom_WalkType
DEBUG:Randomizing: ConfigEntityZombie - DismemberMultiplierHead via:setcreate_one_range
DEBUG:Randomizing of this property is blocked in config file for entity: ConfigEntityZombie->Explosion.BlockDamage->zombieMaleHazmat
DEBUG:Randomizing: ConfigEntityZombie - TintMaterial via:custom_TintMaterial
DEBUG:Randomizing of this property is blocked in config file for entity: ConfigEntityZombie->Explosion.RadiusBlocks->zombieMaleHazmat
DEBUG:Randomizing: ConfigEntityZombie - MoveSpeedAggro via:setcreate_two_range
DEBUG:Randomizing: ConfigEntityZombie - SightRange via:setcreate_rand_around_percent
DEBUG:Randomizing of this property is blocked in config file for entity: ConfigEntityZombie->Explosion.EntityDamage->zombieMaleHazmat
DEBUG:Randomizing: ConfigEntityZombie - LookAtAngle via:setcreate_rand_around_percent
DEBUG:Randomizing of this property is blocked in config file for entity: ConfigEntityZombie->ExplodeDelay->zombieMaleHazmat
DEBUG:Randomizing: ConfigEntityZombie - AttackTimeoutNight via:setcreate_one_range
DEBUG:Randomizing: ConfigEntityZombie - KnockdownProneDamageThreshold via:setcreate_one_range
DEBUG:Randomizing: ConfigEntityZombie - DismemberMultiplierLegs via:setcreate_one_range
DEBUG:Randomizing: ConfigEntityZombie - DismemberMultiplierArms via:setcreate_one_range
DEBUG:Randomizing: ConfigEntityZombie - MaxViewAngle via:setcreate_rand_around_percent
DEBUG:Randomizing: ConfigEntityZombie - AINoiseSeekDist via:setcreate_rand_around_percent
DEBUG:Randomizing of this property is blocked in config file for entity: ConfigEntityZombie->Explosion.DamageBonus.earth->zombieMaleHazmat
DEBUG:Randomizing: ConfigEntityZombie - JumpMaxDistance via:setcreate_two_range
DEBUG:Randomizing: ConfigEntityZombie - MaxTurnSpeed via:setcreate_rand_around_percent
DEBUG:Randomizing: ConfigEntityZombie - SmellAlertThreshold via:setcreate_rand_around_percent
DEBUG:Randomizing: ConfigEntityZombie - KnockdownProneStunDuration via:setcreate_two_range
DEBUG:Randomizing: ConfigEntityZombie - LegCrawlerThreshold via:setcreate_one_range
DEBUG:Randomizing: ConfigEntityZombie - MoveSpeed via:setcreate_one_range
DEBUG:Randomizing: ConfigEntityZombie - HealthAndExperienceGain via:custom_HealthAndExperienceGain
DEBUG:Randomizing of this property is blocked in config file for entity: ConfigEntityZombie->Explosion.RadiusEntities->zombieMaleHazmat
DEBUG:########## GenerateNewEntityFromExistingName ##########
DEBUG:Looking for: zombieOldTimerFeral
DEBUG:Found: zombieOldTimerFeral
DEBUG:Cloned entity_class EntityZombie: zombieOldTimerFeral as: DoughsR43_zombieOldTimerFeral
DEBUG:Randomizing: ConfigEntityZombie - KnockdownKneelDamageThreshold via:setcreate_one_range
DEBUG:Randomizing: ConfigEntityZombie - KnockdownKneelStunDuration via:setcreate_two_range
DEBUG:Randomizing: ConfigEntityZombie - MassAndWeightAndSizeScale via:custom_MassAndWeightAndSizeScale
DEBUG:Randomizing: ConfigEntityZombie - AttackTimeoutDay via:setcreate_one_range
DEBUG:Randomizing: ConfigEntityZombie - WalkType via:custom_WalkType
DEBUG:Randomizing: ConfigEntityZombie - DismemberMultiplierHead via:setcreate_one_range
DEBUG:Randomizing of this property is blocked in config file for entity: ConfigEntityZombie->Explosion.BlockDamage->zombieOldTimerFeral
DEBUG:Randomizing: ConfigEntityZombie - TintMaterial via:custom_TintMaterial
DEBUG:Randomizing of this property is blocked in config file for entity: ConfigEntityZombie->Explosion.RadiusBlocks->zombieOldTimerFeral
DEBUG:Randomizing: ConfigEntityZombie - MoveSpeedAggro via:setcreate_two_range
DEBUG:Randomizing: ConfigEntityZombie - SightRange via:setcreate_rand_around_percent
DEBUG:Randomizing of this property is blocked in config file for entity: ConfigEntityZombie->Explosion.EntityDamage->zombieOldTimerFeral
DEBUG:Randomizing: ConfigEntityZombie - LookAtAngle via:setcreate_rand_around_percent
DEBUG:Randomizing of this property is blocked in config file for entity: ConfigEntityZombie->ExplodeDelay->zombieOldTimerFeral
DEBUG:Randomizing: ConfigEntityZombie - AttackTimeoutNight via:setcreate_one_range
DEBUG:Randomizing: ConfigEntityZombie - KnockdownProneDamageThreshold via:setcreate_one_range
DEBUG:Randomizing: ConfigEntityZombie - DismemberMultiplierLegs via:setcreate_one_range
DEBUG:Randomizing: ConfigEntityZombie - DismemberMultiplierArms via:setcreate_one_range
DEBUG:Randomizing: ConfigEntityZombie - MaxViewAngle via:setcreate_rand_around_percent
DEBUG:Randomizing: ConfigEntityZombie - AINoiseSeekDist via:setcreate_rand_around_percent
DEBUG:Randomizing of this property is blocked in config file for entity: ConfigEntityZombie->Explosion.DamageBonus.earth->zombieOldTimerFeral
DEBUG:Randomizing: ConfigEntityZombie - JumpMaxDistance via:setcreate_two_range
DEBUG:Randomizing: ConfigEntityZombie - MaxTurnSpeed via:setcreate_rand_around_percent
DEBUG:Randomizing: ConfigEntityZombie - SmellAlertThreshold via:setcreate_rand_around_percent
DEBUG:Randomizing: ConfigEntityZombie - KnockdownProneStunDuration via:setcreate_two_range
DEBUG:Randomizing: ConfigEntityZombie - LegCrawlerThreshold via:setcreate_one_range
DEBUG:Randomizing: ConfigEntityZombie - MoveSpeed via:setcreate_one_range
DEBUG:Randomizing: ConfigEntityZombie - HealthAndExperienceGain via:custom_HealthAndExperienceGain
DEBUG:Randomizing of this property is blocked in config file for entity: ConfigEntityZombie->Explosion.RadiusEntities->zombieOldTimerFeral
DEBUG:########## GenerateNewEntityFromExistingName ##########
DEBUG:Looking for: zombieBusinessMan
DEBUG:Found: zombieBusinessMan
DEBUG:Cloned entity_class EntityZombie: zombieBusinessMan as: DoughsR44_zombieBusinessMan
DEBUG:Randomizing: ConfigEntityZombie - KnockdownKneelDamageThreshold via:setcreate_one_range
DEBUG:Randomizing: ConfigEntityZombie - KnockdownKneelStunDuration via:setcreate_two_range
DEBUG:Randomizing: ConfigEntityZombie - MassAndWeightAndSizeScale via:custom_MassAndWeightAndSizeScale
DEBUG:Randomizing: ConfigEntityZombie - AttackTimeoutDay via:setcreate_one_range
DEBUG:Randomizing: ConfigEntityZombie - WalkType via:custom_WalkType
DEBUG:Randomizing: ConfigEntityZombie - DismemberMultiplierHead via:setcreate_one_range
DEBUG:Randomizing of this property is blocked in config file for entity: ConfigEntityZombie->Explosion.BlockDamage->zombieBusinessMan
DEBUG:Randomizing: ConfigEntityZombie - TintMaterial via:custom_TintMaterial
DEBUG:Randomizing of this property is blocked in config file for entity: ConfigEntityZombie->Explosion.RadiusBlocks->zombieBusinessMan
DEBUG:Randomizing: ConfigEntityZombie - MoveSpeedAggro via:setcreate_two_range
DEBUG:Randomizing: ConfigEntityZombie - SightRange via:setcreate_rand_around_percent
DEBUG:Randomizing of this property is blocked in config file for entity: ConfigEntityZombie->Explosion.EntityDamage->zombieBusinessMan
DEBUG:Randomizing: ConfigEntityZombie - LookAtAngle via:setcreate_rand_around_percent
DEBUG:Randomizing of this property is blocked in config file for entity: ConfigEntityZombie->ExplodeDelay->zombieBusinessMan
DEBUG:Randomizing: ConfigEntityZombie - AttackTimeoutNight via:setcreate_one_range
DEBUG:Randomizing: ConfigEntityZombie - KnockdownProneDamageThreshold via:setcreate_one_range
DEBUG:Randomizing: ConfigEntityZombie - DismemberMultiplierLegs via:setcreate_one_range
DEBUG:Randomizing: ConfigEntityZombie - DismemberMultiplierArms via:setcreate_one_range
DEBUG:Randomizing: ConfigEntityZombie - MaxViewAngle via:setcreate_rand_around_percent
DEBUG:Randomizing: ConfigEntityZombie - AINoiseSeekDist via:setcreate_rand_around_percent
DEBUG:Randomizing of this property is blocked in config file for entity: ConfigEntityZombie->Explosion.DamageBonus.earth->zombieBusinessMan
DEBUG:Randomizing: ConfigEntityZombie - JumpMaxDistance via:setcreate_two_range
DEBUG:Randomizing: ConfigEntityZombie - MaxTurnSpeed via:setcreate_rand_around_percent
DEBUG:Randomizing: ConfigEntityZombie - SmellAlertThreshold via:setcreate_rand_around_percent
DEBUG:Randomizing: ConfigEntityZombie - KnockdownProneStunDuration via:setcreate_two_range
DEBUG:Randomizing: ConfigEntityZombie - LegCrawlerThreshold via:setcreate_one_range
DEBUG:Randomizing: ConfigEntityZombie - MoveSpeed via:setcreate_one_range
DEBUG:Randomizing: ConfigEntityZombie - HealthAndExperienceGain via:custom_HealthAndExperienceGain
DEBUG:Randomizing of this property is blocked in config file for entity: ConfigEntityZombie->Explosion.RadiusEntities->zombieBusinessMan
DEBUG:########## GenerateNewEntityFromExistingName ##########
DEBUG:Looking for: zombieSpider
DEBUG:Found: zombieSpider
DEBUG:Cloned entity_class EntityZombie: zombieSpider as: DoughsR45_zombieSpider
DEBUG:Randomizing: ConfigEntityZombie - KnockdownKneelDamageThreshold via:setcreate_one_range
DEBUG:Randomizing: ConfigEntityZombie - KnockdownKneelStunDuration via:setcreate_two_range
DEBUG:Randomizing: ConfigEntityZombie - MassAndWeightAndSizeScale via:custom_MassAndWeightAndSizeScale
DEBUG:Randomizing: ConfigEntityZombie - AttackTimeoutDay via:setcreate_one_range
DEBUG:Randomizing: ConfigEntityZombie - WalkType via:custom_WalkType
DEBUG:Randomizing: ConfigEntityZombie - DismemberMultiplierHead via:setcreate_one_range
DEBUG:Randomizing of this property is blocked in config file for entity: ConfigEntityZombie->Explosion.BlockDamage->zombieSpider
DEBUG:Randomizing: ConfigEntityZombie - TintMaterial via:custom_TintMaterial
DEBUG:Randomizing of this property is blocked in config file for entity: ConfigEntityZombie->Explosion.RadiusBlocks->zombieSpider
DEBUG:Randomizing: ConfigEntityZombie - MoveSpeedAggro via:setcreate_two_range
DEBUG:Randomizing: ConfigEntityZombie - SightRange via:setcreate_rand_around_percent
DEBUG:Randomizing of this property is blocked in config file for entity: ConfigEntityZombie->Explosion.EntityDamage->zombieSpider
DEBUG:Randomizing: ConfigEntityZombie - LookAtAngle via:setcreate_rand_around_percent
DEBUG:Randomizing of this property is blocked in config file for entity: ConfigEntityZombie->ExplodeDelay->zombieSpider
DEBUG:Randomizing: ConfigEntityZombie - AttackTimeoutNight via:setcreate_one_range
DEBUG:Randomizing: ConfigEntityZombie - KnockdownProneDamageThreshold via:setcreate_one_range
DEBUG:Randomizing: ConfigEntityZombie - DismemberMultiplierLegs via:setcreate_one_range
DEBUG:Randomizing: ConfigEntityZombie - DismemberMultiplierArms via:setcreate_one_range
DEBUG:Randomizing: ConfigEntityZombie - MaxViewAngle via:setcreate_rand_around_percent
DEBUG:Randomizing: ConfigEntityZombie - AINoiseSeekDist via:setcreate_rand_around_percent
DEBUG:Randomizing of this property is blocked in config file for entity: ConfigEntityZombie->Explosion.DamageBonus.earth->zombieSpider
DEBUG:Randomizing: ConfigEntityZombie - JumpMaxDistance via:setcreate_two_range
DEBUG:Randomizing: ConfigEntityZombie - MaxTurnSpeed via:setcreate_rand_around_percent
DEBUG:Randomizing: ConfigEntityZombie - SmellAlertThreshold via:setcreate_rand_around_percent
DEBUG:Randomizing: ConfigEntityZombie - KnockdownProneStunDuration via:setcreate_two_range
DEBUG:Randomizing: ConfigEntityZombie - LegCrawlerThreshold via:setcreate_one_range
DEBUG:Randomizing: ConfigEntityZombie - MoveSpeed via:setcreate_one_range
DEBUG:Randomizing: ConfigEntityZombie - HealthAndExperienceGain via:custom_HealthAndExperienceGain
DEBUG:Randomizing of this property is blocked in config file for entity: ConfigEntityZombie->Explosion.RadiusEntities->zombieSpider
DEBUG:########## GenerateNewEntityFromExistingName ##########
DEBUG:Looking for: zombieFootballPlayer
DEBUG:Found: zombieFootballPlayer
DEBUG:Cloned entity_class EntityZombie: zombieFootballPlayer as: DoughsR46_zombieFootballPlayer
DEBUG:Randomizing: ConfigEntityZombie - KnockdownKneelDamageThreshold via:setcreate_one_range
DEBUG:Randomizing: ConfigEntityZombie - KnockdownKneelStunDuration via:setcreate_two_range
DEBUG:Randomizing: ConfigEntityZombie - MassAndWeightAndSizeScale via:custom_MassAndWeightAndSizeScale
DEBUG:Randomizing: ConfigEntityZombie - AttackTimeoutDay via:setcreate_one_range
DEBUG:Randomizing: ConfigEntityZombie - WalkType via:custom_WalkType
DEBUG:Randomizing: ConfigEntityZombie - DismemberMultiplierHead via:setcreate_one_range
DEBUG:Randomizing of this property is blocked in config file for entity: ConfigEntityZombie->Explosion.BlockDamage->zombieFootballPlayer
DEBUG:Randomizing: ConfigEntityZombie - TintMaterial via:custom_TintMaterial
DEBUG:Randomizing of this property is blocked in config file for entity: ConfigEntityZombie->Explosion.RadiusBlocks->zombieFootballPlayer
DEBUG:Randomizing: ConfigEntityZombie - MoveSpeedAggro via:setcreate_two_range
DEBUG:Randomizing: ConfigEntityZombie - SightRange via:setcreate_rand_around_percent
DEBUG:Randomizing of this property is blocked in config file for entity: ConfigEntityZombie->Explosion.EntityDamage->zombieFootballPlayer
DEBUG:Randomizing: ConfigEntityZombie - LookAtAngle via:setcreate_rand_around_percent
DEBUG:Randomizing of this property is blocked in config file for entity: ConfigEntityZombie->ExplodeDelay->zombieFootballPlayer
DEBUG:Randomizing: ConfigEntityZombie - AttackTimeoutNight via:setcreate_one_range
DEBUG:Randomizing: ConfigEntityZombie - KnockdownProneDamageThreshold via:setcreate_one_range
DEBUG:Randomizing: ConfigEntityZombie - DismemberMultiplierLegs via:setcreate_one_range
DEBUG:Randomizing: ConfigEntityZombie - DismemberMultiplierArms via:setcreate_one_range
DEBUG:Randomizing: ConfigEntityZombie - MaxViewAngle via:setcreate_rand_around_percent
DEBUG:Randomizing: ConfigEntityZombie - AINoiseSeekDist via:setcreate_rand_around_percent
DEBUG:Randomizing of this property is blocked in config file for entity: ConfigEntityZombie->Explosion.DamageBonus.earth->zombieFootballPlayer
DEBUG:Randomizing: ConfigEntityZombie - JumpMaxDistance via:setcreate_two_range
DEBUG:Randomizing: ConfigEntityZombie - MaxTurnSpeed via:setcreate_rand_around_percent
DEBUG:Randomizing: ConfigEntityZombie - SmellAlertThreshold via:setcreate_rand_around_percent
DEBUG:Randomizing: ConfigEntityZombie - KnockdownProneStunDuration via:setcreate_two_range
DEBUG:Randomizing: ConfigEntityZombie - LegCrawlerThreshold via:setcreate_one_range
DEBUG:Randomizing: ConfigEntityZombie - MoveSpeed via:setcreate_one_range
DEBUG:Randomizing: ConfigEntityZombie - HealthAndExperienceGain via:custom_HealthAndExperienceGain
DEBUG:Randomizing of this property is blocked in config file for entity: ConfigEntityZombie->Explosion.RadiusEntities->zombieFootballPlayer
DEBUG:########## GenerateNewEntityFromExistingName ##########
DEBUG:Looking for: legendaryZombieUtilityWorker
DEBUG:Found: legendaryZombieUtilityWorker
DEBUG:Cloned entity_class EntityZombie: legendaryZombieUtilityWorker as: DoughsR47_legendaryZombieUtilityWorker
DEBUG:Randomizing: ConfigEntityZombie - KnockdownKneelDamageThreshold via:setcreate_one_range
DEBUG:Randomizing: ConfigEntityZombie - KnockdownKneelStunDuration via:setcreate_two_range
DEBUG:Randomizing: ConfigEntityZombie - MassAndWeightAndSizeScale via:custom_MassAndWeightAndSizeScale
DEBUG:Randomizing: ConfigEntityZombie - AttackTimeoutDay via:setcreate_one_range
DEBUG:Randomizing: ConfigEntityZombie - WalkType via:custom_WalkType
DEBUG:Randomizing: ConfigEntityZombie - DismemberMultiplierHead via:setcreate_one_range
DEBUG:Randomizing of this property is blocked in config file for entity: ConfigEntityZombie->Explosion.BlockDamage->legendaryZombieUtilityWorker
DEBUG:Randomizing: ConfigEntityZombie - TintMaterial via:custom_TintMaterial
DEBUG:Randomizing of this property is blocked in config file for entity: ConfigEntityZombie->Explosion.RadiusBlocks->legendaryZombieUtilityWorker
DEBUG:Randomizing: ConfigEntityZombie - MoveSpeedAggro via:setcreate_two_range
DEBUG:Randomizing: ConfigEntityZombie - SightRange via:setcreate_rand_around_percent
DEBUG:Randomizing of this property is blocked in config file for entity: ConfigEntityZombie->Explosion.EntityDamage->legendaryZombieUtilityWorker
DEBUG:Randomizing: ConfigEntityZombie - LookAtAngle via:setcreate_rand_around_percent
DEBUG:Randomizing of this property is blocked in config file for entity: ConfigEntityZombie->ExplodeDelay->legendaryZombieUtilityWorker
DEBUG:Randomizing: ConfigEntityZombie - AttackTimeoutNight via:setcreate_one_range
DEBUG:Randomizing: ConfigEntityZombie - KnockdownProneDamageThreshold via:setcreate_one_range
DEBUG:Randomizing: ConfigEntityZombie - DismemberMultiplierLegs via:setcreate_one_range
DEBUG:Randomizing: ConfigEntityZombie - DismemberMultiplierArms via:setcreate_one_range
DEBUG:Randomizing: ConfigEntityZombie - MaxViewAngle via:setcreate_rand_around_percent
DEBUG:Randomizing: ConfigEntityZombie - AINoiseSeekDist via:setcreate_rand_around_percent
DEBUG:Randomizing of this property is blocked in config file for entity: ConfigEntityZombie->Explosion.DamageBonus.earth->legendaryZombieUtilityWorker
DEBUG:Randomizing: ConfigEntityZombie - JumpMaxDistance via:setcreate_two_range
DEBUG:Randomizing: ConfigEntityZombie - MaxTurnSpeed via:setcreate_rand_around_percent
DEBUG:Randomizing: ConfigEntityZombie - SmellAlertThreshold via:setcreate_rand_around_percent
DEBUG:Randomizing: ConfigEntityZombie - KnockdownProneStunDuration via:setcreate_two_range
DEBUG:Randomizing: ConfigEntityZombie - LegCrawlerThreshold via:setcreate_one_range
DEBUG:Randomizing: ConfigEntityZombie - MoveSpeed via:setcreate_one_range
DEBUG:Randomizing: ConfigEntityZombie - HealthAndExperienceGain via:custom_HealthAndExperienceGain
DEBUG:Randomizing of this property is blocked in config file for entity: ConfigEntityZombie->Explosion.RadiusEntities->legendaryZombieUtilityWorker
DEBUG:########## GenerateNewEntityFromExistingName ##########
DEBUG:Looking for: zombieTemplateMale
DEBUG:Found: zombieTemplateMale
DEBUG:Zed filter list matched. Filtering out: zombieTemplateMale because: Do not clone this as its a template entity
DEBUG:########## GenerateNewEntityFromExistingName ##########
DEBUG:Looking for: zombieCheerleaderRadiated
DEBUG:Found: zombieCheerleaderRadiated
DEBUG:Cloned entity_class EntityZombie: zombieCheerleaderRadiated as: DoughsR48_zombieCheerleaderRadiated
DEBUG:Randomizing: ConfigEntityZombie - KnockdownKneelDamageThreshold via:setcreate_one_range
DEBUG:Randomizing: ConfigEntityZombie - KnockdownKneelStunDuration via:setcreate_two_range
DEBUG:Randomizing: ConfigEntityZombie - MassAndWeightAndSizeScale via:custom_MassAndWeightAndSizeScale
DEBUG:Randomizing: ConfigEntityZombie - AttackTimeoutDay via:setcreate_one_range
DEBUG:Randomizing: ConfigEntityZombie - WalkType via:custom_WalkType
DEBUG:Randomizing: ConfigEntityZombie - DismemberMultiplierHead via:setcreate_one_range
DEBUG:Randomizing of this property is blocked in config file for entity: ConfigEntityZombie->Explosion.BlockDamage->zombieCheerleaderRadiated
DEBUG:Randomizing: ConfigEntityZombie - TintMaterial via:custom_TintMaterial
DEBUG:Randomizing of this property is blocked in config file for entity: ConfigEntityZombie->Explosion.RadiusBlocks->zombieCheerleaderRadiated
DEBUG:Randomizing: ConfigEntityZombie - MoveSpeedAggro via:setcreate_two_range
DEBUG:Randomizing: ConfigEntityZombie - SightRange via:setcreate_rand_around_percent
DEBUG:Randomizing of this property is blocked in config file for entity: ConfigEntityZombie->Explosion.EntityDamage->zombieCheerleaderRadiated
DEBUG:Randomizing: ConfigEntityZombie - LookAtAngle via:setcreate_rand_around_percent
DEBUG:Randomizing of this property is blocked in config file for entity: ConfigEntityZombie->ExplodeDelay->zombieCheerleaderRadiated
DEBUG:Randomizing: ConfigEntityZombie - AttackTimeoutNight via:setcreate_one_range
DEBUG:Randomizing: ConfigEntityZombie - KnockdownProneDamageThreshold via:setcreate_one_range
DEBUG:Randomizing: ConfigEntityZombie - DismemberMultiplierLegs via:setcreate_one_range
DEBUG:Randomizing: ConfigEntityZombie - DismemberMultiplierArms via:setcreate_one_range
DEBUG:Randomizing: ConfigEntityZombie - MaxViewAngle via:setcreate_rand_around_percent
DEBUG:Randomizing: ConfigEntityZombie - AINoiseSeekDist via:setcreate_rand_around_percent
DEBUG:Randomizing of this property is blocked in config file for entity: ConfigEntityZombie->Explosion.DamageBonus.earth->zombieCheerleaderRadiated
DEBUG:Randomizing: ConfigEntityZombie - JumpMaxDistance via:setcreate_two_range
DEBUG:Randomizing: ConfigEntityZombie - MaxTurnSpeed via:setcreate_rand_around_percent
DEBUG:Randomizing: ConfigEntityZombie - SmellAlertThreshold via:setcreate_rand_around_percent
DEBUG:Randomizing: ConfigEntityZombie - KnockdownProneStunDuration via:setcreate_two_range
DEBUG:Randomizing: ConfigEntityZombie - LegCrawlerThreshold via:setcreate_one_range
DEBUG:Randomizing: ConfigEntityZombie - MoveSpeed via:setcreate_one_range
DEBUG:Randomizing: ConfigEntityZombie - HealthAndExperienceGain via:custom_HealthAndExperienceGain
DEBUG:Randomizing of this property is blocked in config file for entity: ConfigEntityZombie->Explosion.RadiusEntities->zombieCheerleaderRadiated
DEBUG:########## GenerateNewEntityFromExistingName ##########
DEBUG:Looking for: zombieMoe
DEBUG:Found: zombieMoe
DEBUG:Cloned entity_class EntityZombie: zombieMoe as: DoughsR49_zombieMoe
DEBUG:Randomizing: ConfigEntityZombie - KnockdownKneelDamageThreshold via:setcreate_one_range
DEBUG:Randomizing: ConfigEntityZombie - KnockdownKneelStunDuration via:setcreate_two_range
DEBUG:Randomizing: ConfigEntityZombie - MassAndWeightAndSizeScale via:custom_MassAndWeightAndSizeScale
DEBUG:Randomizing: ConfigEntityZombie - AttackTimeoutDay via:setcreate_one_range
DEBUG:Randomizing: ConfigEntityZombie - WalkType via:custom_WalkType
DEBUG:Randomizing: ConfigEntityZombie - DismemberMultiplierHead via:setcreate_one_range
DEBUG:Randomizing of this property is blocked in config file for entity: ConfigEntityZombie->Explosion.BlockDamage->zombieMoe
DEBUG:Randomizing: ConfigEntityZombie - TintMaterial via:custom_TintMaterial
DEBUG:Randomizing of this property is blocked in config file for entity: ConfigEntityZombie->Explosion.RadiusBlocks->zombieMoe
DEBUG:Randomizing: ConfigEntityZombie - MoveSpeedAggro via:setcreate_two_range
DEBUG:Randomizing: ConfigEntityZombie - SightRange via:setcreate_rand_around_percent
DEBUG:Randomizing of this property is blocked in config file for entity: ConfigEntityZombie->Explosion.EntityDamage->zombieMoe
DEBUG:Randomizing: ConfigEntityZombie - LookAtAngle via:setcreate_rand_around_percent
DEBUG:Randomizing of this property is blocked in config file for entity: ConfigEntityZombie->ExplodeDelay->zombieMoe
DEBUG:Randomizing: ConfigEntityZombie - AttackTimeoutNight via:setcreate_one_range
DEBUG:Randomizing: ConfigEntityZombie - KnockdownProneDamageThreshold via:setcreate_one_range
DEBUG:Randomizing: ConfigEntityZombie - DismemberMultiplierLegs via:setcreate_one_range
DEBUG:Randomizing: ConfigEntityZombie - DismemberMultiplierArms via:setcreate_one_range
DEBUG:Randomizing: ConfigEntityZombie - MaxViewAngle via:setcreate_rand_around_percent
DEBUG:Randomizing: ConfigEntityZombie - AINoiseSeekDist via:setcreate_rand_around_percent
DEBUG:Randomizing of this property is blocked in config file for entity: ConfigEntityZombie->Explosion.DamageBonus.earth->zombieMoe
DEBUG:Randomizing: ConfigEntityZombie - JumpMaxDistance via:setcreate_two_range
DEBUG:Randomizing: ConfigEntityZombie - MaxTurnSpeed via:setcreate_rand_around_percent
DEBUG:Randomizing: ConfigEntityZombie - SmellAlertThreshold via:setcreate_rand_around_percent
DEBUG:Randomizing: ConfigEntityZombie - KnockdownProneStunDuration via:setcreate_two_range
DEBUG:Randomizing: ConfigEntityZombie - LegCrawlerThreshold via:setcreate_one_range
DEBUG:Randomizing: ConfigEntityZombie - MoveSpeed via:setcreate_one_range
DEBUG:Randomizing: ConfigEntityZombie - HealthAndExperienceGain via:custom_HealthAndExperienceGain
DEBUG:Randomizing of this property is blocked in config file for entity: ConfigEntityZombie->Explosion.RadiusEntities->zombieMoe
DEBUG:########## GenerateNewEntityFromExistingName ##########
DEBUG:Looking for: zombieBoeRadiated
DEBUG:Found: zombieBoeRadiated
DEBUG:Cloned entity_class EntityZombie: zombieBoeRadiated as: DoughsR50_zombieBoeRadiated
DEBUG:Randomizing: ConfigEntityZombie - KnockdownKneelDamageThreshold via:setcreate_one_range
DEBUG:Randomizing: ConfigEntityZombie - KnockdownKneelStunDuration via:setcreate_two_range
DEBUG:Randomizing: ConfigEntityZombie - MassAndWeightAndSizeScale via:custom_MassAndWeightAndSizeScale
DEBUG:Randomizing: ConfigEntityZombie - AttackTimeoutDay via:setcreate_one_range
DEBUG:Randomizing: ConfigEntityZombie - WalkType via:custom_WalkType
DEBUG:Randomizing: ConfigEntityZombie - DismemberMultiplierHead via:setcreate_one_range
DEBUG:Randomizing of this property is blocked in config file for entity: ConfigEntityZombie->Explosion.BlockDamage->zombieBoeRadiated
DEBUG:Randomizing: ConfigEntityZombie - TintMaterial via:custom_TintMaterial
DEBUG:Randomizing of this property is blocked in config file for entity: ConfigEntityZombie->Explosion.RadiusBlocks->zombieBoeRadiated
DEBUG:Randomizing: ConfigEntityZombie - MoveSpeedAggro via:setcreate_two_range
DEBUG:Randomizing: ConfigEntityZombie - SightRange via:setcreate_rand_around_percent
DEBUG:Randomizing of this property is blocked in config file for entity: ConfigEntityZombie->Explosion.EntityDamage->zombieBoeRadiated
DEBUG:Randomizing: ConfigEntityZombie - LookAtAngle via:setcreate_rand_around_percent
DEBUG:Randomizing of this property is blocked in config file for entity: ConfigEntityZombie->ExplodeDelay->zombieBoeRadiated
DEBUG:Randomizing: ConfigEntityZombie - AttackTimeoutNight via:setcreate_one_range
DEBUG:Randomizing: ConfigEntityZombie - KnockdownProneDamageThreshold via:setcreate_one_range
DEBUG:Randomizing: ConfigEntityZombie - DismemberMultiplierLegs via:setcreate_one_range
DEBUG:Randomizing: ConfigEntityZombie - DismemberMultiplierArms via:setcreate_one_range
DEBUG:Randomizing: ConfigEntityZombie - MaxViewAngle via:setcreate_rand_around_percent
DEBUG:Randomizing: ConfigEntityZombie - AINoiseSeekDist via:setcreate_rand_around_percent
DEBUG:Randomizing of this property is blocked in config file for entity: ConfigEntityZombie->Explosion.DamageBonus.earth->zombieBoeRadiated
DEBUG:Randomizing: ConfigEntityZombie - JumpMaxDistance via:setcreate_two_range
DEBUG:Randomizing: ConfigEntityZombie - MaxTurnSpeed via:setcreate_rand_around_percent
DEBUG:Randomizing: ConfigEntityZombie - SmellAlertThreshold via:setcreate_rand_around_percent
DEBUG:Randomizing: ConfigEntityZombie - KnockdownProneStunDuration via:setcreate_two_range
DEBUG:Randomizing: ConfigEntityZombie - LegCrawlerThreshold via:setcreate_one_range
DEBUG:Randomizing: ConfigEntityZombie - MoveSpeed via:setcreate_one_range
DEBUG:Randomizing: ConfigEntityZombie - HealthAndExperienceGain via:custom_HealthAndExperienceGain
DEBUG:Randomizing of this property is blocked in config file for entity: ConfigEntityZombie->Explosion.RadiusEntities->zombieBoeRadiated
DEBUG:########## GenerateNewEntityFromExistingName ##########
DEBUG:Looking for: zombieDarleneFeral
DEBUG:Found: zombieDarleneFeral
DEBUG:Cloned entity_class EntityZombie: zombieDarleneFeral as: DoughsR51_zombieDarleneFeral
DEBUG:Randomizing: ConfigEntityZombie - KnockdownKneelDamageThreshold via:setcreate_one_range
DEBUG:Randomizing: ConfigEntityZombie - KnockdownKneelStunDuration via:setcreate_two_range
DEBUG:Randomizing: ConfigEntityZombie - MassAndWeightAndSizeScale via:custom_MassAndWeightAndSizeScale
DEBUG:Randomizing: ConfigEntityZombie - AttackTimeoutDay via:setcreate_one_range
DEBUG:Randomizing: ConfigEntityZombie - WalkType via:custom_WalkType
DEBUG:Randomizing: ConfigEntityZombie - DismemberMultiplierHead via:setcreate_one_range
DEBUG:Randomizing of this property is blocked in config file for entity: ConfigEntityZombie->Explosion.BlockDamage->zombieDarleneFeral
DEBUG:Randomizing: ConfigEntityZombie - TintMaterial via:custom_TintMaterial
DEBUG:Randomizing of this property is blocked in config file for entity: ConfigEntityZombie->Explosion.RadiusBlocks->zombieDarleneFeral
DEBUG:Randomizing: ConfigEntityZombie - MoveSpeedAggro via:setcreate_two_range
DEBUG:Randomizing: ConfigEntityZombie - SightRange via:setcreate_rand_around_percent
DEBUG:Randomizing of this property is blocked in config file for entity: ConfigEntityZombie->Explosion.EntityDamage->zombieDarleneFeral
DEBUG:Randomizing: ConfigEntityZombie - LookAtAngle via:setcreate_rand_around_percent
DEBUG:Randomizing of this property is blocked in config file for entity: ConfigEntityZombie->ExplodeDelay->zombieDarleneFeral
DEBUG:Randomizing: ConfigEntityZombie - AttackTimeoutNight via:setcreate_one_range
DEBUG:Randomizing: ConfigEntityZombie - KnockdownProneDamageThreshold via:setcreate_one_range
DEBUG:Randomizing: ConfigEntityZombie - DismemberMultiplierLegs via:setcreate_one_range
DEBUG:Randomizing: ConfigEntityZombie - DismemberMultiplierArms via:setcreate_one_range
DEBUG:Randomizing: ConfigEntityZombie - MaxViewAngle via:setcreate_rand_around_percent
DEBUG:Randomizing: ConfigEntityZombie - AINoiseSeekDist via:setcreate_rand_around_percent
DEBUG:Randomizing of this property is blocked in config file for entity: ConfigEntityZombie->Explosion.DamageBonus.earth->zombieDarleneFeral
DEBUG:Randomizing: ConfigEntityZombie - JumpMaxDistance via:setcreate_two_range
DEBUG:Randomizing: ConfigEntityZombie - MaxTurnSpeed via:setcreate_rand_around_percent
DEBUG:Randomizing: ConfigEntityZombie - SmellAlertThreshold via:setcreate_rand_around_percent
DEBUG:Randomizing: ConfigEntityZombie - KnockdownProneStunDuration via:setcreate_two_range
DEBUG:Randomizing: ConfigEntityZombie - LegCrawlerThreshold via:setcreate_one_range
DEBUG:Randomizing: ConfigEntityZombie - MoveSpeed via:setcreate_one_range
DEBUG:Randomizing: ConfigEntityZombie - HealthAndExperienceGain via:custom_HealthAndExperienceGain
DEBUG:Randomizing of this property is blocked in config file for entity: ConfigEntityZombie->Explosion.RadiusEntities->zombieDarleneFeral
DEBUG:########## GenerateNewEntityFromExistingName ##########
DEBUG:Looking for: zombieUtilityWorkerFeral
DEBUG:Found: zombieUtilityWorkerFeral
DEBUG:Cloned entity_class EntityZombie: zombieUtilityWorkerFeral as: DoughsR52_zombieUtilityWorkerFeral
DEBUG:Randomizing: ConfigEntityZombie - KnockdownKneelDamageThreshold via:setcreate_one_range
DEBUG:Randomizing: ConfigEntityZombie - KnockdownKneelStunDuration via:setcreate_two_range
DEBUG:Randomizing: ConfigEntityZombie - MassAndWeightAndSizeScale via:custom_MassAndWeightAndSizeScale
DEBUG:Randomizing: ConfigEntityZombie - AttackTimeoutDay via:setcreate_one_range
DEBUG:Randomizing: ConfigEntityZombie - WalkType via:custom_WalkType
DEBUG:Randomizing: ConfigEntityZombie - DismemberMultiplierHead via:setcreate_one_range
DEBUG:Randomizing of this property is blocked in config file for entity: ConfigEntityZombie->Explosion.BlockDamage->zombieUtilityWorkerFeral
DEBUG:Randomizing: ConfigEntityZombie - TintMaterial via:custom_TintMaterial
DEBUG:Randomizing of this property is blocked in config file for entity: ConfigEntityZombie->Explosion.RadiusBlocks->zombieUtilityWorkerFeral
DEBUG:Randomizing: ConfigEntityZombie - MoveSpeedAggro via:setcreate_two_range
DEBUG:Randomizing: ConfigEntityZombie - SightRange via:setcreate_rand_around_percent
DEBUG:Randomizing of this property is blocked in config file for entity: ConfigEntityZombie->Explosion.EntityDamage->zombieUtilityWorkerFeral
DEBUG:Randomizing: ConfigEntityZombie - LookAtAngle via:setcreate_rand_around_percent
DEBUG:Randomizing of this property is blocked in config file for entity: ConfigEntityZombie->ExplodeDelay->zombieUtilityWorkerFeral
DEBUG:Randomizing: ConfigEntityZombie - AttackTimeoutNight via:setcreate_one_range
DEBUG:Randomizing: ConfigEntityZombie - KnockdownProneDamageThreshold via:setcreate_one_range
DEBUG:Randomizing: ConfigEntityZombie - DismemberMultiplierLegs via:setcreate_one_range
DEBUG:Randomizing: ConfigEntityZombie - DismemberMultiplierArms via:setcreate_one_range
DEBUG:Randomizing: ConfigEntityZombie - MaxViewAngle via:setcreate_rand_around_percent
DEBUG:Randomizing: ConfigEntityZombie - AINoiseSeekDist via:setcreate_rand_around_percent
DEBUG:Randomizing of this property is blocked in config file for entity: ConfigEntityZombie->Explosion.DamageBonus.earth->zombieUtilityWorkerFeral
DEBUG:Randomizing: ConfigEntityZombie - JumpMaxDistance via:setcreate_two_range
DEBUG:Randomizing: ConfigEntityZombie - MaxTurnSpeed via:setcreate_rand_around_percent
DEBUG:Randomizing: ConfigEntityZombie - SmellAlertThreshold via:setcreate_rand_around_percent
DEBUG:Randomizing: ConfigEntityZombie - KnockdownProneStunDuration via:setcreate_two_range
DEBUG:Randomizing: ConfigEntityZombie - LegCrawlerThreshold via:setcreate_one_range
DEBUG:Randomizing: ConfigEntityZombie - MoveSpeed via:setcreate_one_range
DEBUG:Randomizing: ConfigEntityZombie - HealthAndExperienceGain via:custom_HealthAndExperienceGain
DEBUG:Randomizing of this property is blocked in config file for entity: ConfigEntityZombie->Explosion.RadiusEntities->zombieUtilityWorkerFeral
DEBUG:########## GenerateNewEntityFromExistingName ##########
DEBUG:Looking for: zombieJanitorFeral
DEBUG:Found: zombieJanitorFeral
DEBUG:Cloned entity_class EntityZombie: zombieJanitorFeral as: DoughsR53_zombieJanitorFeral
DEBUG:Randomizing: ConfigEntityZombie - KnockdownKneelDamageThreshold via:setcreate_one_range
DEBUG:Randomizing: ConfigEntityZombie - KnockdownKneelStunDuration via:setcreate_two_range
DEBUG:Randomizing: ConfigEntityZombie - MassAndWeightAndSizeScale via:custom_MassAndWeightAndSizeScale
DEBUG:Randomizing: ConfigEntityZombie - AttackTimeoutDay via:setcreate_one_range
DEBUG:Randomizing: ConfigEntityZombie - WalkType via:custom_WalkType
DEBUG:Randomizing: ConfigEntityZombie - DismemberMultiplierHead via:setcreate_one_range
DEBUG:Randomizing of this property is blocked in config file for entity: ConfigEntityZombie->Explosion.BlockDamage->zombieJanitorFeral
DEBUG:Randomizing: ConfigEntityZombie - TintMaterial via:custom_TintMaterial
DEBUG:Randomizing of this property is blocked in config file for entity: ConfigEntityZombie->Explosion.RadiusBlocks->zombieJanitorFeral
DEBUG:Randomizing: ConfigEntityZombie - MoveSpeedAggro via:setcreate_two_range
DEBUG:Randomizing: ConfigEntityZombie - SightRange via:setcreate_rand_around_percent
DEBUG:Randomizing of this property is blocked in config file for entity: ConfigEntityZombie->Explosion.EntityDamage->zombieJanitorFeral
DEBUG:Randomizing: ConfigEntityZombie - LookAtAngle via:setcreate_rand_around_percent
DEBUG:Randomizing of this property is blocked in config file for entity: ConfigEntityZombie->ExplodeDelay->zombieJanitorFeral
DEBUG:Randomizing: ConfigEntityZombie - AttackTimeoutNight via:setcreate_one_range
DEBUG:Randomizing: ConfigEntityZombie - KnockdownProneDamageThreshold via:setcreate_one_range
DEBUG:Randomizing: ConfigEntityZombie - DismemberMultiplierLegs via:setcreate_one_range
DEBUG:Randomizing: ConfigEntityZombie - DismemberMultiplierArms via:setcreate_one_range
DEBUG:Randomizing: ConfigEntityZombie - MaxViewAngle via:setcreate_rand_around_percent
DEBUG:Randomizing: ConfigEntityZombie - AINoiseSeekDist via:setcreate_rand_around_percent
DEBUG:Randomizing of this property is blocked in config file for entity: ConfigEntityZombie->Explosion.DamageBonus.earth->zombieJanitorFeral
DEBUG:Randomizing: ConfigEntityZombie - JumpMaxDistance via:setcreate_two_range
DEBUG:Randomizing: ConfigEntityZombie - MaxTurnSpeed via:setcreate_rand_around_percent
DEBUG:Randomizing: ConfigEntityZombie - SmellAlertThreshold via:setcreate_rand_around_percent
DEBUG:Randomizing: ConfigEntityZombie - KnockdownProneStunDuration via:setcreate_two_range
DEBUG:Randomizing: ConfigEntityZombie - LegCrawlerThreshold via:setcreate_one_range
DEBUG:Randomizing: ConfigEntityZombie - MoveSpeed via:setcreate_one_range
DEBUG:Randomizing: ConfigEntityZombie - HealthAndExperienceGain via:custom_HealthAndExperienceGain
DEBUG:Randomizing of this property is blocked in config file for entity: ConfigEntityZombie->Explosion.RadiusEntities->zombieJanitorFeral
DEBUG:########## GenerateNewEntityFromExistingName ##########
DEBUG:Looking for: zombieFemaleFatRadiated
DEBUG:Found: zombieFemaleFatRadiated
DEBUG:Cloned entity_class EntityZombie: zombieFemaleFatRadiated as: DoughsR54_zombieFemaleFatRadiated
DEBUG:Randomizing: ConfigEntityZombie - KnockdownKneelDamageThreshold via:setcreate_one_range
DEBUG:Randomizing: ConfigEntityZombie - KnockdownKneelStunDuration via:setcreate_two_range
DEBUG:Randomizing: ConfigEntityZombie - MassAndWeightAndSizeScale via:custom_MassAndWeightAndSizeScale
DEBUG:Randomizing: ConfigEntityZombie - AttackTimeoutDay via:setcreate_one_range
DEBUG:Randomizing: ConfigEntityZombie - WalkType via:custom_WalkType
DEBUG:Randomizing: ConfigEntityZombie - DismemberMultiplierHead via:setcreate_one_range
DEBUG:Randomizing of this property is blocked in config file for entity: ConfigEntityZombie->Explosion.BlockDamage->zombieFemaleFatRadiated
DEBUG:Randomizing: ConfigEntityZombie - TintMaterial via:custom_TintMaterial
DEBUG:Randomizing of this property is blocked in config file for entity: ConfigEntityZombie->Explosion.RadiusBlocks->zombieFemaleFatRadiated
DEBUG:Randomizing: ConfigEntityZombie - MoveSpeedAggro via:setcreate_two_range
DEBUG:Randomizing: ConfigEntityZombie - SightRange via:setcreate_rand_around_percent
DEBUG:Randomizing of this property is blocked in config file for entity: ConfigEntityZombie->Explosion.EntityDamage->zombieFemaleFatRadiated
DEBUG:Randomizing: ConfigEntityZombie - LookAtAngle via:setcreate_rand_around_percent
DEBUG:Randomizing of this property is blocked in config file for entity: ConfigEntityZombie->ExplodeDelay->zombieFemaleFatRadiated
DEBUG:Randomizing: ConfigEntityZombie - AttackTimeoutNight via:setcreate_one_range
DEBUG:Randomizing: ConfigEntityZombie - KnockdownProneDamageThreshold via:setcreate_one_range
DEBUG:Randomizing: ConfigEntityZombie - DismemberMultiplierLegs via:setcreate_one_range
DEBUG:Randomizing: ConfigEntityZombie - DismemberMultiplierArms via:setcreate_one_range
DEBUG:Randomizing: ConfigEntityZombie - MaxViewAngle via:setcreate_rand_around_percent
DEBUG:Randomizing: ConfigEntityZombie - AINoiseSeekDist via:setcreate_rand_around_percent
DEBUG:Randomizing of this property is blocked in config file for entity: ConfigEntityZombie->Explosion.DamageBonus.earth->zombieFemaleFatRadiated
DEBUG:Randomizing: ConfigEntityZombie - JumpMaxDistance via:setcreate_two_range
DEBUG:Randomizing: ConfigEntityZombie - MaxTurnSpeed via:setcreate_rand_around_percent
DEBUG:Randomizing: ConfigEntityZombie - SmellAlertThreshold via:setcreate_rand_around_percent
DEBUG:Randomizing: ConfigEntityZombie - KnockdownProneStunDuration via:setcreate_two_range
DEBUG:Randomizing: ConfigEntityZombie - LegCrawlerThreshold via:setcreate_one_range
DEBUG:Randomizing: ConfigEntityZombie - MoveSpeed via:setcreate_one_range
DEBUG:Randomizing: ConfigEntityZombie - HealthAndExperienceGain via:custom_HealthAndExperienceGain
DEBUG:Randomizing of this property is blocked in config file for entity: ConfigEntityZombie->Explosion.RadiusEntities->zombieFemaleFatRadiated
DEBUG:########## GenerateNewEntityFromExistingName ##########
DEBUG:Looking for: zombieJoeRadiated
DEBUG:Found: zombieJoeRadiated
DEBUG:Cloned entity_class EntityZombie: zombieJoeRadiated as: DoughsR55_zombieJoeRadiated
DEBUG:Randomizing: ConfigEntityZombie - KnockdownKneelDamageThreshold via:setcreate_one_range
DEBUG:Randomizing: ConfigEntityZombie - KnockdownKneelStunDuration via:setcreate_two_range
DEBUG:Randomizing: ConfigEntityZombie - MassAndWeightAndSizeScale via:custom_MassAndWeightAndSizeScale
DEBUG:Randomizing: ConfigEntityZombie - AttackTimeoutDay via:setcreate_one_range
DEBUG:Randomizing: ConfigEntityZombie - WalkType via:custom_WalkType
DEBUG:Randomizing: ConfigEntityZombie - DismemberMultiplierHead via:setcreate_one_range
DEBUG:Randomizing of this property is blocked in config file for entity: ConfigEntityZombie->Explosion.BlockDamage->zombieJoeRadiated
DEBUG:Randomizing: ConfigEntityZombie - TintMaterial via:custom_TintMaterial
DEBUG:Randomizing of this property is blocked in config file for entity: ConfigEntityZombie->Explosion.RadiusBlocks->zombieJoeRadiated
DEBUG:Randomizing: ConfigEntityZombie - MoveSpeedAggro via:setcreate_two_range
DEBUG:Randomizing: ConfigEntityZombie - SightRange via:setcreate_rand_around_percent
DEBUG:Randomizing of this property is blocked in config file for entity: ConfigEntityZombie->Explosion.EntityDamage->zombieJoeRadiated
DEBUG:Randomizing: ConfigEntityZombie - LookAtAngle via:setcreate_rand_around_percent
DEBUG:Randomizing of this property is blocked in config file for entity: ConfigEntityZombie->ExplodeDelay->zombieJoeRadiated
DEBUG:Randomizing: ConfigEntityZombie - AttackTimeoutNight via:setcreate_one_range
DEBUG:Randomizing: ConfigEntityZombie - KnockdownProneDamageThreshold via:setcreate_one_range
DEBUG:Randomizing: ConfigEntityZombie - DismemberMultiplierLegs via:setcreate_one_range
DEBUG:Randomizing: ConfigEntityZombie - DismemberMultiplierArms via:setcreate_one_range
DEBUG:Randomizing: ConfigEntityZombie - MaxViewAngle via:setcreate_rand_around_percent
DEBUG:Randomizing: ConfigEntityZombie - AINoiseSeekDist via:setcreate_rand_around_percent
DEBUG:Randomizing of this property is blocked in config file for entity: ConfigEntityZombie->Explosion.DamageBonus.earth->zombieJoeRadiated
DEBUG:Randomizing: ConfigEntityZombie - JumpMaxDistance via:setcreate_two_range
DEBUG:Randomizing: ConfigEntityZombie - MaxTurnSpeed via:setcreate_rand_around_percent
DEBUG:Randomizing: ConfigEntityZombie - SmellAlertThreshold via:setcreate_rand_around_percent
DEBUG:Randomizing: ConfigEntityZombie - KnockdownProneStunDuration via:setcreate_two_range
DEBUG:Randomizing: ConfigEntityZombie - LegCrawlerThreshold via:setcreate_one_range
DEBUG:Randomizing: ConfigEntityZombie - MoveSpeed via:setcreate_one_range
DEBUG:Randomizing: ConfigEntityZombie - HealthAndExperienceGain via:custom_HealthAndExperienceGain
DEBUG:Randomizing of this property is blocked in config file for entity: ConfigEntityZombie->Explosion.RadiusEntities->zombieJoeRadiated
DEBUG:########## GenerateNewEntityFromExistingName ##########
DEBUG:Looking for: zombieUtilityWorker
DEBUG:Found: zombieUtilityWorker
DEBUG:Cloned entity_class EntityZombie: zombieUtilityWorker as: DoughsR56_zombieUtilityWorker
DEBUG:Randomizing: ConfigEntityZombie - KnockdownKneelDamageThreshold via:setcreate_one_range
DEBUG:Randomizing: ConfigEntityZombie - KnockdownKneelStunDuration via:setcreate_two_range
DEBUG:Randomizing: ConfigEntityZombie - MassAndWeightAndSizeScale via:custom_MassAndWeightAndSizeScale
DEBUG:Randomizing: ConfigEntityZombie - AttackTimeoutDay via:setcreate_one_range
DEBUG:Randomizing: ConfigEntityZombie - WalkType via:custom_WalkType
DEBUG:Randomizing: ConfigEntityZombie - DismemberMultiplierHead via:setcreate_one_range
DEBUG:Randomizing of this property is blocked in config file for entity: ConfigEntityZombie->Explosion.BlockDamage->zombieUtilityWorker
DEBUG:Randomizing: ConfigEntityZombie - TintMaterial via:custom_TintMaterial
DEBUG:Randomizing of this property is blocked in config file for entity: ConfigEntityZombie->Explosion.RadiusBlocks->zombieUtilityWorker
DEBUG:Randomizing: ConfigEntityZombie - MoveSpeedAggro via:setcreate_two_range
DEBUG:Randomizing: ConfigEntityZombie - SightRange via:setcreate_rand_around_percent
DEBUG:Randomizing of this property is blocked in config file for entity: ConfigEntityZombie->Explosion.EntityDamage->zombieUtilityWorker
DEBUG:Randomizing: ConfigEntityZombie - LookAtAngle via:setcreate_rand_around_percent
DEBUG:Randomizing of this property is blocked in config file for entity: ConfigEntityZombie->ExplodeDelay->zombieUtilityWorker
DEBUG:Randomizing: ConfigEntityZombie - AttackTimeoutNight via:setcreate_one_range
DEBUG:Randomizing: ConfigEntityZombie - KnockdownProneDamageThreshold via:setcreate_one_range
DEBUG:Randomizing: ConfigEntityZombie - DismemberMultiplierLegs via:setcreate_one_range
DEBUG:Randomizing: ConfigEntityZombie - DismemberMultiplierArms via:setcreate_one_range
DEBUG:Randomizing: ConfigEntityZombie - MaxViewAngle via:setcreate_rand_around_percent
DEBUG:Randomizing: ConfigEntityZombie - AINoiseSeekDist via:setcreate_rand_around_percent
DEBUG:Randomizing of this property is blocked in config file for entity: ConfigEntityZombie->Explosion.DamageBonus.earth->zombieUtilityWorker
DEBUG:Randomizing: ConfigEntityZombie - JumpMaxDistance via:setcreate_two_range
DEBUG:Randomizing: ConfigEntityZombie - MaxTurnSpeed via:setcreate_rand_around_percent
DEBUG:Randomizing: ConfigEntityZombie - SmellAlertThreshold via:setcreate_rand_around_percent
DEBUG:Randomizing: ConfigEntityZombie - KnockdownProneStunDuration via:setcreate_two_range
DEBUG:Randomizing: ConfigEntityZombie - LegCrawlerThreshold via:setcreate_one_range
DEBUG:Randomizing: ConfigEntityZombie - MoveSpeed via:setcreate_one_range
DEBUG:Randomizing: ConfigEntityZombie - HealthAndExperienceGain via:custom_HealthAndExperienceGain
DEBUG:Randomizing of this property is blocked in config file for entity: ConfigEntityZombie->Explosion.RadiusEntities->zombieUtilityWorker
DEBUG:########## GenerateNewEntityFromExistingName ##########
DEBUG:Looking for: zombieSpiderFeral
DEBUG:Found: zombieSpiderFeral
DEBUG:Cloned entity_class EntityZombie: zombieSpiderFeral as: DoughsR57_zombieSpiderFeral
DEBUG:Randomizing: ConfigEntityZombie - KnockdownKneelDamageThreshold via:setcreate_one_range
DEBUG:Randomizing: ConfigEntityZombie - KnockdownKneelStunDuration via:setcreate_two_range
DEBUG:Randomizing: ConfigEntityZombie - MassAndWeightAndSizeScale via:custom_MassAndWeightAndSizeScale
DEBUG:Randomizing: ConfigEntityZombie - AttackTimeoutDay via:setcreate_one_range
DEBUG:Randomizing: ConfigEntityZombie - WalkType via:custom_WalkType
DEBUG:Randomizing: ConfigEntityZombie - DismemberMultiplierHead via:setcreate_one_range
DEBUG:Randomizing of this property is blocked in config file for entity: ConfigEntityZombie->Explosion.BlockDamage->zombieSpiderFeral
DEBUG:Randomizing: ConfigEntityZombie - TintMaterial via:custom_TintMaterial
DEBUG:Randomizing of this property is blocked in config file for entity: ConfigEntityZombie->Explosion.RadiusBlocks->zombieSpiderFeral
DEBUG:Randomizing: ConfigEntityZombie - MoveSpeedAggro via:setcreate_two_range
DEBUG:Randomizing: ConfigEntityZombie - SightRange via:setcreate_rand_around_percent
DEBUG:Randomizing of this property is blocked in config file for entity: ConfigEntityZombie->Explosion.EntityDamage->zombieSpiderFeral
DEBUG:Randomizing: ConfigEntityZombie - LookAtAngle via:setcreate_rand_around_percent
DEBUG:Randomizing of this property is blocked in config file for entity: ConfigEntityZombie->ExplodeDelay->zombieSpiderFeral
DEBUG:Randomizing: ConfigEntityZombie - AttackTimeoutNight via:setcreate_one_range
DEBUG:Randomizing: ConfigEntityZombie - KnockdownProneDamageThreshold via:setcreate_one_range
DEBUG:Randomizing: ConfigEntityZombie - DismemberMultiplierLegs via:setcreate_one_range
DEBUG:Randomizing: ConfigEntityZombie - DismemberMultiplierArms via:setcreate_one_range
DEBUG:Randomizing: ConfigEntityZombie - MaxViewAngle via:setcreate_rand_around_percent
DEBUG:Randomizing: ConfigEntityZombie - AINoiseSeekDist via:setcreate_rand_around_percent
DEBUG:Randomizing of this property is blocked in config file for entity: ConfigEntityZombie->Explosion.DamageBonus.earth->zombieSpiderFeral
DEBUG:Randomizing: ConfigEntityZombie - JumpMaxDistance via:setcreate_two_range
DEBUG:Randomizing: ConfigEntityZombie - MaxTurnSpeed via:setcreate_rand_around_percent
DEBUG:Randomizing: ConfigEntityZombie - SmellAlertThreshold via:setcreate_rand_around_percent
DEBUG:Randomizing: ConfigEntityZombie - KnockdownProneStunDuration via:setcreate_two_range
DEBUG:Randomizing: ConfigEntityZombie - LegCrawlerThreshold via:setcreate_one_range
DEBUG:Randomizing: ConfigEntityZombie - MoveSpeed via:setcreate_one_range
DEBUG:Randomizing: ConfigEntityZombie - HealthAndExperienceGain via:custom_HealthAndExperienceGain
DEBUG:Randomizing of this property is blocked in config file for entity: ConfigEntityZombie->Explosion.RadiusEntities->zombieSpiderFeral
DEBUG:########## GenerateNewEntityFromExistingName ##########
DEBUG:Looking for: zombieJanitorRadiated
DEBUG:Found: zombieJanitorRadiated
DEBUG:Cloned entity_class EntityZombie: zombieJanitorRadiated as: DoughsR58_zombieJanitorRadiated
DEBUG:Randomizing: ConfigEntityZombie - KnockdownKneelDamageThreshold via:setcreate_one_range
DEBUG:Randomizing: ConfigEntityZombie - KnockdownKneelStunDuration via:setcreate_two_range
DEBUG:Randomizing: ConfigEntityZombie - MassAndWeightAndSizeScale via:custom_MassAndWeightAndSizeScale
DEBUG:Randomizing: ConfigEntityZombie - AttackTimeoutDay via:setcreate_one_range
DEBUG:Randomizing: ConfigEntityZombie - WalkType via:custom_WalkType
DEBUG:Randomizing: ConfigEntityZombie - DismemberMultiplierHead via:setcreate_one_range
DEBUG:Randomizing of this property is blocked in config file for entity: ConfigEntityZombie->Explosion.BlockDamage->zombieJanitorRadiated
DEBUG:Randomizing: ConfigEntityZombie - TintMaterial via:custom_TintMaterial
DEBUG:Randomizing of this property is blocked in config file for entity: ConfigEntityZombie->Explosion.RadiusBlocks->zombieJanitorRadiated
DEBUG:Randomizing: ConfigEntityZombie - MoveSpeedAggro via:setcreate_two_range
DEBUG:Randomizing: ConfigEntityZombie - SightRange via:setcreate_rand_around_percent
DEBUG:Randomizing of this property is blocked in config file for entity: ConfigEntityZombie->Explosion.EntityDamage->zombieJanitorRadiated
DEBUG:Randomizing: ConfigEntityZombie - LookAtAngle via:setcreate_rand_around_percent
DEBUG:Randomizing of this property is blocked in config file for entity: ConfigEntityZombie->ExplodeDelay->zombieJanitorRadiated
DEBUG:Randomizing: ConfigEntityZombie - AttackTimeoutNight via:setcreate_one_range
DEBUG:Randomizing: ConfigEntityZombie - KnockdownProneDamageThreshold via:setcreate_one_range
DEBUG:Randomizing: ConfigEntityZombie - DismemberMultiplierLegs via:setcreate_one_range
DEBUG:Randomizing: ConfigEntityZombie - DismemberMultiplierArms via:setcreate_one_range
DEBUG:Randomizing: ConfigEntityZombie - MaxViewAngle via:setcreate_rand_around_percent
DEBUG:Randomizing: ConfigEntityZombie - AINoiseSeekDist via:setcreate_rand_around_percent
DEBUG:Randomizing of this property is blocked in config file for entity: ConfigEntityZombie->Explosion.DamageBonus.earth->zombieJanitorRadiated
DEBUG:Randomizing: ConfigEntityZombie - JumpMaxDistance via:setcreate_two_range
DEBUG:Randomizing: ConfigEntityZombie - MaxTurnSpeed via:setcreate_rand_around_percent
DEBUG:Randomizing: ConfigEntityZombie - SmellAlertThreshold via:setcreate_rand_around_percent
DEBUG:Randomizing: ConfigEntityZombie - KnockdownProneStunDuration via:setcreate_two_range
DEBUG:Randomizing: ConfigEntityZombie - LegCrawlerThreshold via:setcreate_one_range
DEBUG:Randomizing: ConfigEntityZombie - MoveSpeed via:setcreate_one_range
DEBUG:Randomizing: ConfigEntityZombie - HealthAndExperienceGain via:custom_HealthAndExperienceGain
DEBUG:Randomizing of this property is blocked in config file for entity: ConfigEntityZombie->Explosion.RadiusEntities->zombieJanitorRadiated
DEBUG:########## GenerateNewEntityFromExistingName ##########
DEBUG:Looking for: zombieArleneFeral
DEBUG:Found: zombieArleneFeral
DEBUG:Cloned entity_class EntityZombie: zombieArleneFeral as: DoughsR59_zombieArleneFeral
DEBUG:Randomizing: ConfigEntityZombie - KnockdownKneelDamageThreshold via:setcreate_one_range
DEBUG:Randomizing: ConfigEntityZombie - KnockdownKneelStunDuration via:setcreate_two_range
DEBUG:Randomizing: ConfigEntityZombie - MassAndWeightAndSizeScale via:custom_MassAndWeightAndSizeScale
DEBUG:Randomizing: ConfigEntityZombie - AttackTimeoutDay via:setcreate_one_range
DEBUG:Randomizing: ConfigEntityZombie - WalkType via:custom_WalkType
DEBUG:Randomizing: ConfigEntityZombie - DismemberMultiplierHead via:setcreate_one_range
DEBUG:Randomizing of this property is blocked in config file for entity: ConfigEntityZombie->Explosion.BlockDamage->zombieArleneFeral
DEBUG:Randomizing: ConfigEntityZombie - TintMaterial via:custom_TintMaterial
DEBUG:Randomizing of this property is blocked in config file for entity: ConfigEntityZombie->Explosion.RadiusBlocks->zombieArleneFeral
DEBUG:Randomizing: ConfigEntityZombie - MoveSpeedAggro via:setcreate_two_range
DEBUG:Randomizing: ConfigEntityZombie - SightRange via:setcreate_rand_around_percent
DEBUG:Randomizing of this property is blocked in config file for entity: ConfigEntityZombie->Explosion.EntityDamage->zombieArleneFeral
DEBUG:Randomizing: ConfigEntityZombie - LookAtAngle via:setcreate_rand_around_percent
DEBUG:Randomizing of this property is blocked in config file for entity: ConfigEntityZombie->ExplodeDelay->zombieArleneFeral
DEBUG:Randomizing: ConfigEntityZombie - AttackTimeoutNight via:setcreate_one_range
DEBUG:Randomizing: ConfigEntityZombie - KnockdownProneDamageThreshold via:setcreate_one_range
DEBUG:Randomizing: ConfigEntityZombie - DismemberMultiplierLegs via:setcreate_one_range
DEBUG:Randomizing: ConfigEntityZombie - DismemberMultiplierArms via:setcreate_one_range
DEBUG:Randomizing: ConfigEntityZombie - MaxViewAngle via:setcreate_rand_around_percent
DEBUG:Randomizing: ConfigEntityZombie - AINoiseSeekDist via:setcreate_rand_around_percent
DEBUG:Randomizing of this property is blocked in config file for entity: ConfigEntityZombie->Explosion.DamageBonus.earth->zombieArleneFeral
DEBUG:Randomizing: ConfigEntityZombie - JumpMaxDistance via:setcreate_two_range
DEBUG:Randomizing: ConfigEntityZombie - MaxTurnSpeed via:setcreate_rand_around_percent
DEBUG:Randomizing: ConfigEntityZombie - SmellAlertThreshold via:setcreate_rand_around_percent
DEBUG:Randomizing: ConfigEntityZombie - KnockdownProneStunDuration via:setcreate_two_range
DEBUG:Randomizing: ConfigEntityZombie - LegCrawlerThreshold via:setcreate_one_range
DEBUG:Randomizing: ConfigEntityZombie - MoveSpeed via:setcreate_one_range
DEBUG:Randomizing: ConfigEntityZombie - HealthAndExperienceGain via:custom_HealthAndExperienceGain
DEBUG:Randomizing of this property is blocked in config file for entity: ConfigEntityZombie->Explosion.RadiusEntities->zombieArleneFeral
DEBUG:########## GenerateNewEntityFromExistingName ##########
DEBUG:Looking for: zombieLabRadiated
DEBUG:Found: zombieLabRadiated
DEBUG:Cloned entity_class EntityZombie: zombieLabRadiated as: DoughsR60_zombieLabRadiated
DEBUG:Randomizing: ConfigEntityZombie - KnockdownKneelDamageThreshold via:setcreate_one_range
DEBUG:Randomizing: ConfigEntityZombie - KnockdownKneelStunDuration via:setcreate_two_range
DEBUG:Randomizing: ConfigEntityZombie - MassAndWeightAndSizeScale via:custom_MassAndWeightAndSizeScale
DEBUG:Randomizing: ConfigEntityZombie - AttackTimeoutDay via:setcreate_one_range
DEBUG:Randomizing: ConfigEntityZombie - WalkType via:custom_WalkType
DEBUG:Randomizing: ConfigEntityZombie - DismemberMultiplierHead via:setcreate_one_range
DEBUG:Randomizing of this property is blocked in config file for entity: ConfigEntityZombie->Explosion.BlockDamage->zombieLabRadiated
DEBUG:Randomizing: ConfigEntityZombie - TintMaterial via:custom_TintMaterial
DEBUG:Randomizing of this property is blocked in config file for entity: ConfigEntityZombie->Explosion.RadiusBlocks->zombieLabRadiated
DEBUG:Randomizing: ConfigEntityZombie - MoveSpeedAggro via:setcreate_two_range
DEBUG:Randomizing: ConfigEntityZombie - SightRange via:setcreate_rand_around_percent
DEBUG:Randomizing of this property is blocked in config file for entity: ConfigEntityZombie->Explosion.EntityDamage->zombieLabRadiated
DEBUG:Randomizing: ConfigEntityZombie - LookAtAngle via:setcreate_rand_around_percent
DEBUG:Randomizing of this property is blocked in config file for entity: ConfigEntityZombie->ExplodeDelay->zombieLabRadiated
DEBUG:Randomizing: ConfigEntityZombie - AttackTimeoutNight via:setcreate_one_range
DEBUG:Randomizing: ConfigEntityZombie - KnockdownProneDamageThreshold via:setcreate_one_range
DEBUG:Randomizing: ConfigEntityZombie - DismemberMultiplierLegs via:setcreate_one_range
DEBUG:Randomizing: ConfigEntityZombie - DismemberMultiplierArms via:setcreate_one_range
DEBUG:Randomizing: ConfigEntityZombie - MaxViewAngle via:setcreate_rand_around_percent
DEBUG:Randomizing: ConfigEntityZombie - AINoiseSeekDist via:setcreate_rand_around_percent
DEBUG:Randomizing of this property is blocked in config file for entity: ConfigEntityZombie->Explosion.DamageBonus.earth->zombieLabRadiated
DEBUG:Randomizing: ConfigEntityZombie - JumpMaxDistance via:setcreate_two_range
DEBUG:Randomizing: ConfigEntityZombie - MaxTurnSpeed via:setcreate_rand_around_percent
DEBUG:Randomizing: ConfigEntityZombie - SmellAlertThreshold via:setcreate_rand_around_percent
DEBUG:Randomizing: ConfigEntityZombie - KnockdownProneStunDuration via:setcreate_two_range
DEBUG:Randomizing: ConfigEntityZombie - LegCrawlerThreshold via:setcreate_one_range
DEBUG:Randomizing: ConfigEntityZombie - MoveSpeed via:setcreate_one_range
DEBUG:Randomizing: ConfigEntityZombie - HealthAndExperienceGain via:custom_HealthAndExperienceGain
DEBUG:Randomizing of this property is blocked in config file for entity: ConfigEntityZombie->Explosion.RadiusEntities->zombieLabRadiated
DEBUG:########## GenerateNewEntityFromExistingName ##########
DEBUG:Looking for: zombieSkateboarder
DEBUG:Found: zombieSkateboarder
DEBUG:Cloned entity_class EntityZombie: zombieSkateboarder as: DoughsR61_zombieSkateboarder
DEBUG:Randomizing: ConfigEntityZombie - KnockdownKneelDamageThreshold via:setcreate_one_range
DEBUG:Randomizing: ConfigEntityZombie - KnockdownKneelStunDuration via:setcreate_two_range
DEBUG:Randomizing: ConfigEntityZombie - MassAndWeightAndSizeScale via:custom_MassAndWeightAndSizeScale
DEBUG:Randomizing: ConfigEntityZombie - AttackTimeoutDay via:setcreate_one_range
DEBUG:Randomizing: ConfigEntityZombie - WalkType via:custom_WalkType
DEBUG:Randomizing: ConfigEntityZombie - DismemberMultiplierHead via:setcreate_one_range
DEBUG:Randomizing of this property is blocked in config file for entity: ConfigEntityZombie->Explosion.BlockDamage->zombieSkateboarder
DEBUG:Randomizing: ConfigEntityZombie - TintMaterial via:custom_TintMaterial
DEBUG:Randomizing of this property is blocked in config file for entity: ConfigEntityZombie->Explosion.RadiusBlocks->zombieSkateboarder
DEBUG:Randomizing: ConfigEntityZombie - MoveSpeedAggro via:setcreate_two_range
DEBUG:Randomizing: ConfigEntityZombie - SightRange via:setcreate_rand_around_percent
DEBUG:Randomizing of this property is blocked in config file for entity: ConfigEntityZombie->Explosion.EntityDamage->zombieSkateboarder
DEBUG:Randomizing: ConfigEntityZombie - LookAtAngle via:setcreate_rand_around_percent
DEBUG:Randomizing of this property is blocked in config file for entity: ConfigEntityZombie->ExplodeDelay->zombieSkateboarder
DEBUG:Randomizing: ConfigEntityZombie - AttackTimeoutNight via:setcreate_one_range
DEBUG:Randomizing: ConfigEntityZombie - KnockdownProneDamageThreshold via:setcreate_one_range
DEBUG:Randomizing: ConfigEntityZombie - DismemberMultiplierLegs via:setcreate_one_range
DEBUG:Randomizing: ConfigEntityZombie - DismemberMultiplierArms via:setcreate_one_range
DEBUG:Randomizing: ConfigEntityZombie - MaxViewAngle via:setcreate_rand_around_percent
DEBUG:Randomizing: ConfigEntityZombie - AINoiseSeekDist via:setcreate_rand_around_percent
DEBUG:Randomizing of this property is blocked in config file for entity: ConfigEntityZombie->Explosion.DamageBonus.earth->zombieSkateboarder
DEBUG:Randomizing: ConfigEntityZombie - JumpMaxDistance via:setcreate_two_range
DEBUG:Randomizing: ConfigEntityZombie - MaxTurnSpeed via:setcreate_rand_around_percent
DEBUG:Randomizing: ConfigEntityZombie - SmellAlertThreshold via:setcreate_rand_around_percent
DEBUG:Randomizing: ConfigEntityZombie - KnockdownProneStunDuration via:setcreate_two_range
DEBUG:Randomizing: ConfigEntityZombie - LegCrawlerThreshold via:setcreate_one_range
DEBUG:Randomizing: ConfigEntityZombie - MoveSpeed via:setcreate_one_range
DEBUG:Randomizing: ConfigEntityZombie - HealthAndExperienceGain via:custom_HealthAndExperienceGain
DEBUG:Randomizing of this property is blocked in config file for entity: ConfigEntityZombie->Explosion.RadiusEntities->zombieSkateboarder
DEBUG:########## GenerateNewEntityFromExistingName ##########
DEBUG:Looking for: zombieDarlene
DEBUG:Found: zombieDarlene
DEBUG:Cloned entity_class EntityZombie: zombieDarlene as: DoughsR62_zombieDarlene
DEBUG:Randomizing: ConfigEntityZombie - KnockdownKneelDamageThreshold via:setcreate_one_range
DEBUG:Randomizing: ConfigEntityZombie - KnockdownKneelStunDuration via:setcreate_two_range
DEBUG:Randomizing: ConfigEntityZombie - MassAndWeightAndSizeScale via:custom_MassAndWeightAndSizeScale
DEBUG:Randomizing: ConfigEntityZombie - AttackTimeoutDay via:setcreate_one_range
DEBUG:Randomizing: ConfigEntityZombie - WalkType via:custom_WalkType
DEBUG:Randomizing: ConfigEntityZombie - DismemberMultiplierHead via:setcreate_one_range
DEBUG:Randomizing of this property is blocked in config file for entity: ConfigEntityZombie->Explosion.BlockDamage->zombieDarlene
DEBUG:Randomizing: ConfigEntityZombie - TintMaterial via:custom_TintMaterial
DEBUG:Randomizing of this property is blocked in config file for entity: ConfigEntityZombie->Explosion.RadiusBlocks->zombieDarlene
DEBUG:Randomizing: ConfigEntityZombie - MoveSpeedAggro via:setcreate_two_range
DEBUG:Randomizing: ConfigEntityZombie - SightRange via:setcreate_rand_around_percent
DEBUG:Randomizing of this property is blocked in config file for entity: ConfigEntityZombie->Explosion.EntityDamage->zombieDarlene
DEBUG:Randomizing: ConfigEntityZombie - LookAtAngle via:setcreate_rand_around_percent
DEBUG:Randomizing of this property is blocked in config file for entity: ConfigEntityZombie->ExplodeDelay->zombieDarlene
DEBUG:Randomizing: ConfigEntityZombie - AttackTimeoutNight via:setcreate_one_range
DEBUG:Randomizing: ConfigEntityZombie - KnockdownProneDamageThreshold via:setcreate_one_range
DEBUG:Randomizing: ConfigEntityZombie - DismemberMultiplierLegs via:setcreate_one_range
DEBUG:Randomizing: ConfigEntityZombie - DismemberMultiplierArms via:setcreate_one_range
DEBUG:Randomizing: ConfigEntityZombie - MaxViewAngle via:setcreate_rand_around_percent
DEBUG:Randomizing: ConfigEntityZombie - AINoiseSeekDist via:setcreate_rand_around_percent
DEBUG:Randomizing of this property is blocked in config file for entity: ConfigEntityZombie->Explosion.DamageBonus.earth->zombieDarlene
DEBUG:Randomizing: ConfigEntityZombie - JumpMaxDistance via:setcreate_two_range
DEBUG:Randomizing: ConfigEntityZombie - MaxTurnSpeed via:setcreate_rand_around_percent
DEBUG:Randomizing: ConfigEntityZombie - SmellAlertThreshold via:setcreate_rand_around_percent
DEBUG:Randomizing: ConfigEntityZombie - KnockdownProneStunDuration via:setcreate_two_range
DEBUG:Randomizing: ConfigEntityZombie - LegCrawlerThreshold via:setcreate_one_range
DEBUG:Randomizing: ConfigEntityZombie - MoveSpeed via:setcreate_one_range
DEBUG:Randomizing: ConfigEntityZombie - HealthAndExperienceGain via:custom_HealthAndExperienceGain
DEBUG:Randomizing of this property is blocked in config file for entity: ConfigEntityZombie->Explosion.RadiusEntities->zombieDarlene
DEBUG:########## GenerateNewEntityFromExistingName ##########
DEBUG:Looking for: zombieFatCopFeral
DEBUG:Found: zombieFatCopFeral
DEBUG:Cloned entity_class EntityZombie: zombieFatCopFeral as: DoughsR63_zombieFatCopFeral
DEBUG:Randomizing: ConfigEntityZombie - KnockdownKneelDamageThreshold via:setcreate_one_range
DEBUG:Randomizing: ConfigEntityZombie - KnockdownKneelStunDuration via:setcreate_two_range
DEBUG:Randomizing: ConfigEntityZombie - MassAndWeightAndSizeScale via:custom_MassAndWeightAndSizeScale
DEBUG:Randomizing: ConfigEntityZombie - AttackTimeoutDay via:setcreate_one_range
DEBUG:Randomizing: ConfigEntityZombie - WalkType via:custom_WalkType
DEBUG:Randomizing: ConfigEntityZombie - DismemberMultiplierHead via:setcreate_one_range
DEBUG:Randomizing: ConfigEntityZombie - Explosion.BlockDamage via:setcreate_one_range
DEBUG:Randomizing: ConfigEntityZombie - TintMaterial via:custom_TintMaterial
DEBUG:Randomizing: ConfigEntityZombie - Explosion.RadiusBlocks via:setcreate_one_range
DEBUG:Randomizing: ConfigEntityZombie - MoveSpeedAggro via:setcreate_two_range
DEBUG:Randomizing: ConfigEntityZombie - SightRange via:setcreate_rand_around_percent
DEBUG:Randomizing: ConfigEntityZombie - Explosion.EntityDamage via:setcreate_one_range
DEBUG:Randomizing: ConfigEntityZombie - LookAtAngle via:setcreate_rand_around_percent
DEBUG:Randomizing of this property is blocked in config file for entity: ConfigEntityZombie->ExplodeDelay->zombieFatCopFeral
DEBUG:Randomizing: ConfigEntityZombie - AttackTimeoutNight via:setcreate_one_range
DEBUG:Randomizing: ConfigEntityZombie - KnockdownProneDamageThreshold via:setcreate_one_range
DEBUG:Randomizing: ConfigEntityZombie - DismemberMultiplierLegs via:setcreate_one_range
DEBUG:Randomizing: ConfigEntityZombie - DismemberMultiplierArms via:setcreate_one_range
DEBUG:Randomizing: ConfigEntityZombie - MaxViewAngle via:setcreate_rand_around_percent
DEBUG:Randomizing: ConfigEntityZombie - AINoiseSeekDist via:setcreate_rand_around_percent
DEBUG:Randomizing: ConfigEntityZombie - Explosion.DamageBonus.earth via:setcreate_one_range
DEBUG:Randomizing: ConfigEntityZombie - JumpMaxDistance via:setcreate_two_range
DEBUG:Randomizing: ConfigEntityZombie - MaxTurnSpeed via:setcreate_rand_around_percent
DEBUG:Randomizing: ConfigEntityZombie - SmellAlertThreshold via:setcreate_rand_around_percent
DEBUG:Randomizing: ConfigEntityZombie - KnockdownProneStunDuration via:setcreate_two_range
DEBUG:Randomizing: ConfigEntityZombie - LegCrawlerThreshold via:setcreate_one_range
DEBUG:Randomizing: ConfigEntityZombie - MoveSpeed via:setcreate_one_range
DEBUG:Randomizing: ConfigEntityZombie - HealthAndExperienceGain via:custom_HealthAndExperienceGain
DEBUG:Randomizing: ConfigEntityZombie - Explosion.RadiusEntities via:setcreate_one_range
DEBUG:########## GenerateNewEntityFromExistingName ##########
DEBUG:Looking for: zombieCheerleader
DEBUG:Found: zombieCheerleader
DEBUG:Cloned entity_class EntityZombie: zombieCheerleader as: DoughsR64_zombieCheerleader
DEBUG:Randomizing: ConfigEntityZombie - KnockdownKneelDamageThreshold via:setcreate_one_range
DEBUG:Randomizing: ConfigEntityZombie - KnockdownKneelStunDuration via:setcreate_two_range
DEBUG:Randomizing: ConfigEntityZombie - MassAndWeightAndSizeScale via:custom_MassAndWeightAndSizeScale
DEBUG:Randomizing: ConfigEntityZombie - AttackTimeoutDay via:setcreate_one_range
DEBUG:Randomizing: ConfigEntityZombie - WalkType via:custom_WalkType
DEBUG:Randomizing: ConfigEntityZombie - DismemberMultiplierHead via:setcreate_one_range
DEBUG:Randomizing of this property is blocked in config file for entity: ConfigEntityZombie->Explosion.BlockDamage->zombieCheerleader
DEBUG:Randomizing: ConfigEntityZombie - TintMaterial via:custom_TintMaterial
DEBUG:Randomizing of this property is blocked in config file for entity: ConfigEntityZombie->Explosion.RadiusBlocks->zombieCheerleader
DEBUG:Randomizing: ConfigEntityZombie - MoveSpeedAggro via:setcreate_two_range
DEBUG:Randomizing: ConfigEntityZombie - SightRange via:setcreate_rand_around_percent
DEBUG:Randomizing of this property is blocked in config file for entity: ConfigEntityZombie->Explosion.EntityDamage->zombieCheerleader
DEBUG:Randomizing: ConfigEntityZombie - LookAtAngle via:setcreate_rand_around_percent
DEBUG:Randomizing of this property is blocked in config file for entity: ConfigEntityZombie->ExplodeDelay->zombieCheerleader
DEBUG:Randomizing: ConfigEntityZombie - AttackTimeoutNight via:setcreate_one_range
DEBUG:Randomizing: ConfigEntityZombie - KnockdownProneDamageThreshold via:setcreate_one_range
DEBUG:Randomizing: ConfigEntityZombie - DismemberMultiplierLegs via:setcreate_one_range
DEBUG:Randomizing: ConfigEntityZombie - DismemberMultiplierArms via:setcreate_one_range
DEBUG:Randomizing: ConfigEntityZombie - MaxViewAngle via:setcreate_rand_around_percent
DEBUG:Randomizing: ConfigEntityZombie - AINoiseSeekDist via:setcreate_rand_around_percent
DEBUG:Randomizing of this property is blocked in config file for entity: ConfigEntityZombie->Explosion.DamageBonus.earth->zombieCheerleader
DEBUG:Randomizing: ConfigEntityZombie - JumpMaxDistance via:setcreate_two_range
DEBUG:Randomizing: ConfigEntityZombie - MaxTurnSpeed via:setcreate_rand_around_percent
DEBUG:Randomizing: ConfigEntityZombie - SmellAlertThreshold via:setcreate_rand_around_percent
DEBUG:Randomizing: ConfigEntityZombie - KnockdownProneStunDuration via:setcreate_two_range
DEBUG:Randomizing: ConfigEntityZombie - LegCrawlerThreshold via:setcreate_one_range
DEBUG:Randomizing: ConfigEntityZombie - MoveSpeed via:setcreate_one_range
DEBUG:Randomizing: ConfigEntityZombie - HealthAndExperienceGain via:custom_HealthAndExperienceGain
DEBUG:Randomizing of this property is blocked in config file for entity: ConfigEntityZombie->Explosion.RadiusEntities->zombieCheerleader
DEBUG:########## GenerateNewEntityFromExistingName ##########
DEBUG:Looking for: zombieJanitor
DEBUG:Found: zombieJanitor
DEBUG:Cloned entity_class EntityZombie: zombieJanitor as: DoughsR65_zombieJanitor
DEBUG:Randomizing: ConfigEntityZombie - KnockdownKneelDamageThreshold via:setcreate_one_range
DEBUG:Randomizing: ConfigEntityZombie - KnockdownKneelStunDuration via:setcreate_two_range
DEBUG:Randomizing: ConfigEntityZombie - MassAndWeightAndSizeScale via:custom_MassAndWeightAndSizeScale
DEBUG:Randomizing: ConfigEntityZombie - AttackTimeoutDay via:setcreate_one_range
DEBUG:Randomizing: ConfigEntityZombie - WalkType via:custom_WalkType
DEBUG:Randomizing: ConfigEntityZombie - DismemberMultiplierHead via:setcreate_one_range
DEBUG:Randomizing of this property is blocked in config file for entity: ConfigEntityZombie->Explosion.BlockDamage->zombieJanitor
DEBUG:Randomizing: ConfigEntityZombie - TintMaterial via:custom_TintMaterial
DEBUG:Randomizing of this property is blocked in config file for entity: ConfigEntityZombie->Explosion.RadiusBlocks->zombieJanitor
DEBUG:Randomizing: ConfigEntityZombie - MoveSpeedAggro via:setcreate_two_range
DEBUG:Randomizing: ConfigEntityZombie - SightRange via:setcreate_rand_around_percent
DEBUG:Randomizing of this property is blocked in config file for entity: ConfigEntityZombie->Explosion.EntityDamage->zombieJanitor
DEBUG:Randomizing: ConfigEntityZombie - LookAtAngle via:setcreate_rand_around_percent
DEBUG:Randomizing of this property is blocked in config file for entity: ConfigEntityZombie->ExplodeDelay->zombieJanitor
DEBUG:Randomizing: ConfigEntityZombie - AttackTimeoutNight via:setcreate_one_range
DEBUG:Randomizing: ConfigEntityZombie - KnockdownProneDamageThreshold via:setcreate_one_range
DEBUG:Randomizing: ConfigEntityZombie - DismemberMultiplierLegs via:setcreate_one_range
DEBUG:Randomizing: ConfigEntityZombie - DismemberMultiplierArms via:setcreate_one_range
DEBUG:Randomizing: ConfigEntityZombie - MaxViewAngle via:setcreate_rand_around_percent
DEBUG:Randomizing: ConfigEntityZombie - AINoiseSeekDist via:setcreate_rand_around_percent
DEBUG:Randomizing of this property is blocked in config file for entity: ConfigEntityZombie->Explosion.DamageBonus.earth->zombieJanitor
DEBUG:Randomizing: ConfigEntityZombie - JumpMaxDistance via:setcreate_two_range
DEBUG:Randomizing: ConfigEntityZombie - MaxTurnSpeed via:setcreate_rand_around_percent
DEBUG:Randomizing: ConfigEntityZombie - SmellAlertThreshold via:setcreate_rand_around_percent
DEBUG:Randomizing: ConfigEntityZombie - KnockdownProneStunDuration via:setcreate_two_range
DEBUG:Randomizing: ConfigEntityZombie - LegCrawlerThreshold via:setcreate_one_range
DEBUG:Randomizing: ConfigEntityZombie - MoveSpeed via:setcreate_one_range
DEBUG:Randomizing: ConfigEntityZombie - HealthAndExperienceGain via:custom_HealthAndExperienceGain
DEBUG:Randomizing of this property is blocked in config file for entity: ConfigEntityZombie->Explosion.RadiusEntities->zombieJanitor
DEBUG:########## GenerateNewEntityFromExistingName ##########
DEBUG:Looking for: zombieDarleneRadiated
DEBUG:Found: zombieDarleneRadiated
DEBUG:Cloned entity_class EntityZombie: zombieDarleneRadiated as: DoughsR66_zombieDarleneRadiated
DEBUG:Randomizing: ConfigEntityZombie - KnockdownKneelDamageThreshold via:setcreate_one_range
DEBUG:Randomizing: ConfigEntityZombie - KnockdownKneelStunDuration via:setcreate_two_range
DEBUG:Randomizing: ConfigEntityZombie - MassAndWeightAndSizeScale via:custom_MassAndWeightAndSizeScale
DEBUG:Randomizing: ConfigEntityZombie - AttackTimeoutDay via:setcreate_one_range
DEBUG:Randomizing: ConfigEntityZombie - WalkType via:custom_WalkType
DEBUG:Randomizing: ConfigEntityZombie - DismemberMultiplierHead via:setcreate_one_range
DEBUG:Randomizing of this property is blocked in config file for entity: ConfigEntityZombie->Explosion.BlockDamage->zombieDarleneRadiated
DEBUG:Randomizing: ConfigEntityZombie - TintMaterial via:custom_TintMaterial
DEBUG:Randomizing of this property is blocked in config file for entity: ConfigEntityZombie->Explosion.RadiusBlocks->zombieDarleneRadiated
DEBUG:Randomizing: ConfigEntityZombie - MoveSpeedAggro via:setcreate_two_range
DEBUG:Randomizing: ConfigEntityZombie - SightRange via:setcreate_rand_around_percent
DEBUG:Randomizing of this property is blocked in config file for entity: ConfigEntityZombie->Explosion.EntityDamage->zombieDarleneRadiated
DEBUG:Randomizing: ConfigEntityZombie - LookAtAngle via:setcreate_rand_around_percent
DEBUG:Randomizing of this property is blocked in config file for entity: ConfigEntityZombie->ExplodeDelay->zombieDarleneRadiated
DEBUG:Randomizing: ConfigEntityZombie - AttackTimeoutNight via:setcreate_one_range
DEBUG:Randomizing: ConfigEntityZombie - KnockdownProneDamageThreshold via:setcreate_one_range
DEBUG:Randomizing: ConfigEntityZombie - DismemberMultiplierLegs via:setcreate_one_range
DEBUG:Randomizing: ConfigEntityZombie - DismemberMultiplierArms via:setcreate_one_range
DEBUG:Randomizing: ConfigEntityZombie - MaxViewAngle via:setcreate_rand_around_percent
DEBUG:Randomizing: ConfigEntityZombie - AINoiseSeekDist via:setcreate_rand_around_percent
DEBUG:Randomizing of this property is blocked in config file for entity: ConfigEntityZombie->Explosion.DamageBonus.earth->zombieDarleneRadiated
DEBUG:Randomizing: ConfigEntityZombie - JumpMaxDistance via:setcreate_two_range
DEBUG:Randomizing: ConfigEntityZombie - MaxTurnSpeed via:setcreate_rand_around_percent
DEBUG:Randomizing: ConfigEntityZombie - SmellAlertThreshold via:setcreate_rand_around_percent
DEBUG:Randomizing: ConfigEntityZombie - KnockdownProneStunDuration via:setcreate_two_range
DEBUG:Randomizing: ConfigEntityZombie - LegCrawlerThreshold via:setcreate_one_range
DEBUG:Randomizing: ConfigEntityZombie - MoveSpeed via:setcreate_one_range
DEBUG:Randomizing: ConfigEntityZombie - HealthAndExperienceGain via:custom_HealthAndExperienceGain
DEBUG:Randomizing of this property is blocked in config file for entity: ConfigEntityZombie->Explosion.RadiusEntities->zombieDarleneRadiated
DEBUG:########## GenerateNewEntityFromExistingName ##########
DEBUG:Looking for: zombieSnowFeral
DEBUG:Found: zombieSnowFeral
DEBUG:Cloned entity_class EntityZombie: zombieSnowFeral as: DoughsR67_zombieSnowFeral
DEBUG:Randomizing: ConfigEntityZombie - KnockdownKneelDamageThreshold via:setcreate_one_range
DEBUG:Randomizing: ConfigEntityZombie - KnockdownKneelStunDuration via:setcreate_two_range
DEBUG:Randomizing: ConfigEntityZombie - MassAndWeightAndSizeScale via:custom_MassAndWeightAndSizeScale
DEBUG:Randomizing: ConfigEntityZombie - AttackTimeoutDay via:setcreate_one_range
DEBUG:Randomizing: ConfigEntityZombie - WalkType via:custom_WalkType
DEBUG:Randomizing: ConfigEntityZombie - DismemberMultiplierHead via:setcreate_one_range
DEBUG:Randomizing of this property is blocked in config file for entity: ConfigEntityZombie->Explosion.BlockDamage->zombieSnowFeral
DEBUG:Randomizing: ConfigEntityZombie - TintMaterial via:custom_TintMaterial
DEBUG:Randomizing of this property is blocked in config file for entity: ConfigEntityZombie->Explosion.RadiusBlocks->zombieSnowFeral
DEBUG:Randomizing: ConfigEntityZombie - MoveSpeedAggro via:setcreate_two_range
DEBUG:Randomizing: ConfigEntityZombie - SightRange via:setcreate_rand_around_percent
DEBUG:Randomizing of this property is blocked in config file for entity: ConfigEntityZombie->Explosion.EntityDamage->zombieSnowFeral
DEBUG:Randomizing: ConfigEntityZombie - LookAtAngle via:setcreate_rand_around_percent
DEBUG:Randomizing of this property is blocked in config file for entity: ConfigEntityZombie->ExplodeDelay->zombieSnowFeral
DEBUG:Randomizing: ConfigEntityZombie - AttackTimeoutNight via:setcreate_one_range
DEBUG:Randomizing: ConfigEntityZombie - KnockdownProneDamageThreshold via:setcreate_one_range
DEBUG:Randomizing: ConfigEntityZombie - DismemberMultiplierLegs via:setcreate_one_range
DEBUG:Randomizing: ConfigEntityZombie - DismemberMultiplierArms via:setcreate_one_range
DEBUG:Randomizing: ConfigEntityZombie - MaxViewAngle via:setcreate_rand_around_percent
DEBUG:Randomizing: ConfigEntityZombie - AINoiseSeekDist via:setcreate_rand_around_percent
DEBUG:Randomizing of this property is blocked in config file for entity: ConfigEntityZombie->Explosion.DamageBonus.earth->zombieSnowFeral
DEBUG:Randomizing: ConfigEntityZombie - JumpMaxDistance via:setcreate_two_range
DEBUG:Randomizing: ConfigEntityZombie - MaxTurnSpeed via:setcreate_rand_around_percent
DEBUG:Randomizing: ConfigEntityZombie - SmellAlertThreshold via:setcreate_rand_around_percent
DEBUG:Randomizing: ConfigEntityZombie - KnockdownProneStunDuration via:setcreate_two_range
DEBUG:Randomizing: ConfigEntityZombie - LegCrawlerThreshold via:setcreate_one_range
DEBUG:Randomizing: ConfigEntityZombie - MoveSpeed via:setcreate_one_range
DEBUG:Randomizing: ConfigEntityZombie - HealthAndExperienceGain via:custom_HealthAndExperienceGain
DEBUG:Randomizing of this property is blocked in config file for entity: ConfigEntityZombie->Explosion.RadiusEntities->zombieSnowFeral
DEBUG:########## GenerateNewEntityFromExistingName ##########
DEBUG:Looking for: zombieScreamer
DEBUG:Found: zombieScreamer
DEBUG:Cloned entity_class EntityZombie: zombieScreamer as: DoughsR68_zombieScreamer
DEBUG:Randomizing: ConfigEntityZombie - KnockdownKneelDamageThreshold via:setcreate_one_range
DEBUG:Randomizing: ConfigEntityZombie - KnockdownKneelStunDuration via:setcreate_two_range
DEBUG:Randomizing: ConfigEntityZombie - MassAndWeightAndSizeScale via:custom_MassAndWeightAndSizeScale
DEBUG:Randomizing: ConfigEntityZombie - AttackTimeoutDay via:setcreate_one_range
DEBUG:Randomizing: ConfigEntityZombie - WalkType via:custom_WalkType
DEBUG:Randomizing: ConfigEntityZombie - DismemberMultiplierHead via:setcreate_one_range
DEBUG:Randomizing of this property is blocked in config file for entity: ConfigEntityZombie->Explosion.BlockDamage->zombieScreamer
DEBUG:Randomizing: ConfigEntityZombie - TintMaterial via:custom_TintMaterial
DEBUG:Randomizing of this property is blocked in config file for entity: ConfigEntityZombie->Explosion.RadiusBlocks->zombieScreamer
DEBUG:Randomizing: ConfigEntityZombie - MoveSpeedAggro via:setcreate_two_range
DEBUG:Randomizing: ConfigEntityZombie - SightRange via:setcreate_rand_around_percent
DEBUG:Randomizing of this property is blocked in config file for entity: ConfigEntityZombie->Explosion.EntityDamage->zombieScreamer
DEBUG:Randomizing: ConfigEntityZombie - LookAtAngle via:setcreate_rand_around_percent
DEBUG:Randomizing of this property is blocked in config file for entity: ConfigEntityZombie->ExplodeDelay->zombieScreamer
DEBUG:Randomizing: ConfigEntityZombie - AttackTimeoutNight via:setcreate_one_range
DEBUG:Randomizing: ConfigEntityZombie - KnockdownProneDamageThreshold via:setcreate_one_range
DEBUG:Randomizing: ConfigEntityZombie - DismemberMultiplierLegs via:setcreate_one_range
DEBUG:Randomizing: ConfigEntityZombie - DismemberMultiplierArms via:setcreate_one_range
DEBUG:Randomizing: ConfigEntityZombie - MaxViewAngle via:setcreate_rand_around_percent
DEBUG:Randomizing: ConfigEntityZombie - AINoiseSeekDist via:setcreate_rand_around_percent
DEBUG:Randomizing of this property is blocked in config file for entity: ConfigEntityZombie->Explosion.DamageBonus.earth->zombieScreamer
DEBUG:Randomizing: ConfigEntityZombie - JumpMaxDistance via:setcreate_two_range
DEBUG:Randomizing: ConfigEntityZombie - MaxTurnSpeed via:setcreate_rand_around_percent
DEBUG:Randomizing: ConfigEntityZombie - SmellAlertThreshold via:setcreate_rand_around_percent
DEBUG:Randomizing: ConfigEntityZombie - KnockdownProneStunDuration via:setcreate_two_range
DEBUG:Randomizing: ConfigEntityZombie - LegCrawlerThreshold via:setcreate_one_range
DEBUG:Randomizing: ConfigEntityZombie - MoveSpeed via:setcreate_one_range
DEBUG:Randomizing: ConfigEntityZombie - HealthAndExperienceGain via:custom_HealthAndExperienceGain
DEBUG:Randomizing of this property is blocked in config file for entity: ConfigEntityZombie->Explosion.RadiusEntities->zombieScreamer
DEBUG:########## GenerateNewEntityFromExistingName ##########
DEBUG:Looking for: zombieOldTimerRadiated
DEBUG:Found: zombieOldTimerRadiated
DEBUG:Cloned entity_class EntityZombie: zombieOldTimerRadiated as: DoughsR69_zombieOldTimerRadiated
DEBUG:Randomizing: ConfigEntityZombie - KnockdownKneelDamageThreshold via:setcreate_one_range
DEBUG:Randomizing: ConfigEntityZombie - KnockdownKneelStunDuration via:setcreate_two_range
DEBUG:Randomizing: ConfigEntityZombie - MassAndWeightAndSizeScale via:custom_MassAndWeightAndSizeScale
DEBUG:Randomizing: ConfigEntityZombie - AttackTimeoutDay via:setcreate_one_range
DEBUG:Randomizing: ConfigEntityZombie - WalkType via:custom_WalkType
DEBUG:Randomizing: ConfigEntityZombie - DismemberMultiplierHead via:setcreate_one_range
DEBUG:Randomizing of this property is blocked in config file for entity: ConfigEntityZombie->Explosion.BlockDamage->zombieOldTimerRadiated
DEBUG:Randomizing: ConfigEntityZombie - TintMaterial via:custom_TintMaterial
DEBUG:Randomizing of this property is blocked in config file for entity: ConfigEntityZombie->Explosion.RadiusBlocks->zombieOldTimerRadiated
DEBUG:Randomizing: ConfigEntityZombie - MoveSpeedAggro via:setcreate_two_range
DEBUG:Randomizing: ConfigEntityZombie - SightRange via:setcreate_rand_around_percent
DEBUG:Randomizing of this property is blocked in config file for entity: ConfigEntityZombie->Explosion.EntityDamage->zombieOldTimerRadiated
DEBUG:Randomizing: ConfigEntityZombie - LookAtAngle via:setcreate_rand_around_percent
DEBUG:Randomizing of this property is blocked in config file for entity: ConfigEntityZombie->ExplodeDelay->zombieOldTimerRadiated
DEBUG:Randomizing: ConfigEntityZombie - AttackTimeoutNight via:setcreate_one_range
DEBUG:Randomizing: ConfigEntityZombie - KnockdownProneDamageThreshold via:setcreate_one_range
DEBUG:Randomizing: ConfigEntityZombie - DismemberMultiplierLegs via:setcreate_one_range
DEBUG:Randomizing: ConfigEntityZombie - DismemberMultiplierArms via:setcreate_one_range
DEBUG:Randomizing: ConfigEntityZombie - MaxViewAngle via:setcreate_rand_around_percent
DEBUG:Randomizing: ConfigEntityZombie - AINoiseSeekDist via:setcreate_rand_around_percent
DEBUG:Randomizing of this property is blocked in config file for entity: ConfigEntityZombie->Explosion.DamageBonus.earth->zombieOldTimerRadiated
DEBUG:Randomizing: ConfigEntityZombie - JumpMaxDistance via:setcreate_two_range
DEBUG:Randomizing: ConfigEntityZombie - MaxTurnSpeed via:setcreate_rand_around_percent
DEBUG:Randomizing: ConfigEntityZombie - SmellAlertThreshold via:setcreate_rand_around_percent
DEBUG:Randomizing: ConfigEntityZombie - KnockdownProneStunDuration via:setcreate_two_range
DEBUG:Randomizing: ConfigEntityZombie - LegCrawlerThreshold via:setcreate_one_range
DEBUG:Randomizing: ConfigEntityZombie - MoveSpeed via:setcreate_one_range
DEBUG:Randomizing: ConfigEntityZombie - HealthAndExperienceGain via:custom_HealthAndExperienceGain
DEBUG:Randomizing of this property is blocked in config file for entity: ConfigEntityZombie->Explosion.RadiusEntities->zombieOldTimerRadiated
DEBUG:########## GenerateNewEntityFromExistingName ##########
DEBUG:Looking for: zombieBikerFeral
DEBUG:Found: zombieBikerFeral
DEBUG:Cloned entity_class EntityZombie: zombieBikerFeral as: DoughsR70_zombieBikerFeral
DEBUG:Randomizing: ConfigEntityZombie - KnockdownKneelDamageThreshold via:setcreate_one_range
DEBUG:Randomizing: ConfigEntityZombie - KnockdownKneelStunDuration via:setcreate_two_range
DEBUG:Randomizing: ConfigEntityZombie - MassAndWeightAndSizeScale via:custom_MassAndWeightAndSizeScale
DEBUG:Randomizing: ConfigEntityZombie - AttackTimeoutDay via:setcreate_one_range
DEBUG:Randomizing: ConfigEntityZombie - WalkType via:custom_WalkType
DEBUG:Randomizing: ConfigEntityZombie - DismemberMultiplierHead via:setcreate_one_range
DEBUG:Randomizing of this property is blocked in config file for entity: ConfigEntityZombie->Explosion.BlockDamage->zombieBikerFeral
DEBUG:Randomizing: ConfigEntityZombie - TintMaterial via:custom_TintMaterial
DEBUG:Randomizing of this property is blocked in config file for entity: ConfigEntityZombie->Explosion.RadiusBlocks->zombieBikerFeral
DEBUG:Randomizing: ConfigEntityZombie - MoveSpeedAggro via:setcreate_two_range
DEBUG:Randomizing: ConfigEntityZombie - SightRange via:setcreate_rand_around_percent
DEBUG:Randomizing of this property is blocked in config file for entity: ConfigEntityZombie->Explosion.EntityDamage->zombieBikerFeral
DEBUG:Randomizing: ConfigEntityZombie - LookAtAngle via:setcreate_rand_around_percent
DEBUG:Randomizing of this property is blocked in config file for entity: ConfigEntityZombie->ExplodeDelay->zombieBikerFeral
DEBUG:Randomizing: ConfigEntityZombie - AttackTimeoutNight via:setcreate_one_range
DEBUG:Randomizing: ConfigEntityZombie - KnockdownProneDamageThreshold via:setcreate_one_range
DEBUG:Randomizing: ConfigEntityZombie - DismemberMultiplierLegs via:setcreate_one_range
DEBUG:Randomizing: ConfigEntityZombie - DismemberMultiplierArms via:setcreate_one_range
DEBUG:Randomizing: ConfigEntityZombie - MaxViewAngle via:setcreate_rand_around_percent
DEBUG:Randomizing: ConfigEntityZombie - AINoiseSeekDist via:setcreate_rand_around_percent
DEBUG:Randomizing of this property is blocked in config file for entity: ConfigEntityZombie->Explosion.DamageBonus.earth->zombieBikerFeral
DEBUG:Randomizing: ConfigEntityZombie - JumpMaxDistance via:setcreate_two_range
DEBUG:Randomizing: ConfigEntityZombie - MaxTurnSpeed via:setcreate_rand_around_percent
DEBUG:Randomizing: ConfigEntityZombie - SmellAlertThreshold via:setcreate_rand_around_percent
DEBUG:Randomizing: ConfigEntityZombie - KnockdownProneStunDuration via:setcreate_two_range
DEBUG:Randomizing: ConfigEntityZombie - LegCrawlerThreshold via:setcreate_one_range
DEBUG:Randomizing: ConfigEntityZombie - MoveSpeed via:setcreate_one_range
DEBUG:Randomizing: ConfigEntityZombie - HealthAndExperienceGain via:custom_HealthAndExperienceGain
DEBUG:Randomizing of this property is blocked in config file for entity: ConfigEntityZombie->Explosion.RadiusEntities->zombieBikerFeral
DEBUG:########## GenerateNewEntityFromExistingName ##########
DEBUG:Looking for: zombieNurseFeral
DEBUG:Found: zombieNurseFeral
DEBUG:Cloned entity_class EntityZombie: zombieNurseFeral as: DoughsR71_zombieNurseFeral
DEBUG:Randomizing: ConfigEntityZombie - KnockdownKneelDamageThreshold via:setcreate_one_range
DEBUG:Randomizing: ConfigEntityZombie - KnockdownKneelStunDuration via:setcreate_two_range
DEBUG:Randomizing: ConfigEntityZombie - MassAndWeightAndSizeScale via:custom_MassAndWeightAndSizeScale
DEBUG:Randomizing: ConfigEntityZombie - AttackTimeoutDay via:setcreate_one_range
DEBUG:Randomizing: ConfigEntityZombie - WalkType via:custom_WalkType
DEBUG:Randomizing: ConfigEntityZombie - DismemberMultiplierHead via:setcreate_one_range
DEBUG:Randomizing of this property is blocked in config file for entity: ConfigEntityZombie->Explosion.BlockDamage->zombieNurseFeral
DEBUG:Randomizing: ConfigEntityZombie - TintMaterial via:custom_TintMaterial
DEBUG:Randomizing of this property is blocked in config file for entity: ConfigEntityZombie->Explosion.RadiusBlocks->zombieNurseFeral
DEBUG:Randomizing: ConfigEntityZombie - MoveSpeedAggro via:setcreate_two_range
DEBUG:Randomizing: ConfigEntityZombie - SightRange via:setcreate_rand_around_percent
DEBUG:Randomizing of this property is blocked in config file for entity: ConfigEntityZombie->Explosion.EntityDamage->zombieNurseFeral
DEBUG:Randomizing: ConfigEntityZombie - LookAtAngle via:setcreate_rand_around_percent
DEBUG:Randomizing of this property is blocked in config file for entity: ConfigEntityZombie->ExplodeDelay->zombieNurseFeral
DEBUG:Randomizing: ConfigEntityZombie - AttackTimeoutNight via:setcreate_one_range
DEBUG:Randomizing: ConfigEntityZombie - KnockdownProneDamageThreshold via:setcreate_one_range
DEBUG:Randomizing: ConfigEntityZombie - DismemberMultiplierLegs via:setcreate_one_range
DEBUG:Randomizing: ConfigEntityZombie - DismemberMultiplierArms via:setcreate_one_range
DEBUG:Randomizing: ConfigEntityZombie - MaxViewAngle via:setcreate_rand_around_percent
DEBUG:Randomizing: ConfigEntityZombie - AINoiseSeekDist via:setcreate_rand_around_percent
DEBUG:Randomizing of this property is blocked in config file for entity: ConfigEntityZombie->Explosion.DamageBonus.earth->zombieNurseFeral
DEBUG:Randomizing: ConfigEntityZombie - JumpMaxDistance via:setcreate_two_range
DEBUG:Randomizing: ConfigEntityZombie - MaxTurnSpeed via:setcreate_rand_around_percent
DEBUG:Randomizing: ConfigEntityZombie - SmellAlertThreshold via:setcreate_rand_around_percent
DEBUG:Randomizing: ConfigEntityZombie - KnockdownProneStunDuration via:setcreate_two_range
DEBUG:Randomizing: ConfigEntityZombie - LegCrawlerThreshold via:setcreate_one_range
DEBUG:Randomizing: ConfigEntityZombie - MoveSpeed via:setcreate_one_range
DEBUG:Randomizing: ConfigEntityZombie - HealthAndExperienceGain via:custom_HealthAndExperienceGain
DEBUG:Randomizing of this property is blocked in config file for entity: ConfigEntityZombie->Explosion.RadiusEntities->zombieNurseFeral
DEBUG:########## GenerateNewEntityFromExistingName ##########
DEBUG:Looking for: zombieUMATemplateMale
DEBUG:Found: zombieUMATemplateMale
DEBUG:Cloned entity_class EntityZombie: zombieUMATemplateMale as: DoughsR72_zombieUMATemplateMale
DEBUG:Randomizing: ConfigEntityZombie - KnockdownKneelDamageThreshold via:setcreate_one_range
DEBUG:Randomizing: ConfigEntityZombie - KnockdownKneelStunDuration via:setcreate_two_range
DEBUG:Randomizing: ConfigEntityZombie - MassAndWeightAndSizeScale via:custom_MassAndWeightAndSizeScale
DEBUG:Randomizing: ConfigEntityZombie - AttackTimeoutDay via:setcreate_one_range
DEBUG:Randomizing: ConfigEntityZombie - WalkType via:custom_WalkType
DEBUG:Randomizing: ConfigEntityZombie - DismemberMultiplierHead via:setcreate_one_range
DEBUG:Randomizing of this property is blocked in config file for entity: ConfigEntityZombie->Explosion.BlockDamage->zombieUMATemplateMale
DEBUG:Randomizing: ConfigEntityZombie - TintMaterial via:custom_TintMaterial
DEBUG:Randomizing of this property is blocked in config file for entity: ConfigEntityZombie->Explosion.RadiusBlocks->zombieUMATemplateMale
DEBUG:Randomizing: ConfigEntityZombie - MoveSpeedAggro via:setcreate_two_range
DEBUG:Randomizing: ConfigEntityZombie - SightRange via:setcreate_rand_around_percent
DEBUG:Randomizing of this property is blocked in config file for entity: ConfigEntityZombie->Explosion.EntityDamage->zombieUMATemplateMale
DEBUG:Randomizing: ConfigEntityZombie - LookAtAngle via:setcreate_rand_around_percent
DEBUG:Randomizing of this property is blocked in config file for entity: ConfigEntityZombie->ExplodeDelay->zombieUMATemplateMale
DEBUG:Randomizing: ConfigEntityZombie - AttackTimeoutNight via:setcreate_one_range
DEBUG:Randomizing: ConfigEntityZombie - KnockdownProneDamageThreshold via:setcreate_one_range
DEBUG:Randomizing: ConfigEntityZombie - DismemberMultiplierLegs via:setcreate_one_range
DEBUG:Randomizing: ConfigEntityZombie - DismemberMultiplierArms via:setcreate_one_range
DEBUG:Randomizing: ConfigEntityZombie - MaxViewAngle via:setcreate_rand_around_percent
DEBUG:Randomizing: ConfigEntityZombie - AINoiseSeekDist via:setcreate_rand_around_percent
DEBUG:Randomizing of this property is blocked in config file for entity: ConfigEntityZombie->Explosion.DamageBonus.earth->zombieUMATemplateMale
DEBUG:Randomizing: ConfigEntityZombie - JumpMaxDistance via:setcreate_two_range
DEBUG:Randomizing: ConfigEntityZombie - MaxTurnSpeed via:setcreate_rand_around_percent
DEBUG:Randomizing: ConfigEntityZombie - SmellAlertThreshold via:setcreate_rand_around_percent
DEBUG:Randomizing: ConfigEntityZombie - KnockdownProneStunDuration via:setcreate_two_range
DEBUG:Randomizing: ConfigEntityZombie - LegCrawlerThreshold via:setcreate_one_range
DEBUG:Randomizing: ConfigEntityZombie - MoveSpeed via:setcreate_one_range
DEBUG:Randomizing: ConfigEntityZombie - HealthAndExperienceGain via:custom_HealthAndExperienceGain
DEBUG:Randomizing of this property is blocked in config file for entity: ConfigEntityZombie->Explosion.RadiusEntities->zombieUMATemplateMale
DEBUG:########## GenerateNewEntityFromExistingName ##########
DEBUG:Looking for: zombieSteveCrawlerFeral
DEBUG:Found: zombieSteveCrawlerFeral
DEBUG:Cloned entity_class EntityZombie: zombieSteveCrawlerFeral as: DoughsR73_zombieSteveCrawlerFeral
DEBUG:Randomizing: ConfigEntityZombie - KnockdownKneelDamageThreshold via:setcreate_one_range
DEBUG:Randomizing: ConfigEntityZombie - KnockdownKneelStunDuration via:setcreate_two_range
DEBUG:Randomizing: ConfigEntityZombie - MassAndWeightAndSizeScale via:custom_MassAndWeightAndSizeScale
DEBUG:Randomizing: ConfigEntityZombie - AttackTimeoutDay via:setcreate_one_range
DEBUG:Randomizing: ConfigEntityZombie - WalkType via:custom_WalkType
DEBUG:Randomizing: ConfigEntityZombie - DismemberMultiplierHead via:setcreate_one_range
DEBUG:Randomizing of this property is blocked in config file for entity: ConfigEntityZombie->Explosion.BlockDamage->zombieSteveCrawlerFeral
DEBUG:Randomizing: ConfigEntityZombie - TintMaterial via:custom_TintMaterial
DEBUG:Randomizing of this property is blocked in config file for entity: ConfigEntityZombie->Explosion.RadiusBlocks->zombieSteveCrawlerFeral
DEBUG:Randomizing: ConfigEntityZombie - MoveSpeedAggro via:setcreate_two_range
DEBUG:Randomizing: ConfigEntityZombie - SightRange via:setcreate_rand_around_percent
DEBUG:Randomizing of this property is blocked in config file for entity: ConfigEntityZombie->Explosion.EntityDamage->zombieSteveCrawlerFeral
DEBUG:Randomizing: ConfigEntityZombie - LookAtAngle via:setcreate_rand_around_percent
DEBUG:Randomizing of this property is blocked in config file for entity: ConfigEntityZombie->ExplodeDelay->zombieSteveCrawlerFeral
DEBUG:Randomizing: ConfigEntityZombie - AttackTimeoutNight via:setcreate_one_range
DEBUG:Randomizing: ConfigEntityZombie - KnockdownProneDamageThreshold via:setcreate_one_range
DEBUG:Randomizing: ConfigEntityZombie - DismemberMultiplierLegs via:setcreate_one_range
DEBUG:Randomizing: ConfigEntityZombie - DismemberMultiplierArms via:setcreate_one_range
DEBUG:Randomizing: ConfigEntityZombie - MaxViewAngle via:setcreate_rand_around_percent
DEBUG:Randomizing: ConfigEntityZombie - AINoiseSeekDist via:setcreate_rand_around_percent
DEBUG:Randomizing of this property is blocked in config file for entity: ConfigEntityZombie->Explosion.DamageBonus.earth->zombieSteveCrawlerFeral
DEBUG:Randomizing: ConfigEntityZombie - JumpMaxDistance via:setcreate_two_range
DEBUG:Randomizing: ConfigEntityZombie - MaxTurnSpeed via:setcreate_rand_around_percent
DEBUG:Randomizing: ConfigEntityZombie - SmellAlertThreshold via:setcreate_rand_around_percent
DEBUG:Randomizing: ConfigEntityZombie - KnockdownProneStunDuration via:setcreate_two_range
DEBUG:Randomizing: ConfigEntityZombie - LegCrawlerThreshold via:setcreate_one_range
DEBUG:Randomizing: ConfigEntityZombie - MoveSpeed via:setcreate_one_range
DEBUG:Randomizing: ConfigEntityZombie - HealthAndExperienceGain via:custom_HealthAndExperienceGain
DEBUG:Randomizing of this property is blocked in config file for entity: ConfigEntityZombie->Explosion.RadiusEntities->zombieSteveCrawlerFeral
DEBUG:########## GenerateNewEntityFromExistingName ##########
DEBUG:Looking for: zombieMoeFeral
DEBUG:Found: zombieMoeFeral
DEBUG:Cloned entity_class EntityZombie: zombieMoeFeral as: DoughsR74_zombieMoeFeral
DEBUG:Randomizing: ConfigEntityZombie - KnockdownKneelDamageThreshold via:setcreate_one_range
DEBUG:Randomizing: ConfigEntityZombie - KnockdownKneelStunDuration via:setcreate_two_range
DEBUG:Randomizing: ConfigEntityZombie - MassAndWeightAndSizeScale via:custom_MassAndWeightAndSizeScale
DEBUG:Randomizing: ConfigEntityZombie - AttackTimeoutDay via:setcreate_one_range
DEBUG:Randomizing: ConfigEntityZombie - WalkType via:custom_WalkType
DEBUG:Randomizing: ConfigEntityZombie - DismemberMultiplierHead via:setcreate_one_range
DEBUG:Randomizing of this property is blocked in config file for entity: ConfigEntityZombie->Explosion.BlockDamage->zombieMoeFeral
DEBUG:Randomizing: ConfigEntityZombie - TintMaterial via:custom_TintMaterial
DEBUG:Randomizing of this property is blocked in config file for entity: ConfigEntityZombie->Explosion.RadiusBlocks->zombieMoeFeral
DEBUG:Randomizing: ConfigEntityZombie - MoveSpeedAggro via:setcreate_two_range
DEBUG:Randomizing: ConfigEntityZombie - SightRange via:setcreate_rand_around_percent
DEBUG:Randomizing of this property is blocked in config file for entity: ConfigEntityZombie->Explosion.EntityDamage->zombieMoeFeral
DEBUG:Randomizing: ConfigEntityZombie - LookAtAngle via:setcreate_rand_around_percent
DEBUG:Randomizing of this property is blocked in config file for entity: ConfigEntityZombie->ExplodeDelay->zombieMoeFeral
DEBUG:Randomizing: ConfigEntityZombie - AttackTimeoutNight via:setcreate_one_range
DEBUG:Randomizing: ConfigEntityZombie - KnockdownProneDamageThreshold via:setcreate_one_range
DEBUG:Randomizing: ConfigEntityZombie - DismemberMultiplierLegs via:setcreate_one_range
DEBUG:Randomizing: ConfigEntityZombie - DismemberMultiplierArms via:setcreate_one_range
DEBUG:Randomizing: ConfigEntityZombie - MaxViewAngle via:setcreate_rand_around_percent
DEBUG:Randomizing: ConfigEntityZombie - AINoiseSeekDist via:setcreate_rand_around_percent
DEBUG:Randomizing of this property is blocked in config file for entity: ConfigEntityZombie->Explosion.DamageBonus.earth->zombieMoeFeral
DEBUG:Randomizing: ConfigEntityZombie - JumpMaxDistance via:setcreate_two_range
DEBUG:Randomizing: ConfigEntityZombie - MaxTurnSpeed via:setcreate_rand_around_percent
DEBUG:Randomizing: ConfigEntityZombie - SmellAlertThreshold via:setcreate_rand_around_percent
DEBUG:Randomizing: ConfigEntityZombie - KnockdownProneStunDuration via:setcreate_two_range
DEBUG:Randomizing: ConfigEntityZombie - LegCrawlerThreshold via:setcreate_one_range
DEBUG:Randomizing: ConfigEntityZombie - MoveSpeed via:setcreate_one_range
DEBUG:Randomizing: ConfigEntityZombie - HealthAndExperienceGain via:custom_HealthAndExperienceGain
DEBUG:Randomizing of this property is blocked in config file for entity: ConfigEntityZombie->Explosion.RadiusEntities->zombieMoeFeral
DEBUG:########## GenerateNewEntityFromExistingName ##########
DEBUG:Looking for: zombieSkateboarderRadiated
DEBUG:Found: zombieSkateboarderRadiated
DEBUG:Cloned entity_class EntityZombie: zombieSkateboarderRadiated as: DoughsR75_zombieSkateboarderRadiated
DEBUG:Randomizing: ConfigEntityZombie - KnockdownKneelDamageThreshold via:setcreate_one_range
DEBUG:Randomizing: ConfigEntityZombie - KnockdownKneelStunDuration via:setcreate_two_range
DEBUG:Randomizing: ConfigEntityZombie - MassAndWeightAndSizeScale via:custom_MassAndWeightAndSizeScale
DEBUG:Randomizing: ConfigEntityZombie - AttackTimeoutDay via:setcreate_one_range
DEBUG:Randomizing: ConfigEntityZombie - WalkType via:custom_WalkType
DEBUG:Randomizing: ConfigEntityZombie - DismemberMultiplierHead via:setcreate_one_range
DEBUG:Randomizing of this property is blocked in config file for entity: ConfigEntityZombie->Explosion.BlockDamage->zombieSkateboarderRadiated
DEBUG:Randomizing: ConfigEntityZombie - TintMaterial via:custom_TintMaterial
DEBUG:Randomizing of this property is blocked in config file for entity: ConfigEntityZombie->Explosion.RadiusBlocks->zombieSkateboarderRadiated
DEBUG:Randomizing: ConfigEntityZombie - MoveSpeedAggro via:setcreate_two_range
DEBUG:Randomizing: ConfigEntityZombie - SightRange via:setcreate_rand_around_percent
DEBUG:Randomizing of this property is blocked in config file for entity: ConfigEntityZombie->Explosion.EntityDamage->zombieSkateboarderRadiated
DEBUG:Randomizing: ConfigEntityZombie - LookAtAngle via:setcreate_rand_around_percent
DEBUG:Randomizing of this property is blocked in config file for entity: ConfigEntityZombie->ExplodeDelay->zombieSkateboarderRadiated
DEBUG:Randomizing: ConfigEntityZombie - AttackTimeoutNight via:setcreate_one_range
DEBUG:Randomizing: ConfigEntityZombie - KnockdownProneDamageThreshold via:setcreate_one_range
DEBUG:Randomizing: ConfigEntityZombie - DismemberMultiplierLegs via:setcreate_one_range
DEBUG:Randomizing: ConfigEntityZombie - DismemberMultiplierArms via:setcreate_one_range
DEBUG:Randomizing: ConfigEntityZombie - MaxViewAngle via:setcreate_rand_around_percent
DEBUG:Randomizing: ConfigEntityZombie - AINoiseSeekDist via:setcreate_rand_around_percent
DEBUG:Randomizing of this property is blocked in config file for entity: ConfigEntityZombie->Explosion.DamageBonus.earth->zombieSkateboarderRadiated
DEBUG:Randomizing: ConfigEntityZombie - JumpMaxDistance via:setcreate_two_range
DEBUG:Randomizing: ConfigEntityZombie - MaxTurnSpeed via:setcreate_rand_around_percent
DEBUG:Randomizing: ConfigEntityZombie - SmellAlertThreshold via:setcreate_rand_around_percent
DEBUG:Randomizing: ConfigEntityZombie - KnockdownProneStunDuration via:setcreate_two_range
DEBUG:Randomizing: ConfigEntityZombie - LegCrawlerThreshold via:setcreate_one_range
DEBUG:Randomizing: ConfigEntityZombie - MoveSpeed via:setcreate_one_range
DEBUG:Randomizing: ConfigEntityZombie - HealthAndExperienceGain via:custom_HealthAndExperienceGain
DEBUG:Randomizing of this property is blocked in config file for entity: ConfigEntityZombie->Explosion.RadiusEntities->zombieSkateboarderRadiated
DEBUG:########## GenerateNewEntityFromExistingName ##########
DEBUG:Looking for: zombieDemolition
DEBUG:Found: zombieDemolition
DEBUG:Cloned entity_class EntityZombie: zombieDemolition as: DoughsR76_zombieDemolition
DEBUG:Randomizing: ConfigEntityZombie - KnockdownKneelDamageThreshold via:setcreate_one_range
DEBUG:Randomizing: ConfigEntityZombie - KnockdownKneelStunDuration via:setcreate_two_range
DEBUG:Randomizing: ConfigEntityZombie - MassAndWeightAndSizeScale via:custom_MassAndWeightAndSizeScale
DEBUG:Randomizing: ConfigEntityZombie - AttackTimeoutDay via:setcreate_one_range
DEBUG:Randomizing: ConfigEntityZombie - WalkType via:custom_WalkType
DEBUG:Randomizing: ConfigEntityZombie - DismemberMultiplierHead via:setcreate_one_range
DEBUG:Randomizing: ConfigEntityZombie - Explosion.BlockDamage via:setcreate_one_range
DEBUG:Randomizing: ConfigEntityZombie - TintMaterial via:custom_TintMaterial
DEBUG:Randomizing: ConfigEntityZombie - Explosion.RadiusBlocks via:setcreate_one_range
DEBUG:Randomizing: ConfigEntityZombie - MoveSpeedAggro via:setcreate_two_range
DEBUG:Randomizing: ConfigEntityZombie - SightRange via:setcreate_rand_around_percent
DEBUG:Randomizing: ConfigEntityZombie - Explosion.EntityDamage via:setcreate_one_range
DEBUG:Randomizing: ConfigEntityZombie - LookAtAngle via:setcreate_rand_around_percent
DEBUG:Randomizing: ConfigEntityZombie - ExplodeDelay via:setcreate_one_range
DEBUG:Randomizing: ConfigEntityZombie - AttackTimeoutNight via:setcreate_one_range
DEBUG:Randomizing: ConfigEntityZombie - KnockdownProneDamageThreshold via:setcreate_one_range
DEBUG:Randomizing: ConfigEntityZombie - DismemberMultiplierLegs via:setcreate_one_range
DEBUG:Randomizing: ConfigEntityZombie - DismemberMultiplierArms via:setcreate_one_range
DEBUG:Randomizing: ConfigEntityZombie - MaxViewAngle via:setcreate_rand_around_percent
DEBUG:Randomizing: ConfigEntityZombie - AINoiseSeekDist via:setcreate_rand_around_percent
DEBUG:Randomizing: ConfigEntityZombie - Explosion.DamageBonus.earth via:setcreate_one_range
DEBUG:Randomizing: ConfigEntityZombie - JumpMaxDistance via:setcreate_two_range
DEBUG:Randomizing: ConfigEntityZombie - MaxTurnSpeed via:setcreate_rand_around_percent
DEBUG:Randomizing: ConfigEntityZombie - SmellAlertThreshold via:setcreate_rand_around_percent
DEBUG:Randomizing: ConfigEntityZombie - KnockdownProneStunDuration via:setcreate_two_range
DEBUG:Randomizing: ConfigEntityZombie - LegCrawlerThreshold via:setcreate_one_range
DEBUG:Randomizing: ConfigEntityZombie - MoveSpeed via:setcreate_one_range
DEBUG:Randomizing: ConfigEntityZombie - HealthAndExperienceGain via:custom_HealthAndExperienceGain
DEBUG:Randomizing: ConfigEntityZombie - Explosion.RadiusEntities via:setcreate_one_range
DEBUG:########## GenerateNewEntityFromExistingName ##########
DEBUG:Looking for: zombieUMATemplateFemale
DEBUG:Found: zombieUMATemplateFemale
DEBUG:Cloned entity_class EntityZombie: zombieUMATemplateFemale as: DoughsR77_zombieUMATemplateFemale
DEBUG:Randomizing: ConfigEntityZombie - KnockdownKneelDamageThreshold via:setcreate_one_range
DEBUG:Randomizing: ConfigEntityZombie - KnockdownKneelStunDuration via:setcreate_two_range
DEBUG:Randomizing: ConfigEntityZombie - MassAndWeightAndSizeScale via:custom_MassAndWeightAndSizeScale
DEBUG:Randomizing: ConfigEntityZombie - AttackTimeoutDay via:setcreate_one_range
DEBUG:Randomizing: ConfigEntityZombie - WalkType via:custom_WalkType
DEBUG:Randomizing: ConfigEntityZombie - DismemberMultiplierHead via:setcreate_one_range
DEBUG:Randomizing of this property is blocked in config file for entity: ConfigEntityZombie->Explosion.BlockDamage->zombieUMATemplateFemale
DEBUG:Randomizing: ConfigEntityZombie - TintMaterial via:custom_TintMaterial
DEBUG:Randomizing of this property is blocked in config file for entity: ConfigEntityZombie->Explosion.RadiusBlocks->zombieUMATemplateFemale
DEBUG:Randomizing: ConfigEntityZombie - MoveSpeedAggro via:setcreate_two_range
DEBUG:Randomizing: ConfigEntityZombie - SightRange via:setcreate_rand_around_percent
DEBUG:Randomizing of this property is blocked in config file for entity: ConfigEntityZombie->Explosion.EntityDamage->zombieUMATemplateFemale
DEBUG:Randomizing: ConfigEntityZombie - LookAtAngle via:setcreate_rand_around_percent
DEBUG:Randomizing of this property is blocked in config file for entity: ConfigEntityZombie->ExplodeDelay->zombieUMATemplateFemale
DEBUG:Randomizing: ConfigEntityZombie - AttackTimeoutNight via:setcreate_one_range
DEBUG:Randomizing: ConfigEntityZombie - KnockdownProneDamageThreshold via:setcreate_one_range
DEBUG:Randomizing: ConfigEntityZombie - DismemberMultiplierLegs via:setcreate_one_range
DEBUG:Randomizing: ConfigEntityZombie - DismemberMultiplierArms via:setcreate_one_range
DEBUG:Randomizing: ConfigEntityZombie - MaxViewAngle via:setcreate_rand_around_percent
DEBUG:Randomizing: ConfigEntityZombie - AINoiseSeekDist via:setcreate_rand_around_percent
DEBUG:Randomizing of this property is blocked in config file for entity: ConfigEntityZombie->Explosion.DamageBonus.earth->zombieUMATemplateFemale
DEBUG:Randomizing: ConfigEntityZombie - JumpMaxDistance via:setcreate_two_range
DEBUG:Randomizing: ConfigEntityZombie - MaxTurnSpeed via:setcreate_rand_around_percent
DEBUG:Randomizing: ConfigEntityZombie - SmellAlertThreshold via:setcreate_rand_around_percent
DEBUG:Randomizing: ConfigEntityZombie - KnockdownProneStunDuration via:setcreate_two_range
DEBUG:Randomizing: ConfigEntityZombie - LegCrawlerThreshold via:setcreate_one_range
DEBUG:Randomizing: ConfigEntityZombie - MoveSpeed via:setcreate_one_range
DEBUG:Randomizing: ConfigEntityZombie - HealthAndExperienceGain via:custom_HealthAndExperienceGain
DEBUG:Randomizing of this property is blocked in config file for entity: ConfigEntityZombie->Explosion.RadiusEntities->zombieUMATemplateFemale
DEBUG:########## GenerateNewEntityFromExistingName ##########
DEBUG:Looking for: zombieSteveFeral
DEBUG:Found: zombieSteveFeral
DEBUG:Cloned entity_class EntityZombie: zombieSteveFeral as: DoughsR78_zombieSteveFeral
DEBUG:Randomizing: ConfigEntityZombie - KnockdownKneelDamageThreshold via:setcreate_one_range
DEBUG:Randomizing: ConfigEntityZombie - KnockdownKneelStunDuration via:setcreate_two_range
DEBUG:Randomizing: ConfigEntityZombie - MassAndWeightAndSizeScale via:custom_MassAndWeightAndSizeScale
DEBUG:Randomizing: ConfigEntityZombie - AttackTimeoutDay via:setcreate_one_range
DEBUG:Randomizing: ConfigEntityZombie - WalkType via:custom_WalkType
DEBUG:Randomizing: ConfigEntityZombie - DismemberMultiplierHead via:setcreate_one_range
DEBUG:Randomizing of this property is blocked in config file for entity: ConfigEntityZombie->Explosion.BlockDamage->zombieSteveFeral
DEBUG:Randomizing: ConfigEntityZombie - TintMaterial via:custom_TintMaterial
DEBUG:Randomizing of this property is blocked in config file for entity: ConfigEntityZombie->Explosion.RadiusBlocks->zombieSteveFeral
DEBUG:Randomizing: ConfigEntityZombie - MoveSpeedAggro via:setcreate_two_range
DEBUG:Randomizing: ConfigEntityZombie - SightRange via:setcreate_rand_around_percent
DEBUG:Randomizing of this property is blocked in config file for entity: ConfigEntityZombie->Explosion.EntityDamage->zombieSteveFeral
DEBUG:Randomizing: ConfigEntityZombie - LookAtAngle via:setcreate_rand_around_percent
DEBUG:Randomizing of this property is blocked in config file for entity: ConfigEntityZombie->ExplodeDelay->zombieSteveFeral
DEBUG:Randomizing: ConfigEntityZombie - AttackTimeoutNight via:setcreate_one_range
DEBUG:Randomizing: ConfigEntityZombie - KnockdownProneDamageThreshold via:setcreate_one_range
DEBUG:Randomizing: ConfigEntityZombie - DismemberMultiplierLegs via:setcreate_one_range
DEBUG:Randomizing: ConfigEntityZombie - DismemberMultiplierArms via:setcreate_one_range
DEBUG:Randomizing: ConfigEntityZombie - MaxViewAngle via:setcreate_rand_around_percent
DEBUG:Randomizing: ConfigEntityZombie - AINoiseSeekDist via:setcreate_rand_around_percent
DEBUG:Randomizing of this property is blocked in config file for entity: ConfigEntityZombie->Explosion.DamageBonus.earth->zombieSteveFeral
DEBUG:Randomizing: ConfigEntityZombie - JumpMaxDistance via:setcreate_two_range
DEBUG:Randomizing: ConfigEntityZombie - MaxTurnSpeed via:setcreate_rand_around_percent
DEBUG:Randomizing: ConfigEntityZombie - SmellAlertThreshold via:setcreate_rand_around_percent
DEBUG:Randomizing: ConfigEntityZombie - KnockdownProneStunDuration via:setcreate_two_range
DEBUG:Randomizing: ConfigEntityZombie - LegCrawlerThreshold via:setcreate_one_range
DEBUG:Randomizing: ConfigEntityZombie - MoveSpeed via:setcreate_one_range
DEBUG:Randomizing: ConfigEntityZombie - HealthAndExperienceGain via:custom_HealthAndExperienceGain
DEBUG:Randomizing of this property is blocked in config file for entity: ConfigEntityZombie->Explosion.RadiusEntities->zombieSteveFeral
DEBUG:########## GenerateNewEntityFromExistingName ##########
DEBUG:Looking for: zombieYoFeral
DEBUG:Found: zombieYoFeral
DEBUG:Cloned entity_class EntityZombie: zombieYoFeral as: DoughsR79_zombieYoFeral
DEBUG:Randomizing: ConfigEntityZombie - KnockdownKneelDamageThreshold via:setcreate_one_range
DEBUG:Randomizing: ConfigEntityZombie - KnockdownKneelStunDuration via:setcreate_two_range
DEBUG:Randomizing: ConfigEntityZombie - MassAndWeightAndSizeScale via:custom_MassAndWeightAndSizeScale
DEBUG:Randomizing: ConfigEntityZombie - AttackTimeoutDay via:setcreate_one_range
DEBUG:Randomizing: ConfigEntityZombie - WalkType via:custom_WalkType
DEBUG:Randomizing: ConfigEntityZombie - DismemberMultiplierHead via:setcreate_one_range
DEBUG:Randomizing of this property is blocked in config file for entity: ConfigEntityZombie->Explosion.BlockDamage->zombieYoFeral
DEBUG:Randomizing: ConfigEntityZombie - TintMaterial via:custom_TintMaterial
DEBUG:Randomizing of this property is blocked in config file for entity: ConfigEntityZombie->Explosion.RadiusBlocks->zombieYoFeral
DEBUG:Randomizing: ConfigEntityZombie - MoveSpeedAggro via:setcreate_two_range
DEBUG:Randomizing: ConfigEntityZombie - SightRange via:setcreate_rand_around_percent
DEBUG:Randomizing of this property is blocked in config file for entity: ConfigEntityZombie->Explosion.EntityDamage->zombieYoFeral
DEBUG:Randomizing: ConfigEntityZombie - LookAtAngle via:setcreate_rand_around_percent
DEBUG:Randomizing of this property is blocked in config file for entity: ConfigEntityZombie->ExplodeDelay->zombieYoFeral
DEBUG:Randomizing: ConfigEntityZombie - AttackTimeoutNight via:setcreate_one_range
DEBUG:Randomizing: ConfigEntityZombie - KnockdownProneDamageThreshold via:setcreate_one_range
DEBUG:Randomizing: ConfigEntityZombie - DismemberMultiplierLegs via:setcreate_one_range
DEBUG:Randomizing: ConfigEntityZombie - DismemberMultiplierArms via:setcreate_one_range
DEBUG:Randomizing: ConfigEntityZombie - MaxViewAngle via:setcreate_rand_around_percent
DEBUG:Randomizing: ConfigEntityZombie - AINoiseSeekDist via:setcreate_rand_around_percent
DEBUG:Randomizing of this property is blocked in config file for entity: ConfigEntityZombie->Explosion.DamageBonus.earth->zombieYoFeral
DEBUG:Randomizing: ConfigEntityZombie - JumpMaxDistance via:setcreate_two_range
DEBUG:Randomizing: ConfigEntityZombie - MaxTurnSpeed via:setcreate_rand_around_percent
DEBUG:Randomizing: ConfigEntityZombie - SmellAlertThreshold via:setcreate_rand_around_percent
DEBUG:Randomizing: ConfigEntityZombie - KnockdownProneStunDuration via:setcreate_two_range
DEBUG:Randomizing: ConfigEntityZombie - LegCrawlerThreshold via:setcreate_one_range
DEBUG:Randomizing: ConfigEntityZombie - MoveSpeed via:setcreate_one_range
DEBUG:Randomizing: ConfigEntityZombie - HealthAndExperienceGain via:custom_HealthAndExperienceGain
DEBUG:Randomizing of this property is blocked in config file for entity: ConfigEntityZombie->Explosion.RadiusEntities->zombieYoFeral
DEBUG:########## GenerateNewEntityFromExistingName ##########
DEBUG:Looking for: zombieCheerleaderFeral
DEBUG:Found: zombieCheerleaderFeral
DEBUG:Cloned entity_class EntityZombie: zombieCheerleaderFeral as: DoughsR80_zombieCheerleaderFeral
DEBUG:Randomizing: ConfigEntityZombie - KnockdownKneelDamageThreshold via:setcreate_one_range
DEBUG:Randomizing: ConfigEntityZombie - KnockdownKneelStunDuration via:setcreate_two_range
DEBUG:Randomizing: ConfigEntityZombie - MassAndWeightAndSizeScale via:custom_MassAndWeightAndSizeScale
DEBUG:Randomizing: ConfigEntityZombie - AttackTimeoutDay via:setcreate_one_range
DEBUG:Randomizing: ConfigEntityZombie - WalkType via:custom_WalkType
DEBUG:Randomizing: ConfigEntityZombie - DismemberMultiplierHead via:setcreate_one_range
DEBUG:Randomizing of this property is blocked in config file for entity: ConfigEntityZombie->Explosion.BlockDamage->zombieCheerleaderFeral
DEBUG:Randomizing: ConfigEntityZombie - TintMaterial via:custom_TintMaterial
DEBUG:Randomizing of this property is blocked in config file for entity: ConfigEntityZombie->Explosion.RadiusBlocks->zombieCheerleaderFeral
DEBUG:Randomizing: ConfigEntityZombie - MoveSpeedAggro via:setcreate_two_range
DEBUG:Randomizing: ConfigEntityZombie - SightRange via:setcreate_rand_around_percent
DEBUG:Randomizing of this property is blocked in config file for entity: ConfigEntityZombie->Explosion.EntityDamage->zombieCheerleaderFeral
DEBUG:Randomizing: ConfigEntityZombie - LookAtAngle via:setcreate_rand_around_percent
DEBUG:Randomizing of this property is blocked in config file for entity: ConfigEntityZombie->ExplodeDelay->zombieCheerleaderFeral
DEBUG:Randomizing: ConfigEntityZombie - AttackTimeoutNight via:setcreate_one_range
DEBUG:Randomizing: ConfigEntityZombie - KnockdownProneDamageThreshold via:setcreate_one_range
DEBUG:Randomizing: ConfigEntityZombie - DismemberMultiplierLegs via:setcreate_one_range
DEBUG:Randomizing: ConfigEntityZombie - DismemberMultiplierArms via:setcreate_one_range
DEBUG:Randomizing: ConfigEntityZombie - MaxViewAngle via:setcreate_rand_around_percent
DEBUG:Randomizing: ConfigEntityZombie - AINoiseSeekDist via:setcreate_rand_around_percent
DEBUG:Randomizing of this property is blocked in config file for entity: ConfigEntityZombie->Explosion.DamageBonus.earth->zombieCheerleaderFeral
DEBUG:Randomizing: ConfigEntityZombie - JumpMaxDistance via:setcreate_two_range
DEBUG:Randomizing: ConfigEntityZombie - MaxTurnSpeed via:setcreate_rand_around_percent
DEBUG:Randomizing: ConfigEntityZombie - SmellAlertThreshold via:setcreate_rand_around_percent
DEBUG:Randomizing: ConfigEntityZombie - KnockdownProneStunDuration via:setcreate_two_range
DEBUG:Randomizing: ConfigEntityZombie - LegCrawlerThreshold via:setcreate_one_range
DEBUG:Randomizing: ConfigEntityZombie - MoveSpeed via:setcreate_one_range
DEBUG:Randomizing: ConfigEntityZombie - HealthAndExperienceGain via:custom_HealthAndExperienceGain
DEBUG:Randomizing of this property is blocked in config file for entity: ConfigEntityZombie->Explosion.RadiusEntities->zombieCheerleaderFeral
DEBUG:########## GenerateNewEntityFromExistingName ##########
DEBUG:Looking for: zombieSteveRadiated
DEBUG:Found: zombieSteveRadiated
DEBUG:Cloned entity_class EntityZombie: zombieSteveRadiated as: DoughsR81_zombieSteveRadiated
DEBUG:Randomizing: ConfigEntityZombie - KnockdownKneelDamageThreshold via:setcreate_one_range
DEBUG:Randomizing: ConfigEntityZombie - KnockdownKneelStunDuration via:setcreate_two_range
DEBUG:Randomizing: ConfigEntityZombie - MassAndWeightAndSizeScale via:custom_MassAndWeightAndSizeScale
DEBUG:Randomizing: ConfigEntityZombie - AttackTimeoutDay via:setcreate_one_range
DEBUG:Randomizing: ConfigEntityZombie - WalkType via:custom_WalkType
DEBUG:Randomizing: ConfigEntityZombie - DismemberMultiplierHead via:setcreate_one_range
DEBUG:Randomizing of this property is blocked in config file for entity: ConfigEntityZombie->Explosion.BlockDamage->zombieSteveRadiated
DEBUG:Randomizing: ConfigEntityZombie - TintMaterial via:custom_TintMaterial
DEBUG:Randomizing of this property is blocked in config file for entity: ConfigEntityZombie->Explosion.RadiusBlocks->zombieSteveRadiated
DEBUG:Randomizing: ConfigEntityZombie - MoveSpeedAggro via:setcreate_two_range
DEBUG:Randomizing: ConfigEntityZombie - SightRange via:setcreate_rand_around_percent
DEBUG:Randomizing of this property is blocked in config file for entity: ConfigEntityZombie->Explosion.EntityDamage->zombieSteveRadiated
DEBUG:Randomizing: ConfigEntityZombie - LookAtAngle via:setcreate_rand_around_percent
DEBUG:Randomizing of this property is blocked in config file for entity: ConfigEntityZombie->ExplodeDelay->zombieSteveRadiated
DEBUG:Randomizing: ConfigEntityZombie - AttackTimeoutNight via:setcreate_one_range
DEBUG:Randomizing: ConfigEntityZombie - KnockdownProneDamageThreshold via:setcreate_one_range
DEBUG:Randomizing: ConfigEntityZombie - DismemberMultiplierLegs via:setcreate_one_range
DEBUG:Randomizing: ConfigEntityZombie - DismemberMultiplierArms via:setcreate_one_range
DEBUG:Randomizing: ConfigEntityZombie - MaxViewAngle via:setcreate_rand_around_percent
DEBUG:Randomizing: ConfigEntityZombie - AINoiseSeekDist via:setcreate_rand_around_percent
DEBUG:Randomizing of this property is blocked in config file for entity: ConfigEntityZombie->Explosion.DamageBonus.earth->zombieSteveRadiated
DEBUG:Randomizing: ConfigEntityZombie - JumpMaxDistance via:setcreate_two_range
DEBUG:Randomizing: ConfigEntityZombie - MaxTurnSpeed via:setcreate_rand_around_percent
DEBUG:Randomizing: ConfigEntityZombie - SmellAlertThreshold via:setcreate_rand_around_percent
DEBUG:Randomizing: ConfigEntityZombie - KnockdownProneStunDuration via:setcreate_two_range
DEBUG:Randomizing: ConfigEntityZombie - LegCrawlerThreshold via:setcreate_one_range
DEBUG:Randomizing: ConfigEntityZombie - MoveSpeed via:setcreate_one_range
DEBUG:Randomizing: ConfigEntityZombie - HealthAndExperienceGain via:custom_HealthAndExperienceGain
DEBUG:Randomizing of this property is blocked in config file for entity: ConfigEntityZombie->Explosion.RadiusEntities->zombieSteveRadiated
DEBUG:########## GenerateNewEntityFromExistingName ##########
DEBUG:Looking for: zombieFarmerFeral
DEBUG:Found: zombieFarmerFeral
DEBUG:Cloned entity_class EntityZombie: zombieFarmerFeral as: DoughsR82_zombieFarmerFeral
DEBUG:Randomizing: ConfigEntityZombie - KnockdownKneelDamageThreshold via:setcreate_one_range
DEBUG:Randomizing: ConfigEntityZombie - KnockdownKneelStunDuration via:setcreate_two_range
DEBUG:Randomizing: ConfigEntityZombie - MassAndWeightAndSizeScale via:custom_MassAndWeightAndSizeScale
DEBUG:Randomizing: ConfigEntityZombie - AttackTimeoutDay via:setcreate_one_range
DEBUG:Randomizing: ConfigEntityZombie - WalkType via:custom_WalkType
DEBUG:Randomizing: ConfigEntityZombie - DismemberMultiplierHead via:setcreate_one_range
DEBUG:Randomizing of this property is blocked in config file for entity: ConfigEntityZombie->Explosion.BlockDamage->zombieFarmerFeral
DEBUG:Randomizing: ConfigEntityZombie - TintMaterial via:custom_TintMaterial
DEBUG:Randomizing of this property is blocked in config file for entity: ConfigEntityZombie->Explosion.RadiusBlocks->zombieFarmerFeral
DEBUG:Randomizing: ConfigEntityZombie - MoveSpeedAggro via:setcreate_two_range
DEBUG:Randomizing: ConfigEntityZombie - SightRange via:setcreate_rand_around_percent
DEBUG:Randomizing of this property is blocked in config file for entity: ConfigEntityZombie->Explosion.EntityDamage->zombieFarmerFeral
DEBUG:Randomizing: ConfigEntityZombie - LookAtAngle via:setcreate_rand_around_percent
DEBUG:Randomizing of this property is blocked in config file for entity: ConfigEntityZombie->ExplodeDelay->zombieFarmerFeral
DEBUG:Randomizing: ConfigEntityZombie - AttackTimeoutNight via:setcreate_one_range
DEBUG:Randomizing: ConfigEntityZombie - KnockdownProneDamageThreshold via:setcreate_one_range
DEBUG:Randomizing: ConfigEntityZombie - DismemberMultiplierLegs via:setcreate_one_range
DEBUG:Randomizing: ConfigEntityZombie - DismemberMultiplierArms via:setcreate_one_range
DEBUG:Randomizing: ConfigEntityZombie - MaxViewAngle via:setcreate_rand_around_percent
DEBUG:Randomizing: ConfigEntityZombie - AINoiseSeekDist via:setcreate_rand_around_percent
DEBUG:Randomizing of this property is blocked in config file for entity: ConfigEntityZombie->Explosion.DamageBonus.earth->zombieFarmerFeral
DEBUG:Randomizing: ConfigEntityZombie - JumpMaxDistance via:setcreate_two_range
DEBUG:Randomizing: ConfigEntityZombie - MaxTurnSpeed via:setcreate_rand_around_percent
DEBUG:Randomizing: ConfigEntityZombie - SmellAlertThreshold via:setcreate_rand_around_percent
DEBUG:Randomizing: ConfigEntityZombie - KnockdownProneStunDuration via:setcreate_two_range
DEBUG:Randomizing: ConfigEntityZombie - LegCrawlerThreshold via:setcreate_one_range
DEBUG:Randomizing: ConfigEntityZombie - MoveSpeed via:setcreate_one_range
DEBUG:Randomizing: ConfigEntityZombie - HealthAndExperienceGain via:custom_HealthAndExperienceGain
DEBUG:Randomizing of this property is blocked in config file for entity: ConfigEntityZombie->Explosion.RadiusEntities->zombieFarmerFeral
DEBUG:########## GenerateNewEntityFromExistingName ##########
DEBUG:Looking for: zombieOldTimer
DEBUG:Found: zombieOldTimer
DEBUG:Cloned entity_class EntityZombie: zombieOldTimer as: DoughsR83_zombieOldTimer
DEBUG:Randomizing: ConfigEntityZombie - KnockdownKneelDamageThreshold via:setcreate_one_range
DEBUG:Randomizing: ConfigEntityZombie - KnockdownKneelStunDuration via:setcreate_two_range
DEBUG:Randomizing: ConfigEntityZombie - MassAndWeightAndSizeScale via:custom_MassAndWeightAndSizeScale
DEBUG:Randomizing: ConfigEntityZombie - AttackTimeoutDay via:setcreate_one_range
DEBUG:Randomizing: ConfigEntityZombie - WalkType via:custom_WalkType
DEBUG:Randomizing: ConfigEntityZombie - DismemberMultiplierHead via:setcreate_one_range
DEBUG:Randomizing of this property is blocked in config file for entity: ConfigEntityZombie->Explosion.BlockDamage->zombieOldTimer
DEBUG:Randomizing: ConfigEntityZombie - TintMaterial via:custom_TintMaterial
DEBUG:Randomizing of this property is blocked in config file for entity: ConfigEntityZombie->Explosion.RadiusBlocks->zombieOldTimer
DEBUG:Randomizing: ConfigEntityZombie - MoveSpeedAggro via:setcreate_two_range
DEBUG:Randomizing: ConfigEntityZombie - SightRange via:setcreate_rand_around_percent
DEBUG:Randomizing of this property is blocked in config file for entity: ConfigEntityZombie->Explosion.EntityDamage->zombieOldTimer
DEBUG:Randomizing: ConfigEntityZombie - LookAtAngle via:setcreate_rand_around_percent
DEBUG:Randomizing of this property is blocked in config file for entity: ConfigEntityZombie->ExplodeDelay->zombieOldTimer
DEBUG:Randomizing: ConfigEntityZombie - AttackTimeoutNight via:setcreate_one_range
DEBUG:Randomizing: ConfigEntityZombie - KnockdownProneDamageThreshold via:setcreate_one_range
DEBUG:Randomizing: ConfigEntityZombie - DismemberMultiplierLegs via:setcreate_one_range
DEBUG:Randomizing: ConfigEntityZombie - DismemberMultiplierArms via:setcreate_one_range
DEBUG:Randomizing: ConfigEntityZombie - MaxViewAngle via:setcreate_rand_around_percent
DEBUG:Randomizing: ConfigEntityZombie - AINoiseSeekDist via:setcreate_rand_around_percent
DEBUG:Randomizing of this property is blocked in config file for entity: ConfigEntityZombie->Explosion.DamageBonus.earth->zombieOldTimer
DEBUG:Randomizing: ConfigEntityZombie - JumpMaxDistance via:setcreate_two_range
DEBUG:Randomizing: ConfigEntityZombie - MaxTurnSpeed via:setcreate_rand_around_percent
DEBUG:Randomizing: ConfigEntityZombie - SmellAlertThreshold via:setcreate_rand_around_percent
DEBUG:Randomizing: ConfigEntityZombie - KnockdownProneStunDuration via:setcreate_two_range
DEBUG:Randomizing: ConfigEntityZombie - LegCrawlerThreshold via:setcreate_one_range
DEBUG:Randomizing: ConfigEntityZombie - MoveSpeed via:setcreate_one_range
DEBUG:Randomizing: ConfigEntityZombie - HealthAndExperienceGain via:custom_HealthAndExperienceGain
DEBUG:Randomizing of this property is blocked in config file for entity: ConfigEntityZombie->Explosion.RadiusEntities->zombieOldTimer
DEBUG:########## GenerateNewEntityFromExistingName ##########
DEBUG:Looking for: zombieScreamerRadiated
DEBUG:Found: zombieScreamerRadiated
DEBUG:Cloned entity_class EntityZombie: zombieScreamerRadiated as: DoughsR84_zombieScreamerRadiated
DEBUG:Randomizing: ConfigEntityZombie - KnockdownKneelDamageThreshold via:setcreate_one_range
DEBUG:Randomizing: ConfigEntityZombie - KnockdownKneelStunDuration via:setcreate_two_range
DEBUG:Randomizing: ConfigEntityZombie - MassAndWeightAndSizeScale via:custom_MassAndWeightAndSizeScale
DEBUG:Randomizing: ConfigEntityZombie - AttackTimeoutDay via:setcreate_one_range
DEBUG:Randomizing: ConfigEntityZombie - WalkType via:custom_WalkType
DEBUG:Randomizing: ConfigEntityZombie - DismemberMultiplierHead via:setcreate_one_range
DEBUG:Randomizing of this property is blocked in config file for entity: ConfigEntityZombie->Explosion.BlockDamage->zombieScreamerRadiated
DEBUG:Randomizing: ConfigEntityZombie - TintMaterial via:custom_TintMaterial
DEBUG:Randomizing of this property is blocked in config file for entity: ConfigEntityZombie->Explosion.RadiusBlocks->zombieScreamerRadiated
DEBUG:Randomizing: ConfigEntityZombie - MoveSpeedAggro via:setcreate_two_range
DEBUG:Randomizing: ConfigEntityZombie - SightRange via:setcreate_rand_around_percent
DEBUG:Randomizing of this property is blocked in config file for entity: ConfigEntityZombie->Explosion.EntityDamage->zombieScreamerRadiated
DEBUG:Randomizing: ConfigEntityZombie - LookAtAngle via:setcreate_rand_around_percent
DEBUG:Randomizing of this property is blocked in config file for entity: ConfigEntityZombie->ExplodeDelay->zombieScreamerRadiated
DEBUG:Randomizing: ConfigEntityZombie - AttackTimeoutNight via:setcreate_one_range
DEBUG:Randomizing: ConfigEntityZombie - KnockdownProneDamageThreshold via:setcreate_one_range
DEBUG:Randomizing: ConfigEntityZombie - DismemberMultiplierLegs via:setcreate_one_range
DEBUG:Randomizing: ConfigEntityZombie - DismemberMultiplierArms via:setcreate_one_range
DEBUG:Randomizing: ConfigEntityZombie - MaxViewAngle via:setcreate_rand_around_percent
DEBUG:Randomizing: ConfigEntityZombie - AINoiseSeekDist via:setcreate_rand_around_percent
DEBUG:Randomizing of this property is blocked in config file for entity: ConfigEntityZombie->Explosion.DamageBonus.earth->zombieScreamerRadiated
DEBUG:Randomizing: ConfigEntityZombie - JumpMaxDistance via:setcreate_two_range
DEBUG:Randomizing: ConfigEntityZombie - MaxTurnSpeed via:setcreate_rand_around_percent
DEBUG:Randomizing: ConfigEntityZombie - SmellAlertThreshold via:setcreate_rand_around_percent
DEBUG:Randomizing: ConfigEntityZombie - KnockdownProneStunDuration via:setcreate_two_range
DEBUG:Randomizing: ConfigEntityZombie - LegCrawlerThreshold via:setcreate_one_range
DEBUG:Randomizing: ConfigEntityZombie - MoveSpeed via:setcreate_one_range
DEBUG:Randomizing: ConfigEntityZombie - HealthAndExperienceGain via:custom_HealthAndExperienceGain
DEBUG:Randomizing of this property is blocked in config file for entity: ConfigEntityZombie->Explosion.RadiusEntities->zombieScreamerRadiated
DEBUG:########## GenerateNewEntityFromExistingName ##########
DEBUG:Looking for: zombieStripper
DEBUG:Found: zombieStripper
DEBUG:Cloned entity_class EntityZombie: zombieStripper as: DoughsR85_zombieStripper
DEBUG:Randomizing: ConfigEntityZombie - KnockdownKneelDamageThreshold via:setcreate_one_range
DEBUG:Randomizing: ConfigEntityZombie - KnockdownKneelStunDuration via:setcreate_two_range
DEBUG:Randomizing: ConfigEntityZombie - MassAndWeightAndSizeScale via:custom_MassAndWeightAndSizeScale
DEBUG:Randomizing: ConfigEntityZombie - AttackTimeoutDay via:setcreate_one_range
DEBUG:Randomizing: ConfigEntityZombie - WalkType via:custom_WalkType
DEBUG:Randomizing: ConfigEntityZombie - DismemberMultiplierHead via:setcreate_one_range
DEBUG:Randomizing of this property is blocked in config file for entity: ConfigEntityZombie->Explosion.BlockDamage->zombieStripper
DEBUG:Randomizing: ConfigEntityZombie - TintMaterial via:custom_TintMaterial
DEBUG:Randomizing of this property is blocked in config file for entity: ConfigEntityZombie->Explosion.RadiusBlocks->zombieStripper
DEBUG:Randomizing: ConfigEntityZombie - MoveSpeedAggro via:setcreate_two_range
DEBUG:Randomizing: ConfigEntityZombie - SightRange via:setcreate_rand_around_percent
DEBUG:Randomizing of this property is blocked in config file for entity: ConfigEntityZombie->Explosion.EntityDamage->zombieStripper
DEBUG:Randomizing: ConfigEntityZombie - LookAtAngle via:setcreate_rand_around_percent
DEBUG:Randomizing of this property is blocked in config file for entity: ConfigEntityZombie->ExplodeDelay->zombieStripper
DEBUG:Randomizing: ConfigEntityZombie - AttackTimeoutNight via:setcreate_one_range
DEBUG:Randomizing: ConfigEntityZombie - KnockdownProneDamageThreshold via:setcreate_one_range
DEBUG:Randomizing: ConfigEntityZombie - DismemberMultiplierLegs via:setcreate_one_range
DEBUG:Randomizing: ConfigEntityZombie - DismemberMultiplierArms via:setcreate_one_range
DEBUG:Randomizing: ConfigEntityZombie - MaxViewAngle via:setcreate_rand_around_percent
DEBUG:Randomizing: ConfigEntityZombie - AINoiseSeekDist via:setcreate_rand_around_percent
DEBUG:Randomizing of this property is blocked in config file for entity: ConfigEntityZombie->Explosion.DamageBonus.earth->zombieStripper
DEBUG:Randomizing: ConfigEntityZombie - JumpMaxDistance via:setcreate_two_range
DEBUG:Randomizing: ConfigEntityZombie - MaxTurnSpeed via:setcreate_rand_around_percent
DEBUG:Randomizing: ConfigEntityZombie - SmellAlertThreshold via:setcreate_rand_around_percent
DEBUG:Randomizing: ConfigEntityZombie - KnockdownProneStunDuration via:setcreate_two_range
DEBUG:Randomizing: ConfigEntityZombie - LegCrawlerThreshold via:setcreate_one_range
DEBUG:Randomizing: ConfigEntityZombie - MoveSpeed via:setcreate_one_range
DEBUG:Randomizing: ConfigEntityZombie - HealthAndExperienceGain via:custom_HealthAndExperienceGain
DEBUG:Randomizing of this property is blocked in config file for entity: ConfigEntityZombie->Explosion.RadiusEntities->zombieStripper
DEBUG:########## GenerateNewEntityFromExistingName ##########
DEBUG:Looking for: zombieBikerRadiated
DEBUG:Found: zombieBikerRadiated
DEBUG:Cloned entity_class EntityZombie: zombieBikerRadiated as: DoughsR86_zombieBikerRadiated
DEBUG:Randomizing: ConfigEntityZombie - KnockdownKneelDamageThreshold via:setcreate_one_range
DEBUG:Randomizing: ConfigEntityZombie - KnockdownKneelStunDuration via:setcreate_two_range
DEBUG:Randomizing: ConfigEntityZombie - MassAndWeightAndSizeScale via:custom_MassAndWeightAndSizeScale
DEBUG:Randomizing: ConfigEntityZombie - AttackTimeoutDay via:setcreate_one_range
DEBUG:Randomizing: ConfigEntityZombie - WalkType via:custom_WalkType
DEBUG:Randomizing: ConfigEntityZombie - DismemberMultiplierHead via:setcreate_one_range
DEBUG:Randomizing of this property is blocked in config file for entity: ConfigEntityZombie->Explosion.BlockDamage->zombieBikerRadiated
DEBUG:Randomizing: ConfigEntityZombie - TintMaterial via:custom_TintMaterial
DEBUG:Randomizing of this property is blocked in config file for entity: ConfigEntityZombie->Explosion.RadiusBlocks->zombieBikerRadiated
DEBUG:Randomizing: ConfigEntityZombie - MoveSpeedAggro via:setcreate_two_range
DEBUG:Randomizing: ConfigEntityZombie - SightRange via:setcreate_rand_around_percent
DEBUG:Randomizing of this property is blocked in config file for entity: ConfigEntityZombie->Explosion.EntityDamage->zombieBikerRadiated
DEBUG:Randomizing: ConfigEntityZombie - LookAtAngle via:setcreate_rand_around_percent
DEBUG:Randomizing of this property is blocked in config file for entity: ConfigEntityZombie->ExplodeDelay->zombieBikerRadiated
DEBUG:Randomizing: ConfigEntityZombie - AttackTimeoutNight via:setcreate_one_range
DEBUG:Randomizing: ConfigEntityZombie - KnockdownProneDamageThreshold via:setcreate_one_range
DEBUG:Randomizing: ConfigEntityZombie - DismemberMultiplierLegs via:setcreate_one_range
DEBUG:Randomizing: ConfigEntityZombie - DismemberMultiplierArms via:setcreate_one_range
DEBUG:Randomizing: ConfigEntityZombie - MaxViewAngle via:setcreate_rand_around_percent
DEBUG:Randomizing: ConfigEntityZombie - AINoiseSeekDist via:setcreate_rand_around_percent
DEBUG:Randomizing of this property is blocked in config file for entity: ConfigEntityZombie->Explosion.DamageBonus.earth->zombieBikerRadiated
DEBUG:Randomizing: ConfigEntityZombie - JumpMaxDistance via:setcreate_two_range
DEBUG:Randomizing: ConfigEntityZombie - MaxTurnSpeed via:setcreate_rand_around_percent
DEBUG:Randomizing: ConfigEntityZombie - SmellAlertThreshold via:setcreate_rand_around_percent
DEBUG:Randomizing: ConfigEntityZombie - KnockdownProneStunDuration via:setcreate_two_range
DEBUG:Randomizing: ConfigEntityZombie - LegCrawlerThreshold via:setcreate_one_range
DEBUG:Randomizing: ConfigEntityZombie - MoveSpeed via:setcreate_one_range
DEBUG:Randomizing: ConfigEntityZombie - HealthAndExperienceGain via:custom_HealthAndExperienceGain
DEBUG:Randomizing of this property is blocked in config file for entity: ConfigEntityZombie->Explosion.RadiusEntities->zombieBikerRadiated
INFO:########## Generating EntityEnemyAnimal Entities ##########
DEBUG:########## GenerateNewEntityFromExistingName ##########
DEBUG:Looking for: animalBear
DEBUG:Found: animalBear
DEBUG:Cloned entity_class EntityEnemyAnimal: animalBear as: DoughsR87_animalBear
DEBUG:Randomizing: ConfigEntityEnemyAnimal - MoveSpeed via:setcreate_one_range
DEBUG:Randomizing: ConfigEntityEnemyAnimal - HealthAndExperienceGain via:custom_HealthAndExperienceGain
DEBUG:Randomizing: ConfigEntityEnemyAnimal - MoveSpeedAggro via:setcreate_two_range
DEBUG:Randomizing: ConfigEntityEnemyAnimal - JumpMaxDistance via:setcreate_two_range
DEBUG:Randomizing: ConfigEntityEnemyAnimal - MaxTurnSpeed via:setcreate_rand_around_percent
DEBUG:Randomizing: ConfigEntityEnemyAnimal - SmellAlertThreshold via:setcreate_rand_around_percent
DEBUG:Randomizing: ConfigEntityEnemyAnimal - AttackTimeoutDay via:setcreate_one_range
DEBUG:Randomizing: ConfigEntityEnemyAnimal - MaxViewAngle via:setcreate_rand_around_percent
DEBUG:Randomizing: ConfigEntityEnemyAnimal - AINoiseSeekDist via:setcreate_rand_around_percent
DEBUG:Randomizing: ConfigEntityEnemyAnimal - SightRange via:setcreate_rand_around_percent
DEBUG:Randomizing: ConfigEntityEnemyAnimal - LookAtAngle via:setcreate_rand_around_percent
DEBUG:Randomizing: ConfigEntityEnemyAnimal - MassAndWeightAndSizeScale via:custom_MassAndWeightAndSizeScale
DEBUG:Randomizing: ConfigEntityEnemyAnimal - AttackTimeoutNight via:setcreate_one_range
DEBUG:########## GenerateNewEntityFromExistingName ##########
DEBUG:Looking for: animalZombieVulture
DEBUG:Found: animalZombieVulture
DEBUG:Cloned entity_class EntityEnemyAnimal: animalZombieVulture as: DoughsR88_animalZombieVulture
DEBUG:Randomizing: ConfigEntityEnemyAnimal - MoveSpeed via:setcreate_one_range
DEBUG:Randomizing: ConfigEntityEnemyAnimal - HealthAndExperienceGain via:custom_HealthAndExperienceGain
DEBUG:Randomizing: ConfigEntityEnemyAnimal - MoveSpeedAggro via:setcreate_two_range
DEBUG:Randomizing: ConfigEntityEnemyAnimal - JumpMaxDistance via:setcreate_two_range
DEBUG:Randomizing: ConfigEntityEnemyAnimal - MaxTurnSpeed via:setcreate_rand_around_percent
DEBUG:Randomizing: ConfigEntityEnemyAnimal - SmellAlertThreshold via:setcreate_rand_around_percent
DEBUG:Randomizing: ConfigEntityEnemyAnimal - AttackTimeoutDay via:setcreate_one_range
DEBUG:Randomizing: ConfigEntityEnemyAnimal - MaxViewAngle via:setcreate_rand_around_percent
DEBUG:Randomizing: ConfigEntityEnemyAnimal - AINoiseSeekDist via:setcreate_rand_around_percent
DEBUG:Randomizing: ConfigEntityEnemyAnimal - SightRange via:setcreate_rand_around_percent
DEBUG:Randomizing: ConfigEntityEnemyAnimal - LookAtAngle via:setcreate_rand_around_percent
DEBUG:Randomizing: ConfigEntityEnemyAnimal - MassAndWeightAndSizeScale via:custom_MassAndWeightAndSizeScale
DEBUG:Randomizing: ConfigEntityEnemyAnimal - AttackTimeoutNight via:setcreate_one_range
DEBUG:########## GenerateNewEntityFromExistingName ##########
DEBUG:Looking for: animalMountainLion
DEBUG:Found: animalMountainLion
DEBUG:Cloned entity_class EntityEnemyAnimal: animalMountainLion as: DoughsR89_animalMountainLion
DEBUG:Randomizing: ConfigEntityEnemyAnimal - MoveSpeed via:setcreate_one_range
DEBUG:Randomizing: ConfigEntityEnemyAnimal - HealthAndExperienceGain via:custom_HealthAndExperienceGain
DEBUG:Randomizing: ConfigEntityEnemyAnimal - MoveSpeedAggro via:setcreate_two_range
DEBUG:Randomizing: ConfigEntityEnemyAnimal - JumpMaxDistance via:setcreate_two_range
DEBUG:Randomizing: ConfigEntityEnemyAnimal - MaxTurnSpeed via:setcreate_rand_around_percent
DEBUG:Randomizing: ConfigEntityEnemyAnimal - SmellAlertThreshold via:setcreate_rand_around_percent
DEBUG:Randomizing: ConfigEntityEnemyAnimal - AttackTimeoutDay via:setcreate_one_range
DEBUG:Randomizing: ConfigEntityEnemyAnimal - MaxViewAngle via:setcreate_rand_around_percent
DEBUG:Randomizing: ConfigEntityEnemyAnimal - AINoiseSeekDist via:setcreate_rand_around_percent
DEBUG:Randomizing: ConfigEntityEnemyAnimal - SightRange via:setcreate_rand_around_percent
DEBUG:Randomizing: ConfigEntityEnemyAnimal - LookAtAngle via:setcreate_rand_around_percent
DEBUG:Randomizing: ConfigEntityEnemyAnimal - MassAndWeightAndSizeScale via:custom_MassAndWeightAndSizeScale
DEBUG:Randomizing: ConfigEntityEnemyAnimal - AttackTimeoutNight via:setcreate_one_range
DEBUG:########## GenerateNewEntityFromExistingName ##########
DEBUG:Looking for: animalZombieVultureRadiated
DEBUG:Found: animalZombieVultureRadiated
DEBUG:Cloned entity_class EntityEnemyAnimal: animalZombieVultureRadiated as: DoughsR90_animalZombieVultureRadiated
DEBUG:Randomizing: ConfigEntityEnemyAnimal - MoveSpeed via:setcreate_one_range
DEBUG:Randomizing: ConfigEntityEnemyAnimal - HealthAndExperienceGain via:custom_HealthAndExperienceGain
DEBUG:Randomizing: ConfigEntityEnemyAnimal - MoveSpeedAggro via:setcreate_two_range
DEBUG:Randomizing: ConfigEntityEnemyAnimal - JumpMaxDistance via:setcreate_two_range
DEBUG:Randomizing: ConfigEntityEnemyAnimal - MaxTurnSpeed via:setcreate_rand_around_percent
DEBUG:Randomizing: ConfigEntityEnemyAnimal - SmellAlertThreshold via:setcreate_rand_around_percent
DEBUG:Randomizing: ConfigEntityEnemyAnimal - AttackTimeoutDay via:setcreate_one_range
DEBUG:Randomizing: ConfigEntityEnemyAnimal - MaxViewAngle via:setcreate_rand_around_percent
DEBUG:Randomizing: ConfigEntityEnemyAnimal - AINoiseSeekDist via:setcreate_rand_around_percent
DEBUG:Randomizing: ConfigEntityEnemyAnimal - SightRange via:setcreate_rand_around_percent
DEBUG:Randomizing: ConfigEntityEnemyAnimal - LookAtAngle via:setcreate_rand_around_percent
DEBUG:Randomizing: ConfigEntityEnemyAnimal - MassAndWeightAndSizeScale via:custom_MassAndWeightAndSizeScale
DEBUG:Randomizing: ConfigEntityEnemyAnimal - AttackTimeoutNight via:setcreate_one_range
DEBUG:########## GenerateNewEntityFromExistingName ##########
DEBUG:Looking for: animalWolf
DEBUG:Found: animalWolf
DEBUG:Cloned entity_class EntityEnemyAnimal: animalWolf as: DoughsR91_animalWolf
DEBUG:Randomizing: ConfigEntityEnemyAnimal - MoveSpeed via:setcreate_one_range
DEBUG:Randomizing: ConfigEntityEnemyAnimal - HealthAndExperienceGain via:custom_HealthAndExperienceGain
DEBUG:Randomizing: ConfigEntityEnemyAnimal - MoveSpeedAggro via:setcreate_two_range
DEBUG:Randomizing: ConfigEntityEnemyAnimal - JumpMaxDistance via:setcreate_two_range
DEBUG:Randomizing: ConfigEntityEnemyAnimal - MaxTurnSpeed via:setcreate_rand_around_percent
DEBUG:Randomizing: ConfigEntityEnemyAnimal - SmellAlertThreshold via:setcreate_rand_around_percent
DEBUG:Randomizing: ConfigEntityEnemyAnimal - AttackTimeoutDay via:setcreate_one_range
DEBUG:Randomizing: ConfigEntityEnemyAnimal - MaxViewAngle via:setcreate_rand_around_percent
DEBUG:Randomizing: ConfigEntityEnemyAnimal - AINoiseSeekDist via:setcreate_rand_around_percent
DEBUG:Randomizing: ConfigEntityEnemyAnimal - SightRange via:setcreate_rand_around_percent
DEBUG:Randomizing: ConfigEntityEnemyAnimal - LookAtAngle via:setcreate_rand_around_percent
DEBUG:Randomizing: ConfigEntityEnemyAnimal - MassAndWeightAndSizeScale via:custom_MassAndWeightAndSizeScale
DEBUG:Randomizing: ConfigEntityEnemyAnimal - AttackTimeoutNight via:setcreate_one_range
DEBUG:########## GenerateNewEntityFromExistingName ##########
DEBUG:Looking for: animalCoyote
DEBUG:Found: animalCoyote
DEBUG:Cloned entity_class EntityEnemyAnimal: animalCoyote as: DoughsR92_animalCoyote
DEBUG:Randomizing: ConfigEntityEnemyAnimal - MoveSpeed via:setcreate_one_range
DEBUG:Randomizing: ConfigEntityEnemyAnimal - HealthAndExperienceGain via:custom_HealthAndExperienceGain
DEBUG:Randomizing: ConfigEntityEnemyAnimal - MoveSpeedAggro via:setcreate_two_range
DEBUG:Randomizing: ConfigEntityEnemyAnimal - JumpMaxDistance via:setcreate_two_range
DEBUG:Randomizing: ConfigEntityEnemyAnimal - MaxTurnSpeed via:setcreate_rand_around_percent
DEBUG:Randomizing: ConfigEntityEnemyAnimal - SmellAlertThreshold via:setcreate_rand_around_percent
DEBUG:Randomizing: ConfigEntityEnemyAnimal - AttackTimeoutDay via:setcreate_one_range
DEBUG:Randomizing: ConfigEntityEnemyAnimal - MaxViewAngle via:setcreate_rand_around_percent
DEBUG:Randomizing: ConfigEntityEnemyAnimal - AINoiseSeekDist via:setcreate_rand_around_percent
DEBUG:Randomizing: ConfigEntityEnemyAnimal - SightRange via:setcreate_rand_around_percent
DEBUG:Randomizing: ConfigEntityEnemyAnimal - LookAtAngle via:setcreate_rand_around_percent
DEBUG:Randomizing: ConfigEntityEnemyAnimal - MassAndWeightAndSizeScale via:custom_MassAndWeightAndSizeScale
DEBUG:Randomizing: ConfigEntityEnemyAnimal - AttackTimeoutNight via:setcreate_one_range
DEBUG:########## GenerateNewEntityFromExistingName ##########
DEBUG:Looking for: animalSnake
DEBUG:Found: animalSnake
DEBUG:Cloned entity_class EntityEnemyAnimal: animalSnake as: DoughsR93_animalSnake
DEBUG:Randomizing: ConfigEntityEnemyAnimal - MoveSpeed via:setcreate_one_range
DEBUG:Randomizing: ConfigEntityEnemyAnimal - HealthAndExperienceGain via:custom_HealthAndExperienceGain
DEBUG:Randomizing: ConfigEntityEnemyAnimal - MoveSpeedAggro via:setcreate_two_range
DEBUG:Randomizing: ConfigEntityEnemyAnimal - JumpMaxDistance via:setcreate_two_range
DEBUG:Randomizing: ConfigEntityEnemyAnimal - MaxTurnSpeed via:setcreate_rand_around_percent
DEBUG:Randomizing: ConfigEntityEnemyAnimal - SmellAlertThreshold via:setcreate_rand_around_percent
DEBUG:Randomizing: ConfigEntityEnemyAnimal - AttackTimeoutDay via:setcreate_one_range
DEBUG:Randomizing: ConfigEntityEnemyAnimal - MaxViewAngle via:setcreate_rand_around_percent
DEBUG:Randomizing: ConfigEntityEnemyAnimal - AINoiseSeekDist via:setcreate_rand_around_percent
DEBUG:Randomizing: ConfigEntityEnemyAnimal - SightRange via:setcreate_rand_around_percent
DEBUG:Randomizing: ConfigEntityEnemyAnimal - LookAtAngle via:setcreate_rand_around_percent
DEBUG:Randomizing: ConfigEntityEnemyAnimal - MassAndWeightAndSizeScale via:custom_MassAndWeightAndSizeScale
DEBUG:Randomizing: ConfigEntityEnemyAnimal - AttackTimeoutNight via:setcreate_one_range
DEBUG:########## GenerateNewEntityFromExistingName ##########
DEBUG:Looking for: animalTemplateHostile
DEBUG:Found: animalTemplateHostile
DEBUG:Zed filter list matched. Filtering out: animalTemplateHostile because: Do not clone this as its a template entity
DEBUG:########## GenerateNewEntityFromExistingName ##########
DEBUG:Looking for: animalBoar
DEBUG:Found: animalBoar
DEBUG:Cloned entity_class EntityEnemyAnimal: animalBoar as: DoughsR94_animalBoar
DEBUG:Randomizing: ConfigEntityEnemyAnimal - MoveSpeed via:setcreate_one_range
DEBUG:Randomizing: ConfigEntityEnemyAnimal - HealthAndExperienceGain via:custom_HealthAndExperienceGain
DEBUG:Randomizing: ConfigEntityEnemyAnimal - MoveSpeedAggro via:setcreate_two_range
DEBUG:Randomizing: ConfigEntityEnemyAnimal - JumpMaxDistance via:setcreate_two_range
DEBUG:Randomizing: ConfigEntityEnemyAnimal - MaxTurnSpeed via:setcreate_rand_around_percent
DEBUG:Randomizing: ConfigEntityEnemyAnimal - SmellAlertThreshold via:setcreate_rand_around_percent
DEBUG:Randomizing: ConfigEntityEnemyAnimal - AttackTimeoutDay via:setcreate_one_range
DEBUG:Randomizing: ConfigEntityEnemyAnimal - MaxViewAngle via:setcreate_rand_around_percent
DEBUG:Randomizing: ConfigEntityEnemyAnimal - AINoiseSeekDist via:setcreate_rand_around_percent
DEBUG:Randomizing: ConfigEntityEnemyAnimal - SightRange via:setcreate_rand_around_percent
DEBUG:Randomizing: ConfigEntityEnemyAnimal - LookAtAngle via:setcreate_rand_around_percent
DEBUG:Randomizing: ConfigEntityEnemyAnimal - MassAndWeightAndSizeScale via:custom_MassAndWeightAndSizeScale
DEBUG:Randomizing: ConfigEntityEnemyAnimal - AttackTimeoutNight via:setcreate_one_range
DEBUG:########## GenerateNewEntityFromExistingName ##########
DEBUG:Looking for: animalZombieBear
DEBUG:Found: animalZombieBear
DEBUG:Cloned entity_class EntityEnemyAnimal: animalZombieBear as: DoughsR95_animalZombieBear
DEBUG:Randomizing: ConfigEntityEnemyAnimal - MoveSpeed via:setcreate_one_range
DEBUG:Randomizing: ConfigEntityEnemyAnimal - HealthAndExperienceGain via:custom_HealthAndExperienceGain
DEBUG:Randomizing: ConfigEntityEnemyAnimal - MoveSpeedAggro via:setcreate_two_range
DEBUG:Randomizing: ConfigEntityEnemyAnimal - JumpMaxDistance via:setcreate_two_range
DEBUG:Randomizing: ConfigEntityEnemyAnimal - MaxTurnSpeed via:setcreate_rand_around_percent
DEBUG:Randomizing: ConfigEntityEnemyAnimal - SmellAlertThreshold via:setcreate_rand_around_percent
DEBUG:Randomizing: ConfigEntityEnemyAnimal - AttackTimeoutDay via:setcreate_one_range
DEBUG:Randomizing: ConfigEntityEnemyAnimal - MaxViewAngle via:setcreate_rand_around_percent
DEBUG:Randomizing: ConfigEntityEnemyAnimal - AINoiseSeekDist via:setcreate_rand_around_percent
DEBUG:Randomizing: ConfigEntityEnemyAnimal - SightRange via:setcreate_rand_around_percent
DEBUG:Randomizing: ConfigEntityEnemyAnimal - LookAtAngle via:setcreate_rand_around_percent
DEBUG:Randomizing: ConfigEntityEnemyAnimal - MassAndWeightAndSizeScale via:custom_MassAndWeightAndSizeScale
DEBUG:Randomizing: ConfigEntityEnemyAnimal - AttackTimeoutNight via:setcreate_one_range
DEBUG:########## GenerateNewEntityFromExistingName ##########
DEBUG:Looking for: animalDireWolf
DEBUG:Found: animalDireWolf
DEBUG:Cloned entity_class EntityEnemyAnimal: animalDireWolf as: DoughsR96_animalDireWolf
DEBUG:Randomizing: ConfigEntityEnemyAnimal - MoveSpeed via:setcreate_one_range
DEBUG:Randomizing: ConfigEntityEnemyAnimal - HealthAndExperienceGain via:custom_HealthAndExperienceGain
DEBUG:Randomizing: ConfigEntityEnemyAnimal - MoveSpeedAggro via:setcreate_two_range
DEBUG:Randomizing: ConfigEntityEnemyAnimal - JumpMaxDistance via:setcreate_two_range
DEBUG:Randomizing: ConfigEntityEnemyAnimal - MaxTurnSpeed via:setcreate_rand_around_percent
DEBUG:Randomizing: ConfigEntityEnemyAnimal - SmellAlertThreshold via:setcreate_rand_around_percent
DEBUG:Randomizing: ConfigEntityEnemyAnimal - AttackTimeoutDay via:setcreate_one_range
DEBUG:Randomizing: ConfigEntityEnemyAnimal - MaxViewAngle via:setcreate_rand_around_percent
DEBUG:Randomizing: ConfigEntityEnemyAnimal - AINoiseSeekDist via:setcreate_rand_around_percent
DEBUG:Randomizing: ConfigEntityEnemyAnimal - SightRange via:setcreate_rand_around_percent
DEBUG:Randomizing: ConfigEntityEnemyAnimal - LookAtAngle via:setcreate_rand_around_percent
DEBUG:Randomizing: ConfigEntityEnemyAnimal - MassAndWeightAndSizeScale via:custom_MassAndWeightAndSizeScale
DEBUG:Randomizing: ConfigEntityEnemyAnimal - AttackTimeoutNight via:setcreate_one_range
DEBUG:########## GenerateNewEntityFromExistingName ##########
DEBUG:Looking for: animalBossGrace
DEBUG:Found: animalBossGrace
DEBUG:Cloned entity_class EntityEnemyAnimal: animalBossGrace as: DoughsR97_animalBossGrace
DEBUG:Randomizing: ConfigEntityEnemyAnimal - MoveSpeed via:setcreate_one_range
DEBUG:Randomizing: ConfigEntityEnemyAnimal - HealthAndExperienceGain via:custom_HealthAndExperienceGain
DEBUG:Randomizing: ConfigEntityEnemyAnimal - MoveSpeedAggro via:setcreate_two_range
DEBUG:Randomizing: ConfigEntityEnemyAnimal - JumpMaxDistance via:setcreate_two_range
DEBUG:Randomizing: ConfigEntityEnemyAnimal - MaxTurnSpeed via:setcreate_rand_around_percent
DEBUG:Randomizing: ConfigEntityEnemyAnimal - SmellAlertThreshold via:setcreate_rand_around_percent
DEBUG:Randomizing: ConfigEntityEnemyAnimal - AttackTimeoutDay via:setcreate_one_range
DEBUG:Randomizing: ConfigEntityEnemyAnimal - MaxViewAngle via:setcreate_rand_around_percent
DEBUG:Randomizing: ConfigEntityEnemyAnimal - AINoiseSeekDist via:setcreate_rand_around_percent
DEBUG:Randomizing: ConfigEntityEnemyAnimal - SightRange via:setcreate_rand_around_percent
DEBUG:Randomizing: ConfigEntityEnemyAnimal - LookAtAngle via:setcreate_rand_around_percent
DEBUG:Randomizing: ConfigEntityEnemyAnimal - MassAndWeightAndSizeScale via:custom_MassAndWeightAndSizeScale
DEBUG:Randomizing: ConfigEntityEnemyAnimal - AttackTimeoutNight via:setcreate_one_range
DEBUG:########## GenerateNewEntityFromExistingName ##########
DEBUG:Looking for: animalZombieDog
DEBUG:Found: animalZombieDog
DEBUG:Cloned entity_class EntityEnemyAnimal: animalZombieDog as: DoughsR98_animalZombieDog
DEBUG:Randomizing: ConfigEntityEnemyAnimal - MoveSpeed via:setcreate_one_range
DEBUG:Randomizing: ConfigEntityEnemyAnimal - HealthAndExperienceGain via:custom_HealthAndExperienceGain
DEBUG:Randomizing: ConfigEntityEnemyAnimal - MoveSpeedAggro via:setcreate_two_range
DEBUG:Randomizing: ConfigEntityEnemyAnimal - JumpMaxDistance via:setcreate_two_range
DEBUG:Randomizing: ConfigEntityEnemyAnimal - MaxTurnSpeed via:setcreate_rand_around_percent
DEBUG:Randomizing: ConfigEntityEnemyAnimal - SmellAlertThreshold via:setcreate_rand_around_percent
DEBUG:Randomizing: ConfigEntityEnemyAnimal - AttackTimeoutDay via:setcreate_one_range
DEBUG:Randomizing: ConfigEntityEnemyAnimal - MaxViewAngle via:setcreate_rand_around_percent
DEBUG:Randomizing: ConfigEntityEnemyAnimal - AINoiseSeekDist via:setcreate_rand_around_percent
DEBUG:Randomizing: ConfigEntityEnemyAnimal - SightRange via:setcreate_rand_around_percent
DEBUG:Randomizing: ConfigEntityEnemyAnimal - LookAtAngle via:setcreate_rand_around_percent
DEBUG:Randomizing: ConfigEntityEnemyAnimal - MassAndWeightAndSizeScale via:custom_MassAndWeightAndSizeScale
DEBUG:Randomizing: ConfigEntityEnemyAnimal - AttackTimeoutNight via:setcreate_one_range
INFO:########## Generating EntityAnimal Entities ##########
DEBUG:########## GenerateNewEntityFromExistingName ##########
DEBUG:Looking for: animalRabbit
DEBUG:Found: animalRabbit
DEBUG:Cloned entity_class EntityAnimal: animalRabbit as: DoughsR99_animalRabbit
DEBUG:Randomizing: ConfigEntityFriendlyAnimal - MassAndWeightAndSizeScale via:custom_MassAndWeightAndSizeScale
DEBUG:Randomizing: ConfigEntityFriendlyAnimal - MaxTurnSpeed via:setcreate_rand_around_percent
DEBUG:Randomizing: ConfigEntityFriendlyAnimal - SightRange via:setcreate_rand_around_percent
DEBUG:Randomizing: ConfigEntityFriendlyAnimal - LookAtAngle via:setcreate_rand_around_percent
DEBUG:Randomizing: ConfigEntityFriendlyAnimal - HealthAndExperienceGain via:custom_HealthAndExperienceGain
DEBUG:Randomizing: ConfigEntityFriendlyAnimal - MoveSpeed via:setcreate_one_range
DEBUG:Randomizing: ConfigEntityFriendlyAnimal - MaxViewAngle via:setcreate_rand_around_percent
DEBUG:########## GenerateNewEntityFromExistingName ##########
DEBUG:Looking for: animalTemplateTimid
DEBUG:Found: animalTemplateTimid
DEBUG:Zed filter list matched. Filtering out: animalTemplateTimid because: Do not clone this as its a template entity
DEBUG:########## GenerateNewEntityFromExistingName ##########
DEBUG:Looking for: animalDoe
DEBUG:Found: animalDoe
DEBUG:Cloned entity_class EntityAnimal: animalDoe as: DoughsR100_animalDoe
DEBUG:Randomizing: ConfigEntityFriendlyAnimal - MassAndWeightAndSizeScale via:custom_MassAndWeightAndSizeScale
DEBUG:Randomizing: ConfigEntityFriendlyAnimal - MaxTurnSpeed via:setcreate_rand_around_percent
DEBUG:Randomizing: ConfigEntityFriendlyAnimal - SightRange via:setcreate_rand_around_percent
DEBUG:Randomizing: ConfigEntityFriendlyAnimal - LookAtAngle via:setcreate_rand_around_percent
DEBUG:Randomizing: ConfigEntityFriendlyAnimal - HealthAndExperienceGain via:custom_HealthAndExperienceGain
DEBUG:Randomizing: ConfigEntityFriendlyAnimal - MoveSpeed via:setcreate_one_range
DEBUG:Randomizing: ConfigEntityFriendlyAnimal - MaxViewAngle via:setcreate_rand_around_percent
DEBUG:########## GenerateNewEntityFromExistingName ##########
DEBUG:Looking for: animalChicken
DEBUG:Found: animalChicken
DEBUG:Cloned entity_class EntityAnimal: animalChicken as: DoughsR101_animalChicken
DEBUG:Randomizing: ConfigEntityFriendlyAnimal - MassAndWeightAndSizeScale via:custom_MassAndWeightAndSizeScale
DEBUG:Randomizing: ConfigEntityFriendlyAnimal - MaxTurnSpeed via:setcreate_rand_around_percent
DEBUG:Randomizing: ConfigEntityFriendlyAnimal - SightRange via:setcreate_rand_around_percent
DEBUG:Randomizing: ConfigEntityFriendlyAnimal - LookAtAngle via:setcreate_rand_around_percent
DEBUG:Randomizing: ConfigEntityFriendlyAnimal - HealthAndExperienceGain via:custom_HealthAndExperienceGain
DEBUG:Randomizing: ConfigEntityFriendlyAnimal - MoveSpeed via:setcreate_one_range
DEBUG:Randomizing: ConfigEntityFriendlyAnimal - MaxViewAngle via:setcreate_rand_around_percent
DEBUG:########## GenerateNewEntityFromExistingName ##########
DEBUG:Looking for: animalStag
DEBUG:Found: animalStag
DEBUG:Cloned entity_class EntityAnimal: animalStag as: DoughsR102_animalStag
DEBUG:Randomizing: ConfigEntityFriendlyAnimal - MassAndWeightAndSizeScale via:custom_MassAndWeightAndSizeScale
DEBUG:Randomizing: ConfigEntityFriendlyAnimal - MaxTurnSpeed via:setcreate_rand_around_percent
DEBUG:Randomizing: ConfigEntityFriendlyAnimal - SightRange via:setcreate_rand_around_percent
DEBUG:Randomizing: ConfigEntityFriendlyAnimal - LookAtAngle via:setcreate_rand_around_percent
DEBUG:Randomizing: ConfigEntityFriendlyAnimal - HealthAndExperienceGain via:custom_HealthAndExperienceGain
DEBUG:Randomizing: ConfigEntityFriendlyAnimal - MoveSpeed via:setcreate_one_range
DEBUG:Randomizing: ConfigEntityFriendlyAnimal - MaxViewAngle via:setcreate_rand_around_percent
INFO:########## Generating Modlet ##########
DEBUG:########## ModletGen_Start ##########
DEBUG:Generating: /home/toot/myStuff/development/github-projects/7D2D-EntityRandomizer/Doughs-RandomizedEntities-For-a19.1_b8_TEST-all-entities/ModInfo.xml
DEBUG:Starting Archetypes file: /home/toot/myStuff/development/github-projects/7D2D-EntityRandomizer/Doughs-RandomizedEntities-For-a19.1_b8_TEST-all-entities/Config/archetypes.xml
DEBUG:Starting Entities file: /home/toot/myStuff/development/github-projects/7D2D-EntityRandomizer/Doughs-RandomizedEntities-For-a19.1_b8_TEST-all-entities/Config/entityclasses.xml
DEBUG:Starting EntityGroups file: /home/toot/myStuff/development/github-projects/7D2D-EntityRandomizer/Doughs-RandomizedEntities-For-a19.1_b8_TEST-all-entities/Config/entitygroups.xml
DEBUG:########## GenerateRandomizedArchetypesFile ##########
DEBUG:Found archetype: BaseMale
DEBUG:Archetype filter list matched. Filtering out: BaseMale because: Do not clone this as its a vanilla template entity
DEBUG:Found archetype: BaseFemale
DEBUG:Archetype filter list matched. Filtering out: BaseFemale because: Do not clone this as its a vanilla template entity
DEBUG:Found archetype: Hank
DEBUG:Archetype filter list matched. Filtering out: Hank because: Do not clone this as its a vanilla player entity
DEBUG:Found archetype: Emma
DEBUG:Archetype filter list matched. Filtering out: Emma because: Do not clone this as its a vanilla player entity
DEBUG:Found archetype: Miguel
DEBUG:Archetype filter list matched. Filtering out: Miguel because: Do not clone this as its a vanilla player entity
DEBUG:Found archetype: Gabrielle
DEBUG:Archetype filter list matched. Filtering out: Gabrielle because: Do not clone this as its a vanilla player entity
DEBUG:Found archetype: Aiden
DEBUG:Archetype filter list matched. Filtering out: Aiden because: Do not clone this as its a vanilla player entity
DEBUG:Found archetype: Grace
DEBUG:Archetype filter list matched. Filtering out: Grace because: Do not clone this as its a vanilla player entity
DEBUG:Found archetype: Jeff
DEBUG:Archetype filter list matched. Filtering out: Jeff because: Do not clone this as its a vanilla player entity
DEBUG:Found archetype: Charlotte
DEBUG:Archetype filter list matched. Filtering out: Charlotte because: Do not clone this as its a vanilla player entity
DEBUG:Found archetype: Willie
DEBUG:Archetype filter list matched. Filtering out: Willie because: Do not clone this as its a vanilla player entity
DEBUG:Found archetype: Helen
DEBUG:Archetype filter list matched. Filtering out: Helen because: Do not clone this as its a vanilla player entity
DEBUG:Found archetype: Vince
DEBUG:Archetype filter list matched. Filtering out: Vince because: Do not clone this as its a vanilla player entity
DEBUG:Found archetype: Maria
DEBUG:Archetype filter list matched. Filtering out: Maria because: Do not clone this as its a vanilla player entity
DEBUG:Found archetype: Rayah
DEBUG:Archetype filter list matched. Filtering out: Rayah because: Do not clone this as its a vanilla player entity
DEBUG:Found archetype: Chang
DEBUG:Archetype filter list matched. Filtering out: Chang because: Do not clone this as its a vanilla player entity
DEBUG:Found archetype: Jack
DEBUG:Archetype filter list matched. Filtering out: Jack because: Do not clone this as its a vanilla player entity
DEBUG:Found archetype: Clint
DEBUG:Archetype filter list matched. Filtering out: Clint because: Do not clone this as its a vanilla player entity
DEBUG:Found archetype: BanditMelee
DEBUG:Cloning new archetype: DoughsR103_BanditMelee from:BanditMelee
DEBUG:Cloning new archetype: DoughsR104_BanditMelee from:BanditMelee
DEBUG:Cloning new archetype: DoughsR105_BanditMelee from:BanditMelee
DEBUG:Cloning new archetype: DoughsR106_BanditMelee from:BanditMelee
DEBUG:Cloning new archetype: DoughsR107_BanditMelee from:BanditMelee
DEBUG:Cloning new archetype: DoughsR108_BanditMelee from:BanditMelee
DEBUG:Cloning new archetype: DoughsR109_BanditMelee from:BanditMelee
DEBUG:Cloning new archetype: DoughsR110_BanditMelee from:BanditMelee
DEBUG:Cloning new archetype: DoughsR111_BanditMelee from:BanditMelee
DEBUG:Cloning new archetype: DoughsR112_BanditMelee from:BanditMelee
DEBUG:Found archetype: BanditFemaleMelee
DEBUG:Cloning new archetype: DoughsR113_BanditFemaleMelee from:BanditFemaleMelee
DEBUG:Cloning new archetype: DoughsR114_BanditFemaleMelee from:BanditFemaleMelee
DEBUG:Cloning new archetype: DoughsR115_BanditFemaleMelee from:BanditFemaleMelee
DEBUG:Cloning new archetype: DoughsR116_BanditFemaleMelee from:BanditFemaleMelee
DEBUG:Cloning new archetype: DoughsR117_BanditFemaleMelee from:BanditFemaleMelee
DEBUG:Cloning new archetype: DoughsR118_BanditFemaleMelee from:BanditFemaleMelee
DEBUG:Cloning new archetype: DoughsR119_BanditFemaleMelee from:BanditFemaleMelee
DEBUG:Cloning new archetype: DoughsR120_BanditFemaleMelee from:BanditFemaleMelee
DEBUG:Cloning new archetype: DoughsR121_BanditFemaleMelee from:BanditFemaleMelee
DEBUG:Cloning new archetype: DoughsR122_BanditFemaleMelee from:BanditFemaleMelee
DEBUG:Found archetype: BanditLeader
DEBUG:Cloning new archetype: DoughsR123_BanditLeader from:BanditLeader
DEBUG:Cloning new archetype: DoughsR124_BanditLeader from:BanditLeader
DEBUG:Cloning new archetype: DoughsR125_BanditLeader from:BanditLeader
DEBUG:Cloning new archetype: DoughsR126_BanditLeader from:BanditLeader
DEBUG:Cloning new archetype: DoughsR127_BanditLeader from:BanditLeader
DEBUG:Cloning new archetype: DoughsR128_BanditLeader from:BanditLeader
DEBUG:Cloning new archetype: DoughsR129_BanditLeader from:BanditLeader
DEBUG:Cloning new archetype: DoughsR130_BanditLeader from:BanditLeader
DEBUG:Cloning new archetype: DoughsR131_BanditLeader from:BanditLeader
DEBUG:Cloning new archetype: DoughsR132_BanditLeader from:BanditLeader
DEBUG:Found archetype: BanditRanged
DEBUG:Cloning new archetype: DoughsR133_BanditRanged from:BanditRanged
DEBUG:Cloning new archetype: DoughsR134_BanditRanged from:BanditRanged
DEBUG:Cloning new archetype: DoughsR135_BanditRanged from:BanditRanged
DEBUG:Cloning new archetype: DoughsR136_BanditRanged from:BanditRanged
DEBUG:Cloning new archetype: DoughsR137_BanditRanged from:BanditRanged
DEBUG:Cloning new archetype: DoughsR138_BanditRanged from:BanditRanged
DEBUG:Cloning new archetype: DoughsR139_BanditRanged from:BanditRanged
DEBUG:Cloning new archetype: DoughsR140_BanditRanged from:BanditRanged
DEBUG:Cloning new archetype: DoughsR141_BanditRanged from:BanditRanged
DEBUG:Cloning new archetype: DoughsR142_BanditRanged from:BanditRanged
DEBUG:Found archetype: ZombieMaleUMA
DEBUG:Archetype filter list matched. Filtering out: ZombieMaleUMA because: Do not clone this as its a vanilla template entity
DEBUG:Found archetype: ZombieFemaleUMA
DEBUG:Archetype filter list matched. Filtering out: ZombieFemaleUMA because: Do not clone this as its a vanilla template entity
DEBUG:Found archetype: Madmole
DEBUG:Archetype filter list matched. Filtering out: Madmole because: Do not clone this as its a vanilla player entity
DEBUG:Found archetype: Richie
DEBUG:Archetype filter list matched. Filtering out: Richie because: Do not clone this as its a vanilla player entity
DEBUG:Found archetype: Roxy
DEBUG:Archetype filter list matched. Filtering out: Roxy because: Do not clone this as its a vanilla player entity
INFO:########## Adding Entities to Modlet ##########
DEBUG:Adding Entity to Modlet: DoughsR100_animalDoe
DEBUG:########## ModletGen_AddZedToEntitiesOverride: DoughsR100_animalDoe ##########
DEBUG:########## ModletGen_AddZedToEntitiesOverride ##########
DEBUG:########## ModletGen_AddZedToEntityGroupsLookup: DoughsR100_animalDoe ##########
DEBUG:########## ModletGen_AddZedToEntityGroupsLookup zed_name: DoughsR100_animalDoe is_from_zed:animalDoe##########
DEBUG:Adding Entity to Modlet: DoughsR101_animalChicken
DEBUG:########## ModletGen_AddZedToEntitiesOverride: DoughsR101_animalChicken ##########
DEBUG:########## ModletGen_AddZedToEntitiesOverride ##########
DEBUG:########## ModletGen_AddZedToEntityGroupsLookup: DoughsR101_animalChicken ##########
DEBUG:########## ModletGen_AddZedToEntityGroupsLookup zed_name: DoughsR101_animalChicken is_from_zed:animalChicken##########
DEBUG:Adding Entity to Modlet: DoughsR102_animalStag
DEBUG:########## ModletGen_AddZedToEntitiesOverride: DoughsR102_animalStag ##########
DEBUG:########## ModletGen_AddZedToEntitiesOverride ##########
DEBUG:########## ModletGen_AddZedToEntityGroupsLookup: DoughsR102_animalStag ##########
DEBUG:########## ModletGen_AddZedToEntityGroupsLookup zed_name: DoughsR102_animalStag is_from_zed:animalStag##########
DEBUG:Adding Entity to Modlet: DoughsR10_zombieFemaleFatFeral
DEBUG:########## ModletGen_AddZedToEntitiesOverride: DoughsR10_zombieFemaleFatFeral ##########
DEBUG:########## ModletGen_AddZedToEntitiesOverride ##########
DEBUG:########## ModletGen_AddZedToEntityGroupsLookup: DoughsR10_zombieFemaleFatFeral ##########
DEBUG:########## ModletGen_AddZedToEntityGroupsLookup zed_name: DoughsR10_zombieFemaleFatFeral is_from_zed:zombieFemaleFatFeral##########
DEBUG:Adding Entity to Modlet: DoughsR11_zombieBoeFeral
DEBUG:########## ModletGen_AddZedToEntitiesOverride: DoughsR11_zombieBoeFeral ##########
DEBUG:########## ModletGen_AddZedToEntitiesOverride ##########
DEBUG:########## ModletGen_AddZedToEntityGroupsLookup: DoughsR11_zombieBoeFeral ##########
DEBUG:########## ModletGen_AddZedToEntityGroupsLookup zed_name: DoughsR11_zombieBoeFeral is_from_zed:zombieBoeFeral##########
DEBUG:Adding Entity to Modlet: DoughsR12_zombieJoeFeral
DEBUG:########## ModletGen_AddZedToEntitiesOverride: DoughsR12_zombieJoeFeral ##########
DEBUG:########## ModletGen_AddZedToEntitiesOverride ##########
DEBUG:########## ModletGen_AddZedToEntityGroupsLookup: DoughsR12_zombieJoeFeral ##########
DEBUG:########## ModletGen_AddZedToEntityGroupsLookup zed_name: DoughsR12_zombieJoeFeral is_from_zed:zombieJoeFeral##########
DEBUG:Adding Entity to Modlet: DoughsR13_zombieSteve
DEBUG:########## ModletGen_AddZedToEntitiesOverride: DoughsR13_zombieSteve ##########
DEBUG:########## ModletGen_AddZedToEntitiesOverride ##########
DEBUG:########## ModletGen_AddZedToEntityGroupsLookup: DoughsR13_zombieSteve ##########
DEBUG:########## ModletGen_AddZedToEntityGroupsLookup zed_name: DoughsR13_zombieSteve is_from_zed:zombieSteve##########
DEBUG:Adding Entity to Modlet: DoughsR14_zombieSoldier
DEBUG:########## ModletGen_AddZedToEntitiesOverride: DoughsR14_zombieSoldier ##########
DEBUG:########## ModletGen_AddZedToEntitiesOverride ##########
DEBUG:########## ModletGen_AddZedToEntityGroupsLookup: DoughsR14_zombieSoldier ##########
DEBUG:########## ModletGen_AddZedToEntityGroupsLookup zed_name: DoughsR14_zombieSoldier is_from_zed:zombieSoldier##########
DEBUG:Adding Entity to Modlet: DoughsR15_zombieBurnt
DEBUG:########## ModletGen_AddZedToEntitiesOverride: DoughsR15_zombieBurnt ##########
DEBUG:########## ModletGen_AddZedToEntitiesOverride ##########
DEBUG:########## ModletGen_AddZedToEntityGroupsLookup: DoughsR15_zombieBurnt ##########
DEBUG:########## ModletGen_AddZedToEntityGroupsLookup zed_name: DoughsR15_zombieBurnt is_from_zed:zombieBurnt##########
DEBUG:Adding Entity to Modlet: DoughsR16_zombieFemaleFat
DEBUG:########## ModletGen_AddZedToEntitiesOverride: DoughsR16_zombieFemaleFat ##########
DEBUG:########## ModletGen_AddZedToEntitiesOverride ##########
DEBUG:########## ModletGen_AddZedToEntityGroupsLookup: DoughsR16_zombieFemaleFat ##########
DEBUG:########## ModletGen_AddZedToEntityGroupsLookup zed_name: DoughsR16_zombieFemaleFat is_from_zed:zombieFemaleFat##########
DEBUG:Adding Entity to Modlet: DoughsR17_legendaryZombieBusinessMan
DEBUG:########## ModletGen_AddZedToEntitiesOverride: DoughsR17_legendaryZombieBusinessMan ##########
DEBUG:########## ModletGen_AddZedToEntitiesOverride ##########
DEBUG:########## ModletGen_AddZedToEntityGroupsLookup: DoughsR17_legendaryZombieBusinessMan ##########
DEBUG:########## ModletGen_AddZedToEntityGroupsLookup zed_name: DoughsR17_legendaryZombieBusinessMan is_from_zed:legendaryZombieBusinessMan##########
DEBUG:Adding Entity to Modlet: DoughsR18_zombieLabFeral
DEBUG:########## ModletGen_AddZedToEntitiesOverride: DoughsR18_zombieLabFeral ##########
DEBUG:########## ModletGen_AddZedToEntitiesOverride ##########
DEBUG:########## ModletGen_AddZedToEntityGroupsLookup: DoughsR18_zombieLabFeral ##########
DEBUG:########## ModletGen_AddZedToEntityGroupsLookup zed_name: DoughsR18_zombieLabFeral is_from_zed:zombieLabFeral##########
DEBUG:Adding Entity to Modlet: DoughsR19_zombieScreamerFeral
DEBUG:########## ModletGen_AddZedToEntitiesOverride: DoughsR19_zombieScreamerFeral ##########
DEBUG:########## ModletGen_AddZedToEntitiesOverride ##########
DEBUG:########## ModletGen_AddZedToEntityGroupsLookup: DoughsR19_zombieScreamerFeral ##########
DEBUG:########## ModletGen_AddZedToEntityGroupsLookup zed_name: DoughsR19_zombieScreamerFeral is_from_zed:zombieScreamerFeral##########
DEBUG:Adding Entity to Modlet: DoughsR20_zombieSoldierRadiated
DEBUG:########## ModletGen_AddZedToEntitiesOverride: DoughsR20_zombieSoldierRadiated ##########
DEBUG:########## ModletGen_AddZedToEntitiesOverride ##########
DEBUG:########## ModletGen_AddZedToEntityGroupsLookup: DoughsR20_zombieSoldierRadiated ##########
DEBUG:########## ModletGen_AddZedToEntityGroupsLookup zed_name: DoughsR20_zombieSoldierRadiated is_from_zed:zombieSoldierRadiated##########
DEBUG:Adding Entity to Modlet: DoughsR21_zombieSpiderRadiated
DEBUG:########## ModletGen_AddZedToEntitiesOverride: DoughsR21_zombieSpiderRadiated ##########
DEBUG:########## ModletGen_AddZedToEntitiesOverride ##########
DEBUG:########## ModletGen_AddZedToEntityGroupsLookup: DoughsR21_zombieSpiderRadiated ##########
DEBUG:########## ModletGen_AddZedToEntityGroupsLookup zed_name: DoughsR21_zombieSpiderRadiated is_from_zed:zombieSpiderRadiated##########
DEBUG:Adding Entity to Modlet: DoughsR22_zombieWightRadiated
DEBUG:########## ModletGen_AddZedToEntitiesOverride: DoughsR22_zombieWightRadiated ##########
DEBUG:########## ModletGen_AddZedToEntitiesOverride ##########
DEBUG:########## ModletGen_AddZedToEntityGroupsLookup: DoughsR22_zombieWightRadiated ##########
DEBUG:########## ModletGen_AddZedToEntityGroupsLookup zed_name: DoughsR22_zombieWightRadiated is_from_zed:zombieWightRadiated##########
DEBUG:Adding Entity to Modlet: DoughsR23_zombieSnow
DEBUG:########## ModletGen_AddZedToEntitiesOverride: DoughsR23_zombieSnow ##########
DEBUG:########## ModletGen_AddZedToEntitiesOverride ##########
DEBUG:########## ModletGen_AddZedToEntityGroupsLookup: DoughsR23_zombieSnow ##########
DEBUG:########## ModletGen_AddZedToEntityGroupsLookup zed_name: DoughsR23_zombieSnow is_from_zed:zombieSnow##########
DEBUG:Adding Entity to Modlet: DoughsR24_zombieNurse
DEBUG:########## ModletGen_AddZedToEntitiesOverride: DoughsR24_zombieNurse ##########
DEBUG:########## ModletGen_AddZedToEntitiesOverride ##########
DEBUG:########## ModletGen_AddZedToEntityGroupsLookup: DoughsR24_zombieNurse ##########
DEBUG:########## ModletGen_AddZedToEntityGroupsLookup zed_name: DoughsR24_zombieNurse is_from_zed:zombieNurse##########
DEBUG:Adding Entity to Modlet: DoughsR25_zombieBiker
DEBUG:########## ModletGen_AddZedToEntitiesOverride: DoughsR25_zombieBiker ##########
DEBUG:########## ModletGen_AddZedToEntitiesOverride ##########
DEBUG:########## ModletGen_AddZedToEntityGroupsLookup: DoughsR25_zombieBiker ##########
DEBUG:########## ModletGen_AddZedToEntityGroupsLookup zed_name: DoughsR25_zombieBiker is_from_zed:zombieBiker##########
DEBUG:Adding Entity to Modlet: DoughsR26_zombieFatHawaiian
DEBUG:########## ModletGen_AddZedToEntitiesOverride: DoughsR26_zombieFatHawaiian ##########
DEBUG:########## ModletGen_AddZedToEntitiesOverride ##########
DEBUG:########## ModletGen_AddZedToEntityGroupsLookup: DoughsR26_zombieFatHawaiian ##########
DEBUG:########## ModletGen_AddZedToEntityGroupsLookup zed_name: DoughsR26_zombieFatHawaiian is_from_zed:zombieFatHawaiian##########
DEBUG:Adding Entity to Modlet: DoughsR27_zombieFatCop
DEBUG:########## ModletGen_AddZedToEntitiesOverride: DoughsR27_zombieFatCop ##########
DEBUG:########## ModletGen_AddZedToEntitiesOverride ##########
DEBUG:########## ModletGen_AddZedToEntityGroupsLookup: DoughsR27_zombieFatCop ##########
DEBUG:########## ModletGen_AddZedToEntityGroupsLookup zed_name: DoughsR27_zombieFatCop is_from_zed:zombieFatCop##########
DEBUG:Adding Entity to Modlet: DoughsR28_zombieMarlene
DEBUG:########## ModletGen_AddZedToEntitiesOverride: DoughsR28_zombieMarlene ##########
DEBUG:########## ModletGen_AddZedToEntitiesOverride ##########
DEBUG:########## ModletGen_AddZedToEntityGroupsLookup: DoughsR28_zombieMarlene ##########
DEBUG:########## ModletGen_AddZedToEntityGroupsLookup zed_name: DoughsR28_zombieMarlene is_from_zed:zombieMarlene##########
DEBUG:Adding Entity to Modlet: DoughsR29_zombieBoe
DEBUG:########## ModletGen_AddZedToEntitiesOverride: DoughsR29_zombieBoe ##########
DEBUG:########## ModletGen_AddZedToEntitiesOverride ##########
DEBUG:########## ModletGen_AddZedToEntityGroupsLookup: DoughsR29_zombieBoe ##########
DEBUG:########## ModletGen_AddZedToEntityGroupsLookup zed_name: DoughsR29_zombieBoe is_from_zed:zombieBoe##########
DEBUG:Adding Entity to Modlet: DoughsR2_zombieBusinessManFeral
DEBUG:########## ModletGen_AddZedToEntitiesOverride: DoughsR2_zombieBusinessManFeral ##########
DEBUG:########## ModletGen_AddZedToEntitiesOverride ##########
DEBUG:########## ModletGen_AddZedToEntityGroupsLookup: DoughsR2_zombieBusinessManFeral ##########
DEBUG:########## ModletGen_AddZedToEntityGroupsLookup zed_name: DoughsR2_zombieBusinessManFeral is_from_zed:zombieBusinessManFeral##########
DEBUG:Adding Entity to Modlet: DoughsR30_zombieFatHawaiianFeral
DEBUG:########## ModletGen_AddZedToEntitiesOverride: DoughsR30_zombieFatHawaiianFeral ##########
DEBUG:########## ModletGen_AddZedToEntitiesOverride ##########
DEBUG:########## ModletGen_AddZedToEntityGroupsLookup: DoughsR30_zombieFatHawaiianFeral ##########
DEBUG:########## ModletGen_AddZedToEntityGroupsLookup zed_name: DoughsR30_zombieFatHawaiianFeral is_from_zed:zombieFatHawaiianFeral##########
DEBUG:Adding Entity to Modlet: DoughsR31_zombieArlene
DEBUG:########## ModletGen_AddZedToEntitiesOverride: DoughsR31_zombieArlene ##########
DEBUG:########## ModletGen_AddZedToEntitiesOverride ##########
DEBUG:########## ModletGen_AddZedToEntityGroupsLookup: DoughsR31_zombieArlene ##########
DEBUG:########## ModletGen_AddZedToEntityGroupsLookup zed_name: DoughsR31_zombieArlene is_from_zed:zombieArlene##########
DEBUG:Adding Entity to Modlet: DoughsR32_zombieMoeRadiated
DEBUG:########## ModletGen_AddZedToEntitiesOverride: DoughsR32_zombieMoeRadiated ##########
DEBUG:########## ModletGen_AddZedToEntitiesOverride ##########
DEBUG:########## ModletGen_AddZedToEntityGroupsLookup: DoughsR32_zombieMoeRadiated ##########
DEBUG:########## ModletGen_AddZedToEntityGroupsLookup zed_name: DoughsR32_zombieMoeRadiated is_from_zed:zombieMoeRadiated##########
DEBUG:Adding Entity to Modlet: DoughsR33_zombieMiner
DEBUG:########## ModletGen_AddZedToEntitiesOverride: DoughsR33_zombieMiner ##########
DEBUG:########## ModletGen_AddZedToEntitiesOverride ##########
DEBUG:########## ModletGen_AddZedToEntityGroupsLookup: DoughsR33_zombieMiner ##########
DEBUG:########## ModletGen_AddZedToEntityGroupsLookup zed_name: DoughsR33_zombieMiner is_from_zed:zombieMiner##########
DEBUG:Adding Entity to Modlet: DoughsR34_zombieMarleneRadiated
DEBUG:########## ModletGen_AddZedToEntitiesOverride: DoughsR34_zombieMarleneRadiated ##########
DEBUG:########## ModletGen_AddZedToEntitiesOverride ##########
DEBUG:########## ModletGen_AddZedToEntityGroupsLookup: DoughsR34_zombieMarleneRadiated ##########
DEBUG:########## ModletGen_AddZedToEntityGroupsLookup zed_name: DoughsR34_zombieMarleneRadiated is_from_zed:zombieMarleneRadiated##########
DEBUG:Adding Entity to Modlet: DoughsR35_zombieJoe
DEBUG:########## ModletGen_AddZedToEntitiesOverride: DoughsR35_zombieJoe ##########
DEBUG:########## ModletGen_AddZedToEntitiesOverride ##########
DEBUG:########## ModletGen_AddZedToEntityGroupsLookup: DoughsR35_zombieJoe ##########
DEBUG:########## ModletGen_AddZedToEntityGroupsLookup zed_name: DoughsR35_zombieJoe is_from_zed:zombieJoe##########
DEBUG:Adding Entity to Modlet: DoughsR36_zombieYoRadiated
DEBUG:########## ModletGen_AddZedToEntitiesOverride: DoughsR36_zombieYoRadiated ##########
DEBUG:########## ModletGen_AddZedToEntitiesOverride ##########
DEBUG:########## ModletGen_AddZedToEntityGroupsLookup: DoughsR36_zombieYoRadiated ##########
DEBUG:########## ModletGen_AddZedToEntityGroupsLookup zed_name: DoughsR36_zombieYoRadiated is_from_zed:zombieYoRadiated##########
DEBUG:Adding Entity to Modlet: DoughsR37_zombieMarleneFeral
DEBUG:########## ModletGen_AddZedToEntitiesOverride: DoughsR37_zombieMarleneFeral ##########
DEBUG:########## ModletGen_AddZedToEntitiesOverride ##########
DEBUG:########## ModletGen_AddZedToEntityGroupsLookup: DoughsR37_zombieMarleneFeral ##########
DEBUG:########## ModletGen_AddZedToEntityGroupsLookup zed_name: DoughsR37_zombieMarleneFeral is_from_zed:zombieMarleneFeral##########
DEBUG:Adding Entity to Modlet: DoughsR38_zombieLab
DEBUG:########## ModletGen_AddZedToEntitiesOverride: DoughsR38_zombieLab ##########
DEBUG:########## ModletGen_AddZedToEntitiesOverride ##########
DEBUG:########## ModletGen_AddZedToEntityGroupsLookup: DoughsR38_zombieLab ##########
DEBUG:########## ModletGen_AddZedToEntityGroupsLookup zed_name: DoughsR38_zombieLab is_from_zed:zombieLab##########
DEBUG:Adding Entity to Modlet: DoughsR39_zombieSkateboarderFeral
DEBUG:########## ModletGen_AddZedToEntitiesOverride: DoughsR39_zombieSkateboarderFeral ##########
DEBUG:########## ModletGen_AddZedToEntitiesOverride ##########
DEBUG:########## ModletGen_AddZedToEntityGroupsLookup: DoughsR39_zombieSkateboarderFeral ##########
DEBUG:########## ModletGen_AddZedToEntityGroupsLookup zed_name: DoughsR39_zombieSkateboarderFeral is_from_zed:zombieSkateboarderFeral##########
DEBUG:Adding Entity to Modlet: DoughsR3_zombieFatCopRadiated
DEBUG:########## ModletGen_AddZedToEntitiesOverride: DoughsR3_zombieFatCopRadiated ##########
DEBUG:########## ModletGen_AddZedToEntitiesOverride ##########
DEBUG:########## ModletGen_AddZedToEntityGroupsLookup: DoughsR3_zombieFatCopRadiated ##########
DEBUG:########## ModletGen_AddZedToEntityGroupsLookup zed_name: DoughsR3_zombieFatCopRadiated is_from_zed:zombieFatCopRadiated##########
DEBUG:Adding Entity to Modlet: DoughsR40_zombieStripperFeral
DEBUG:########## ModletGen_AddZedToEntitiesOverride: DoughsR40_zombieStripperFeral ##########
DEBUG:########## ModletGen_AddZedToEntitiesOverride ##########
DEBUG:########## ModletGen_AddZedToEntityGroupsLookup: DoughsR40_zombieStripperFeral ##########
DEBUG:########## ModletGen_AddZedToEntityGroupsLookup zed_name: DoughsR40_zombieStripperFeral is_from_zed:zombieStripperFeral##########
DEBUG:Adding Entity to Modlet: DoughsR41_zombieYo
DEBUG:########## ModletGen_AddZedToEntitiesOverride: DoughsR41_zombieYo ##########
DEBUG:########## ModletGen_AddZedToEntitiesOverride ##########
DEBUG:########## ModletGen_AddZedToEntityGroupsLookup: DoughsR41_zombieYo ##########
DEBUG:########## ModletGen_AddZedToEntityGroupsLookup zed_name: DoughsR41_zombieYo is_from_zed:zombieYo##########
DEBUG:Adding Entity to Modlet: DoughsR42_zombieMaleHazmat
DEBUG:########## ModletGen_AddZedToEntitiesOverride: DoughsR42_zombieMaleHazmat ##########
DEBUG:########## ModletGen_AddZedToEntitiesOverride ##########
DEBUG:########## ModletGen_AddZedToEntityGroupsLookup: DoughsR42_zombieMaleHazmat ##########
DEBUG:########## ModletGen_AddZedToEntityGroupsLookup zed_name: DoughsR42_zombieMaleHazmat is_from_zed:zombieMaleHazmat##########
DEBUG:Adding Entity to Modlet: DoughsR43_zombieOldTimerFeral
DEBUG:########## ModletGen_AddZedToEntitiesOverride: DoughsR43_zombieOldTimerFeral ##########
DEBUG:########## ModletGen_AddZedToEntitiesOverride ##########
DEBUG:########## ModletGen_AddZedToEntityGroupsLookup: DoughsR43_zombieOldTimerFeral ##########
DEBUG:########## ModletGen_AddZedToEntityGroupsLookup zed_name: DoughsR43_zombieOldTimerFeral is_from_zed:zombieOldTimerFeral##########
DEBUG:Adding Entity to Modlet: DoughsR44_zombieBusinessMan
DEBUG:########## ModletGen_AddZedToEntitiesOverride: DoughsR44_zombieBusinessMan ##########
DEBUG:########## ModletGen_AddZedToEntitiesOverride ##########
DEBUG:########## ModletGen_AddZedToEntityGroupsLookup: DoughsR44_zombieBusinessMan ##########
DEBUG:########## ModletGen_AddZedToEntityGroupsLookup zed_name: DoughsR44_zombieBusinessMan is_from_zed:zombieBusinessMan##########
DEBUG:Adding Entity to Modlet: DoughsR45_zombieSpider
DEBUG:########## ModletGen_AddZedToEntitiesOverride: DoughsR45_zombieSpider ##########
DEBUG:########## ModletGen_AddZedToEntitiesOverride ##########
DEBUG:########## ModletGen_AddZedToEntityGroupsLookup: DoughsR45_zombieSpider ##########
DEBUG:########## ModletGen_AddZedToEntityGroupsLookup zed_name: DoughsR45_zombieSpider is_from_zed:zombieSpider##########
DEBUG:Adding Entity to Modlet: DoughsR46_zombieFootballPlayer
DEBUG:########## ModletGen_AddZedToEntitiesOverride: DoughsR46_zombieFootballPlayer ##########
DEBUG:########## ModletGen_AddZedToEntitiesOverride ##########
DEBUG:########## ModletGen_AddZedToEntityGroupsLookup: DoughsR46_zombieFootballPlayer ##########
DEBUG:########## ModletGen_AddZedToEntityGroupsLookup zed_name: DoughsR46_zombieFootballPlayer is_from_zed:zombieFootballPlayer##########
DEBUG:Adding Entity to Modlet: DoughsR47_legendaryZombieUtilityWorker
DEBUG:########## ModletGen_AddZedToEntitiesOverride: DoughsR47_legendaryZombieUtilityWorker ##########
DEBUG:########## ModletGen_AddZedToEntitiesOverride ##########
DEBUG:########## ModletGen_AddZedToEntityGroupsLookup: DoughsR47_legendaryZombieUtilityWorker ##########
DEBUG:########## ModletGen_AddZedToEntityGroupsLookup zed_name: DoughsR47_legendaryZombieUtilityWorker is_from_zed:legendaryZombieUtilityWorker##########
DEBUG:Adding Entity to Modlet: DoughsR48_zombieCheerleaderRadiated
DEBUG:########## ModletGen_AddZedToEntitiesOverride: DoughsR48_zombieCheerleaderRadiated ##########
DEBUG:########## ModletGen_AddZedToEntitiesOverride ##########
DEBUG:########## ModletGen_AddZedToEntityGroupsLookup: DoughsR48_zombieCheerleaderRadiated ##########
DEBUG:########## ModletGen_AddZedToEntityGroupsLookup zed_name: DoughsR48_zombieCheerleaderRadiated is_from_zed:zombieCheerleaderRadiated##########
DEBUG:Adding Entity to Modlet: DoughsR49_zombieMoe
DEBUG:########## ModletGen_AddZedToEntitiesOverride: DoughsR49_zombieMoe ##########
DEBUG:########## ModletGen_AddZedToEntitiesOverride ##########
DEBUG:########## ModletGen_AddZedToEntityGroupsLookup: DoughsR49_zombieMoe ##########
DEBUG:########## ModletGen_AddZedToEntityGroupsLookup zed_name: DoughsR49_zombieMoe is_from_zed:zombieMoe##########
DEBUG:Adding Entity to Modlet: DoughsR4_zombieFarmer
DEBUG:########## ModletGen_AddZedToEntitiesOverride: DoughsR4_zombieFarmer ##########
DEBUG:########## ModletGen_AddZedToEntitiesOverride ##########
DEBUG:########## ModletGen_AddZedToEntityGroupsLookup: DoughsR4_zombieFarmer ##########
DEBUG:########## ModletGen_AddZedToEntityGroupsLookup zed_name: DoughsR4_zombieFarmer is_from_zed:zombieFarmer##########
DEBUG:Adding Entity to Modlet: DoughsR50_zombieBoeRadiated
DEBUG:########## ModletGen_AddZedToEntitiesOverride: DoughsR50_zombieBoeRadiated ##########
DEBUG:########## ModletGen_AddZedToEntitiesOverride ##########
DEBUG:########## ModletGen_AddZedToEntityGroupsLookup: DoughsR50_zombieBoeRadiated ##########
DEBUG:########## ModletGen_AddZedToEntityGroupsLookup zed_name: DoughsR50_zombieBoeRadiated is_from_zed:zombieBoeRadiated##########
DEBUG:Adding Entity to Modlet: DoughsR51_zombieDarleneFeral
DEBUG:########## ModletGen_AddZedToEntitiesOverride: DoughsR51_zombieDarleneFeral ##########
DEBUG:########## ModletGen_AddZedToEntitiesOverride ##########
DEBUG:########## ModletGen_AddZedToEntityGroupsLookup: DoughsR51_zombieDarleneFeral ##########
DEBUG:########## ModletGen_AddZedToEntityGroupsLookup zed_name: DoughsR51_zombieDarleneFeral is_from_zed:zombieDarleneFeral##########
DEBUG:Adding Entity to Modlet: DoughsR52_zombieUtilityWorkerFeral
DEBUG:########## ModletGen_AddZedToEntitiesOverride: DoughsR52_zombieUtilityWorkerFeral ##########
DEBUG:########## ModletGen_AddZedToEntitiesOverride ##########
DEBUG:########## ModletGen_AddZedToEntityGroupsLookup: DoughsR52_zombieUtilityWorkerFeral ##########
DEBUG:########## ModletGen_AddZedToEntityGroupsLookup zed_name: DoughsR52_zombieUtilityWorkerFeral is_from_zed:zombieUtilityWorkerFeral##########
DEBUG:Adding Entity to Modlet: DoughsR53_zombieJanitorFeral
DEBUG:########## ModletGen_AddZedToEntitiesOverride: DoughsR53_zombieJanitorFeral ##########
DEBUG:########## ModletGen_AddZedToEntitiesOverride ##########
DEBUG:########## ModletGen_AddZedToEntityGroupsLookup: DoughsR53_zombieJanitorFeral ##########
DEBUG:########## ModletGen_AddZedToEntityGroupsLookup zed_name: DoughsR53_zombieJanitorFeral is_from_zed:zombieJanitorFeral##########
DEBUG:Adding Entity to Modlet: DoughsR54_zombieFemaleFatRadiated
DEBUG:########## ModletGen_AddZedToEntitiesOverride: DoughsR54_zombieFemaleFatRadiated ##########
DEBUG:########## ModletGen_AddZedToEntitiesOverride ##########
DEBUG:########## ModletGen_AddZedToEntityGroupsLookup: DoughsR54_zombieFemaleFatRadiated ##########
DEBUG:########## ModletGen_AddZedToEntityGroupsLookup zed_name: DoughsR54_zombieFemaleFatRadiated is_from_zed:zombieFemaleFatRadiated##########
DEBUG:Adding Entity to Modlet: DoughsR55_zombieJoeRadiated
DEBUG:########## ModletGen_AddZedToEntitiesOverride: DoughsR55_zombieJoeRadiated ##########
DEBUG:########## ModletGen_AddZedToEntitiesOverride ##########
DEBUG:########## ModletGen_AddZedToEntityGroupsLookup: DoughsR55_zombieJoeRadiated ##########
DEBUG:########## ModletGen_AddZedToEntityGroupsLookup zed_name: DoughsR55_zombieJoeRadiated is_from_zed:zombieJoeRadiated##########
DEBUG:Adding Entity to Modlet: DoughsR56_zombieUtilityWorker
DEBUG:########## ModletGen_AddZedToEntitiesOverride: DoughsR56_zombieUtilityWorker ##########
DEBUG:########## ModletGen_AddZedToEntitiesOverride ##########
DEBUG:########## ModletGen_AddZedToEntityGroupsLookup: DoughsR56_zombieUtilityWorker ##########
DEBUG:########## ModletGen_AddZedToEntityGroupsLookup zed_name: DoughsR56_zombieUtilityWorker is_from_zed:zombieUtilityWorker##########
DEBUG:Adding Entity to Modlet: DoughsR57_zombieSpiderFeral
DEBUG:########## ModletGen_AddZedToEntitiesOverride: DoughsR57_zombieSpiderFeral ##########
DEBUG:########## ModletGen_AddZedToEntitiesOverride ##########
DEBUG:########## ModletGen_AddZedToEntityGroupsLookup: DoughsR57_zombieSpiderFeral ##########
DEBUG:########## ModletGen_AddZedToEntityGroupsLookup zed_name: DoughsR57_zombieSpiderFeral is_from_zed:zombieSpiderFeral##########
DEBUG:Adding Entity to Modlet: DoughsR58_zombieJanitorRadiated
DEBUG:########## ModletGen_AddZedToEntitiesOverride: DoughsR58_zombieJanitorRadiated ##########
DEBUG:########## ModletGen_AddZedToEntitiesOverride ##########
DEBUG:########## ModletGen_AddZedToEntityGroupsLookup: DoughsR58_zombieJanitorRadiated ##########
DEBUG:########## ModletGen_AddZedToEntityGroupsLookup zed_name: DoughsR58_zombieJanitorRadiated is_from_zed:zombieJanitorRadiated##########
DEBUG:Adding Entity to Modlet: DoughsR59_zombieArleneFeral
DEBUG:########## ModletGen_AddZedToEntitiesOverride: DoughsR59_zombieArleneFeral ##########
DEBUG:########## ModletGen_AddZedToEntitiesOverride ##########
DEBUG:########## ModletGen_AddZedToEntityGroupsLookup: DoughsR59_zombieArleneFeral ##########
DEBUG:########## ModletGen_AddZedToEntityGroupsLookup zed_name: DoughsR59_zombieArleneFeral is_from_zed:zombieArleneFeral##########
DEBUG:Adding Entity to Modlet: DoughsR5_zombieSteveCrawler
DEBUG:########## ModletGen_AddZedToEntitiesOverride: DoughsR5_zombieSteveCrawler ##########
DEBUG:########## ModletGen_AddZedToEntitiesOverride ##########
DEBUG:########## ModletGen_AddZedToEntityGroupsLookup: DoughsR5_zombieSteveCrawler ##########
DEBUG:########## ModletGen_AddZedToEntityGroupsLookup zed_name: DoughsR5_zombieSteveCrawler is_from_zed:zombieSteveCrawler##########
DEBUG:Adding Entity to Modlet: DoughsR60_zombieLabRadiated
DEBUG:########## ModletGen_AddZedToEntitiesOverride: DoughsR60_zombieLabRadiated ##########
DEBUG:########## ModletGen_AddZedToEntitiesOverride ##########
DEBUG:########## ModletGen_AddZedToEntityGroupsLookup: DoughsR60_zombieLabRadiated ##########
DEBUG:########## ModletGen_AddZedToEntityGroupsLookup zed_name: DoughsR60_zombieLabRadiated is_from_zed:zombieLabRadiated##########
DEBUG:Adding Entity to Modlet: DoughsR61_zombieSkateboarder
DEBUG:########## ModletGen_AddZedToEntitiesOverride: DoughsR61_zombieSkateboarder ##########
DEBUG:########## ModletGen_AddZedToEntitiesOverride ##########
DEBUG:########## ModletGen_AddZedToEntityGroupsLookup: DoughsR61_zombieSkateboarder ##########
DEBUG:########## ModletGen_AddZedToEntityGroupsLookup zed_name: DoughsR61_zombieSkateboarder is_from_zed:zombieSkateboarder##########
DEBUG:Adding Entity to Modlet: DoughsR62_zombieDarlene
DEBUG:########## ModletGen_AddZedToEntitiesOverride: DoughsR62_zombieDarlene ##########
DEBUG:########## ModletGen_AddZedToEntitiesOverride ##########
DEBUG:########## ModletGen_AddZedToEntityGroupsLookup: DoughsR62_zombieDarlene ##########
DEBUG:########## ModletGen_AddZedToEntityGroupsLookup zed_name: DoughsR62_zombieDarlene is_from_zed:zombieDarlene##########
DEBUG:Adding Entity to Modlet: DoughsR63_zombieFatCopFeral
DEBUG:########## ModletGen_AddZedToEntitiesOverride: DoughsR63_zombieFatCopFeral ##########
DEBUG:########## ModletGen_AddZedToEntitiesOverride ##########
DEBUG:########## ModletGen_AddZedToEntityGroupsLookup: DoughsR63_zombieFatCopFeral ##########
DEBUG:########## ModletGen_AddZedToEntityGroupsLookup zed_name: DoughsR63_zombieFatCopFeral is_from_zed:zombieFatCopFeral##########
DEBUG:Adding Entity to Modlet: DoughsR64_zombieCheerleader
DEBUG:########## ModletGen_AddZedToEntitiesOverride: DoughsR64_zombieCheerleader ##########
DEBUG:########## ModletGen_AddZedToEntitiesOverride ##########
DEBUG:########## ModletGen_AddZedToEntityGroupsLookup: DoughsR64_zombieCheerleader ##########
DEBUG:########## ModletGen_AddZedToEntityGroupsLookup zed_name: DoughsR64_zombieCheerleader is_from_zed:zombieCheerleader##########
DEBUG:Adding Entity to Modlet: DoughsR65_zombieJanitor
DEBUG:########## ModletGen_AddZedToEntitiesOverride: DoughsR65_zombieJanitor ##########
DEBUG:########## ModletGen_AddZedToEntitiesOverride ##########
DEBUG:########## ModletGen_AddZedToEntityGroupsLookup: DoughsR65_zombieJanitor ##########
DEBUG:########## ModletGen_AddZedToEntityGroupsLookup zed_name: DoughsR65_zombieJanitor is_from_zed:zombieJanitor##########
DEBUG:Adding Entity to Modlet: DoughsR66_zombieDarleneRadiated
DEBUG:########## ModletGen_AddZedToEntitiesOverride: DoughsR66_zombieDarleneRadiated ##########
DEBUG:########## ModletGen_AddZedToEntitiesOverride ##########
DEBUG:########## ModletGen_AddZedToEntityGroupsLookup: DoughsR66_zombieDarleneRadiated ##########
DEBUG:########## ModletGen_AddZedToEntityGroupsLookup zed_name: DoughsR66_zombieDarleneRadiated is_from_zed:zombieDarleneRadiated##########
DEBUG:Adding Entity to Modlet: DoughsR67_zombieSnowFeral
DEBUG:########## ModletGen_AddZedToEntitiesOverride: DoughsR67_zombieSnowFeral ##########
DEBUG:########## ModletGen_AddZedToEntitiesOverride ##########
DEBUG:########## ModletGen_AddZedToEntityGroupsLookup: DoughsR67_zombieSnowFeral ##########
DEBUG:########## ModletGen_AddZedToEntityGroupsLookup zed_name: DoughsR67_zombieSnowFeral is_from_zed:zombieSnowFeral##########
DEBUG:Adding Entity to Modlet: DoughsR68_zombieScreamer
DEBUG:########## ModletGen_AddZedToEntitiesOverride: DoughsR68_zombieScreamer ##########
DEBUG:########## ModletGen_AddZedToEntitiesOverride ##########
DEBUG:########## ModletGen_AddZedToEntityGroupsLookup: DoughsR68_zombieScreamer ##########
DEBUG:########## ModletGen_AddZedToEntityGroupsLookup zed_name: DoughsR68_zombieScreamer is_from_zed:zombieScreamer##########
DEBUG:Adding Entity to Modlet: DoughsR69_zombieOldTimerRadiated
DEBUG:########## ModletGen_AddZedToEntitiesOverride: DoughsR69_zombieOldTimerRadiated ##########
DEBUG:########## ModletGen_AddZedToEntitiesOverride ##########
DEBUG:########## ModletGen_AddZedToEntityGroupsLookup: DoughsR69_zombieOldTimerRadiated ##########
DEBUG:########## ModletGen_AddZedToEntityGroupsLookup zed_name: DoughsR69_zombieOldTimerRadiated is_from_zed:zombieOldTimerRadiated##########
DEBUG:Adding Entity to Modlet: DoughsR6_zombieSoldierFeral
DEBUG:########## ModletGen_AddZedToEntitiesOverride: DoughsR6_zombieSoldierFeral ##########
DEBUG:########## ModletGen_AddZedToEntitiesOverride ##########
DEBUG:########## ModletGen_AddZedToEntityGroupsLookup: DoughsR6_zombieSoldierFeral ##########
DEBUG:########## ModletGen_AddZedToEntityGroupsLookup zed_name: DoughsR6_zombieSoldierFeral is_from_zed:zombieSoldierFeral##########
DEBUG:Adding Entity to Modlet: DoughsR70_zombieBikerFeral
DEBUG:########## ModletGen_AddZedToEntitiesOverride: DoughsR70_zombieBikerFeral ##########
DEBUG:########## ModletGen_AddZedToEntitiesOverride ##########
DEBUG:########## ModletGen_AddZedToEntityGroupsLookup: DoughsR70_zombieBikerFeral ##########
DEBUG:########## ModletGen_AddZedToEntityGroupsLookup zed_name: DoughsR70_zombieBikerFeral is_from_zed:zombieBikerFeral##########
DEBUG:Adding Entity to Modlet: DoughsR71_zombieNurseFeral
DEBUG:########## ModletGen_AddZedToEntitiesOverride: DoughsR71_zombieNurseFeral ##########
DEBUG:########## ModletGen_AddZedToEntitiesOverride ##########
DEBUG:########## ModletGen_AddZedToEntityGroupsLookup: DoughsR71_zombieNurseFeral ##########
DEBUG:########## ModletGen_AddZedToEntityGroupsLookup zed_name: DoughsR71_zombieNurseFeral is_from_zed:zombieNurseFeral##########
DEBUG:Adding Entity to Modlet: DoughsR72_zombieUMATemplateMale
DEBUG:########## ModletGen_AddZedToEntitiesOverride: DoughsR72_zombieUMATemplateMale ##########
DEBUG:########## ModletGen_AddZedToEntitiesOverride ##########
DEBUG:########## ModletGen_AddZedToEntityGroupsLookup: DoughsR72_zombieUMATemplateMale ##########
DEBUG:########## ModletGen_AddZedToEntityGroupsLookup zed_name: DoughsR72_zombieUMATemplateMale is_from_zed:zombieUMATemplateMale##########
DEBUG:Adding Entity to Modlet: DoughsR73_zombieSteveCrawlerFeral
DEBUG:########## ModletGen_AddZedToEntitiesOverride: DoughsR73_zombieSteveCrawlerFeral ##########
DEBUG:########## ModletGen_AddZedToEntitiesOverride ##########
DEBUG:########## ModletGen_AddZedToEntityGroupsLookup: DoughsR73_zombieSteveCrawlerFeral ##########
DEBUG:########## ModletGen_AddZedToEntityGroupsLookup zed_name: DoughsR73_zombieSteveCrawlerFeral is_from_zed:zombieSteveCrawlerFeral##########
DEBUG:Adding Entity to Modlet: DoughsR74_zombieMoeFeral
DEBUG:########## ModletGen_AddZedToEntitiesOverride: DoughsR74_zombieMoeFeral ##########
DEBUG:########## ModletGen_AddZedToEntitiesOverride ##########
DEBUG:########## ModletGen_AddZedToEntityGroupsLookup: DoughsR74_zombieMoeFeral ##########
DEBUG:########## ModletGen_AddZedToEntityGroupsLookup zed_name: DoughsR74_zombieMoeFeral is_from_zed:zombieMoeFeral##########
DEBUG:Adding Entity to Modlet: DoughsR75_zombieSkateboarderRadiated
DEBUG:########## ModletGen_AddZedToEntitiesOverride: DoughsR75_zombieSkateboarderRadiated ##########
DEBUG:########## ModletGen_AddZedToEntitiesOverride ##########
DEBUG:########## ModletGen_AddZedToEntityGroupsLookup: DoughsR75_zombieSkateboarderRadiated ##########
DEBUG:########## ModletGen_AddZedToEntityGroupsLookup zed_name: DoughsR75_zombieSkateboarderRadiated is_from_zed:zombieSkateboarderRadiated##########
DEBUG:Adding Entity to Modlet: DoughsR76_zombieDemolition
DEBUG:########## ModletGen_AddZedToEntitiesOverride: DoughsR76_zombieDemolition ##########
DEBUG:########## ModletGen_AddZedToEntitiesOverride ##########
DEBUG:########## ModletGen_AddZedToEntityGroupsLookup: DoughsR76_zombieDemolition ##########
DEBUG:########## ModletGen_AddZedToEntityGroupsLookup zed_name: DoughsR76_zombieDemolition is_from_zed:zombieDemolition##########
DEBUG:Adding Entity to Modlet: DoughsR77_zombieUMATemplateFemale
DEBUG:########## ModletGen_AddZedToEntitiesOverride: DoughsR77_zombieUMATemplateFemale ##########
DEBUG:########## ModletGen_AddZedToEntitiesOverride ##########
DEBUG:########## ModletGen_AddZedToEntityGroupsLookup: DoughsR77_zombieUMATemplateFemale ##########
DEBUG:########## ModletGen_AddZedToEntityGroupsLookup zed_name: DoughsR77_zombieUMATemplateFemale is_from_zed:zombieUMATemplateFemale##########
DEBUG:Adding Entity to Modlet: DoughsR78_zombieSteveFeral
DEBUG:########## ModletGen_AddZedToEntitiesOverride: DoughsR78_zombieSteveFeral ##########
DEBUG:########## ModletGen_AddZedToEntitiesOverride ##########
DEBUG:########## ModletGen_AddZedToEntityGroupsLookup: DoughsR78_zombieSteveFeral ##########
DEBUG:########## ModletGen_AddZedToEntityGroupsLookup zed_name: DoughsR78_zombieSteveFeral is_from_zed:zombieSteveFeral##########
DEBUG:Adding Entity to Modlet: DoughsR79_zombieYoFeral
DEBUG:########## ModletGen_AddZedToEntitiesOverride: DoughsR79_zombieYoFeral ##########
DEBUG:########## ModletGen_AddZedToEntitiesOverride ##########
DEBUG:########## ModletGen_AddZedToEntityGroupsLookup: DoughsR79_zombieYoFeral ##########
DEBUG:########## ModletGen_AddZedToEntityGroupsLookup zed_name: DoughsR79_zombieYoFeral is_from_zed:zombieYoFeral##########
DEBUG:Adding Entity to Modlet: DoughsR7_zombieWightFeral
DEBUG:########## ModletGen_AddZedToEntitiesOverride: DoughsR7_zombieWightFeral ##########
DEBUG:########## ModletGen_AddZedToEntitiesOverride ##########
DEBUG:########## ModletGen_AddZedToEntityGroupsLookup: DoughsR7_zombieWightFeral ##########
DEBUG:########## ModletGen_AddZedToEntityGroupsLookup zed_name: DoughsR7_zombieWightFeral is_from_zed:zombieWightFeral##########
DEBUG:Adding Entity to Modlet: DoughsR80_zombieCheerleaderFeral
DEBUG:########## ModletGen_AddZedToEntitiesOverride: DoughsR80_zombieCheerleaderFeral ##########
DEBUG:########## ModletGen_AddZedToEntitiesOverride ##########
DEBUG:########## ModletGen_AddZedToEntityGroupsLookup: DoughsR80_zombieCheerleaderFeral ##########
DEBUG:########## ModletGen_AddZedToEntityGroupsLookup zed_name: DoughsR80_zombieCheerleaderFeral is_from_zed:zombieCheerleaderFeral##########
DEBUG:Adding Entity to Modlet: DoughsR81_zombieSteveRadiated
DEBUG:########## ModletGen_AddZedToEntitiesOverride: DoughsR81_zombieSteveRadiated ##########
DEBUG:########## ModletGen_AddZedToEntitiesOverride ##########
DEBUG:########## ModletGen_AddZedToEntityGroupsLookup: DoughsR81_zombieSteveRadiated ##########
DEBUG:########## ModletGen_AddZedToEntityGroupsLookup zed_name: DoughsR81_zombieSteveRadiated is_from_zed:zombieSteveRadiated##########
DEBUG:Adding Entity to Modlet: DoughsR82_zombieFarmerFeral
DEBUG:########## ModletGen_AddZedToEntitiesOverride: DoughsR82_zombieFarmerFeral ##########
DEBUG:########## ModletGen_AddZedToEntitiesOverride ##########
DEBUG:########## ModletGen_AddZedToEntityGroupsLookup: DoughsR82_zombieFarmerFeral ##########
DEBUG:########## ModletGen_AddZedToEntityGroupsLookup zed_name: DoughsR82_zombieFarmerFeral is_from_zed:zombieFarmerFeral##########
DEBUG:Adding Entity to Modlet: DoughsR83_zombieOldTimer
DEBUG:########## ModletGen_AddZedToEntitiesOverride: DoughsR83_zombieOldTimer ##########
DEBUG:########## ModletGen_AddZedToEntitiesOverride ##########
DEBUG:########## ModletGen_AddZedToEntityGroupsLookup: DoughsR83_zombieOldTimer ##########
DEBUG:########## ModletGen_AddZedToEntityGroupsLookup zed_name: DoughsR83_zombieOldTimer is_from_zed:zombieOldTimer##########
DEBUG:Adding Entity to Modlet: DoughsR84_zombieScreamerRadiated
DEBUG:########## ModletGen_AddZedToEntitiesOverride: DoughsR84_zombieScreamerRadiated ##########
DEBUG:########## ModletGen_AddZedToEntitiesOverride ##########
DEBUG:########## ModletGen_AddZedToEntityGroupsLookup: DoughsR84_zombieScreamerRadiated ##########
DEBUG:########## ModletGen_AddZedToEntityGroupsLookup zed_name: DoughsR84_zombieScreamerRadiated is_from_zed:zombieScreamerRadiated##########
DEBUG:Adding Entity to Modlet: DoughsR85_zombieStripper
DEBUG:########## ModletGen_AddZedToEntitiesOverride: DoughsR85_zombieStripper ##########
DEBUG:########## ModletGen_AddZedToEntitiesOverride ##########
DEBUG:########## ModletGen_AddZedToEntityGroupsLookup: DoughsR85_zombieStripper ##########
DEBUG:########## ModletGen_AddZedToEntityGroupsLookup zed_name: DoughsR85_zombieStripper is_from_zed:zombieStripper##########
DEBUG:Adding Entity to Modlet: DoughsR86_zombieBikerRadiated
DEBUG:########## ModletGen_AddZedToEntitiesOverride: DoughsR86_zombieBikerRadiated ##########
DEBUG:########## ModletGen_AddZedToEntitiesOverride ##########
DEBUG:########## ModletGen_AddZedToEntityGroupsLookup: DoughsR86_zombieBikerRadiated ##########
DEBUG:########## ModletGen_AddZedToEntityGroupsLookup zed_name: DoughsR86_zombieBikerRadiated is_from_zed:zombieBikerRadiated##########
DEBUG:Adding Entity to Modlet: DoughsR87_animalBear
DEBUG:########## ModletGen_AddZedToEntitiesOverride: DoughsR87_animalBear ##########
DEBUG:########## ModletGen_AddZedToEntitiesOverride ##########
DEBUG:########## ModletGen_AddZedToEntityGroupsLookup: DoughsR87_animalBear ##########
DEBUG:########## ModletGen_AddZedToEntityGroupsLookup zed_name: DoughsR87_animalBear is_from_zed:animalBear##########
DEBUG:Adding Entity to Modlet: DoughsR88_animalZombieVulture
DEBUG:########## ModletGen_AddZedToEntitiesOverride: DoughsR88_animalZombieVulture ##########
DEBUG:########## ModletGen_AddZedToEntitiesOverride ##########
DEBUG:########## ModletGen_AddZedToEntityGroupsLookup: DoughsR88_animalZombieVulture ##########
DEBUG:########## ModletGen_AddZedToEntityGroupsLookup zed_name: DoughsR88_animalZombieVulture is_from_zed:animalZombieVulture##########
DEBUG:Adding Entity to Modlet: DoughsR89_animalMountainLion
DEBUG:########## ModletGen_AddZedToEntitiesOverride: DoughsR89_animalMountainLion ##########
DEBUG:########## ModletGen_AddZedToEntitiesOverride ##########
DEBUG:########## ModletGen_AddZedToEntityGroupsLookup: DoughsR89_animalMountainLion ##########
DEBUG:########## ModletGen_AddZedToEntityGroupsLookup zed_name: DoughsR89_animalMountainLion is_from_zed:animalMountainLion##########
DEBUG:Adding Entity to Modlet: DoughsR8_zombieArleneRadiated
DEBUG:########## ModletGen_AddZedToEntitiesOverride: DoughsR8_zombieArleneRadiated ##########
DEBUG:########## ModletGen_AddZedToEntitiesOverride ##########
DEBUG:########## ModletGen_AddZedToEntityGroupsLookup: DoughsR8_zombieArleneRadiated ##########
DEBUG:########## ModletGen_AddZedToEntityGroupsLookup zed_name: DoughsR8_zombieArleneRadiated is_from_zed:zombieArleneRadiated##########
DEBUG:Adding Entity to Modlet: DoughsR90_animalZombieVultureRadiated
DEBUG:########## ModletGen_AddZedToEntitiesOverride: DoughsR90_animalZombieVultureRadiated ##########
DEBUG:########## ModletGen_AddZedToEntitiesOverride ##########
DEBUG:########## ModletGen_AddZedToEntityGroupsLookup: DoughsR90_animalZombieVultureRadiated ##########
DEBUG:########## ModletGen_AddZedToEntityGroupsLookup zed_name: DoughsR90_animalZombieVultureRadiated is_from_zed:animalZombieVultureRadiated##########
DEBUG:Adding Entity to Modlet: DoughsR91_animalWolf
DEBUG:########## ModletGen_AddZedToEntitiesOverride: DoughsR91_animalWolf ##########
DEBUG:########## ModletGen_AddZedToEntitiesOverride ##########
DEBUG:########## ModletGen_AddZedToEntityGroupsLookup: DoughsR91_animalWolf ##########
DEBUG:########## ModletGen_AddZedToEntityGroupsLookup zed_name: DoughsR91_animalWolf is_from_zed:animalWolf##########
DEBUG:Adding Entity to Modlet: DoughsR92_animalCoyote
DEBUG:########## ModletGen_AddZedToEntitiesOverride: DoughsR92_animalCoyote ##########
DEBUG:########## ModletGen_AddZedToEntitiesOverride ##########
DEBUG:########## ModletGen_AddZedToEntityGroupsLookup: DoughsR92_animalCoyote ##########
DEBUG:########## ModletGen_AddZedToEntityGroupsLookup zed_name: DoughsR92_animalCoyote is_from_zed:animalCoyote##########
DEBUG:Adding Entity to Modlet: DoughsR93_animalSnake
DEBUG:########## ModletGen_AddZedToEntitiesOverride: DoughsR93_animalSnake ##########
DEBUG:########## ModletGen_AddZedToEntitiesOverride ##########
DEBUG:########## ModletGen_AddZedToEntityGroupsLookup: DoughsR93_animalSnake ##########
DEBUG:########## ModletGen_AddZedToEntityGroupsLookup zed_name: DoughsR93_animalSnake is_from_zed:animalSnake##########
DEBUG:Adding Entity to Modlet: DoughsR94_animalBoar
DEBUG:########## ModletGen_AddZedToEntitiesOverride: DoughsR94_animalBoar ##########
DEBUG:########## ModletGen_AddZedToEntitiesOverride ##########
DEBUG:########## ModletGen_AddZedToEntityGroupsLookup: DoughsR94_animalBoar ##########
DEBUG:########## ModletGen_AddZedToEntityGroupsLookup zed_name: DoughsR94_animalBoar is_from_zed:animalBoar##########
DEBUG:Adding Entity to Modlet: DoughsR95_animalZombieBear
DEBUG:########## ModletGen_AddZedToEntitiesOverride: DoughsR95_animalZombieBear ##########
DEBUG:########## ModletGen_AddZedToEntitiesOverride ##########
DEBUG:########## ModletGen_AddZedToEntityGroupsLookup: DoughsR95_animalZombieBear ##########
DEBUG:########## ModletGen_AddZedToEntityGroupsLookup zed_name: DoughsR95_animalZombieBear is_from_zed:animalZombieBear##########
DEBUG:Adding Entity to Modlet: DoughsR96_animalDireWolf
DEBUG:########## ModletGen_AddZedToEntitiesOverride: DoughsR96_animalDireWolf ##########
DEBUG:########## ModletGen_AddZedToEntitiesOverride ##########
DEBUG:########## ModletGen_AddZedToEntityGroupsLookup: DoughsR96_animalDireWolf ##########
DEBUG:########## ModletGen_AddZedToEntityGroupsLookup zed_name: DoughsR96_animalDireWolf is_from_zed:animalDireWolf##########
DEBUG:Adding Entity to Modlet: DoughsR97_animalBossGrace
DEBUG:########## ModletGen_AddZedToEntitiesOverride: DoughsR97_animalBossGrace ##########
DEBUG:########## ModletGen_AddZedToEntitiesOverride ##########
DEBUG:########## ModletGen_AddZedToEntityGroupsLookup: DoughsR97_animalBossGrace ##########
DEBUG:########## ModletGen_AddZedToEntityGroupsLookup zed_name: DoughsR97_animalBossGrace is_from_zed:animalBossGrace##########
DEBUG:Adding Entity to Modlet: DoughsR98_animalZombieDog
DEBUG:########## ModletGen_AddZedToEntitiesOverride: DoughsR98_animalZombieDog ##########
DEBUG:########## ModletGen_AddZedToEntitiesOverride ##########
DEBUG:########## ModletGen_AddZedToEntityGroupsLookup: DoughsR98_animalZombieDog ##########
DEBUG:########## ModletGen_AddZedToEntityGroupsLookup zed_name: DoughsR98_animalZombieDog is_from_zed:animalZombieDog##########
DEBUG:Adding Entity to Modlet: DoughsR99_animalRabbit
DEBUG:########## ModletGen_AddZedToEntitiesOverride: DoughsR99_animalRabbit ##########
DEBUG:########## ModletGen_AddZedToEntitiesOverride ##########
DEBUG:########## ModletGen_AddZedToEntityGroupsLookup: DoughsR99_animalRabbit ##########
DEBUG:########## ModletGen_AddZedToEntityGroupsLookup zed_name: DoughsR99_animalRabbit is_from_zed:animalRabbit##########
DEBUG:Adding Entity to Modlet: DoughsR9_legendaryZombieLab
DEBUG:########## ModletGen_AddZedToEntitiesOverride: DoughsR9_legendaryZombieLab ##########
DEBUG:########## ModletGen_AddZedToEntitiesOverride ##########
DEBUG:########## ModletGen_AddZedToEntityGroupsLookup: DoughsR9_legendaryZombieLab ##########
DEBUG:########## ModletGen_AddZedToEntityGroupsLookup zed_name: DoughsR9_legendaryZombieLab is_from_zed:legendaryZombieLab##########
INFO:########## Adding Entities to Groups ##########
DEBUG:########## ModletGen_AddZedsToEntityGroupsFile ##########
DEBUG:ModletGen_AddZedsToEntityGroupsFile ENTITY GROUP: AnimalsFarm
DEBUG:Adding: <entity name="DoughsR101_animalChicken"/>
DEBUG:Adding: <entity name="DoughsR94_animalBoar"/>
DEBUG:ModletGen_AddZedsToEntityGroupsFile ENTITY GROUP: AnimalsSmall
DEBUG:Adding: <entity name="DoughsR101_animalChicken"/>
DEBUG:Adding: <entity name="DoughsR99_animalRabbit"/>
DEBUG:ModletGen_AddZedsToEntityGroupsFile ENTITY GROUP: BearGroup
DEBUG:Adding: <entity name="DoughsR87_animalBear"/>
DEBUG:ModletGen_AddZedsToEntityGroupsFile ENTITY GROUP: BoarGroup
DEBUG:Adding: <entity name="DoughsR94_animalBoar"/>
DEBUG:ModletGen_AddZedsToEntityGroupsFile ENTITY GROUP: EnemyAnimalsBurntForest
DEBUG:Adding: <entity name="DoughsR95_animalZombieBear" prob="3"/>
DEBUG:Adding: <entity name="DoughsR96_animalDireWolf" prob="3"/>
DEBUG:Adding: <entity name="DoughsR98_animalZombieDog" prob="9"/>
DEBUG:ModletGen_AddZedsToEntityGroupsFile ENTITY GROUP: EnemyAnimalsDesert
DEBUG:Adding: <entity name="DoughsR88_animalZombieVulture" prob="20"/>
DEBUG:Adding: <entity name="DoughsR92_animalCoyote" prob="30"/>
DEBUG:Adding: <entity name="DoughsR93_animalSnake" prob="10"/>
DEBUG:ModletGen_AddZedsToEntityGroupsFile ENTITY GROUP: EnemyAnimalsForest
DEBUG:Adding: <entity name="DoughsR87_animalBear" prob="3"/>
DEBUG:Adding: <entity name="DoughsR91_animalWolf" prob="9"/>
DEBUG:Adding: <entity name="DoughsR96_animalDireWolf" prob="3"/>
DEBUG:ModletGen_AddZedsToEntityGroupsFile ENTITY GROUP: EnemyAnimalsSnow
DEBUG:Adding: <entity name="DoughsR87_animalBear" prob="10"/>
DEBUG:Adding: <entity name="DoughsR89_animalMountainLion" prob="40"/>
DEBUG:Adding: <entity name="DoughsR96_animalDireWolf" prob="10"/>
DEBUG:ModletGen_AddZedsToEntityGroupsFile ENTITY GROUP: EnemyAnimalsWasteland
DEBUG:Adding: <entity name="DoughsR88_animalZombieVulture" prob="30"/>
DEBUG:Adding: <entity name="DoughsR93_animalSnake" prob="20"/>
DEBUG:Adding: <entity name="DoughsR95_animalZombieBear" prob="20"/>
DEBUG:Adding: <entity name="DoughsR98_animalZombieDog" prob="30"/>
DEBUG:ModletGen_AddZedsToEntityGroupsFile ENTITY GROUP: FwanderingHordeStageGS1
DEBUG:Adding: <entity name="DoughsR13_zombieSteve"/>
DEBUG:Adding: <entity name="DoughsR16_zombieFemaleFat"/>
DEBUG:Adding: <entity name="DoughsR24_zombieNurse"/>
DEBUG:Adding: <entity name="DoughsR28_zombieMarlene"/>
DEBUG:Adding: <entity name="DoughsR29_zombieBoe"/>
DEBUG:Adding: <entity name="DoughsR31_zombieArlene"/>
DEBUG:Adding: <entity name="DoughsR35_zombieJoe"/>
DEBUG:Adding: <entity name="DoughsR41_zombieYo"/>
DEBUG:Adding: <entity name="DoughsR44_zombieBusinessMan"/>
DEBUG:Adding: <entity name="DoughsR61_zombieSkateboarder"/>
DEBUG:Adding: <entity name="DoughsR62_zombieDarlene"/>
DEBUG:ModletGen_AddZedsToEntityGroupsFile ENTITY GROUP: FwanderingHordeStageGS10
DEBUG:Adding: <entity name="DoughsR13_zombieSteve"/>
DEBUG:Adding: <entity name="DoughsR16_zombieFemaleFat"/>
DEBUG:Adding: <entity name="DoughsR24_zombieNurse"/>
DEBUG:Adding: <entity name="DoughsR28_zombieMarlene"/>
DEBUG:Adding: <entity name="DoughsR29_zombieBoe"/>
DEBUG:Adding: <entity name="DoughsR31_zombieArlene"/>
DEBUG:Adding: <entity name="DoughsR35_zombieJoe"/>
DEBUG:Adding: <entity name="DoughsR41_zombieYo"/>
DEBUG:Adding: <entity name="DoughsR44_zombieBusinessMan"/>
DEBUG:Adding: <entity name="DoughsR49_zombieMoe"/>
DEBUG:Adding: <entity name="DoughsR61_zombieSkateboarder"/>
DEBUG:Adding: <entity name="DoughsR62_zombieDarlene"/>
DEBUG:ModletGen_AddZedsToEntityGroupsFile ENTITY GROUP: FwanderingHordeStageGS13
DEBUG:Adding: <entity name="DoughsR13_zombieSteve"/>
DEBUG:Adding: <entity name="DoughsR16_zombieFemaleFat"/>
DEBUG:Adding: <entity name="DoughsR24_zombieNurse"/>
DEBUG:Adding: <entity name="DoughsR28_zombieMarlene"/>
DEBUG:Adding: <entity name="DoughsR29_zombieBoe"/>
DEBUG:Adding: <entity name="DoughsR31_zombieArlene"/>
DEBUG:Adding: <entity name="DoughsR35_zombieJoe"/>
DEBUG:Adding: <entity name="DoughsR41_zombieYo"/>
DEBUG:Adding: <entity name="DoughsR44_zombieBusinessMan"/>
DEBUG:Adding: <entity name="DoughsR49_zombieMoe"/>
DEBUG:Adding: <entity name="DoughsR61_zombieSkateboarder"/>
DEBUG:Adding: <entity name="DoughsR62_zombieDarlene"/>
DEBUG:ModletGen_AddZedsToEntityGroupsFile ENTITY GROUP: FwanderingHordeStageGS16
DEBUG:Adding: <entity name="DoughsR13_zombieSteve"/>
DEBUG:Adding: <entity name="DoughsR16_zombieFemaleFat"/>
DEBUG:Adding: <entity name="DoughsR24_zombieNurse"/>
DEBUG:Adding: <entity name="DoughsR28_zombieMarlene"/>
DEBUG:Adding: <entity name="DoughsR29_zombieBoe"/>
DEBUG:Adding: <entity name="DoughsR31_zombieArlene"/>
DEBUG:Adding: <entity name="DoughsR35_zombieJoe"/>
DEBUG:Adding: <entity name="DoughsR41_zombieYo"/>
DEBUG:Adding: <entity name="DoughsR44_zombieBusinessMan"/>
DEBUG:Adding: <entity name="DoughsR49_zombieMoe"/>
DEBUG:Adding: <entity name="DoughsR61_zombieSkateboarder"/>
DEBUG:Adding: <entity name="DoughsR62_zombieDarlene"/>
DEBUG:ModletGen_AddZedsToEntityGroupsFile ENTITY GROUP: FwanderingHordeStageGS19
DEBUG:Adding: <entity name="DoughsR13_zombieSteve"/>
DEBUG:Adding: <entity name="DoughsR16_zombieFemaleFat"/>
DEBUG:Adding: <entity name="DoughsR24_zombieNurse"/>
DEBUG:Adding: <entity name="DoughsR28_zombieMarlene"/>
DEBUG:Adding: <entity name="DoughsR29_zombieBoe"/>
DEBUG:Adding: <entity name="DoughsR31_zombieArlene"/>
DEBUG:Adding: <entity name="DoughsR35_zombieJoe"/>
DEBUG:Adding: <entity name="DoughsR41_zombieYo"/>
DEBUG:Adding: <entity name="DoughsR44_zombieBusinessMan"/>
DEBUG:Adding: <entity name="DoughsR49_zombieMoe"/>
DEBUG:Adding: <entity name="DoughsR61_zombieSkateboarder"/>
DEBUG:Adding: <entity name="DoughsR62_zombieDarlene"/>
DEBUG:ModletGen_AddZedsToEntityGroupsFile ENTITY GROUP: FwanderingHordeStageGS2
DEBUG:Adding: <entity name="DoughsR13_zombieSteve"/>
DEBUG:Adding: <entity name="DoughsR16_zombieFemaleFat"/>
DEBUG:Adding: <entity name="DoughsR24_zombieNurse"/>
DEBUG:Adding: <entity name="DoughsR28_zombieMarlene"/>
DEBUG:Adding: <entity name="DoughsR29_zombieBoe"/>
DEBUG:Adding: <entity name="DoughsR31_zombieArlene"/>
DEBUG:Adding: <entity name="DoughsR35_zombieJoe"/>
DEBUG:Adding: <entity name="DoughsR41_zombieYo"/>
DEBUG:Adding: <entity name="DoughsR44_zombieBusinessMan"/>
DEBUG:Adding: <entity name="DoughsR49_zombieMoe"/>
DEBUG:Adding: <entity name="DoughsR61_zombieSkateboarder"/>
DEBUG:Adding: <entity name="DoughsR62_zombieDarlene"/>
DEBUG:ModletGen_AddZedsToEntityGroupsFile ENTITY GROUP: FwanderingHordeStageGS23
DEBUG:Adding: <entity name="DoughsR13_zombieSteve"/>
DEBUG:Adding: <entity name="DoughsR16_zombieFemaleFat"/>
DEBUG:Adding: <entity name="DoughsR24_zombieNurse"/>
DEBUG:Adding: <entity name="DoughsR28_zombieMarlene"/>
DEBUG:Adding: <entity name="DoughsR29_zombieBoe"/>
DEBUG:Adding: <entity name="DoughsR31_zombieArlene"/>
DEBUG:Adding: <entity name="DoughsR35_zombieJoe"/>
DEBUG:Adding: <entity name="DoughsR41_zombieYo"/>
DEBUG:Adding: <entity name="DoughsR44_zombieBusinessMan"/>
DEBUG:Adding: <entity name="DoughsR61_zombieSkateboarder"/>
DEBUG:Adding: <entity name="DoughsR62_zombieDarlene"/>
DEBUG:Adding: <entity name="DoughsR98_animalZombieDog" prob="0.05"/>
DEBUG:ModletGen_AddZedsToEntityGroupsFile ENTITY GROUP: FwanderingHordeStageGS27
DEBUG:Adding: <entity name="DoughsR13_zombieSteve"/>
DEBUG:Adding: <entity name="DoughsR16_zombieFemaleFat"/>
DEBUG:Adding: <entity name="DoughsR24_zombieNurse"/>
DEBUG:Adding: <entity name="DoughsR35_zombieJoe"/>
DEBUG:Adding: <entity name="DoughsR41_zombieYo"/>
DEBUG:Adding: <entity name="DoughsR44_zombieBusinessMan"/>
DEBUG:Adding: <entity name="DoughsR56_zombieUtilityWorker"/>
DEBUG:Adding: <entity name="DoughsR61_zombieSkateboarder"/>
DEBUG:Adding: <entity name="DoughsR62_zombieDarlene"/>
DEBUG:Adding: <entity name="DoughsR62_zombieDarlene" prob="0.048"/>
DEBUG:Adding: <entity name="DoughsR88_animalZombieVulture" prob="0.114"/>
DEBUG:Adding: <entity name="DoughsR98_animalZombieDog" prob="0.05"/>
DEBUG:ModletGen_AddZedsToEntityGroupsFile ENTITY GROUP: FwanderingHordeStageGS31
DEBUG:Adding: <entity name="DoughsR13_zombieSteve" prob="0.055"/>
DEBUG:Adding: <entity name="DoughsR16_zombieFemaleFat"/>
DEBUG:Adding: <entity name="DoughsR28_zombieMarlene" prob="0.055"/>
DEBUG:Adding: <entity name="DoughsR29_zombieBoe"/>
DEBUG:Adding: <entity name="DoughsR31_zombieArlene"/>
DEBUG:Adding: <entity name="DoughsR41_zombieYo"/>
DEBUG:Adding: <entity name="DoughsR44_zombieBusinessMan"/>
DEBUG:Adding: <entity name="DoughsR49_zombieMoe"/>
DEBUG:Adding: <entity name="DoughsR61_zombieSkateboarder"/>
DEBUG:Adding: <entity name="DoughsR62_zombieDarlene" prob="0.055"/>
DEBUG:Adding: <entity name="DoughsR65_zombieJanitor"/>
DEBUG:Adding: <entity name="DoughsR98_animalZombieDog" prob="0.05"/>
DEBUG:ModletGen_AddZedsToEntityGroupsFile ENTITY GROUP: FwanderingHordeStageGS35
DEBUG:Adding: <entity name="DoughsR24_zombieNurse" prob="0.062"/>
DEBUG:Adding: <entity name="DoughsR24_zombieNurse"/>
DEBUG:Adding: <entity name="DoughsR28_zombieMarlene" prob="0.062"/>
DEBUG:Adding: <entity name="DoughsR31_zombieArlene" prob="0.062"/>
DEBUG:Adding: <entity name="DoughsR31_zombieArlene"/>
DEBUG:Adding: <entity name="DoughsR41_zombieYo" prob="0.062"/>
DEBUG:Adding: <entity name="DoughsR45_zombieSpider" prob="0.06"/>
DEBUG:Adding: <entity name="DoughsR49_zombieMoe"/>
DEBUG:Adding: <entity name="DoughsR61_zombieSkateboarder"/>
DEBUG:Adding: <entity name="DoughsR62_zombieDarlene"/>
DEBUG:Adding: <entity name="DoughsR88_animalZombieVulture" prob="0.118"/>
DEBUG:ModletGen_AddZedsToEntityGroupsFile ENTITY GROUP: FwanderingHordeStageGS4
DEBUG:Adding: <entity name="DoughsR13_zombieSteve"/>
DEBUG:Adding: <entity name="DoughsR16_zombieFemaleFat"/>
DEBUG:Adding: <entity name="DoughsR24_zombieNurse"/>
DEBUG:Adding: <entity name="DoughsR28_zombieMarlene"/>
DEBUG:Adding: <entity name="DoughsR29_zombieBoe"/>
DEBUG:Adding: <entity name="DoughsR31_zombieArlene"/>
DEBUG:Adding: <entity name="DoughsR35_zombieJoe"/>
DEBUG:Adding: <entity name="DoughsR41_zombieYo"/>
DEBUG:Adding: <entity name="DoughsR44_zombieBusinessMan"/>
DEBUG:Adding: <entity name="DoughsR49_zombieMoe"/>
DEBUG:Adding: <entity name="DoughsR61_zombieSkateboarder"/>
DEBUG:Adding: <entity name="DoughsR62_zombieDarlene"/>
DEBUG:ModletGen_AddZedsToEntityGroupsFile ENTITY GROUP: FwanderingHordeStageGS40
DEBUG:Adding: <entity name="DoughsR13_zombieSteve"/>
DEBUG:Adding: <entity name="DoughsR24_zombieNurse"/>
DEBUG:Adding: <entity name="DoughsR27_zombieFatCop" prob="0.08"/>
DEBUG:Adding: <entity name="DoughsR31_zombieArlene" prob="0.07"/>
DEBUG:Adding: <entity name="DoughsR35_zombieJoe" prob="0.07"/>
DEBUG:Adding: <entity name="DoughsR41_zombieYo"/>
DEBUG:Adding: <entity name="DoughsR44_zombieBusinessMan" prob="0.07"/>
DEBUG:Adding: <entity name="DoughsR45_zombieSpider" prob="0.07"/>
DEBUG:Adding: <entity name="DoughsR56_zombieUtilityWorker"/>
DEBUG:Adding: <entity name="DoughsR61_zombieSkateboarder" prob="0.07"/>
DEBUG:Adding: <entity name="DoughsR62_zombieDarlene" prob="0.07"/>
DEBUG:Adding: <entity name="DoughsR98_animalZombieDog" prob="0.05"/>
DEBUG:ModletGen_AddZedsToEntityGroupsFile ENTITY GROUP: FwanderingHordeStageGS44
DEBUG:Adding: <entity name="DoughsR13_zombieSteve"/>
DEBUG:Adding: <entity name="DoughsR16_zombieFemaleFat"/>
DEBUG:Adding: <entity name="DoughsR31_zombieArlene"/>
DEBUG:Adding: <entity name="DoughsR35_zombieJoe" prob="0.077"/>
DEBUG:Adding: <entity name="DoughsR41_zombieYo"/>
DEBUG:Adding: <entity name="DoughsR44_zombieBusinessMan"/>
DEBUG:Adding: <entity name="DoughsR45_zombieSpider" prob="0.07"/>
DEBUG:Adding: <entity name="DoughsR49_zombieMoe"/>
DEBUG:Adding: <entity name="DoughsR61_zombieSkateboarder"/>
DEBUG:Adding: <entity name="DoughsR61_zombieSkateboarder" prob="0.077"/>
DEBUG:Adding: <entity name="DoughsR62_zombieDarlene" prob="0.077"/>
DEBUG:ModletGen_AddZedsToEntityGroupsFile ENTITY GROUP: FwanderingHordeStageGS49
DEBUG:Adding: <entity name="DoughsR13_zombieSteve" prob="0.086"/>
DEBUG:Adding: <entity name="DoughsR13_zombieSteve"/>
DEBUG:Adding: <entity name="DoughsR24_zombieNurse" prob="0.086"/>
DEBUG:Adding: <entity name="DoughsR28_zombieMarlene" prob="0.086"/>
DEBUG:Adding: <entity name="DoughsR31_zombieArlene"/>
DEBUG:Adding: <entity name="DoughsR35_zombieJoe"/>
DEBUG:Adding: <entity name="DoughsR35_zombieJoe" prob="0.086"/>
DEBUG:Adding: <entity name="DoughsR44_zombieBusinessMan"/>
DEBUG:Adding: <entity name="DoughsR49_zombieMoe" prob="0.086"/>
DEBUG:Adding: <entity name="DoughsR61_zombieSkateboarder" prob="0.086"/>
DEBUG:Adding: <entity name="DoughsR65_zombieJanitor" prob="0.086"/>
DEBUG:Adding: <entity name="DoughsR98_animalZombieDog" prob="0.05"/>
DEBUG:ModletGen_AddZedsToEntityGroupsFile ENTITY GROUP: FwanderingHordeStageGS54
DEBUG:Adding: <entity name="DoughsR13_zombieSteve"/>
DEBUG:Adding: <entity name="DoughsR24_zombieNurse" prob="0.095"/>
DEBUG:Adding: <entity name="DoughsR24_zombieNurse"/>
DEBUG:Adding: <entity name="DoughsR28_zombieMarlene"/>
DEBUG:Adding: <entity name="DoughsR41_zombieYo"/>
DEBUG:Adding: <entity name="DoughsR44_zombieBusinessMan"/>
DEBUG:Adding: <entity name="DoughsR49_zombieMoe"/>
DEBUG:Adding: <entity name="DoughsR49_zombieMoe" prob="0.095"/>
DEBUG:Adding: <entity name="DoughsR61_zombieSkateboarder" prob="0.095"/>
DEBUG:Adding: <entity name="DoughsR62_zombieDarlene" prob="0.095"/>
DEBUG:Adding: <entity name="DoughsR88_animalZombieVulture" prob="0.127"/>
DEBUG:Adding: <entity name="DoughsR98_animalZombieDog" prob="0.05"/>
DEBUG:ModletGen_AddZedsToEntityGroupsFile ENTITY GROUP: FwanderingHordeStageGS59
DEBUG:Adding: <entity name="DoughsR13_zombieSteve"/>
DEBUG:Adding: <entity name="DoughsR16_zombieFemaleFat" prob="0.104"/>
DEBUG:Adding: <entity name="DoughsR24_zombieNurse"/>
DEBUG:Adding: <entity name="DoughsR24_zombieNurse" prob="0.104"/>
DEBUG:Adding: <entity name="DoughsR29_zombieBoe" prob="0.104"/>
DEBUG:Adding: <entity name="DoughsR35_zombieJoe"/>
DEBUG:Adding: <entity name="DoughsR41_zombieYo"/>
DEBUG:Adding: <entity name="DoughsR44_zombieBusinessMan" prob="0.104"/>
DEBUG:Adding: <entity name="DoughsR45_zombieSpider" prob="0.05"/>
DEBUG:Adding: <entity name="DoughsR56_zombieUtilityWorker" prob="0.104"/>
DEBUG:ModletGen_AddZedsToEntityGroupsFile ENTITY GROUP: FwanderingHordeStageGS64
DEBUG:Adding: <entity name="DoughsR16_zombieFemaleFat"/>
DEBUG:Adding: <entity name="DoughsR16_zombieFemaleFat" prob="0.112"/>
DEBUG:Adding: <entity name="DoughsR27_zombieFatCop" prob="0.08"/>
DEBUG:Adding: <entity name="DoughsR27_zombieFatCop" prob="0.08"/>
DEBUG:Adding: <entity name="DoughsR28_zombieMarlene"/>
DEBUG:Adding: <entity name="DoughsR35_zombieJoe" prob="0.112"/>
DEBUG:Adding: <entity name="DoughsR44_zombieBusinessMan"/>
DEBUG:Adding: <entity name="DoughsR45_zombieSpider" prob="0.05"/>
DEBUG:Adding: <entity name="DoughsR49_zombieMoe"/>
DEBUG:Adding: <entity name="DoughsR62_zombieDarlene" prob="0.112"/>
DEBUG:Adding: <entity name="DoughsR62_zombieDarlene"/>
DEBUG:Adding: <entity name="DoughsR65_zombieJanitor" prob="0.05"/>
DEBUG:ModletGen_AddZedsToEntityGroupsFile ENTITY GROUP: FwanderingHordeStageGS7
DEBUG:Adding: <entity name="DoughsR13_zombieSteve"/>
DEBUG:Adding: <entity name="DoughsR16_zombieFemaleFat"/>
DEBUG:Adding: <entity name="DoughsR24_zombieNurse"/>
DEBUG:Adding: <entity name="DoughsR28_zombieMarlene"/>
DEBUG:Adding: <entity name="DoughsR29_zombieBoe"/>
DEBUG:Adding: <entity name="DoughsR31_zombieArlene"/>
DEBUG:Adding: <entity name="DoughsR35_zombieJoe"/>
DEBUG:Adding: <entity name="DoughsR41_zombieYo"/>
DEBUG:Adding: <entity name="DoughsR44_zombieBusinessMan"/>
DEBUG:Adding: <entity name="DoughsR49_zombieMoe"/>
DEBUG:Adding: <entity name="DoughsR61_zombieSkateboarder"/>
DEBUG:Adding: <entity name="DoughsR62_zombieDarlene"/>
DEBUG:ModletGen_AddZedsToEntityGroupsFile ENTITY GROUP: GraceGroup
DEBUG:Adding: <entity name="DoughsR97_animalBossGrace"/>
DEBUG:ModletGen_AddZedsToEntityGroupsFile ENTITY GROUP: HospitalGroup
DEBUG:Adding: <entity name="DoughsR24_zombieNurse" prob="2.5"/>
DEBUG:Adding: <entity name="DoughsR28_zombieMarlene"/>
DEBUG:Adding: <entity name="DoughsR29_zombieBoe"/>
DEBUG:Adding: <entity name="DoughsR31_zombieArlene"/>
DEBUG:Adding: <entity name="DoughsR35_zombieJoe"/>
DEBUG:Adding: <entity name="DoughsR38_zombieLab" prob="1.7"/>
DEBUG:Adding: <entity name="DoughsR41_zombieYo"/>
DEBUG:Adding: <entity name="DoughsR42_zombieMaleHazmat" prob="1.7"/>
DEBUG:Adding: <entity name="DoughsR61_zombieSkateboarder"/>
DEBUG:Adding: <entity name="DoughsR62_zombieDarlene"/>
DEBUG:ModletGen_AddZedsToEntityGroupsFile ENTITY GROUP: SnakeGroup
DEBUG:Adding: <entity name="DoughsR93_animalSnake"/>
DEBUG:ModletGen_AddZedsToEntityGroupsFile ENTITY GROUP: SnowZombies
DEBUG:Adding: <entity name="DoughsR23_zombieSnow" prob="1"/>
DEBUG:ModletGen_AddZedsToEntityGroupsFile ENTITY GROUP: VultureGroup
DEBUG:Adding: <entity name="DoughsR88_animalZombieVulture"/>
DEBUG:ModletGen_AddZedsToEntityGroupsFile ENTITY GROUP: WildGameForest
DEBUG:Adding: <entity name="DoughsR100_animalDoe" prob="1"/>
DEBUG:Adding: <entity name="DoughsR101_animalChicken" prob="48"/>
DEBUG:Adding: <entity name="DoughsR102_animalStag" prob="1"/>
DEBUG:Adding: <entity name="DoughsR91_animalWolf" prob="1"/>
DEBUG:Adding: <entity name="DoughsR94_animalBoar" prob="1"/>
DEBUG:Adding: <entity name="DoughsR99_animalRabbit" prob="48"/>
DEBUG:ModletGen_AddZedsToEntityGroupsFile ENTITY GROUP: WolfGroup
DEBUG:Adding: <entity name="DoughsR91_animalWolf"/>
DEBUG:ModletGen_AddZedsToEntityGroupsFile ENTITY GROUP: WolfPack
DEBUG:Adding: <entity name="DoughsR91_animalWolf"/>
DEBUG:Adding: <entity name="DoughsR96_animalDireWolf" prob="0.5"/>
DEBUG:ModletGen_AddZedsToEntityGroupsFile ENTITY GROUP: ZombieAnimalsGroup
DEBUG:Adding: <entity name="DoughsR95_animalZombieBear"/>
DEBUG:Adding: <entity name="DoughsR98_animalZombieDog" prob="4"/>
DEBUG:ModletGen_AddZedsToEntityGroupsFile ENTITY GROUP: ZombieBadassGroup
DEBUG:Adding: <entity name="DoughsR10_zombieFemaleFatFeral"/>
DEBUG:Adding: <entity name="DoughsR11_zombieBoeFeral"/>
DEBUG:Adding: <entity name="DoughsR12_zombieJoeFeral"/>
DEBUG:Adding: <entity name="DoughsR21_zombieSpiderRadiated"/>
DEBUG:Adding: <entity name="DoughsR22_zombieWightRadiated"/>
DEBUG:Adding: <entity name="DoughsR2_zombieBusinessManFeral"/>
DEBUG:Adding: <entity name="DoughsR30_zombieFatHawaiianFeral"/>
DEBUG:Adding: <entity name="DoughsR37_zombieMarleneFeral"/>
DEBUG:Adding: <entity name="DoughsR39_zombieSkateboarderFeral"/>
DEBUG:Adding: <entity name="DoughsR3_zombieFatCopRadiated"/>
DEBUG:Adding: <entity name="DoughsR43_zombieOldTimerFeral"/>
DEBUG:Adding: <entity name="DoughsR51_zombieDarleneFeral"/>
DEBUG:Adding: <entity name="DoughsR52_zombieUtilityWorkerFeral"/>
DEBUG:Adding: <entity name="DoughsR53_zombieJanitorFeral"/>
DEBUG:Adding: <entity name="DoughsR57_zombieSpiderFeral"/>
DEBUG:Adding: <entity name="DoughsR59_zombieArleneFeral"/>
DEBUG:Adding: <entity name="DoughsR63_zombieFatCopFeral"/>
DEBUG:Adding: <entity name="DoughsR67_zombieSnowFeral"/>
DEBUG:Adding: <entity name="DoughsR6_zombieSoldierFeral"/>
DEBUG:Adding: <entity name="DoughsR71_zombieNurseFeral"/>
DEBUG:Adding: <entity name="DoughsR73_zombieSteveCrawlerFeral"/>
DEBUG:Adding: <entity name="DoughsR74_zombieMoeFeral"/>
DEBUG:Adding: <entity name="DoughsR78_zombieSteveFeral"/>
DEBUG:Adding: <entity name="DoughsR79_zombieYoFeral"/>
DEBUG:Adding: <entity name="DoughsR7_zombieWightFeral"/>
DEBUG:Adding: <entity name="DoughsR80_zombieCheerleaderFeral"/>
DEBUG:Adding: <entity name="DoughsR82_zombieFarmerFeral"/>
DEBUG:ModletGen_AddZedsToEntityGroupsFile ENTITY GROUP: ZombieBearsGroup
DEBUG:Adding: <entity name="DoughsR95_animalZombieBear"/>
DEBUG:ModletGen_AddZedsToEntityGroupsFile ENTITY GROUP: ZombieBikerBarGroup
DEBUG:Adding: <entity name="DoughsR25_zombieBiker" prob="3"/>
DEBUG:Adding: <entity name="DoughsR29_zombieBoe"/>
DEBUG:Adding: <entity name="DoughsR49_zombieMoe"/>
DEBUG:Adding: <entity name="DoughsR4_zombieFarmer"/>
DEBUG:Adding: <entity name="DoughsR56_zombieUtilityWorker" prob=".4"/>
DEBUG:Adding: <entity name="DoughsR61_zombieSkateboarder"/>
DEBUG:Adding: <entity name="DoughsR65_zombieJanitor" prob=".6"/>
DEBUG:Adding: <entity name="DoughsR85_zombieStripper" prob="4"/>
DEBUG:ModletGen_AddZedsToEntityGroupsFile ENTITY GROUP: ZombieBikerBarGroupGS1
DEBUG:Adding: <entity name="DoughsR11_zombieBoeFeral" prob="0"/>
DEBUG:Adding: <entity name="DoughsR25_zombieBiker" prob="1"/>
DEBUG:Adding: <entity name="DoughsR29_zombieBoe" prob="1"/>
DEBUG:Adding: <entity name="DoughsR32_zombieMoeRadiated" prob="0"/>
DEBUG:Adding: <entity name="DoughsR39_zombieSkateboarderFeral" prob="0"/>
DEBUG:Adding: <entity name="DoughsR40_zombieStripperFeral" prob="0"/>
DEBUG:Adding: <entity name="DoughsR49_zombieMoe" prob="1"/>
DEBUG:Adding: <entity name="DoughsR4_zombieFarmer" prob="1"/>
DEBUG:Adding: <entity name="DoughsR50_zombieBoeRadiated" prob="0"/>
DEBUG:Adding: <entity name="DoughsR52_zombieUtilityWorkerFeral" prob="0"/>
DEBUG:Adding: <entity name="DoughsR53_zombieJanitorFeral" prob="0"/>
DEBUG:Adding: <entity name="DoughsR56_zombieUtilityWorker" prob="1"/>
DEBUG:Adding: <entity name="DoughsR61_zombieSkateboarder" prob="1"/>
DEBUG:Adding: <entity name="DoughsR65_zombieJanitor" prob="1"/>
DEBUG:Adding: <entity name="DoughsR70_zombieBikerFeral" prob="0"/>
DEBUG:Adding: <entity name="DoughsR74_zombieMoeFeral" prob="0"/>
DEBUG:Adding: <entity name="DoughsR75_zombieSkateboarderRadiated" prob="0"/>
DEBUG:Adding: <entity name="DoughsR82_zombieFarmerFeral" prob="0"/>
DEBUG:Adding: <entity name="DoughsR85_zombieStripper" prob="1"/>
DEBUG:Adding: <entity name="DoughsR86_zombieBikerRadiated" prob="0"/>
DEBUG:ModletGen_AddZedsToEntityGroupsFile ENTITY GROUP: ZombieBikerBarGroupGS100
DEBUG:Adding: <entity name="DoughsR11_zombieBoeFeral" prob="0.2"/>
DEBUG:Adding: <entity name="DoughsR25_zombieBiker" prob="0.7"/>
DEBUG:Adding: <entity name="DoughsR29_zombieBoe" prob="0.7"/>
DEBUG:Adding: <entity name="DoughsR32_zombieMoeRadiated" prob="0"/>
DEBUG:Adding: <entity name="DoughsR39_zombieSkateboarderFeral" prob="0.2"/>
DEBUG:Adding: <entity name="DoughsR40_zombieStripperFeral" prob="0.2"/>
DEBUG:Adding: <entity name="DoughsR49_zombieMoe" prob="0.7"/>
DEBUG:Adding: <entity name="DoughsR4_zombieFarmer" prob="0.7"/>
DEBUG:Adding: <entity name="DoughsR50_zombieBoeRadiated" prob="0"/>
DEBUG:Adding: <entity name="DoughsR52_zombieUtilityWorkerFeral" prob="0.08"/>
DEBUG:Adding: <entity name="DoughsR53_zombieJanitorFeral" prob=".12"/>
DEBUG:Adding: <entity name="DoughsR56_zombieUtilityWorker" prob="0.3"/>
DEBUG:Adding: <entity name="DoughsR61_zombieSkateboarder" prob="0.7"/>
DEBUG:Adding: <entity name="DoughsR65_zombieJanitor" prob=".4"/>
DEBUG:Adding: <entity name="DoughsR70_zombieBikerFeral" prob="0.2"/>
DEBUG:Adding: <entity name="DoughsR74_zombieMoeFeral" prob="0.2"/>
DEBUG:Adding: <entity name="DoughsR75_zombieSkateboarderRadiated" prob="0"/>
DEBUG:Adding: <entity name="DoughsR82_zombieFarmerFeral" prob="0.2"/>
DEBUG:Adding: <entity name="DoughsR85_zombieStripper" prob="0.7"/>
DEBUG:Adding: <entity name="DoughsR86_zombieBikerRadiated" prob="0"/>
DEBUG:ModletGen_AddZedsToEntityGroupsFile ENTITY GROUP: ZombieBikerBarGroupGS200
DEBUG:Adding: <entity name="DoughsR11_zombieBoeFeral" prob="0.3"/>
DEBUG:Adding: <entity name="DoughsR25_zombieBiker" prob="0.55"/>
DEBUG:Adding: <entity name="DoughsR29_zombieBoe" prob="0.55"/>
DEBUG:Adding: <entity name="DoughsR32_zombieMoeRadiated" prob="0.15"/>
DEBUG:Adding: <entity name="DoughsR39_zombieSkateboarderFeral" prob="0.3"/>
DEBUG:Adding: <entity name="DoughsR40_zombieStripperFeral" prob="0.3"/>
DEBUG:Adding: <entity name="DoughsR49_zombieMoe" prob="0.55"/>
DEBUG:Adding: <entity name="DoughsR4_zombieFarmer" prob="0.55"/>
DEBUG:Adding: <entity name="DoughsR50_zombieBoeRadiated" prob="0.15"/>
DEBUG:Adding: <entity name="DoughsR52_zombieUtilityWorkerFeral" prob="0.13"/>
DEBUG:Adding: <entity name="DoughsR53_zombieJanitorFeral" prob=".17"/>
DEBUG:Adding: <entity name="DoughsR56_zombieUtilityWorker" prob="0.25"/>
DEBUG:Adding: <entity name="DoughsR61_zombieSkateboarder" prob="0.55"/>
DEBUG:Adding: <entity name="DoughsR65_zombieJanitor" prob=".2"/>
DEBUG:Adding: <entity name="DoughsR70_zombieBikerFeral" prob="0.3"/>
DEBUG:Adding: <entity name="DoughsR74_zombieMoeFeral" prob="0.3"/>
DEBUG:Adding: <entity name="DoughsR75_zombieSkateboarderRadiated" prob="0.15"/>
DEBUG:Adding: <entity name="DoughsR82_zombieFarmerFeral" prob="0.3"/>
DEBUG:Adding: <entity name="DoughsR85_zombieStripper" prob="0.55"/>
DEBUG:Adding: <entity name="DoughsR86_zombieBikerRadiated" prob="0.15"/>
DEBUG:ModletGen_AddZedsToEntityGroupsFile ENTITY GROUP: ZombieBikerBarGroupGS400
DEBUG:Adding: <entity name="DoughsR11_zombieBoeFeral" prob="0.4"/>
DEBUG:Adding: <entity name="DoughsR25_zombieBiker" prob="0.4"/>
DEBUG:Adding: <entity name="DoughsR29_zombieBoe" prob="0.4"/>
DEBUG:Adding: <entity name="DoughsR32_zombieMoeRadiated" prob="0.3"/>
DEBUG:Adding: <entity name="DoughsR39_zombieSkateboarderFeral" prob="0.4"/>
DEBUG:Adding: <entity name="DoughsR40_zombieStripperFeral" prob="0.4"/>
DEBUG:Adding: <entity name="DoughsR49_zombieMoe" prob="0.4"/>
DEBUG:Adding: <entity name="DoughsR4_zombieFarmer" prob="0.4"/>
DEBUG:Adding: <entity name="DoughsR50_zombieBoeRadiated" prob="0.3"/>
DEBUG:Adding: <entity name="DoughsR52_zombieUtilityWorkerFeral" prob="0.17"/>
DEBUG:Adding: <entity name="DoughsR53_zombieJanitorFeral" prob=".23"/>
DEBUG:Adding: <entity name="DoughsR56_zombieUtilityWorker" prob="0.17"/>
DEBUG:Adding: <entity name="DoughsR61_zombieSkateboarder" prob="0.4"/>
DEBUG:Adding: <entity name="DoughsR65_zombieJanitor" prob=".23"/>
DEBUG:Adding: <entity name="DoughsR70_zombieBikerFeral" prob="0.4"/>
DEBUG:Adding: <entity name="DoughsR74_zombieMoeFeral" prob="0.4"/>
DEBUG:Adding: <entity name="DoughsR75_zombieSkateboarderRadiated" prob="0.3"/>
DEBUG:Adding: <entity name="DoughsR82_zombieFarmerFeral" prob="0.4"/>
DEBUG:Adding: <entity name="DoughsR85_zombieStripper" prob="0.4"/>
DEBUG:Adding: <entity name="DoughsR86_zombieBikerRadiated" prob="0.3"/>
DEBUG:ModletGen_AddZedsToEntityGroupsFile ENTITY GROUP: ZombieBikerBarGroupGS50
DEBUG:Adding: <entity name="DoughsR11_zombieBoeFeral" prob="0.1"/>
DEBUG:Adding: <entity name="DoughsR25_zombieBiker" prob="0.85"/>
DEBUG:Adding: <entity name="DoughsR29_zombieBoe" prob="0.85"/>
DEBUG:Adding: <entity name="DoughsR32_zombieMoeRadiated" prob="0"/>
DEBUG:Adding: <entity name="DoughsR39_zombieSkateboarderFeral" prob="0.1"/>
DEBUG:Adding: <entity name="DoughsR40_zombieStripperFeral" prob="0.1"/>
DEBUG:Adding: <entity name="DoughsR49_zombieMoe" prob="0.85"/>
DEBUG:Adding: <entity name="DoughsR4_zombieFarmer" prob="0.85"/>
DEBUG:Adding: <entity name="DoughsR50_zombieBoeRadiated" prob="0"/>
DEBUG:Adding: <entity name="DoughsR52_zombieUtilityWorkerFeral" prob="0.04"/>
DEBUG:Adding: <entity name="DoughsR53_zombieJanitorFeral" prob=".06"/>
DEBUG:Adding: <entity name="DoughsR56_zombieUtilityWorker" prob=".37"/>
DEBUG:Adding: <entity name="DoughsR61_zombieSkateboarder" prob="0.85"/>
DEBUG:Adding: <entity name="DoughsR65_zombieJanitor" prob=".48"/>
DEBUG:Adding: <entity name="DoughsR70_zombieBikerFeral" prob="0.1"/>
DEBUG:Adding: <entity name="DoughsR74_zombieMoeFeral" prob="0.1"/>
DEBUG:Adding: <entity name="DoughsR75_zombieSkateboarderRadiated" prob="0"/>
DEBUG:Adding: <entity name="DoughsR82_zombieFarmerFeral" prob="0.1"/>
DEBUG:Adding: <entity name="DoughsR85_zombieStripper" prob="0.85"/>
DEBUG:Adding: <entity name="DoughsR86_zombieBikerRadiated" prob="0"/>
DEBUG:ModletGen_AddZedsToEntityGroupsFile ENTITY GROUP: ZombieBikerBarGroupGS800
DEBUG:Adding: <entity name="DoughsR11_zombieBoeFeral" prob="0.5"/>
DEBUG:Adding: <entity name="DoughsR25_zombieBiker" prob="0.25"/>
DEBUG:Adding: <entity name="DoughsR29_zombieBoe" prob="0.25"/>
DEBUG:Adding: <entity name="DoughsR32_zombieMoeRadiated" prob="0.45"/>
DEBUG:Adding: <entity name="DoughsR39_zombieSkateboarderFeral" prob="0.5"/>
DEBUG:Adding: <entity name="DoughsR40_zombieStripperFeral" prob="0.5"/>
DEBUG:Adding: <entity name="DoughsR49_zombieMoe" prob="0.25"/>
DEBUG:Adding: <entity name="DoughsR4_zombieFarmer" prob="0.25"/>
DEBUG:Adding: <entity name="DoughsR50_zombieBoeRadiated" prob="0.45"/>
DEBUG:Adding: <entity name="DoughsR52_zombieUtilityWorkerFeral" prob="0.2"/>
DEBUG:Adding: <entity name="DoughsR53_zombieJanitorFeral" prob=".3"/>
DEBUG:Adding: <entity name="DoughsR56_zombieUtilityWorker" prob="0.2"/>
DEBUG:Adding: <entity name="DoughsR61_zombieSkateboarder" prob="0.25"/>
DEBUG:Adding: <entity name="DoughsR65_zombieJanitor" prob=".25"/>
DEBUG:Adding: <entity name="DoughsR70_zombieBikerFeral" prob="0.5"/>
DEBUG:Adding: <entity name="DoughsR74_zombieMoeFeral" prob="0.5"/>
DEBUG:Adding: <entity name="DoughsR75_zombieSkateboarderRadiated" prob="0.45"/>
DEBUG:Adding: <entity name="DoughsR82_zombieFarmerFeral" prob="0.5"/>
DEBUG:Adding: <entity name="DoughsR85_zombieStripper" prob="0.25"/>
DEBUG:Adding: <entity name="DoughsR86_zombieBikerRadiated" prob="0.45"/>
DEBUG:ModletGen_AddZedsToEntityGroupsFile ENTITY GROUP: ZombieBurntGroup
DEBUG:Adding: <entity name="DoughsR15_zombieBurnt"/>
DEBUG:ModletGen_AddZedsToEntityGroupsFile ENTITY GROUP: ZombieBusinessManGroup
DEBUG:Adding: <entity name="DoughsR44_zombieBusinessMan"/>
DEBUG:ModletGen_AddZedsToEntityGroupsFile ENTITY GROUP: ZombieDogGroup
DEBUG:Adding: <entity name="DoughsR98_animalZombieDog"/>
DEBUG:ModletGen_AddZedsToEntityGroupsFile ENTITY GROUP: ZombieFarmGroup
DEBUG:Adding: <entity name="DoughsR101_animalChicken"/>
DEBUG:Adding: <entity name="DoughsR16_zombieFemaleFat"/>
DEBUG:Adding: <entity name="DoughsR4_zombieFarmer"/>
DEBUG:Adding: <entity name="DoughsR4_zombieFarmer"/>
DEBUG:Adding: <entity name="DoughsR94_animalBoar"/>
DEBUG:Adding: <entity name="DoughsR98_animalZombieDog"/>
DEBUG:ModletGen_AddZedsToEntityGroupsFile ENTITY GROUP: ZombieFatCopGroup
DEBUG:Adding: <entity name="DoughsR27_zombieFatCop"/>
DEBUG:ModletGen_AddZedsToEntityGroupsFile ENTITY GROUP: ZombieFeralRadiatedGroup
DEBUG:Adding: <entity name="DoughsR21_zombieSpiderRadiated"/>
DEBUG:Adding: <entity name="DoughsR22_zombieWightRadiated"/>
DEBUG:Adding: <entity name="DoughsR3_zombieFatCopRadiated"/>
DEBUG:ModletGen_AddZedsToEntityGroupsFile ENTITY GROUP: ZombieFootballStadiumGroup
DEBUG:Adding: <entity name="DoughsR13_zombieSteve" prob="0.01"/>
DEBUG:Adding: <entity name="DoughsR24_zombieNurse" prob="0.01"/>
DEBUG:Adding: <entity name="DoughsR26_zombieFatHawaiian" prob="0.01"/>
DEBUG:Adding: <entity name="DoughsR29_zombieBoe" prob="0.01"/>
DEBUG:Adding: <entity name="DoughsR35_zombieJoe" prob="0.01"/>
DEBUG:Adding: <entity name="DoughsR41_zombieYo" prob="0.01"/>
DEBUG:Adding: <entity name="DoughsR46_zombieFootballPlayer" prob="10"/>
DEBUG:Adding: <entity name="DoughsR64_zombieCheerleader" prob="10"/>
DEBUG:ModletGen_AddZedsToEntityGroupsFile ENTITY GROUP: ZombieFootballStadiumGroupGS1
DEBUG:Adding: <entity name="DoughsR11_zombieBoeFeral" prob="0"/>
DEBUG:Adding: <entity name="DoughsR12_zombieJoeFeral" prob="0"/>
DEBUG:Adding: <entity name="DoughsR13_zombieSteve" prob="1"/>
DEBUG:Adding: <entity name="DoughsR24_zombieNurse" prob="1"/>
DEBUG:Adding: <entity name="DoughsR26_zombieFatHawaiian" prob="1"/>
DEBUG:Adding: <entity name="DoughsR29_zombieBoe" prob="1"/>
DEBUG:Adding: <entity name="DoughsR30_zombieFatHawaiianFeral" prob="0"/>
DEBUG:Adding: <entity name="DoughsR35_zombieJoe" prob="1"/>
DEBUG:Adding: <entity name="DoughsR36_zombieYoRadiated" prob="0"/>
DEBUG:Adding: <entity name="DoughsR41_zombieYo" prob="1"/>
DEBUG:Adding: <entity name="DoughsR46_zombieFootballPlayer" prob="10"/>
DEBUG:Adding: <entity name="DoughsR48_zombieCheerleaderRadiated" prob="0"/>
DEBUG:Adding: <entity name="DoughsR50_zombieBoeRadiated" prob="0"/>
DEBUG:Adding: <entity name="DoughsR55_zombieJoeRadiated" prob="0"/>
DEBUG:Adding: <entity name="DoughsR64_zombieCheerleader" prob="8"/>
DEBUG:Adding: <entity name="DoughsR71_zombieNurseFeral" prob="0"/>
DEBUG:Adding: <entity name="DoughsR78_zombieSteveFeral" prob="0"/>
DEBUG:Adding: <entity name="DoughsR79_zombieYoFeral" prob="0"/>
DEBUG:Adding: <entity name="DoughsR80_zombieCheerleaderFeral" prob="0"/>
DEBUG:Adding: <entity name="DoughsR81_zombieSteveRadiated" prob="0"/>
DEBUG:ModletGen_AddZedsToEntityGroupsFile ENTITY GROUP: ZombieFootballStadiumGroupGS100
DEBUG:Adding: <entity name="DoughsR11_zombieBoeFeral" prob="0.2"/>
DEBUG:Adding: <entity name="DoughsR12_zombieJoeFeral" prob="0.2"/>
DEBUG:Adding: <entity name="DoughsR13_zombieSteve" prob="0.7"/>
DEBUG:Adding: <entity name="DoughsR24_zombieNurse" prob="0.7"/>
DEBUG:Adding: <entity name="DoughsR26_zombieFatHawaiian" prob="0.7"/>
DEBUG:Adding: <entity name="DoughsR29_zombieBoe" prob="0.7"/>
DEBUG:Adding: <entity name="DoughsR30_zombieFatHawaiianFeral" prob="0.2"/>
DEBUG:Adding: <entity name="DoughsR35_zombieJoe" prob="0.7"/>
DEBUG:Adding: <entity name="DoughsR36_zombieYoRadiated" prob="0"/>
DEBUG:Adding: <entity name="DoughsR41_zombieYo" prob="0.7"/>
DEBUG:Adding: <entity name="DoughsR46_zombieFootballPlayer" prob="10"/>
DEBUG:Adding: <entity name="DoughsR48_zombieCheerleaderRadiated" prob="0"/>
DEBUG:Adding: <entity name="DoughsR50_zombieBoeRadiated" prob="0"/>
DEBUG:Adding: <entity name="DoughsR55_zombieJoeRadiated" prob="0"/>
DEBUG:Adding: <entity name="DoughsR64_zombieCheerleader" prob="5.6"/>
DEBUG:Adding: <entity name="DoughsR71_zombieNurseFeral" prob="0.2"/>
DEBUG:Adding: <entity name="DoughsR78_zombieSteveFeral" prob="0.2"/>
DEBUG:Adding: <entity name="DoughsR79_zombieYoFeral" prob="0.2"/>
DEBUG:Adding: <entity name="DoughsR80_zombieCheerleaderFeral" prob="1.6"/>
DEBUG:Adding: <entity name="DoughsR81_zombieSteveRadiated" prob="0"/>
DEBUG:ModletGen_AddZedsToEntityGroupsFile ENTITY GROUP: ZombieFootballStadiumGroupGS200
DEBUG:Adding: <entity name="DoughsR11_zombieBoeFeral" prob="0.3"/>
DEBUG:Adding: <entity name="DoughsR12_zombieJoeFeral" prob="0.3"/>
DEBUG:Adding: <entity name="DoughsR13_zombieSteve" prob="0.55"/>
DEBUG:Adding: <entity name="DoughsR24_zombieNurse" prob="0.55"/>
DEBUG:Adding: <entity name="DoughsR26_zombieFatHawaiian" prob="0.55"/>
DEBUG:Adding: <entity name="DoughsR29_zombieBoe" prob="0.55"/>
DEBUG:Adding: <entity name="DoughsR30_zombieFatHawaiianFeral" prob="0.3"/>
DEBUG:Adding: <entity name="DoughsR35_zombieJoe" prob="0.55"/>
DEBUG:Adding: <entity name="DoughsR36_zombieYoRadiated" prob="0.15"/>
DEBUG:Adding: <entity name="DoughsR41_zombieYo" prob="0.55"/>
DEBUG:Adding: <entity name="DoughsR46_zombieFootballPlayer" prob="10"/>
DEBUG:Adding: <entity name="DoughsR48_zombieCheerleaderRadiated" prob="1.2"/>
DEBUG:Adding: <entity name="DoughsR50_zombieBoeRadiated" prob="0.15"/>
DEBUG:Adding: <entity name="DoughsR55_zombieJoeRadiated" prob="0.15"/>
DEBUG:Adding: <entity name="DoughsR64_zombieCheerleader" prob="4.4"/>
DEBUG:Adding: <entity name="DoughsR71_zombieNurseFeral" prob="0.3"/>
DEBUG:Adding: <entity name="DoughsR78_zombieSteveFeral" prob="0.3"/>
DEBUG:Adding: <entity name="DoughsR79_zombieYoFeral" prob="0.3"/>
DEBUG:Adding: <entity name="DoughsR80_zombieCheerleaderFeral" prob="2.4"/>
DEBUG:Adding: <entity name="DoughsR81_zombieSteveRadiated" prob="0.15"/>
DEBUG:ModletGen_AddZedsToEntityGroupsFile ENTITY GROUP: ZombieFootballStadiumGroupGS400
DEBUG:Adding: <entity name="DoughsR11_zombieBoeFeral" prob="0.4"/>
DEBUG:Adding: <entity name="DoughsR12_zombieJoeFeral" prob="0.4"/>
DEBUG:Adding: <entity name="DoughsR13_zombieSteve" prob="0.4"/>
DEBUG:Adding: <entity name="DoughsR24_zombieNurse" prob="0.4"/>
DEBUG:Adding: <entity name="DoughsR26_zombieFatHawaiian" prob="0.4"/>
DEBUG:Adding: <entity name="DoughsR29_zombieBoe" prob="0.4"/>
DEBUG:Adding: <entity name="DoughsR30_zombieFatHawaiianFeral" prob="0.4"/>
DEBUG:Adding: <entity name="DoughsR35_zombieJoe" prob="0.4"/>
DEBUG:Adding: <entity name="DoughsR36_zombieYoRadiated" prob="0.3"/>
DEBUG:Adding: <entity name="DoughsR41_zombieYo" prob="0.4"/>
DEBUG:Adding: <entity name="DoughsR46_zombieFootballPlayer" prob="10"/>
DEBUG:Adding: <entity name="DoughsR48_zombieCheerleaderRadiated" prob="2.4"/>
DEBUG:Adding: <entity name="DoughsR50_zombieBoeRadiated" prob="0.3"/>
DEBUG:Adding: <entity name="DoughsR55_zombieJoeRadiated" prob="0.3"/>
DEBUG:Adding: <entity name="DoughsR64_zombieCheerleader" prob="3.2"/>
DEBUG:Adding: <entity name="DoughsR71_zombieNurseFeral" prob="0.4"/>
DEBUG:Adding: <entity name="DoughsR78_zombieSteveFeral" prob="0.4"/>
DEBUG:Adding: <entity name="DoughsR79_zombieYoFeral" prob="0.4"/>
DEBUG:Adding: <entity name="DoughsR80_zombieCheerleaderFeral" prob="3.2"/>
DEBUG:Adding: <entity name="DoughsR81_zombieSteveRadiated" prob="0.3"/>
DEBUG:ModletGen_AddZedsToEntityGroupsFile ENTITY GROUP: ZombieFootballStadiumGroupGS50
DEBUG:Adding: <entity name="DoughsR11_zombieBoeFeral" prob="0.1"/>
DEBUG:Adding: <entity name="DoughsR12_zombieJoeFeral" prob="0.1"/>
DEBUG:Adding: <entity name="DoughsR13_zombieSteve" prob="0.85"/>
DEBUG:Adding: <entity name="DoughsR24_zombieNurse" prob="0.85"/>
DEBUG:Adding: <entity name="DoughsR26_zombieFatHawaiian" prob="0.85"/>
DEBUG:Adding: <entity name="DoughsR29_zombieBoe" prob="0.85"/>
DEBUG:Adding: <entity name="DoughsR30_zombieFatHawaiianFeral" prob="0.1"/>
DEBUG:Adding: <entity name="DoughsR35_zombieJoe" prob="0.85"/>
DEBUG:Adding: <entity name="DoughsR36_zombieYoRadiated" prob="0"/>
DEBUG:Adding: <entity name="DoughsR41_zombieYo" prob="0.85"/>
DEBUG:Adding: <entity name="DoughsR46_zombieFootballPlayer" prob="10"/>
DEBUG:Adding: <entity name="DoughsR48_zombieCheerleaderRadiated" prob="0"/>
DEBUG:Adding: <entity name="DoughsR50_zombieBoeRadiated" prob="0"/>
DEBUG:Adding: <entity name="DoughsR55_zombieJoeRadiated" prob="0"/>
DEBUG:Adding: <entity name="DoughsR64_zombieCheerleader" prob="6.8"/>
DEBUG:Adding: <entity name="DoughsR71_zombieNurseFeral" prob="0.1"/>
DEBUG:Adding: <entity name="DoughsR78_zombieSteveFeral" prob="0.1"/>
DEBUG:Adding: <entity name="DoughsR79_zombieYoFeral" prob="0.1"/>
DEBUG:Adding: <entity name="DoughsR80_zombieCheerleaderFeral" prob="0.8"/>
DEBUG:Adding: <entity name="DoughsR81_zombieSteveRadiated" prob="0"/>
DEBUG:ModletGen_AddZedsToEntityGroupsFile ENTITY GROUP: ZombieFootballStadiumGroupGS800
DEBUG:Adding: <entity name="DoughsR11_zombieBoeFeral" prob="0.5"/>
DEBUG:Adding: <entity name="DoughsR12_zombieJoeFeral" prob="0.5"/>
DEBUG:Adding: <entity name="DoughsR13_zombieSteve" prob="0.25"/>
DEBUG:Adding: <entity name="DoughsR24_zombieNurse" prob="0.25"/>
DEBUG:Adding: <entity name="DoughsR26_zombieFatHawaiian" prob="0.25"/>
DEBUG:Adding: <entity name="DoughsR29_zombieBoe" prob="0.25"/>
DEBUG:Adding: <entity name="DoughsR30_zombieFatHawaiianFeral" prob="0.5"/>
DEBUG:Adding: <entity name="DoughsR35_zombieJoe" prob="0.25"/>
DEBUG:Adding: <entity name="DoughsR36_zombieYoRadiated" prob="0.45"/>
DEBUG:Adding: <entity name="DoughsR41_zombieYo" prob="0.25"/>
DEBUG:Adding: <entity name="DoughsR46_zombieFootballPlayer" prob="10"/>
DEBUG:Adding: <entity name="DoughsR48_zombieCheerleaderRadiated" prob="3.6"/>
DEBUG:Adding: <entity name="DoughsR50_zombieBoeRadiated" prob="0.45"/>
DEBUG:Adding: <entity name="DoughsR55_zombieJoeRadiated" prob="0.45"/>
DEBUG:Adding: <entity name="DoughsR64_zombieCheerleader" prob="2"/>
DEBUG:Adding: <entity name="DoughsR71_zombieNurseFeral" prob="0.5"/>
DEBUG:Adding: <entity name="DoughsR78_zombieSteveFeral" prob="0.5"/>
DEBUG:Adding: <entity name="DoughsR79_zombieYoFeral" prob="0.5"/>
DEBUG:Adding: <entity name="DoughsR80_zombieCheerleaderFeral" prob="4"/>
DEBUG:Adding: <entity name="DoughsR81_zombieSteveRadiated" prob="0.45"/>
DEBUG:ModletGen_AddZedsToEntityGroupsFile ENTITY GROUP: ZombieGhostTownGroup
DEBUG:Adding: <entity name="DoughsR16_zombieFemaleFat"/>
DEBUG:Adding: <entity name="DoughsR26_zombieFatHawaiian" prob="0.5"/>
DEBUG:Adding: <entity name="DoughsR28_zombieMarlene"/>
DEBUG:Adding: <entity name="DoughsR29_zombieBoe"/>
DEBUG:Adding: <entity name="DoughsR31_zombieArlene"/>
DEBUG:Adding: <entity name="DoughsR35_zombieJoe"/>
DEBUG:Adding: <entity name="DoughsR49_zombieMoe"/>
DEBUG:Adding: <entity name="DoughsR5_zombieSteveCrawler"/>
DEBUG:Adding: <entity name="DoughsR61_zombieSkateboarder"/>
DEBUG:Adding: <entity name="DoughsR83_zombieOldTimer" prob="3"/>
DEBUG:ModletGen_AddZedsToEntityGroupsFile ENTITY GROUP: ZombieGhostTownGroupGS1
DEBUG:Adding: <entity name="DoughsR10_zombieFemaleFatFeral" prob="0"/>
DEBUG:Adding: <entity name="DoughsR11_zombieBoeFeral" prob="0"/>
DEBUG:Adding: <entity name="DoughsR12_zombieJoeFeral" prob="0"/>
DEBUG:Adding: <entity name="DoughsR16_zombieFemaleFat" prob="1"/>
DEBUG:Adding: <entity name="DoughsR26_zombieFatHawaiian" prob="0.5"/>
DEBUG:Adding: <entity name="DoughsR28_zombieMarlene" prob="1"/>
DEBUG:Adding: <entity name="DoughsR29_zombieBoe" prob="1"/>
DEBUG:Adding: <entity name="DoughsR30_zombieFatHawaiianFeral" prob="0"/>
DEBUG:Adding: <entity name="DoughsR31_zombieArlene" prob="1"/>
DEBUG:Adding: <entity name="DoughsR32_zombieMoeRadiated" prob="0"/>
DEBUG:Adding: <entity name="DoughsR34_zombieMarleneRadiated" prob="0"/>
DEBUG:Adding: <entity name="DoughsR35_zombieJoe" prob="1"/>
DEBUG:Adding: <entity name="DoughsR37_zombieMarleneFeral" prob="0"/>
DEBUG:Adding: <entity name="DoughsR39_zombieSkateboarderFeral" prob="0"/>
DEBUG:Adding: <entity name="DoughsR43_zombieOldTimerFeral" prob="0"/>
DEBUG:Adding: <entity name="DoughsR49_zombieMoe" prob="1"/>
DEBUG:Adding: <entity name="DoughsR50_zombieBoeRadiated" prob="0"/>
DEBUG:Adding: <entity name="DoughsR54_zombieFemaleFatRadiated" prob="0"/>
DEBUG:Adding: <entity name="DoughsR55_zombieJoeRadiated" prob="0"/>
DEBUG:Adding: <entity name="DoughsR59_zombieArleneFeral" prob="0"/>
DEBUG:Adding: <entity name="DoughsR5_zombieSteveCrawler" prob="1"/>
DEBUG:Adding: <entity name="DoughsR61_zombieSkateboarder" prob="1"/>
DEBUG:Adding: <entity name="DoughsR69_zombieOldTimerRadiated" prob="0"/>
DEBUG:Adding: <entity name="DoughsR73_zombieSteveCrawlerFeral" prob="0"/>
DEBUG:Adding: <entity name="DoughsR74_zombieMoeFeral" prob="0"/>
DEBUG:Adding: <entity name="DoughsR75_zombieSkateboarderRadiated" prob="0"/>
DEBUG:Adding: <entity name="DoughsR83_zombieOldTimer" prob="3"/>
DEBUG:Adding: <entity name="DoughsR8_zombieArleneRadiated" prob="0"/>
DEBUG:ModletGen_AddZedsToEntityGroupsFile ENTITY GROUP: ZombieGhostTownGroupGS100
DEBUG:Adding: <entity name="DoughsR10_zombieFemaleFatFeral" prob="0.2"/>
DEBUG:Adding: <entity name="DoughsR11_zombieBoeFeral" prob="0.2"/>
DEBUG:Adding: <entity name="DoughsR12_zombieJoeFeral" prob="0.2"/>
DEBUG:Adding: <entity name="DoughsR16_zombieFemaleFat" prob="0.7"/>
DEBUG:Adding: <entity name="DoughsR26_zombieFatHawaiian" prob="0.36"/>
DEBUG:Adding: <entity name="DoughsR28_zombieMarlene" prob="0.7"/>
DEBUG:Adding: <entity name="DoughsR29_zombieBoe" prob="0.7"/>
DEBUG:Adding: <entity name="DoughsR30_zombieFatHawaiianFeral" prob="0.1"/>
DEBUG:Adding: <entity name="DoughsR31_zombieArlene" prob="0.7"/>
DEBUG:Adding: <entity name="DoughsR32_zombieMoeRadiated" prob="0"/>
DEBUG:Adding: <entity name="DoughsR34_zombieMarleneRadiated" prob="0"/>
DEBUG:Adding: <entity name="DoughsR35_zombieJoe" prob="0.7"/>
DEBUG:Adding: <entity name="DoughsR37_zombieMarleneFeral" prob="0.2"/>
DEBUG:Adding: <entity name="DoughsR39_zombieSkateboarderFeral" prob="0.2"/>
DEBUG:Adding: <entity name="DoughsR43_zombieOldTimerFeral" prob="0.6"/>
DEBUG:Adding: <entity name="DoughsR49_zombieMoe" prob="0.7"/>
DEBUG:Adding: <entity name="DoughsR50_zombieBoeRadiated" prob="0"/>
DEBUG:Adding: <entity name="DoughsR54_zombieFemaleFatRadiated" prob="0"/>
DEBUG:Adding: <entity name="DoughsR55_zombieJoeRadiated" prob="0"/>
DEBUG:Adding: <entity name="DoughsR59_zombieArleneFeral" prob="0.2"/>
DEBUG:Adding: <entity name="DoughsR5_zombieSteveCrawler" prob="0.7"/>
DEBUG:Adding: <entity name="DoughsR61_zombieSkateboarder" prob="0.7"/>
DEBUG:Adding: <entity name="DoughsR69_zombieOldTimerRadiated" prob="0"/>
DEBUG:Adding: <entity name="DoughsR73_zombieSteveCrawlerFeral" prob="0.2"/>
DEBUG:Adding: <entity name="DoughsR74_zombieMoeFeral" prob="0.2"/>
DEBUG:Adding: <entity name="DoughsR75_zombieSkateboarderRadiated" prob="0"/>
DEBUG:Adding: <entity name="DoughsR83_zombieOldTimer" prob="2.1"/>
DEBUG:Adding: <entity name="DoughsR8_zombieArleneRadiated" prob="0"/>
DEBUG:ModletGen_AddZedsToEntityGroupsFile ENTITY GROUP: ZombieGhostTownGroupGS200
DEBUG:Adding: <entity name="DoughsR10_zombieFemaleFatFeral" prob="0.3"/>
DEBUG:Adding: <entity name="DoughsR11_zombieBoeFeral" prob="0.3"/>
DEBUG:Adding: <entity name="DoughsR12_zombieJoeFeral" prob="0.3"/>
DEBUG:Adding: <entity name="DoughsR16_zombieFemaleFat" prob="0.55"/>
DEBUG:Adding: <entity name="DoughsR26_zombieFatHawaiian" prob="0.29"/>
DEBUG:Adding: <entity name="DoughsR28_zombieMarlene" prob="0.55"/>
DEBUG:Adding: <entity name="DoughsR29_zombieBoe" prob="0.55"/>
DEBUG:Adding: <entity name="DoughsR30_zombieFatHawaiianFeral" prob="0.15"/>
DEBUG:Adding: <entity name="DoughsR31_zombieArlene" prob="0.55"/>
DEBUG:Adding: <entity name="DoughsR32_zombieMoeRadiated" prob="0.15"/>
DEBUG:Adding: <entity name="DoughsR34_zombieMarleneRadiated" prob="0.15"/>
DEBUG:Adding: <entity name="DoughsR35_zombieJoe" prob="0.55"/>
DEBUG:Adding: <entity name="DoughsR37_zombieMarleneFeral" prob="0.3"/>
DEBUG:Adding: <entity name="DoughsR39_zombieSkateboarderFeral" prob="0.3"/>
DEBUG:Adding: <entity name="DoughsR43_zombieOldTimerFeral" prob="0.9"/>
DEBUG:Adding: <entity name="DoughsR49_zombieMoe" prob="0.55"/>
DEBUG:Adding: <entity name="DoughsR50_zombieBoeRadiated" prob="0.15"/>
DEBUG:Adding: <entity name="DoughsR54_zombieFemaleFatRadiated" prob="0.15"/>
DEBUG:Adding: <entity name="DoughsR55_zombieJoeRadiated" prob="0.15"/>
DEBUG:Adding: <entity name="DoughsR59_zombieArleneFeral" prob="0.3"/>
DEBUG:Adding: <entity name="DoughsR5_zombieSteveCrawler" prob="0.55"/>
DEBUG:Adding: <entity name="DoughsR61_zombieSkateboarder" prob="0.55"/>
DEBUG:Adding: <entity name="DoughsR69_zombieOldTimerRadiated" prob="0.45"/>
DEBUG:Adding: <entity name="DoughsR73_zombieSteveCrawlerFeral" prob="0.3"/>
DEBUG:Adding: <entity name="DoughsR74_zombieMoeFeral" prob="0.3"/>
DEBUG:Adding: <entity name="DoughsR75_zombieSkateboarderRadiated" prob="0.15"/>
DEBUG:Adding: <entity name="DoughsR83_zombieOldTimer" prob="1.65"/>
DEBUG:Adding: <entity name="DoughsR8_zombieArleneRadiated" prob="0.15"/>
DEBUG:ModletGen_AddZedsToEntityGroupsFile ENTITY GROUP: ZombieGhostTownGroupGS400
DEBUG:Adding: <entity name="DoughsR10_zombieFemaleFatFeral" prob="0.4"/>
DEBUG:Adding: <entity name="DoughsR11_zombieBoeFeral" prob="0.4"/>
DEBUG:Adding: <entity name="DoughsR12_zombieJoeFeral" prob="0.4"/>
DEBUG:Adding: <entity name="DoughsR16_zombieFemaleFat" prob="0.4"/>
DEBUG:Adding: <entity name="DoughsR26_zombieFatHawaiian" prob="0.22"/>
DEBUG:Adding: <entity name="DoughsR28_zombieMarlene" prob="0.4"/>
DEBUG:Adding: <entity name="DoughsR29_zombieBoe" prob="0.4"/>
DEBUG:Adding: <entity name="DoughsR30_zombieFatHawaiianFeral" prob="0.2"/>
DEBUG:Adding: <entity name="DoughsR31_zombieArlene" prob="0.4"/>
DEBUG:Adding: <entity name="DoughsR32_zombieMoeRadiated" prob="0.3"/>
DEBUG:Adding: <entity name="DoughsR34_zombieMarleneRadiated" prob="0.3"/>
DEBUG:Adding: <entity name="DoughsR35_zombieJoe" prob="0.4"/>
DEBUG:Adding: <entity name="DoughsR37_zombieMarleneFeral" prob="0.4"/>
DEBUG:Adding: <entity name="DoughsR39_zombieSkateboarderFeral" prob="0.4"/>
DEBUG:Adding: <entity name="DoughsR43_zombieOldTimerFeral" prob="1.2"/>
DEBUG:Adding: <entity name="DoughsR49_zombieMoe" prob="0.4"/>
DEBUG:Adding: <entity name="DoughsR50_zombieBoeRadiated" prob="0.3"/>
DEBUG:Adding: <entity name="DoughsR54_zombieFemaleFatRadiated" prob="0.3"/>
DEBUG:Adding: <entity name="DoughsR55_zombieJoeRadiated" prob="0.3"/>
DEBUG:Adding: <entity name="DoughsR59_zombieArleneFeral" prob="0.4"/>
DEBUG:Adding: <entity name="DoughsR5_zombieSteveCrawler" prob="0.4"/>
DEBUG:Adding: <entity name="DoughsR61_zombieSkateboarder" prob="0.4"/>
DEBUG:Adding: <entity name="DoughsR69_zombieOldTimerRadiated" prob="0.9"/>
DEBUG:Adding: <entity name="DoughsR73_zombieSteveCrawlerFeral" prob="0.4"/>
DEBUG:Adding: <entity name="DoughsR74_zombieMoeFeral" prob="0.4"/>
DEBUG:Adding: <entity name="DoughsR75_zombieSkateboarderRadiated" prob="0.3"/>
DEBUG:Adding: <entity name="DoughsR83_zombieOldTimer" prob="1.2"/>
DEBUG:Adding: <entity name="DoughsR8_zombieArleneRadiated" prob="0.3"/>
DEBUG:ModletGen_AddZedsToEntityGroupsFile ENTITY GROUP: ZombieGhostTownGroupGS50
DEBUG:Adding: <entity name="DoughsR10_zombieFemaleFatFeral" prob="0.1"/>
DEBUG:Adding: <entity name="DoughsR11_zombieBoeFeral" prob="0.1"/>
DEBUG:Adding: <entity name="DoughsR12_zombieJoeFeral" prob="0.1"/>
DEBUG:Adding: <entity name="DoughsR16_zombieFemaleFat" prob="0.85"/>
DEBUG:Adding: <entity name="DoughsR26_zombieFatHawaiian" prob="0.43"/>
DEBUG:Adding: <entity name="DoughsR28_zombieMarlene" prob="0.85"/>
DEBUG:Adding: <entity name="DoughsR29_zombieBoe" prob="0.85"/>
DEBUG:Adding: <entity name="DoughsR30_zombieFatHawaiianFeral" prob="0.05"/>
DEBUG:Adding: <entity name="DoughsR31_zombieArlene" prob="0.85"/>
DEBUG:Adding: <entity name="DoughsR32_zombieMoeRadiated" prob="0"/>
DEBUG:Adding: <entity name="DoughsR34_zombieMarleneRadiated" prob="0"/>
DEBUG:Adding: <entity name="DoughsR35_zombieJoe" prob="0.85"/>
DEBUG:Adding: <entity name="DoughsR37_zombieMarleneFeral" prob="0.1"/>
DEBUG:Adding: <entity name="DoughsR39_zombieSkateboarderFeral" prob="0.1"/>
DEBUG:Adding: <entity name="DoughsR43_zombieOldTimerFeral" prob="0.3"/>
DEBUG:Adding: <entity name="DoughsR49_zombieMoe" prob="0.85"/>
DEBUG:Adding: <entity name="DoughsR50_zombieBoeRadiated" prob="0"/>
DEBUG:Adding: <entity name="DoughsR54_zombieFemaleFatRadiated" prob="0"/>
DEBUG:Adding: <entity name="DoughsR55_zombieJoeRadiated" prob="0"/>
DEBUG:Adding: <entity name="DoughsR59_zombieArleneFeral" prob="0.1"/>
DEBUG:Adding: <entity name="DoughsR5_zombieSteveCrawler" prob="0.85"/>
DEBUG:Adding: <entity name="DoughsR61_zombieSkateboarder" prob="0.85"/>
DEBUG:Adding: <entity name="DoughsR69_zombieOldTimerRadiated" prob="0"/>
DEBUG:Adding: <entity name="DoughsR73_zombieSteveCrawlerFeral" prob="0.1"/>
DEBUG:Adding: <entity name="DoughsR74_zombieMoeFeral" prob="0.1"/>
DEBUG:Adding: <entity name="DoughsR75_zombieSkateboarderRadiated" prob="0"/>
DEBUG:Adding: <entity name="DoughsR83_zombieOldTimer" prob="2.55"/>
DEBUG:Adding: <entity name="DoughsR8_zombieArleneRadiated" prob="0"/>
DEBUG:ModletGen_AddZedsToEntityGroupsFile ENTITY GROUP: ZombieGhostTownGroupGS800
DEBUG:Adding: <entity name="DoughsR10_zombieFemaleFatFeral" prob="0.5"/>
DEBUG:Adding: <entity name="DoughsR11_zombieBoeFeral" prob="0.5"/>
DEBUG:Adding: <entity name="DoughsR12_zombieJoeFeral" prob="0.5"/>
DEBUG:Adding: <entity name="DoughsR16_zombieFemaleFat" prob="0.25"/>
DEBUG:Adding: <entity name="DoughsR26_zombieFatHawaiian" prob="0.15"/>
DEBUG:Adding: <entity name="DoughsR28_zombieMarlene" prob="0.25"/>
DEBUG:Adding: <entity name="DoughsR29_zombieBoe" prob="0.25"/>
DEBUG:Adding: <entity name="DoughsR30_zombieFatHawaiianFeral" prob="0.25"/>
DEBUG:Adding: <entity name="DoughsR31_zombieArlene" prob="0.25"/>
DEBUG:Adding: <entity name="DoughsR32_zombieMoeRadiated" prob="0.45"/>
DEBUG:Adding: <entity name="DoughsR34_zombieMarleneRadiated" prob="0.45"/>
DEBUG:Adding: <entity name="DoughsR35_zombieJoe" prob="0.25"/>
DEBUG:Adding: <entity name="DoughsR37_zombieMarleneFeral" prob="0.5"/>
DEBUG:Adding: <entity name="DoughsR39_zombieSkateboarderFeral" prob="0.5"/>
DEBUG:Adding: <entity name="DoughsR43_zombieOldTimerFeral" prob="1.5"/>
DEBUG:Adding: <entity name="DoughsR49_zombieMoe" prob="0.25"/>
DEBUG:Adding: <entity name="DoughsR50_zombieBoeRadiated" prob="0.45"/>
DEBUG:Adding: <entity name="DoughsR54_zombieFemaleFatRadiated" prob="0.45"/>
DEBUG:Adding: <entity name="DoughsR55_zombieJoeRadiated" prob="0.45"/>
DEBUG:Adding: <entity name="DoughsR59_zombieArleneFeral" prob="0.5"/>
DEBUG:Adding: <entity name="DoughsR5_zombieSteveCrawler" prob="0.25"/>
DEBUG:Adding: <entity name="DoughsR61_zombieSkateboarder" prob="0.25"/>
DEBUG:Adding: <entity name="DoughsR69_zombieOldTimerRadiated" prob="1.35"/>
DEBUG:Adding: <entity name="DoughsR73_zombieSteveCrawlerFeral" prob="0.5"/>
DEBUG:Adding: <entity name="DoughsR74_zombieMoeFeral" prob="0.5"/>
DEBUG:Adding: <entity name="DoughsR75_zombieSkateboarderRadiated" prob="0.45"/>
DEBUG:Adding: <entity name="DoughsR83_zombieOldTimer" prob="0.75"/>
DEBUG:Adding: <entity name="DoughsR8_zombieArleneRadiated" prob="0.45"/>
DEBUG:ModletGen_AddZedsToEntityGroupsFile ENTITY GROUP: ZombieHazMatOnlyGroup
DEBUG:Adding: <entity name="DoughsR42_zombieMaleHazmat" prob="0.2"/>
DEBUG:ModletGen_AddZedsToEntityGroupsFile ENTITY GROUP: ZombieJanitorGroup
DEBUG:Adding: <entity name="DoughsR65_zombieJanitor"/>
DEBUG:ModletGen_AddZedsToEntityGroupsFile ENTITY GROUP: ZombieScouts
DEBUG:Adding: <entity name="DoughsR68_zombieScreamer"/>
DEBUG:ModletGen_AddZedsToEntityGroupsFile ENTITY GROUP: ZombieSoldierGroup
DEBUG:Adding: <entity name="DoughsR13_zombieSteve" prob="0.01"/>
DEBUG:Adding: <entity name="DoughsR14_zombieSoldier"/>
DEBUG:Adding: <entity name="DoughsR24_zombieNurse" prob="0.01"/>
DEBUG:Adding: <entity name="DoughsR28_zombieMarlene" prob="0.01"/>
DEBUG:Adding: <entity name="DoughsR29_zombieBoe" prob="0.01"/>
DEBUG:Adding: <entity name="DoughsR31_zombieArlene" prob="0.01"/>
DEBUG:Adding: <entity name="DoughsR35_zombieJoe" prob="0.01"/>
DEBUG:Adding: <entity name="DoughsR41_zombieYo" prob="0.01"/>
DEBUG:Adding: <entity name="DoughsR42_zombieMaleHazmat" prob="0.4"/>
DEBUG:Adding: <entity name="DoughsR45_zombieSpider" prob="0.01"/>
DEBUG:Adding: <entity name="DoughsR49_zombieMoe" prob="0.01"/>
DEBUG:Adding: <entity name="DoughsR62_zombieDarlene" prob="0.01"/>
DEBUG:Adding: <entity name="DoughsR7_zombieWightFeral" prob="0.01"/>
DEBUG:ModletGen_AddZedsToEntityGroupsFile ENTITY GROUP: ZombieUtilityWorkerGroup
DEBUG:Adding: <entity name="DoughsR56_zombieUtilityWorker"/>
DEBUG:ModletGen_AddZedsToEntityGroupsFile ENTITY GROUP: ZombiesAll
DEBUG:Adding: <entity name="DoughsR13_zombieSteve"/>
DEBUG:Adding: <entity name="DoughsR24_zombieNurse" prob="0.3"/>
DEBUG:Adding: <entity name="DoughsR25_zombieBiker" prob="0.3"/>
DEBUG:Adding: <entity name="DoughsR26_zombieFatHawaiian" prob="0.3"/>
DEBUG:Adding: <entity name="DoughsR28_zombieMarlene"/>
DEBUG:Adding: <entity name="DoughsR29_zombieBoe"/>
DEBUG:Adding: <entity name="DoughsR31_zombieArlene"/>
DEBUG:Adding: <entity name="DoughsR35_zombieJoe"/>
DEBUG:Adding: <entity name="DoughsR41_zombieYo"/>
DEBUG:Adding: <entity name="DoughsR44_zombieBusinessMan"/>
DEBUG:Adding: <entity name="DoughsR49_zombieMoe"/>
DEBUG:Adding: <entity name="DoughsR4_zombieFarmer" prob="0.3"/>
DEBUG:Adding: <entity name="DoughsR56_zombieUtilityWorker" prob="0.3"/>
DEBUG:Adding: <entity name="DoughsR5_zombieSteveCrawler"/>
DEBUG:Adding: <entity name="DoughsR61_zombieSkateboarder"/>
DEBUG:Adding: <entity name="DoughsR62_zombieDarlene"/>
DEBUG:Adding: <entity name="DoughsR64_zombieCheerleader" prob="0.3"/>
DEBUG:Adding: <entity name="DoughsR65_zombieJanitor" prob="0.2"/>
DEBUG:Adding: <entity name="DoughsR83_zombieOldTimer" prob="0.3"/>
DEBUG:Adding: <entity name="DoughsR85_zombieStripper" prob="0.3"/>
DEBUG:ModletGen_AddZedsToEntityGroupsFile ENTITY GROUP: ZombiesBoss
DEBUG:Adding: <entity name="DoughsR27_zombieFatCop"/>
DEBUG:ModletGen_AddZedsToEntityGroupsFile ENTITY GROUP: ZombiesBurntForest
DEBUG:Adding: <entity name="DoughsR15_zombieBurnt" prob="0.2"/>
DEBUG:Adding: <entity name="DoughsR5_zombieSteveCrawler" prob="0.05"/>
DEBUG:ModletGen_AddZedsToEntityGroupsFile ENTITY GROUP: ZombiesCave
DEBUG:Adding: <entity name="DoughsR13_zombieSteve" prob="0.05"/>
DEBUG:Adding: <entity name="DoughsR35_zombieJoe" prob="0.05"/>
DEBUG:Adding: <entity name="DoughsR41_zombieYo" prob="0.05"/>
DEBUG:Adding: <entity name="DoughsR49_zombieMoe" prob="0.05"/>
DEBUG:Adding: <entity name="DoughsR5_zombieSteveCrawler" prob="0.05"/>
DEBUG:Adding: <entity name="DoughsR7_zombieWightFeral" prob="0.01"/>
DEBUG:Adding: <entity name="DoughsR87_animalBear" prob="0.1"/>
DEBUG:ModletGen_AddZedsToEntityGroupsFile ENTITY GROUP: ZombiesCrawlers
DEBUG:Adding: <entity name="DoughsR5_zombieSteveCrawler" prob="1"/>
DEBUG:ModletGen_AddZedsToEntityGroupsFile ENTITY GROUP: ZombiesFeral
DEBUG:Adding: <entity name="DoughsR37_zombieMarleneFeral"/>
DEBUG:Adding: <entity name="DoughsR57_zombieSpiderFeral"/>
DEBUG:Adding: <entity name="DoughsR71_zombieNurseFeral"/>
DEBUG:Adding: <entity name="DoughsR73_zombieSteveCrawlerFeral"/>
DEBUG:Adding: <entity name="DoughsR78_zombieSteveFeral"/>
DEBUG:Adding: <entity name="DoughsR79_zombieYoFeral"/>
DEBUG:Adding: <entity name="DoughsR7_zombieWightFeral"/>
DEBUG:ModletGen_AddZedsToEntityGroupsFile ENTITY GROUP: ZombiesHoard
DEBUG:Adding: <entity name="DoughsR13_zombieSteve" prob="0.1"/>
DEBUG:Adding: <entity name="DoughsR24_zombieNurse"/>
DEBUG:Adding: <entity name="DoughsR27_zombieFatCop" prob="0.05"/>
DEBUG:Adding: <entity name="DoughsR28_zombieMarlene"/>
DEBUG:Adding: <entity name="DoughsR29_zombieBoe" prob="0.1"/>
DEBUG:Adding: <entity name="DoughsR31_zombieArlene"/>
DEBUG:Adding: <entity name="DoughsR35_zombieJoe" prob="0.1"/>
DEBUG:Adding: <entity name="DoughsR41_zombieYo" prob="0.1"/>
DEBUG:Adding: <entity name="DoughsR45_zombieSpider"/>
DEBUG:Adding: <entity name="DoughsR49_zombieMoe" prob="0.1"/>
DEBUG:Adding: <entity name="DoughsR5_zombieSteveCrawler" prob="0.1"/>
DEBUG:Adding: <entity name="DoughsR62_zombieDarlene"/>
DEBUG:Adding: <entity name="DoughsR95_animalZombieBear" prob="0.05"/>
DEBUG:Adding: <entity name="DoughsR98_animalZombieDog" prob="0.05"/>
DEBUG:ModletGen_AddZedsToEntityGroupsFile ENTITY GROUP: ZombiesNight
DEBUG:Adding: <entity name="DoughsR11_zombieBoeFeral" prob=".25"/>
DEBUG:Adding: <entity name="DoughsR12_zombieJoeFeral" prob=".25"/>
DEBUG:Adding: <entity name="DoughsR13_zombieSteve" prob="1"/>
DEBUG:Adding: <entity name="DoughsR24_zombieNurse" prob="1"/>
DEBUG:Adding: <entity name="DoughsR26_zombieFatHawaiian" prob="1"/>
DEBUG:Adding: <entity name="DoughsR28_zombieMarlene" prob="1"/>
DEBUG:Adding: <entity name="DoughsR29_zombieBoe" prob="1"/>
DEBUG:Adding: <entity name="DoughsR2_zombieBusinessManFeral" prob=".25"/>
DEBUG:Adding: <entity name="DoughsR30_zombieFatHawaiianFeral" prob=".25"/>
DEBUG:Adding: <entity name="DoughsR31_zombieArlene" prob="1"/>
DEBUG:Adding: <entity name="DoughsR35_zombieJoe" prob="1"/>
DEBUG:Adding: <entity name="DoughsR37_zombieMarleneFeral" prob=".25"/>
DEBUG:Adding: <entity name="DoughsR41_zombieYo" prob="1"/>
DEBUG:Adding: <entity name="DoughsR44_zombieBusinessMan" prob="1"/>
DEBUG:Adding: <entity name="DoughsR45_zombieSpider" prob="1"/>
DEBUG:Adding: <entity name="DoughsR49_zombieMoe" prob="1"/>
DEBUG:Adding: <entity name="DoughsR51_zombieDarleneFeral" prob=".25"/>
DEBUG:Adding: <entity name="DoughsR57_zombieSpiderFeral" prob=".25"/>
DEBUG:Adding: <entity name="DoughsR59_zombieArleneFeral" prob=".25"/>
DEBUG:Adding: <entity name="DoughsR5_zombieSteveCrawler" prob="1"/>
DEBUG:Adding: <entity name="DoughsR62_zombieDarlene" prob="1"/>
DEBUG:Adding: <entity name="DoughsR71_zombieNurseFeral" prob=".25"/>
DEBUG:Adding: <entity name="DoughsR74_zombieMoeFeral" prob=".25"/>
DEBUG:Adding: <entity name="DoughsR78_zombieSteveFeral" prob=".25"/>
DEBUG:Adding: <entity name="DoughsR79_zombieYoFeral" prob=".25"/>
DEBUG:Adding: <entity name="DoughsR98_animalZombieDog" prob="0.05"/>
DEBUG:ModletGen_AddZedsToEntityGroupsFile ENTITY GROUP: ZombiesWasteland
DEBUG:Adding: <entity name="DoughsR13_zombieSteve"/>
DEBUG:Adding: <entity name="DoughsR15_zombieBurnt"/>
DEBUG:Adding: <entity name="DoughsR24_zombieNurse"/>
DEBUG:Adding: <entity name="DoughsR26_zombieFatHawaiian"/>
DEBUG:Adding: <entity name="DoughsR27_zombieFatCop"/>
DEBUG:Adding: <entity name="DoughsR28_zombieMarlene"/>
DEBUG:Adding: <entity name="DoughsR29_zombieBoe"/>
DEBUG:Adding: <entity name="DoughsR31_zombieArlene"/>
DEBUG:Adding: <entity name="DoughsR35_zombieJoe"/>
DEBUG:Adding: <entity name="DoughsR41_zombieYo"/>
DEBUG:Adding: <entity name="DoughsR42_zombieMaleHazmat" prob="0.1"/>
DEBUG:Adding: <entity name="DoughsR44_zombieBusinessMan"/>
DEBUG:Adding: <entity name="DoughsR45_zombieSpider"/>
DEBUG:Adding: <entity name="DoughsR49_zombieMoe"/>
DEBUG:Adding: <entity name="DoughsR5_zombieSteveCrawler"/>
DEBUG:Adding: <entity name="DoughsR62_zombieDarlene"/>
DEBUG:Adding: <entity name="DoughsR98_animalZombieDog"/>
DEBUG:ModletGen_AddZedsToEntityGroupsFile ENTITY GROUP: ZombiesWastelandNight
DEBUG:Adding: <entity name="DoughsR11_zombieBoeFeral"/>
DEBUG:Adding: <entity name="DoughsR12_zombieJoeFeral"/>
DEBUG:Adding: <entity name="DoughsR15_zombieBurnt"/>
DEBUG:Adding: <entity name="DoughsR26_zombieFatHawaiian"/>
DEBUG:Adding: <entity name="DoughsR2_zombieBusinessManFeral"/>
DEBUG:Adding: <entity name="DoughsR37_zombieMarleneFeral"/>
DEBUG:Adding: <entity name="DoughsR42_zombieMaleHazmat" prob="0.2"/>
DEBUG:Adding: <entity name="DoughsR51_zombieDarleneFeral"/>
DEBUG:Adding: <entity name="DoughsR57_zombieSpiderFeral"/>
DEBUG:Adding: <entity name="DoughsR59_zombieArleneFeral"/>
DEBUG:Adding: <entity name="DoughsR63_zombieFatCopFeral"/>
DEBUG:Adding: <entity name="DoughsR71_zombieNurseFeral"/>
DEBUG:Adding: <entity name="DoughsR73_zombieSteveCrawlerFeral"/>
DEBUG:Adding: <entity name="DoughsR74_zombieMoeFeral"/>
DEBUG:Adding: <entity name="DoughsR78_zombieSteveFeral"/>
DEBUG:Adding: <entity name="DoughsR79_zombieYoFeral"/>
DEBUG:Adding: <entity name="DoughsR7_zombieWightFeral"/>
DEBUG:Adding: <entity name="DoughsR88_animalZombieVulture" prob="0.6"/>
DEBUG:Adding: <entity name="DoughsR90_animalZombieVultureRadiated" prob="0.4"/>
DEBUG:Adding: <entity name="DoughsR95_animalZombieBear"/>
DEBUG:Adding: <entity name="DoughsR98_animalZombieDog"/>
DEBUG:ModletGen_AddZedsToEntityGroupsFile ENTITY GROUP: ZombiesWastelandNight2
DEBUG:Adding: <entity name="DoughsR13_zombieSteve" prob="0.05"/>
DEBUG:Adding: <entity name="DoughsR15_zombieBurnt" prob="0.07"/>
DEBUG:Adding: <entity name="DoughsR24_zombieNurse"/>
DEBUG:Adding: <entity name="DoughsR26_zombieFatHawaiian"/>
DEBUG:Adding: <entity name="DoughsR27_zombieFatCop" prob="0.15"/>
DEBUG:Adding: <entity name="DoughsR28_zombieMarlene"/>
DEBUG:Adding: <entity name="DoughsR29_zombieBoe" prob="0.05"/>
DEBUG:Adding: <entity name="DoughsR31_zombieArlene"/>
DEBUG:Adding: <entity name="DoughsR35_zombieJoe" prob="0.05"/>
DEBUG:Adding: <entity name="DoughsR41_zombieYo" prob="0.05"/>
DEBUG:Adding: <entity name="DoughsR45_zombieSpider"/>
DEBUG:Adding: <entity name="DoughsR49_zombieMoe" prob="0.05"/>
DEBUG:Adding: <entity name="DoughsR5_zombieSteveCrawler" prob="0.05"/>
DEBUG:Adding: <entity name="DoughsR62_zombieDarlene"/>
DEBUG:Adding: <entity name="DoughsR7_zombieWightFeral" prob="0.1"/>
DEBUG:Adding: <entity name="DoughsR88_animalZombieVulture" prob="0.6"/>
DEBUG:Adding: <entity name="DoughsR90_animalZombieVultureRadiated" prob="0.4"/>
DEBUG:Adding: <entity name="DoughsR95_animalZombieBear" prob="0.1"/>
DEBUG:Adding: <entity name="DoughsR98_animalZombieDog" prob="0.15"/>
DEBUG:ModletGen_AddZedsToEntityGroupsFile ENTITY GROUP: ZombiesWastelandNight2NoBears
DEBUG:Adding: <entity name="DoughsR13_zombieSteve" prob="0.05"/>
DEBUG:Adding: <entity name="DoughsR15_zombieBurnt" prob="0.07"/>
DEBUG:Adding: <entity name="DoughsR24_zombieNurse"/>
DEBUG:Adding: <entity name="DoughsR26_zombieFatHawaiian"/>
DEBUG:Adding: <entity name="DoughsR27_zombieFatCop" prob="0.15"/>
DEBUG:Adding: <entity name="DoughsR28_zombieMarlene"/>
DEBUG:Adding: <entity name="DoughsR29_zombieBoe" prob="0.05"/>
DEBUG:Adding: <entity name="DoughsR31_zombieArlene"/>
DEBUG:Adding: <entity name="DoughsR35_zombieJoe" prob="0.05"/>
DEBUG:Adding: <entity name="DoughsR41_zombieYo" prob="0.05"/>
DEBUG:Adding: <entity name="DoughsR45_zombieSpider"/>
DEBUG:Adding: <entity name="DoughsR49_zombieMoe" prob="0.05"/>
DEBUG:Adding: <entity name="DoughsR5_zombieSteveCrawler" prob="0.05"/>
DEBUG:Adding: <entity name="DoughsR62_zombieDarlene"/>
DEBUG:Adding: <entity name="DoughsR7_zombieWightFeral" prob="0.1"/>
DEBUG:Adding: <entity name="DoughsR98_animalZombieDog" prob="0.15"/>
DEBUG:ModletGen_AddZedsToEntityGroupsFile ENTITY GROUP: ZombiesWastelandNightNoBears
DEBUG:Adding: <entity name="DoughsR13_zombieSteve"/>
DEBUG:Adding: <entity name="DoughsR15_zombieBurnt"/>
DEBUG:Adding: <entity name="DoughsR24_zombieNurse"/>
DEBUG:Adding: <entity name="DoughsR26_zombieFatHawaiian"/>
DEBUG:Adding: <entity name="DoughsR27_zombieFatCop"/>
DEBUG:Adding: <entity name="DoughsR28_zombieMarlene"/>
DEBUG:Adding: <entity name="DoughsR29_zombieBoe"/>
DEBUG:Adding: <entity name="DoughsR31_zombieArlene"/>
DEBUG:Adding: <entity name="DoughsR35_zombieJoe"/>
DEBUG:Adding: <entity name="DoughsR41_zombieYo"/>
DEBUG:Adding: <entity name="DoughsR42_zombieMaleHazmat" prob="0.2"/>
DEBUG:Adding: <entity name="DoughsR45_zombieSpider"/>
DEBUG:Adding: <entity name="DoughsR49_zombieMoe"/>
DEBUG:Adding: <entity name="DoughsR5_zombieSteveCrawler"/>
DEBUG:Adding: <entity name="DoughsR62_zombieDarlene"/>
DEBUG:Adding: <entity name="DoughsR7_zombieWightFeral"/>
DEBUG:Adding: <entity name="DoughsR88_animalZombieVulture" prob="0.6"/>
DEBUG:Adding: <entity name="DoughsR90_animalZombieVultureRadiated" prob="0.4"/>
DEBUG:Adding: <entity name="DoughsR98_animalZombieDog"/>
DEBUG:ModletGen_AddZedsToEntityGroupsFile ENTITY GROUP: badassHordeStageGS1
DEBUG:Adding: <entity name="DoughsR14_zombieSoldier" prob="0.501"/>
DEBUG:Adding: <entity name="DoughsR16_zombieFemaleFat"/>
DEBUG:Adding: <entity name="DoughsR25_zombieBiker"/>
DEBUG:Adding: <entity name="DoughsR26_zombieFatHawaiian"/>
DEBUG:Adding: <entity name="DoughsR35_zombieJoe"/>
DEBUG:Adding: <entity name="DoughsR45_zombieSpider" prob="0.101"/>
DEBUG:Adding: <entity name="DoughsR49_zombieMoe"/>
DEBUG:Adding: <entity name="DoughsR61_zombieSkateboarder"/>
DEBUG:ModletGen_AddZedsToEntityGroupsFile ENTITY GROUP: badassHordeStageGS1003
DEBUG:Adding: <entity name="DoughsR11_zombieBoeFeral" prob="1.003"/>
DEBUG:Adding: <entity name="DoughsR16_zombieFemaleFat"/>
DEBUG:Adding: <entity name="DoughsR21_zombieSpiderRadiated" prob="1.003"/>
DEBUG:Adding: <entity name="DoughsR26_zombieFatHawaiian"/>
DEBUG:Adding: <entity name="DoughsR27_zombieFatCop" prob="1.203"/>
DEBUG:Adding: <entity name="DoughsR32_zombieMoeRadiated" prob="1.003"/>
DEBUG:Adding: <entity name="DoughsR45_zombieSpider" prob="0.96"/>
DEBUG:Adding: <entity name="DoughsR49_zombieMoe"/>
DEBUG:Adding: <entity name="DoughsR55_zombieJoeRadiated" prob="1.003"/>
DEBUG:Adding: <entity name="DoughsR59_zombieArleneFeral" prob="1.003"/>
DEBUG:Adding: <entity name="DoughsR81_zombieSteveRadiated" prob="1.003"/>
DEBUG:ModletGen_AddZedsToEntityGroupsFile ENTITY GROUP: badassHordeStageGS112
DEBUG:Adding: <entity name="DoughsR12_zombieJoeFeral" prob="0.112"/>
DEBUG:Adding: <entity name="DoughsR14_zombieSoldier" prob="0.58"/>
DEBUG:Adding: <entity name="DoughsR21_zombieSpiderRadiated" prob="0.112"/>
DEBUG:Adding: <entity name="DoughsR26_zombieFatHawaiian"/>
DEBUG:Adding: <entity name="DoughsR30_zombieFatHawaiianFeral" prob="0.096"/>
DEBUG:Adding: <entity name="DoughsR34_zombieMarleneRadiated" prob="0.112"/>
DEBUG:Adding: <entity name="DoughsR49_zombieMoe"/>
DEBUG:Adding: <entity name="DoughsR54_zombieFemaleFatRadiated" prob="0.112"/>
DEBUG:Adding: <entity name="DoughsR55_zombieJoeRadiated" prob="0.112"/>
DEBUG:Adding: <entity name="DoughsR86_zombieBikerRadiated" prob="0.112"/>
DEBUG:Adding: <entity name="DoughsR8_zombieArleneRadiated" prob="0.112"/>
DEBUG:ModletGen_AddZedsToEntityGroupsFile ENTITY GROUP: badassHordeStageGS13
DEBUG:Adding: <entity name="DoughsR14_zombieSoldier" prob="0.51"/>
DEBUG:Adding: <entity name="DoughsR16_zombieFemaleFat"/>
DEBUG:Adding: <entity name="DoughsR25_zombieBiker"/>
DEBUG:Adding: <entity name="DoughsR26_zombieFatHawaiian"/>
DEBUG:Adding: <entity name="DoughsR35_zombieJoe"/>
DEBUG:Adding: <entity name="DoughsR45_zombieSpider" prob="0.112"/>
DEBUG:Adding: <entity name="DoughsR49_zombieMoe"/>
DEBUG:Adding: <entity name="DoughsR61_zombieSkateboarder"/>
DEBUG:ModletGen_AddZedsToEntityGroupsFile ENTITY GROUP: badassHordeStageGS130
DEBUG:Adding: <entity name="DoughsR10_zombieFemaleFatFeral" prob="0.13"/>
DEBUG:Adding: <entity name="DoughsR14_zombieSoldier" prob="0.593"/>
DEBUG:Adding: <entity name="DoughsR21_zombieSpiderRadiated" prob="0.13"/>
DEBUG:Adding: <entity name="DoughsR2_zombieBusinessManFeral" prob="0.13"/>
DEBUG:Adding: <entity name="DoughsR45_zombieSpider" prob="0.212"/>
DEBUG:Adding: <entity name="DoughsR50_zombieBoeRadiated" prob="0.13"/>
DEBUG:Adding: <entity name="DoughsR51_zombieDarleneFeral" prob="0.13"/>
DEBUG:Adding: <entity name="DoughsR59_zombieArleneFeral" prob="0.13"/>
DEBUG:Adding: <entity name="DoughsR63_zombieFatCopFeral" prob="0.112"/>
DEBUG:Adding: <entity name="DoughsR69_zombieOldTimerRadiated" prob="0.13"/>
DEBUG:Adding: <entity name="DoughsR8_zombieArleneRadiated" prob="0.13"/>
DEBUG:ModletGen_AddZedsToEntityGroupsFile ENTITY GROUP: badassHordeStageGS150
DEBUG:Adding: <entity name="DoughsR10_zombieFemaleFatFeral" prob="0.15"/>
DEBUG:Adding: <entity name="DoughsR12_zombieJoeFeral" prob="0.15"/>
DEBUG:Adding: <entity name="DoughsR20_zombieSoldierRadiated" prob="0.15"/>
DEBUG:Adding: <entity name="DoughsR21_zombieSpiderRadiated" prob="0.15"/>
DEBUG:Adding: <entity name="DoughsR30_zombieFatHawaiianFeral" prob="0.129"/>
DEBUG:Adding: <entity name="DoughsR36_zombieYoRadiated" prob="0.15"/>
DEBUG:Adding: <entity name="DoughsR49_zombieMoe"/>
DEBUG:Adding: <entity name="DoughsR51_zombieDarleneFeral" prob="0.15"/>
DEBUG:Adding: <entity name="DoughsR54_zombieFemaleFatRadiated" prob="0.15"/>
DEBUG:Adding: <entity name="DoughsR55_zombieJoeRadiated" prob="0.15"/>
DEBUG:Adding: <entity name="DoughsR79_zombieYoFeral" prob="0.15"/>
DEBUG:ModletGen_AddZedsToEntityGroupsFile ENTITY GROUP: badassHordeStageGS171
DEBUG:Adding: <entity name="DoughsR10_zombieFemaleFatFeral" prob="0.171"/>
DEBUG:Adding: <entity name="DoughsR11_zombieBoeFeral" prob="0.171"/>
DEBUG:Adding: <entity name="DoughsR20_zombieSoldierRadiated" prob="0.171"/>
DEBUG:Adding: <entity name="DoughsR34_zombieMarleneRadiated" prob="0.171"/>
DEBUG:Adding: <entity name="DoughsR36_zombieYoRadiated" prob="0.171"/>
DEBUG:Adding: <entity name="DoughsR66_zombieDarleneRadiated" prob="0.171"/>
DEBUG:Adding: <entity name="DoughsR79_zombieYoFeral" prob="0.171"/>
DEBUG:Adding: <entity name="DoughsR7_zombieWightFeral" prob="0.208"/>
DEBUG:Adding: <entity name="DoughsR81_zombieSteveRadiated" prob="0.171"/>
DEBUG:Adding: <entity name="DoughsR86_zombieBikerRadiated" prob="0.171"/>
DEBUG:Adding: <entity name="DoughsR8_zombieArleneRadiated" prob="0.171"/>
DEBUG:ModletGen_AddZedsToEntityGroupsFile ENTITY GROUP: badassHordeStageGS194
DEBUG:Adding: <entity name="DoughsR22_zombieWightRadiated" prob="0.194"/>
DEBUG:Adding: <entity name="DoughsR34_zombieMarleneRadiated" prob="0.194"/>
DEBUG:Adding: <entity name="DoughsR35_zombieJoe"/>
DEBUG:Adding: <entity name="DoughsR36_zombieYoRadiated" prob="0.194"/>
DEBUG:Adding: <entity name="DoughsR39_zombieSkateboarderFeral" prob="0.194"/>
DEBUG:Adding: <entity name="DoughsR3_zombieFatCopRadiated" prob="0.194"/>
DEBUG:Adding: <entity name="DoughsR50_zombieBoeRadiated" prob="0.194"/>
DEBUG:Adding: <entity name="DoughsR55_zombieJoeRadiated" prob="0.194"/>
DEBUG:Adding: <entity name="DoughsR66_zombieDarleneRadiated" prob="0.194"/>
DEBUG:Adding: <entity name="DoughsR69_zombieOldTimerRadiated" prob="0.194"/>
DEBUG:Adding: <entity name="DoughsR86_zombieBikerRadiated" prob="0.194"/>
DEBUG:ModletGen_AddZedsToEntityGroupsFile ENTITY GROUP: badassHordeStageGS21
DEBUG:Adding: <entity name="DoughsR14_zombieSoldier" prob="0.515"/>
DEBUG:Adding: <entity name="DoughsR16_zombieFemaleFat"/>
DEBUG:Adding: <entity name="DoughsR25_zombieBiker"/>
DEBUG:Adding: <entity name="DoughsR26_zombieFatHawaiian"/>
DEBUG:Adding: <entity name="DoughsR35_zombieJoe"/>
DEBUG:Adding: <entity name="DoughsR45_zombieSpider" prob="0.118"/>
DEBUG:Adding: <entity name="DoughsR49_zombieMoe"/>
DEBUG:Adding: <entity name="DoughsR61_zombieSkateboarder"/>
DEBUG:ModletGen_AddZedsToEntityGroupsFile ENTITY GROUP: badassHordeStageGS217
DEBUG:Adding: <entity name="DoughsR12_zombieJoeFeral" prob="0.217"/>
DEBUG:Adding: <entity name="DoughsR21_zombieSpiderRadiated" prob="0.217"/>
DEBUG:Adding: <entity name="DoughsR27_zombieFatCop" prob="0.417"/>
DEBUG:Adding: <entity name="DoughsR32_zombieMoeRadiated" prob="0.217"/>
DEBUG:Adding: <entity name="DoughsR39_zombieSkateboarderFeral" prob="0.217"/>
DEBUG:Adding: <entity name="DoughsR45_zombieSpider" prob="0.286"/>
DEBUG:Adding: <entity name="DoughsR51_zombieDarleneFeral" prob="0.217"/>
DEBUG:Adding: <entity name="DoughsR63_zombieFatCopFeral" prob="0.186"/>
DEBUG:Adding: <entity name="DoughsR78_zombieSteveFeral" prob="0.217"/>
DEBUG:Adding: <entity name="DoughsR79_zombieYoFeral" prob="0.217"/>
DEBUG:Adding: <entity name="DoughsR86_zombieBikerRadiated" prob="0.217"/>
DEBUG:ModletGen_AddZedsToEntityGroupsFile ENTITY GROUP: badassHordeStageGS242
DEBUG:Adding: <entity name="DoughsR12_zombieJoeFeral" prob="0.242"/>
DEBUG:Adding: <entity name="DoughsR21_zombieSpiderRadiated" prob="0.242"/>
DEBUG:Adding: <entity name="DoughsR27_zombieFatCop" prob="0.442"/>
DEBUG:Adding: <entity name="DoughsR2_zombieBusinessManFeral" prob="0.242"/>
DEBUG:Adding: <entity name="DoughsR30_zombieFatHawaiianFeral" prob="0.208"/>
DEBUG:Adding: <entity name="DoughsR39_zombieSkateboarderFeral" prob="0.242"/>
DEBUG:Adding: <entity name="DoughsR50_zombieBoeRadiated" prob="0.242"/>
DEBUG:Adding: <entity name="DoughsR57_zombieSpiderFeral" prob="0.242"/>
DEBUG:Adding: <entity name="DoughsR75_zombieSkateboarderRadiated" prob="0.242"/>
DEBUG:Adding: <entity name="DoughsR81_zombieSteveRadiated" prob="0.242"/>
DEBUG:Adding: <entity name="DoughsR86_zombieBikerRadiated" prob="0.242"/>
DEBUG:ModletGen_AddZedsToEntityGroupsFile ENTITY GROUP: badassHordeStageGS268
DEBUG:Adding: <entity name="DoughsR10_zombieFemaleFatFeral" prob="0.268"/>
DEBUG:Adding: <entity name="DoughsR27_zombieFatCop" prob="0.468"/>
DEBUG:Adding: <entity name="DoughsR32_zombieMoeRadiated" prob="0.268"/>
DEBUG:Adding: <entity name="DoughsR36_zombieYoRadiated" prob="0.268"/>
DEBUG:Adding: <entity name="DoughsR37_zombieMarleneFeral" prob="0.268"/>
DEBUG:Adding: <entity name="DoughsR39_zombieSkateboarderFeral" prob="0.268"/>
DEBUG:Adding: <entity name="DoughsR50_zombieBoeRadiated" prob="0.268"/>
DEBUG:Adding: <entity name="DoughsR54_zombieFemaleFatRadiated" prob="0.268"/>
DEBUG:Adding: <entity name="DoughsR55_zombieJoeRadiated" prob="0.268"/>
DEBUG:Adding: <entity name="DoughsR7_zombieWightFeral" prob="0.326"/>
DEBUG:Adding: <entity name="DoughsR86_zombieBikerRadiated" prob="0.268"/>
DEBUG:ModletGen_AddZedsToEntityGroupsFile ENTITY GROUP: badassHordeStageGS296
DEBUG:Adding: <entity name="DoughsR11_zombieBoeFeral" prob="0.296"/>
DEBUG:Adding: <entity name="DoughsR12_zombieJoeFeral" prob="0.296"/>
DEBUG:Adding: <entity name="DoughsR21_zombieSpiderRadiated" prob="0.296"/>
DEBUG:Adding: <entity name="DoughsR34_zombieMarleneRadiated" prob="0.296"/>
DEBUG:Adding: <entity name="DoughsR36_zombieYoRadiated" prob="0.296"/>
DEBUG:Adding: <entity name="DoughsR3_zombieFatCopRadiated" prob="0.296"/>
DEBUG:Adding: <entity name="DoughsR48_zombieCheerleaderRadiated" prob="0.296"/>
DEBUG:Adding: <entity name="DoughsR55_zombieJoeRadiated" prob="0.296"/>
DEBUG:Adding: <entity name="DoughsR63_zombieFatCopFeral" prob="0.254"/>
DEBUG:Adding: <entity name="DoughsR66_zombieDarleneRadiated" prob="0.296"/>
DEBUG:Adding: <entity name="DoughsR69_zombieOldTimerRadiated" prob="0.296"/>
DEBUG:ModletGen_AddZedsToEntityGroupsFile ENTITY GROUP: badassHordeStageGS3
DEBUG:Adding: <entity name="DoughsR14_zombieSoldier" prob="0.503"/>
DEBUG:Adding: <entity name="DoughsR16_zombieFemaleFat"/>
DEBUG:Adding: <entity name="DoughsR25_zombieBiker"/>
DEBUG:Adding: <entity name="DoughsR26_zombieFatHawaiian"/>
DEBUG:Adding: <entity name="DoughsR35_zombieJoe"/>
DEBUG:Adding: <entity name="DoughsR45_zombieSpider" prob="0.103"/>
DEBUG:Adding: <entity name="DoughsR49_zombieMoe"/>
DEBUG:Adding: <entity name="DoughsR61_zombieSkateboarder"/>
DEBUG:ModletGen_AddZedsToEntityGroupsFile ENTITY GROUP: badassHordeStageGS30
DEBUG:Adding: <entity name="DoughsR14_zombieSoldier" prob="0.522"/>
DEBUG:Adding: <entity name="DoughsR16_zombieFemaleFat"/>
DEBUG:Adding: <entity name="DoughsR25_zombieBiker"/>
DEBUG:Adding: <entity name="DoughsR26_zombieFatHawaiian"/>
DEBUG:Adding: <entity name="DoughsR35_zombieJoe"/>
DEBUG:Adding: <entity name="DoughsR45_zombieSpider" prob="0.126"/>
DEBUG:Adding: <entity name="DoughsR49_zombieMoe"/>
DEBUG:Adding: <entity name="DoughsR59_zombieArleneFeral" prob="0.03"/>
DEBUG:Adding: <entity name="DoughsR61_zombieSkateboarder"/>
DEBUG:ModletGen_AddZedsToEntityGroupsFile ENTITY GROUP: badassHordeStageGS325
DEBUG:Adding: <entity name="DoughsR12_zombieJoeFeral" prob="0.325"/>
DEBUG:Adding: <entity name="DoughsR27_zombieFatCop" prob="0.525"/>
DEBUG:Adding: <entity name="DoughsR30_zombieFatHawaiianFeral" prob="0.279"/>
DEBUG:Adding: <entity name="DoughsR32_zombieMoeRadiated" prob="0.325"/>
DEBUG:Adding: <entity name="DoughsR50_zombieBoeRadiated" prob="0.325"/>
DEBUG:Adding: <entity name="DoughsR54_zombieFemaleFatRadiated" prob="0.325"/>
DEBUG:Adding: <entity name="DoughsR55_zombieJoeRadiated" prob="0.325"/>
DEBUG:Adding: <entity name="DoughsR57_zombieSpiderFeral" prob="0.325"/>
DEBUG:Adding: <entity name="DoughsR59_zombieArleneFeral" prob="0.325"/>
DEBUG:Adding: <entity name="DoughsR86_zombieBikerRadiated" prob="0.325"/>
DEBUG:Adding: <entity name="DoughsR8_zombieArleneRadiated" prob="0.325"/>
DEBUG:ModletGen_AddZedsToEntityGroupsFile ENTITY GROUP: badassHordeStageGS355
DEBUG:Adding: <entity name="DoughsR14_zombieSoldier" prob="0.754"/>
DEBUG:Adding: <entity name="DoughsR20_zombieSoldierRadiated" prob="0.355"/>
DEBUG:Adding: <entity name="DoughsR25_zombieBiker"/>
DEBUG:Adding: <entity name="DoughsR2_zombieBusinessManFeral" prob="0.355"/>
DEBUG:Adding: <entity name="DoughsR32_zombieMoeRadiated" prob="0.355"/>
DEBUG:Adding: <entity name="DoughsR36_zombieYoRadiated" prob="0.355"/>
DEBUG:Adding: <entity name="DoughsR48_zombieCheerleaderRadiated" prob="0.355"/>
DEBUG:Adding: <entity name="DoughsR50_zombieBoeRadiated" prob="0.355"/>
DEBUG:Adding: <entity name="DoughsR63_zombieFatCopFeral" prob="0.305"/>
DEBUG:Adding: <entity name="DoughsR66_zombieDarleneRadiated" prob="0.355"/>
DEBUG:Adding: <entity name="DoughsR81_zombieSteveRadiated" prob="0.355"/>
DEBUG:ModletGen_AddZedsToEntityGroupsFile ENTITY GROUP: badassHordeStageGS386
DEBUG:Adding: <entity name="DoughsR32_zombieMoeRadiated" prob="0.386"/>
DEBUG:Adding: <entity name="DoughsR34_zombieMarleneRadiated" prob="0.386"/>
DEBUG:Adding: <entity name="DoughsR35_zombieJoe"/>
DEBUG:Adding: <entity name="DoughsR39_zombieSkateboarderFeral" prob="0.386"/>
DEBUG:Adding: <entity name="DoughsR3_zombieFatCopRadiated" prob="0.386"/>
DEBUG:Adding: <entity name="DoughsR45_zombieSpider" prob="0.431"/>
DEBUG:Adding: <entity name="DoughsR57_zombieSpiderFeral" prob="0.386"/>
DEBUG:Adding: <entity name="DoughsR63_zombieFatCopFeral" prob="0.331"/>
DEBUG:Adding: <entity name="DoughsR71_zombieNurseFeral" prob="0.386"/>
DEBUG:Adding: <entity name="DoughsR79_zombieYoFeral" prob="0.386"/>
DEBUG:Adding: <entity name="DoughsR86_zombieBikerRadiated" prob="0.386"/>
DEBUG:ModletGen_AddZedsToEntityGroupsFile ENTITY GROUP: badassHordeStageGS40
DEBUG:Adding: <entity name="DoughsR14_zombieSoldier" prob="0.529"/>
DEBUG:Adding: <entity name="DoughsR16_zombieFemaleFat"/>
DEBUG:Adding: <entity name="DoughsR25_zombieBiker"/>
DEBUG:Adding: <entity name="DoughsR26_zombieFatHawaiian"/>
DEBUG:Adding: <entity name="DoughsR27_zombieFatCop" prob="0.24"/>
DEBUG:Adding: <entity name="DoughsR35_zombieJoe"/>
DEBUG:Adding: <entity name="DoughsR37_zombieMarleneFeral" prob="0.04"/>
DEBUG:Adding: <entity name="DoughsR49_zombieMoe"/>
DEBUG:Adding: <entity name="DoughsR51_zombieDarleneFeral" prob="0.04"/>
DEBUG:Adding: <entity name="DoughsR61_zombieSkateboarder"/>
DEBUG:Adding: <entity name="DoughsR78_zombieSteveFeral" prob="0.04"/>
DEBUG:ModletGen_AddZedsToEntityGroupsFile ENTITY GROUP: badassHordeStageGS419
DEBUG:Adding: <entity name="DoughsR12_zombieJoeFeral" prob="0.419"/>
DEBUG:Adding: <entity name="DoughsR14_zombieSoldier" prob="0.8"/>
DEBUG:Adding: <entity name="DoughsR21_zombieSpiderRadiated" prob="0.419"/>
DEBUG:Adding: <entity name="DoughsR32_zombieMoeRadiated" prob="0.419"/>
DEBUG:Adding: <entity name="DoughsR39_zombieSkateboarderFeral" prob="0.419"/>
DEBUG:Adding: <entity name="DoughsR50_zombieBoeRadiated" prob="0.419"/>
DEBUG:Adding: <entity name="DoughsR69_zombieOldTimerRadiated" prob="0.419"/>
DEBUG:Adding: <entity name="DoughsR71_zombieNurseFeral" prob="0.419"/>
DEBUG:Adding: <entity name="DoughsR78_zombieSteveFeral" prob="0.419"/>
DEBUG:Adding: <entity name="DoughsR79_zombieYoFeral" prob="0.419"/>
DEBUG:Adding: <entity name="DoughsR81_zombieSteveRadiated" prob="0.419"/>
DEBUG:ModletGen_AddZedsToEntityGroupsFile ENTITY GROUP: badassHordeStageGS452
DEBUG:Adding: <entity name="DoughsR14_zombieSoldier" prob="0.823"/>
DEBUG:Adding: <entity name="DoughsR20_zombieSoldierRadiated" prob="0.452"/>
DEBUG:Adding: <entity name="DoughsR21_zombieSpiderRadiated" prob="0.452"/>
DEBUG:Adding: <entity name="DoughsR32_zombieMoeRadiated" prob="0.452"/>
DEBUG:Adding: <entity name="DoughsR37_zombieMarleneFeral" prob="0.452"/>
DEBUG:Adding: <entity name="DoughsR39_zombieSkateboarderFeral" prob="0.452"/>
DEBUG:Adding: <entity name="DoughsR50_zombieBoeRadiated" prob="0.452"/>
DEBUG:Adding: <entity name="DoughsR54_zombieFemaleFatRadiated" prob="0.452"/>
DEBUG:Adding: <entity name="DoughsR55_zombieJoeRadiated" prob="0.452"/>
DEBUG:Adding: <entity name="DoughsR86_zombieBikerRadiated" prob="0.452"/>
DEBUG:Adding: <entity name="DoughsR8_zombieArleneRadiated" prob="0.452"/>
DEBUG:ModletGen_AddZedsToEntityGroupsFile ENTITY GROUP: badassHordeStageGS488
DEBUG:Adding: <entity name="DoughsR11_zombieBoeFeral" prob="0.488"/>
DEBUG:Adding: <entity name="DoughsR25_zombieBiker"/>
DEBUG:Adding: <entity name="DoughsR27_zombieFatCop" prob="0.688"/>
DEBUG:Adding: <entity name="DoughsR32_zombieMoeRadiated" prob="0.488"/>
DEBUG:Adding: <entity name="DoughsR36_zombieYoRadiated" prob="0.488"/>
DEBUG:Adding: <entity name="DoughsR37_zombieMarleneFeral" prob="0.488"/>
DEBUG:Adding: <entity name="DoughsR45_zombieSpider" prob="0.519"/>
DEBUG:Adding: <entity name="DoughsR54_zombieFemaleFatRadiated" prob="0.488"/>
DEBUG:Adding: <entity name="DoughsR55_zombieJoeRadiated" prob="0.488"/>
DEBUG:Adding: <entity name="DoughsR71_zombieNurseFeral" prob="0.488"/>
DEBUG:Adding: <entity name="DoughsR74_zombieMoeFeral" prob="0.488"/>
DEBUG:ModletGen_AddZedsToEntityGroupsFile ENTITY GROUP: badassHordeStageGS51
DEBUG:Adding: <entity name="DoughsR10_zombieFemaleFatFeral" prob="0.051"/>
DEBUG:Adding: <entity name="DoughsR12_zombieJoeFeral" prob="0.051"/>
DEBUG:Adding: <entity name="DoughsR14_zombieSoldier" prob="0.537"/>
DEBUG:Adding: <entity name="DoughsR26_zombieFatHawaiian"/>
DEBUG:Adding: <entity name="DoughsR2_zombieBusinessManFeral" prob="0.051"/>
DEBUG:Adding: <entity name="DoughsR39_zombieSkateboarderFeral" prob="0.051"/>
DEBUG:Adding: <entity name="DoughsR45_zombieSpider" prob="0.144"/>
DEBUG:Adding: <entity name="DoughsR49_zombieMoe"/>
DEBUG:Adding: <entity name="DoughsR59_zombieArleneFeral" prob="0.051"/>
DEBUG:Adding: <entity name="DoughsR61_zombieSkateboarder"/>
DEBUG:Adding: <entity name="DoughsR79_zombieYoFeral" prob="0.051"/>
DEBUG:ModletGen_AddZedsToEntityGroupsFile ENTITY GROUP: badassHordeStageGS524
DEBUG:Adding: <entity name="DoughsR20_zombieSoldierRadiated" prob="0.524"/>
DEBUG:Adding: <entity name="DoughsR27_zombieFatCop" prob="0.724"/>
DEBUG:Adding: <entity name="DoughsR32_zombieMoeRadiated" prob="0.524"/>
DEBUG:Adding: <entity name="DoughsR36_zombieYoRadiated" prob="0.524"/>
DEBUG:Adding: <entity name="DoughsR37_zombieMarleneFeral" prob="0.524"/>
DEBUG:Adding: <entity name="DoughsR48_zombieCheerleaderRadiated" prob="0.524"/>
DEBUG:Adding: <entity name="DoughsR50_zombieBoeRadiated" prob="0.524"/>
DEBUG:Adding: <entity name="DoughsR55_zombieJoeRadiated" prob="0.524"/>
DEBUG:Adding: <entity name="DoughsR57_zombieSpiderFeral" prob="0.524"/>
DEBUG:Adding: <entity name="DoughsR59_zombieArleneFeral" prob="0.524"/>
DEBUG:Adding: <entity name="DoughsR61_zombieSkateboarder"/>
DEBUG:ModletGen_AddZedsToEntityGroupsFile ENTITY GROUP: badassHordeStageGS561
DEBUG:Adding: <entity name="DoughsR11_zombieBoeFeral" prob="0.561"/>
DEBUG:Adding: <entity name="DoughsR12_zombieJoeFeral" prob="0.561"/>
DEBUG:Adding: <entity name="DoughsR20_zombieSoldierRadiated" prob="0.561"/>
DEBUG:Adding: <entity name="DoughsR27_zombieFatCop" prob="0.761"/>
DEBUG:Adding: <entity name="DoughsR36_zombieYoRadiated" prob="0.561"/>
DEBUG:Adding: <entity name="DoughsR39_zombieSkateboarderFeral" prob="0.561"/>
DEBUG:Adding: <entity name="DoughsR45_zombieSpider" prob="0.581"/>
DEBUG:Adding: <entity name="DoughsR48_zombieCheerleaderRadiated" prob="0.561"/>
DEBUG:Adding: <entity name="DoughsR59_zombieArleneFeral" prob="0.561"/>
DEBUG:Adding: <entity name="DoughsR61_zombieSkateboarder"/>
DEBUG:Adding: <entity name="DoughsR79_zombieYoFeral" prob="0.561"/>
DEBUG:ModletGen_AddZedsToEntityGroupsFile ENTITY GROUP: badassHordeStageGS600
DEBUG:Adding: <entity name="DoughsR10_zombieFemaleFatFeral" prob="0.6"/>
DEBUG:Adding: <entity name="DoughsR11_zombieBoeFeral" prob="0.6"/>
DEBUG:Adding: <entity name="DoughsR12_zombieJoeFeral" prob="0.6"/>
DEBUG:Adding: <entity name="DoughsR21_zombieSpiderRadiated" prob="0.6"/>
DEBUG:Adding: <entity name="DoughsR26_zombieFatHawaiian"/>
DEBUG:Adding: <entity name="DoughsR27_zombieFatCop" prob="0.8"/>
DEBUG:Adding: <entity name="DoughsR32_zombieMoeRadiated" prob="0.6"/>
DEBUG:Adding: <entity name="DoughsR3_zombieFatCopRadiated" prob="0.6"/>
DEBUG:Adding: <entity name="DoughsR54_zombieFemaleFatRadiated" prob="0.6"/>
DEBUG:Adding: <entity name="DoughsR57_zombieSpiderFeral" prob="0.6"/>
DEBUG:Adding: <entity name="DoughsR81_zombieSteveRadiated" prob="0.6"/>
DEBUG:ModletGen_AddZedsToEntityGroupsFile ENTITY GROUP: badassHordeStageGS640
DEBUG:Adding: <entity name="DoughsR10_zombieFemaleFatFeral" prob="0.64"/>
DEBUG:Adding: <entity name="DoughsR26_zombieFatHawaiian"/>
DEBUG:Adding: <entity name="DoughsR27_zombieFatCop" prob="0.84"/>
DEBUG:Adding: <entity name="DoughsR39_zombieSkateboarderFeral" prob="0.64"/>
DEBUG:Adding: <entity name="DoughsR50_zombieBoeRadiated" prob="0.64"/>
DEBUG:Adding: <entity name="DoughsR55_zombieJoeRadiated" prob="0.64"/>
DEBUG:Adding: <entity name="DoughsR57_zombieSpiderFeral" prob="0.64"/>
DEBUG:Adding: <entity name="DoughsR74_zombieMoeFeral" prob="0.64"/>
DEBUG:Adding: <entity name="DoughsR79_zombieYoFeral" prob="0.64"/>
DEBUG:Adding: <entity name="DoughsR81_zombieSteveRadiated" prob="0.64"/>
DEBUG:Adding: <entity name="DoughsR8_zombieArleneRadiated" prob="0.64"/>
DEBUG:ModletGen_AddZedsToEntityGroupsFile ENTITY GROUP: badassHordeStageGS65
DEBUG:Adding: <entity name="DoughsR16_zombieFemaleFat"/>
DEBUG:Adding: <entity name="DoughsR27_zombieFatCop" prob="0.265"/>
DEBUG:Adding: <entity name="DoughsR2_zombieBusinessManFeral" prob="0.065"/>
DEBUG:Adding: <entity name="DoughsR30_zombieFatHawaiianFeral" prob="0.056"/>
DEBUG:Adding: <entity name="DoughsR35_zombieJoe"/>
DEBUG:Adding: <entity name="DoughsR37_zombieMarleneFeral" prob="0.065"/>
DEBUG:Adding: <entity name="DoughsR48_zombieCheerleaderRadiated" prob="0.065"/>
DEBUG:Adding: <entity name="DoughsR49_zombieMoe"/>
DEBUG:Adding: <entity name="DoughsR50_zombieBoeRadiated" prob="0.065"/>
DEBUG:Adding: <entity name="DoughsR51_zombieDarleneFeral" prob="0.065"/>
DEBUG:Adding: <entity name="DoughsR71_zombieNurseFeral" prob="0.065"/>
DEBUG:ModletGen_AddZedsToEntityGroupsFile ENTITY GROUP: badassHordeStageGS681
DEBUG:Adding: <entity name="DoughsR25_zombieBiker"/>
DEBUG:Adding: <entity name="DoughsR2_zombieBusinessManFeral" prob="0.681"/>
DEBUG:Adding: <entity name="DoughsR34_zombieMarleneRadiated" prob="0.681"/>
DEBUG:Adding: <entity name="DoughsR36_zombieYoRadiated" prob="0.681"/>
DEBUG:Adding: <entity name="DoughsR59_zombieArleneFeral" prob="0.681"/>
DEBUG:Adding: <entity name="DoughsR63_zombieFatCopFeral" prob="0.584"/>
DEBUG:Adding: <entity name="DoughsR69_zombieOldTimerRadiated" prob="0.681"/>
DEBUG:Adding: <entity name="DoughsR79_zombieYoFeral" prob="0.681"/>
DEBUG:Adding: <entity name="DoughsR81_zombieSteveRadiated" prob="0.681"/>
DEBUG:Adding: <entity name="DoughsR86_zombieBikerRadiated" prob="0.681"/>
DEBUG:Adding: <entity name="DoughsR8_zombieArleneRadiated" prob="0.681"/>
DEBUG:ModletGen_AddZedsToEntityGroupsFile ENTITY GROUP: badassHordeStageGS724
DEBUG:Adding: <entity name="DoughsR21_zombieSpiderRadiated" prob="0.724"/>
DEBUG:Adding: <entity name="DoughsR25_zombieBiker"/>
DEBUG:Adding: <entity name="DoughsR34_zombieMarleneRadiated" prob="0.724"/>
DEBUG:Adding: <entity name="DoughsR36_zombieYoRadiated" prob="0.724"/>
DEBUG:Adding: <entity name="DoughsR45_zombieSpider" prob="0.721"/>
DEBUG:Adding: <entity name="DoughsR50_zombieBoeRadiated" prob="0.724"/>
DEBUG:Adding: <entity name="DoughsR51_zombieDarleneFeral" prob="0.724"/>
DEBUG:Adding: <entity name="DoughsR54_zombieFemaleFatRadiated" prob="0.724"/>
DEBUG:Adding: <entity name="DoughsR55_zombieJoeRadiated" prob="0.724"/>
DEBUG:Adding: <entity name="DoughsR57_zombieSpiderFeral" prob="0.724"/>
DEBUG:Adding: <entity name="DoughsR86_zombieBikerRadiated" prob="0.724"/>
DEBUG:ModletGen_AddZedsToEntityGroupsFile ENTITY GROUP: badassHordeStageGS767
DEBUG:Adding: <entity name="DoughsR10_zombieFemaleFatFeral" prob="0.767"/>
DEBUG:Adding: <entity name="DoughsR11_zombieBoeFeral" prob="0.767"/>
DEBUG:Adding: <entity name="DoughsR20_zombieSoldierRadiated" prob="0.767"/>
DEBUG:Adding: <entity name="DoughsR21_zombieSpiderRadiated" prob="0.767"/>
DEBUG:Adding: <entity name="DoughsR27_zombieFatCop" prob="0.967"/>
DEBUG:Adding: <entity name="DoughsR39_zombieSkateboarderFeral" prob="0.767"/>
DEBUG:Adding: <entity name="DoughsR45_zombieSpider" prob="0.758"/>
DEBUG:Adding: <entity name="DoughsR57_zombieSpiderFeral" prob="0.767"/>
DEBUG:Adding: <entity name="DoughsR59_zombieArleneFeral" prob="0.767"/>
DEBUG:Adding: <entity name="DoughsR61_zombieSkateboarder"/>
DEBUG:Adding: <entity name="DoughsR86_zombieBikerRadiated" prob="0.767"/>
DEBUG:ModletGen_AddZedsToEntityGroupsFile ENTITY GROUP: badassHordeStageGS79
DEBUG:Adding: <entity name="DoughsR12_zombieJoeFeral" prob="0.079"/>
DEBUG:Adding: <entity name="DoughsR21_zombieSpiderRadiated" prob="0.079"/>
DEBUG:Adding: <entity name="DoughsR37_zombieMarleneFeral" prob="0.079"/>
DEBUG:Adding: <entity name="DoughsR39_zombieSkateboarderFeral" prob="0.079"/>
DEBUG:Adding: <entity name="DoughsR49_zombieMoe"/>
DEBUG:Adding: <entity name="DoughsR51_zombieDarleneFeral" prob="0.079"/>
DEBUG:Adding: <entity name="DoughsR55_zombieJoeRadiated" prob="0.079"/>
DEBUG:Adding: <entity name="DoughsR57_zombieSpiderFeral" prob="0.079"/>
DEBUG:Adding: <entity name="DoughsR71_zombieNurseFeral" prob="0.079"/>
DEBUG:Adding: <entity name="DoughsR74_zombieMoeFeral" prob="0.079"/>
DEBUG:Adding: <entity name="DoughsR78_zombieSteveFeral" prob="0.079"/>
DEBUG:ModletGen_AddZedsToEntityGroupsFile ENTITY GROUP: badassHordeStageGS8
DEBUG:Adding: <entity name="DoughsR14_zombieSoldier" prob="0.506"/>
DEBUG:Adding: <entity name="DoughsR16_zombieFemaleFat"/>
DEBUG:Adding: <entity name="DoughsR25_zombieBiker"/>
DEBUG:Adding: <entity name="DoughsR26_zombieFatHawaiian"/>
DEBUG:Adding: <entity name="DoughsR35_zombieJoe"/>
DEBUG:Adding: <entity name="DoughsR45_zombieSpider" prob="0.107"/>
DEBUG:Adding: <entity name="DoughsR49_zombieMoe"/>
DEBUG:Adding: <entity name="DoughsR61_zombieSkateboarder"/>
DEBUG:ModletGen_AddZedsToEntityGroupsFile ENTITY GROUP: badassHordeStageGS812
DEBUG:Adding: <entity name="DoughsR10_zombieFemaleFatFeral" prob="0.812"/>
DEBUG:Adding: <entity name="DoughsR21_zombieSpiderRadiated" prob="0.812"/>
DEBUG:Adding: <entity name="DoughsR27_zombieFatCop" prob="1.012"/>
DEBUG:Adding: <entity name="DoughsR32_zombieMoeRadiated" prob="0.812"/>
DEBUG:Adding: <entity name="DoughsR57_zombieSpiderFeral" prob="0.812"/>
DEBUG:Adding: <entity name="DoughsR59_zombieArleneFeral" prob="0.812"/>
DEBUG:Adding: <entity name="DoughsR66_zombieDarleneRadiated" prob="0.812"/>
DEBUG:Adding: <entity name="DoughsR71_zombieNurseFeral" prob="0.812"/>
DEBUG:Adding: <entity name="DoughsR75_zombieSkateboarderRadiated" prob="0.812"/>
DEBUG:Adding: <entity name="DoughsR81_zombieSteveRadiated" prob="0.812"/>
DEBUG:Adding: <entity name="DoughsR8_zombieArleneRadiated" prob="0.812"/>
DEBUG:ModletGen_AddZedsToEntityGroupsFile ENTITY GROUP: badassHordeStageGS858
DEBUG:Adding: <entity name="DoughsR11_zombieBoeFeral" prob="0.858"/>
DEBUG:Adding: <entity name="DoughsR32_zombieMoeRadiated" prob="0.858"/>
DEBUG:Adding: <entity name="DoughsR34_zombieMarleneRadiated" prob="0.858"/>
DEBUG:Adding: <entity name="DoughsR35_zombieJoe"/>
DEBUG:Adding: <entity name="DoughsR36_zombieYoRadiated" prob="0.858"/>
DEBUG:Adding: <entity name="DoughsR50_zombieBoeRadiated" prob="0.858"/>
DEBUG:Adding: <entity name="DoughsR54_zombieFemaleFatRadiated" prob="0.858"/>
DEBUG:Adding: <entity name="DoughsR55_zombieJoeRadiated" prob="0.858"/>
DEBUG:Adding: <entity name="DoughsR57_zombieSpiderFeral" prob="0.858"/>
DEBUG:Adding: <entity name="DoughsR59_zombieArleneFeral" prob="0.858"/>
DEBUG:Adding: <entity name="DoughsR86_zombieBikerRadiated" prob="0.858"/>
DEBUG:ModletGen_AddZedsToEntityGroupsFile ENTITY GROUP: badassHordeStageGS905
DEBUG:Adding: <entity name="DoughsR27_zombieFatCop" prob="1.105"/>
DEBUG:Adding: <entity name="DoughsR32_zombieMoeRadiated" prob="0.905"/>
DEBUG:Adding: <entity name="DoughsR34_zombieMarleneRadiated" prob="0.905"/>
DEBUG:Adding: <entity name="DoughsR48_zombieCheerleaderRadiated" prob="0.905"/>
DEBUG:Adding: <entity name="DoughsR54_zombieFemaleFatRadiated" prob="0.905"/>
DEBUG:Adding: <entity name="DoughsR55_zombieJoeRadiated" prob="0.905"/>
DEBUG:Adding: <entity name="DoughsR61_zombieSkateboarder"/>
DEBUG:Adding: <entity name="DoughsR63_zombieFatCopFeral" prob="0.776"/>
DEBUG:Adding: <entity name="DoughsR75_zombieSkateboarderRadiated" prob="0.905"/>
DEBUG:Adding: <entity name="DoughsR78_zombieSteveFeral" prob="0.905"/>
DEBUG:Adding: <entity name="DoughsR79_zombieYoFeral" prob="0.905"/>
DEBUG:ModletGen_AddZedsToEntityGroupsFile ENTITY GROUP: badassHordeStageGS95
DEBUG:Adding: <entity name="DoughsR12_zombieJoeFeral" prob="0.095"/>
DEBUG:Adding: <entity name="DoughsR14_zombieSoldier" prob="0.568"/>
DEBUG:Adding: <entity name="DoughsR16_zombieFemaleFat"/>
DEBUG:Adding: <entity name="DoughsR21_zombieSpiderRadiated" prob="0.095"/>
DEBUG:Adding: <entity name="DoughsR32_zombieMoeRadiated" prob="0.095"/>
DEBUG:Adding: <entity name="DoughsR3_zombieFatCopRadiated" prob="0.095"/>
DEBUG:Adding: <entity name="DoughsR50_zombieBoeRadiated" prob="0.095"/>
DEBUG:Adding: <entity name="DoughsR54_zombieFemaleFatRadiated" prob="0.095"/>
DEBUG:Adding: <entity name="DoughsR75_zombieSkateboarderRadiated" prob="0.095"/>
DEBUG:Adding: <entity name="DoughsR7_zombieWightFeral" prob="0.116"/>
DEBUG:Adding: <entity name="DoughsR86_zombieBikerRadiated" prob="0.095"/>
DEBUG:ModletGen_AddZedsToEntityGroupsFile ENTITY GROUP: badassHordeStageGS954
DEBUG:Adding: <entity name="DoughsR10_zombieFemaleFatFeral" prob="0.954"/>
DEBUG:Adding: <entity name="DoughsR20_zombieSoldierRadiated" prob="0.954"/>
DEBUG:Adding: <entity name="DoughsR21_zombieSpiderRadiated" prob="0.954"/>
DEBUG:Adding: <entity name="DoughsR22_zombieWightRadiated" prob="0.954"/>
DEBUG:Adding: <entity name="DoughsR32_zombieMoeRadiated" prob="0.954"/>
DEBUG:Adding: <entity name="DoughsR36_zombieYoRadiated" prob="0.954"/>
DEBUG:Adding: <entity name="DoughsR37_zombieMarleneFeral" prob="0.954"/>
DEBUG:Adding: <entity name="DoughsR45_zombieSpider" prob="0.918"/>
DEBUG:Adding: <entity name="DoughsR49_zombieMoe"/>
DEBUG:Adding: <entity name="DoughsR59_zombieArleneFeral" prob="0.954"/>
DEBUG:Adding: <entity name="DoughsR8_zombieArleneRadiated" prob="0.954"/>
DEBUG:ModletGen_AddZedsToEntityGroupsFile ENTITY GROUP: badassOnlyHordeStageGS1
DEBUG:Adding: <entity name="DoughsR14_zombieSoldier" prob="0.501"/>
DEBUG:Adding: <entity name="DoughsR16_zombieFemaleFat"/>
DEBUG:Adding: <entity name="DoughsR25_zombieBiker"/>
DEBUG:Adding: <entity name="DoughsR26_zombieFatHawaiian"/>
DEBUG:Adding: <entity name="DoughsR57_zombieSpiderFeral"/>
DEBUG:Adding: <entity name="DoughsR59_zombieArleneFeral" prob="0.202"/>
DEBUG:ModletGen_AddZedsToEntityGroupsFile ENTITY GROUP: badassOnlyHordeStageGS1003
DEBUG:Adding: <entity name="DoughsR10_zombieFemaleFatFeral" prob="1.371"/>
DEBUG:Adding: <entity name="DoughsR21_zombieSpiderRadiated" prob="1.036"/>
DEBUG:Adding: <entity name="DoughsR21_zombieSpiderRadiated" prob="1.036"/>
DEBUG:Adding: <entity name="DoughsR22_zombieWightRadiated" prob="1.036"/>
DEBUG:Adding: <entity name="DoughsR27_zombieFatCop" prob="1.371"/>
DEBUG:Adding: <entity name="DoughsR3_zombieFatCopRadiated" prob="1.036"/>
DEBUG:Adding: <entity name="DoughsR55_zombieJoeRadiated" prob="1.036"/>
DEBUG:Adding: <entity name="DoughsR69_zombieOldTimerRadiated" prob="1.036"/>
DEBUG:Adding: <entity name="DoughsR74_zombieMoeFeral" prob="1.371"/>
DEBUG:Adding: <entity name="DoughsR81_zombieSteveRadiated" prob="1.036"/>
DEBUG:Adding: <entity name="DoughsR8_zombieArleneRadiated" prob="1.036"/>
DEBUG:ModletGen_AddZedsToEntityGroupsFile ENTITY GROUP: badassOnlyHordeStageGS112
DEBUG:Adding: <entity name="DoughsR12_zombieJoeFeral" prob="0.331"/>
DEBUG:Adding: <entity name="DoughsR21_zombieSpiderRadiated" prob="0.294"/>
DEBUG:Adding: <entity name="DoughsR25_zombieBiker"/>
DEBUG:Adding: <entity name="DoughsR27_zombieFatCop" prob="0.331"/>
DEBUG:Adding: <entity name="DoughsR34_zombieMarleneRadiated" prob="0.294"/>
DEBUG:Adding: <entity name="DoughsR39_zombieSkateboarderFeral" prob="0.331"/>
DEBUG:Adding: <entity name="DoughsR3_zombieFatCopRadiated" prob="0.294"/>
DEBUG:Adding: <entity name="DoughsR54_zombieFemaleFatRadiated" prob="0.294"/>
DEBUG:Adding: <entity name="DoughsR55_zombieJoeRadiated" prob="0.294"/>
DEBUG:Adding: <entity name="DoughsR79_zombieYoFeral" prob="0.331"/>
DEBUG:Adding: <entity name="DoughsR7_zombieWightFeral" prob="0.331"/>
DEBUG:ModletGen_AddZedsToEntityGroupsFile ENTITY GROUP: badassOnlyHordeStageGS13
DEBUG:Adding: <entity name="DoughsR14_zombieSoldier" prob="0.511"/>
DEBUG:Adding: <entity name="DoughsR16_zombieFemaleFat"/>
DEBUG:Adding: <entity name="DoughsR25_zombieBiker"/>
DEBUG:Adding: <entity name="DoughsR26_zombieFatHawaiian"/>
DEBUG:Adding: <entity name="DoughsR37_zombieMarleneFeral" prob="0.216"/>
DEBUG:Adding: <entity name="DoughsR51_zombieDarleneFeral" prob="0.216"/>
DEBUG:Adding: <entity name="DoughsR59_zombieArleneFeral" prob="0.216"/>
DEBUG:Adding: <entity name="DoughsR71_zombieNurseFeral" prob="0.216"/>
DEBUG:Adding: <entity name="DoughsR78_zombieSteveFeral" prob="0.216"/>
DEBUG:Adding: <entity name="DoughsR79_zombieYoFeral" prob="0.216"/>
DEBUG:ModletGen_AddZedsToEntityGroupsFile ENTITY GROUP: badassOnlyHordeStageGS130
DEBUG:Adding: <entity name="DoughsR10_zombieFemaleFatFeral" prob="0.352"/>
DEBUG:Adding: <entity name="DoughsR12_zombieJoeFeral" prob="0.352"/>
DEBUG:Adding: <entity name="DoughsR34_zombieMarleneRadiated" prob="0.309"/>
DEBUG:Adding: <entity name="DoughsR36_zombieYoRadiated" prob="0.309"/>
DEBUG:Adding: <entity name="DoughsR48_zombieCheerleaderRadiated" prob="0.309"/>
DEBUG:Adding: <entity name="DoughsR50_zombieBoeRadiated" prob="0.309"/>
DEBUG:Adding: <entity name="DoughsR51_zombieDarleneFeral" prob="0.352"/>
DEBUG:Adding: <entity name="DoughsR55_zombieJoeRadiated" prob="0.309"/>
DEBUG:Adding: <entity name="DoughsR57_zombieSpiderFeral" prob="0.352"/>
DEBUG:Adding: <entity name="DoughsR74_zombieMoeFeral" prob="0.352"/>
DEBUG:Adding: <entity name="DoughsR75_zombieSkateboarderRadiated" prob="0.309"/>
DEBUG:ModletGen_AddZedsToEntityGroupsFile ENTITY GROUP: badassOnlyHordeStageGS150
DEBUG:Adding: <entity name="DoughsR10_zombieFemaleFatFeral" prob="0.375"/>
DEBUG:Adding: <entity name="DoughsR26_zombieFatHawaiian"/>
DEBUG:Adding: <entity name="DoughsR27_zombieFatCop" prob="0.375"/>
DEBUG:Adding: <entity name="DoughsR3_zombieFatCopRadiated" prob="0.325"/>
DEBUG:Adding: <entity name="DoughsR3_zombieFatCopRadiated" prob="0.325"/>
DEBUG:Adding: <entity name="DoughsR54_zombieFemaleFatRadiated" prob="0.325"/>
DEBUG:Adding: <entity name="DoughsR55_zombieJoeRadiated" prob="0.325"/>
DEBUG:Adding: <entity name="DoughsR59_zombieArleneFeral" prob="0.375"/>
DEBUG:Adding: <entity name="DoughsR75_zombieSkateboarderRadiated" prob="0.325"/>
DEBUG:Adding: <entity name="DoughsR78_zombieSteveFeral" prob="0.375"/>
DEBUG:Adding: <entity name="DoughsR7_zombieWightFeral" prob="0.375"/>
DEBUG:ModletGen_AddZedsToEntityGroupsFile ENTITY GROUP: badassOnlyHordeStageGS171
DEBUG:Adding: <entity name="DoughsR10_zombieFemaleFatFeral" prob="0.4"/>
DEBUG:Adding: <entity name="DoughsR14_zombieSoldier" prob="0.643"/>
DEBUG:Adding: <entity name="DoughsR26_zombieFatHawaiian"/>
DEBUG:Adding: <entity name="DoughsR27_zombieFatCop" prob="0.4"/>
DEBUG:Adding: <entity name="DoughsR32_zombieMoeRadiated" prob="0.343"/>
DEBUG:Adding: <entity name="DoughsR39_zombieSkateboarderFeral" prob="0.4"/>
DEBUG:Adding: <entity name="DoughsR55_zombieJoeRadiated" prob="0.343"/>
DEBUG:Adding: <entity name="DoughsR59_zombieArleneFeral" prob="0.4"/>
DEBUG:Adding: <entity name="DoughsR63_zombieFatCopFeral" prob="0.4"/>
DEBUG:Adding: <entity name="DoughsR81_zombieSteveRadiated" prob="0.343"/>
DEBUG:Adding: <entity name="DoughsR86_zombieBikerRadiated" prob="0.343"/>
DEBUG:ModletGen_AddZedsToEntityGroupsFile ENTITY GROUP: badassOnlyHordeStageGS194
DEBUG:Adding: <entity name="DoughsR10_zombieFemaleFatFeral" prob="0.427"/>
DEBUG:Adding: <entity name="DoughsR21_zombieSpiderRadiated" prob="0.362"/>
DEBUG:Adding: <entity name="DoughsR3_zombieFatCopRadiated" prob="0.362"/>
DEBUG:Adding: <entity name="DoughsR48_zombieCheerleaderRadiated" prob="0.362"/>
DEBUG:Adding: <entity name="DoughsR54_zombieFemaleFatRadiated" prob="0.362"/>
DEBUG:Adding: <entity name="DoughsR55_zombieJoeRadiated" prob="0.362"/>
DEBUG:Adding: <entity name="DoughsR59_zombieArleneFeral" prob="0.427"/>
DEBUG:Adding: <entity name="DoughsR66_zombieDarleneRadiated" prob="0.362"/>
DEBUG:Adding: <entity name="DoughsR78_zombieSteveFeral" prob="0.427"/>
DEBUG:Adding: <entity name="DoughsR81_zombieSteveRadiated" prob="0.362"/>
DEBUG:Adding: <entity name="DoughsR86_zombieBikerRadiated" prob="0.362"/>
DEBUG:ModletGen_AddZedsToEntityGroupsFile ENTITY GROUP: badassOnlyHordeStageGS21
DEBUG:Adding: <entity name="DoughsR12_zombieJoeFeral" prob="0.225"/>
DEBUG:Adding: <entity name="DoughsR16_zombieFemaleFat"/>
DEBUG:Adding: <entity name="DoughsR25_zombieBiker"/>
DEBUG:Adding: <entity name="DoughsR26_zombieFatHawaiian"/>
DEBUG:Adding: <entity name="DoughsR27_zombieFatCop" prob="0.225"/>
DEBUG:Adding: <entity name="DoughsR37_zombieMarleneFeral" prob="0.225"/>
DEBUG:Adding: <entity name="DoughsR39_zombieSkateboarderFeral" prob="0.225"/>
DEBUG:Adding: <entity name="DoughsR59_zombieArleneFeral" prob="0.225"/>
DEBUG:Adding: <entity name="DoughsR71_zombieNurseFeral" prob="0.225"/>
DEBUG:Adding: <entity name="DoughsR78_zombieSteveFeral" prob="0.225"/>
DEBUG:Adding: <entity name="DoughsR79_zombieYoFeral" prob="0.225"/>
DEBUG:ModletGen_AddZedsToEntityGroupsFile ENTITY GROUP: badassOnlyHordeStageGS217
DEBUG:Adding: <entity name="DoughsR10_zombieFemaleFatFeral" prob="0.454"/>
DEBUG:Adding: <entity name="DoughsR20_zombieSoldierRadiated" prob="0.381"/>
DEBUG:Adding: <entity name="DoughsR22_zombieWightRadiated" prob="0.381"/>
DEBUG:Adding: <entity name="DoughsR30_zombieFatHawaiianFeral" prob="0.454"/>
DEBUG:Adding: <entity name="DoughsR37_zombieMarleneFeral" prob="0.454"/>
DEBUG:Adding: <entity name="DoughsR48_zombieCheerleaderRadiated" prob="0.381"/>
DEBUG:Adding: <entity name="DoughsR54_zombieFemaleFatRadiated" prob="0.381"/>
DEBUG:Adding: <entity name="DoughsR59_zombieArleneFeral" prob="0.454"/>
DEBUG:Adding: <entity name="DoughsR75_zombieSkateboarderRadiated" prob="0.381"/>
DEBUG:Adding: <entity name="DoughsR7_zombieWightFeral" prob="0.454"/>
DEBUG:Adding: <entity name="DoughsR81_zombieSteveRadiated" prob="0.381"/>
DEBUG:ModletGen_AddZedsToEntityGroupsFile ENTITY GROUP: badassOnlyHordeStageGS242
DEBUG:Adding: <entity name="DoughsR10_zombieFemaleFatFeral" prob="0.483"/>
DEBUG:Adding: <entity name="DoughsR14_zombieSoldier" prob="0.702"/>
DEBUG:Adding: <entity name="DoughsR22_zombieWightRadiated" prob="0.402"/>
DEBUG:Adding: <entity name="DoughsR30_zombieFatHawaiianFeral" prob="0.483"/>
DEBUG:Adding: <entity name="DoughsR32_zombieMoeRadiated" prob="0.402"/>
DEBUG:Adding: <entity name="DoughsR3_zombieFatCopRadiated" prob="0.402"/>
DEBUG:Adding: <entity name="DoughsR54_zombieFemaleFatRadiated" prob="0.402"/>
DEBUG:Adding: <entity name="DoughsR59_zombieArleneFeral" prob="0.483"/>
DEBUG:Adding: <entity name="DoughsR69_zombieOldTimerRadiated" prob="0.402"/>
DEBUG:Adding: <entity name="DoughsR86_zombieBikerRadiated" prob="0.402"/>
DEBUG:Adding: <entity name="DoughsR8_zombieArleneRadiated" prob="0.402"/>
DEBUG:ModletGen_AddZedsToEntityGroupsFile ENTITY GROUP: badassOnlyHordeStageGS268
DEBUG:Adding: <entity name="DoughsR10_zombieFemaleFatFeral" prob="0.513"/>
DEBUG:Adding: <entity name="DoughsR22_zombieWightRadiated" prob="0.424"/>
DEBUG:Adding: <entity name="DoughsR2_zombieBusinessManFeral" prob="0.513"/>
DEBUG:Adding: <entity name="DoughsR51_zombieDarleneFeral" prob="0.513"/>
DEBUG:Adding: <entity name="DoughsR55_zombieJoeRadiated" prob="0.424"/>
DEBUG:Adding: <entity name="DoughsR59_zombieArleneFeral" prob="0.513"/>
DEBUG:Adding: <entity name="DoughsR71_zombieNurseFeral" prob="0.513"/>
DEBUG:Adding: <entity name="DoughsR79_zombieYoFeral" prob="0.513"/>
DEBUG:Adding: <entity name="DoughsR7_zombieWightFeral" prob="0.513"/>
DEBUG:Adding: <entity name="DoughsR86_zombieBikerRadiated" prob="0.424"/>
DEBUG:Adding: <entity name="DoughsR8_zombieArleneRadiated" prob="0.424"/>
DEBUG:ModletGen_AddZedsToEntityGroupsFile ENTITY GROUP: badassOnlyHordeStageGS296
DEBUG:Adding: <entity name="DoughsR10_zombieFemaleFatFeral" prob="0.546"/>
DEBUG:Adding: <entity name="DoughsR32_zombieMoeRadiated" prob="0.447"/>
DEBUG:Adding: <entity name="DoughsR39_zombieSkateboarderFeral" prob="0.546"/>
DEBUG:Adding: <entity name="DoughsR50_zombieBoeRadiated" prob="0.447"/>
DEBUG:Adding: <entity name="DoughsR55_zombieJoeRadiated" prob="0.447"/>
DEBUG:Adding: <entity name="DoughsR59_zombieArleneFeral" prob="0.546"/>
DEBUG:Adding: <entity name="DoughsR75_zombieSkateboarderRadiated" prob="0.447"/>
DEBUG:Adding: <entity name="DoughsR79_zombieYoFeral" prob="0.546"/>
DEBUG:Adding: <entity name="DoughsR81_zombieSteveRadiated" prob="0.447"/>
DEBUG:Adding: <entity name="DoughsR86_zombieBikerRadiated" prob="0.447"/>
DEBUG:Adding: <entity name="DoughsR8_zombieArleneRadiated" prob="0.447"/>
DEBUG:ModletGen_AddZedsToEntityGroupsFile ENTITY GROUP: badassOnlyHordeStageGS3
DEBUG:Adding: <entity name="DoughsR14_zombieSoldier" prob="0.503"/>
DEBUG:Adding: <entity name="DoughsR16_zombieFemaleFat"/>
DEBUG:Adding: <entity name="DoughsR25_zombieBiker"/>
DEBUG:Adding: <entity name="DoughsR26_zombieFatHawaiian"/>
DEBUG:Adding: <entity name="DoughsR51_zombieDarleneFeral" prob="0.204"/>
DEBUG:Adding: <entity name="DoughsR59_zombieArleneFeral" prob="0.204"/>
DEBUG:ModletGen_AddZedsToEntityGroupsFile ENTITY GROUP: badassOnlyHordeStageGS30
DEBUG:Adding: <entity name="DoughsR10_zombieFemaleFatFeral" prob="0.235"/>
DEBUG:Adding: <entity name="DoughsR11_zombieBoeFeral" prob="0.235"/>
DEBUG:Adding: <entity name="DoughsR14_zombieSoldier" prob="0.525"/>
DEBUG:Adding: <entity name="DoughsR26_zombieFatHawaiian"/>
DEBUG:Adding: <entity name="DoughsR27_zombieFatCop" prob="0.235"/>
DEBUG:Adding: <entity name="DoughsR37_zombieMarleneFeral" prob="0.235"/>
DEBUG:Adding: <entity name="DoughsR39_zombieSkateboarderFeral" prob="0.235"/>
DEBUG:Adding: <entity name="DoughsR51_zombieDarleneFeral" prob="0.235"/>
DEBUG:Adding: <entity name="DoughsR71_zombieNurseFeral" prob="0.235"/>
DEBUG:Adding: <entity name="DoughsR78_zombieSteveFeral" prob="0.235"/>
DEBUG:Adding: <entity name="DoughsR79_zombieYoFeral" prob="0.235"/>
DEBUG:ModletGen_AddZedsToEntityGroupsFile ENTITY GROUP: badassOnlyHordeStageGS325
DEBUG:Adding: <entity name="DoughsR10_zombieFemaleFatFeral" prob="0.58"/>
DEBUG:Adding: <entity name="DoughsR11_zombieBoeFeral" prob="0.58"/>
DEBUG:Adding: <entity name="DoughsR22_zombieWightRadiated" prob="0.471"/>
DEBUG:Adding: <entity name="DoughsR25_zombieBiker"/>
DEBUG:Adding: <entity name="DoughsR27_zombieFatCop" prob="0.58"/>
DEBUG:Adding: <entity name="DoughsR3_zombieFatCopRadiated" prob="0.471"/>
DEBUG:Adding: <entity name="DoughsR54_zombieFemaleFatRadiated" prob="0.471"/>
DEBUG:Adding: <entity name="DoughsR55_zombieJoeRadiated" prob="0.471"/>
DEBUG:Adding: <entity name="DoughsR66_zombieDarleneRadiated" prob="0.471"/>
DEBUG:Adding: <entity name="DoughsR69_zombieOldTimerRadiated" prob="0.471"/>
DEBUG:Adding: <entity name="DoughsR86_zombieBikerRadiated" prob="0.471"/>
DEBUG:ModletGen_AddZedsToEntityGroupsFile ENTITY GROUP: badassOnlyHordeStageGS355
DEBUG:Adding: <entity name="DoughsR16_zombieFemaleFat"/>
DEBUG:Adding: <entity name="DoughsR20_zombieSoldierRadiated" prob="0.496"/>
DEBUG:Adding: <entity name="DoughsR22_zombieWightRadiated" prob="0.496"/>
DEBUG:Adding: <entity name="DoughsR37_zombieMarleneFeral" prob="0.615"/>
DEBUG:Adding: <entity name="DoughsR3_zombieFatCopRadiated" prob="0.496"/>
DEBUG:Adding: <entity name="DoughsR55_zombieJoeRadiated" prob="0.496"/>
DEBUG:Adding: <entity name="DoughsR59_zombieArleneFeral" prob="0.615"/>
DEBUG:Adding: <entity name="DoughsR69_zombieOldTimerRadiated" prob="0.496"/>
DEBUG:Adding: <entity name="DoughsR7_zombieWightFeral" prob="0.615"/>
DEBUG:Adding: <entity name="DoughsR81_zombieSteveRadiated" prob="0.496"/>
DEBUG:Adding: <entity name="DoughsR86_zombieBikerRadiated" prob="0.496"/>
DEBUG:ModletGen_AddZedsToEntityGroupsFile ENTITY GROUP: badassOnlyHordeStageGS386
DEBUG:Adding: <entity name="DoughsR10_zombieFemaleFatFeral" prob="0.651"/>
DEBUG:Adding: <entity name="DoughsR16_zombieFemaleFat"/>
DEBUG:Adding: <entity name="DoughsR22_zombieWightRadiated" prob="0.522"/>
DEBUG:Adding: <entity name="DoughsR36_zombieYoRadiated" prob="0.522"/>
DEBUG:Adding: <entity name="DoughsR39_zombieSkateboarderFeral" prob="0.651"/>
DEBUG:Adding: <entity name="DoughsR54_zombieFemaleFatRadiated" prob="0.522"/>
DEBUG:Adding: <entity name="DoughsR63_zombieFatCopFeral" prob="0.651"/>
DEBUG:Adding: <entity name="DoughsR75_zombieSkateboarderRadiated" prob="0.522"/>
DEBUG:Adding: <entity name="DoughsR79_zombieYoFeral" prob="0.651"/>
DEBUG:Adding: <entity name="DoughsR7_zombieWightFeral" prob="0.651"/>
DEBUG:Adding: <entity name="DoughsR86_zombieBikerRadiated" prob="0.522"/>
DEBUG:ModletGen_AddZedsToEntityGroupsFile ENTITY GROUP: badassOnlyHordeStageGS40
DEBUG:Adding: <entity name="DoughsR11_zombieBoeFeral" prob="0.247"/>
DEBUG:Adding: <entity name="DoughsR12_zombieJoeFeral" prob="0.247"/>
DEBUG:Adding: <entity name="DoughsR21_zombieSpiderRadiated" prob="0.234"/>
DEBUG:Adding: <entity name="DoughsR25_zombieBiker"/>
DEBUG:Adding: <entity name="DoughsR2_zombieBusinessManFeral" prob="0.247"/>
DEBUG:Adding: <entity name="DoughsR30_zombieFatHawaiianFeral" prob="0.247"/>
DEBUG:Adding: <entity name="DoughsR51_zombieDarleneFeral" prob="0.247"/>
DEBUG:Adding: <entity name="DoughsR59_zombieArleneFeral" prob="0.247"/>
DEBUG:Adding: <entity name="DoughsR71_zombieNurseFeral" prob="0.247"/>
DEBUG:Adding: <entity name="DoughsR74_zombieMoeFeral" prob="0.247"/>
DEBUG:Adding: <entity name="DoughsR7_zombieWightFeral" prob="0.247"/>
DEBUG:ModletGen_AddZedsToEntityGroupsFile ENTITY GROUP: badassOnlyHordeStageGS419
DEBUG:Adding: <entity name="DoughsR10_zombieFemaleFatFeral" prob="0.689"/>
DEBUG:Adding: <entity name="DoughsR21_zombieSpiderRadiated" prob="0.55"/>
DEBUG:Adding: <entity name="DoughsR25_zombieBiker"/>
DEBUG:Adding: <entity name="DoughsR50_zombieBoeRadiated" prob="0.55"/>
DEBUG:Adding: <entity name="DoughsR54_zombieFemaleFatRadiated" prob="0.55"/>
DEBUG:Adding: <entity name="DoughsR59_zombieArleneFeral" prob="0.689"/>
DEBUG:Adding: <entity name="DoughsR75_zombieSkateboarderRadiated" prob="0.55"/>
DEBUG:Adding: <entity name="DoughsR7_zombieWightFeral" prob="0.689"/>
DEBUG:Adding: <entity name="DoughsR81_zombieSteveRadiated" prob="0.55"/>
DEBUG:Adding: <entity name="DoughsR86_zombieBikerRadiated" prob="0.55"/>
DEBUG:Adding: <entity name="DoughsR8_zombieArleneRadiated" prob="0.55"/>
DEBUG:ModletGen_AddZedsToEntityGroupsFile ENTITY GROUP: badassOnlyHordeStageGS452
DEBUG:Adding: <entity name="DoughsR11_zombieBoeFeral" prob="0.728"/>
DEBUG:Adding: <entity name="DoughsR16_zombieFemaleFat"/>
DEBUG:Adding: <entity name="DoughsR2_zombieBusinessManFeral" prob="0.728"/>
DEBUG:Adding: <entity name="DoughsR39_zombieSkateboarderFeral" prob="0.728"/>
DEBUG:Adding: <entity name="DoughsR3_zombieFatCopRadiated" prob="0.577"/>
DEBUG:Adding: <entity name="DoughsR55_zombieJoeRadiated" prob="0.577"/>
DEBUG:Adding: <entity name="DoughsR66_zombieDarleneRadiated" prob="0.577"/>
DEBUG:Adding: <entity name="DoughsR75_zombieSkateboarderRadiated" prob="0.577"/>
DEBUG:Adding: <entity name="DoughsR79_zombieYoFeral" prob="0.728"/>
DEBUG:Adding: <entity name="DoughsR86_zombieBikerRadiated" prob="0.577"/>
DEBUG:Adding: <entity name="DoughsR8_zombieArleneRadiated" prob="0.577"/>
DEBUG:ModletGen_AddZedsToEntityGroupsFile ENTITY GROUP: badassOnlyHordeStageGS488
DEBUG:Adding: <entity name="DoughsR12_zombieJoeFeral" prob="0.77"/>
DEBUG:Adding: <entity name="DoughsR22_zombieWightRadiated" prob="0.607"/>
DEBUG:Adding: <entity name="DoughsR25_zombieBiker"/>
DEBUG:Adding: <entity name="DoughsR27_zombieFatCop" prob="0.77"/>
DEBUG:Adding: <entity name="DoughsR30_zombieFatHawaiianFeral" prob="0.77"/>
DEBUG:Adding: <entity name="DoughsR3_zombieFatCopRadiated" prob="0.607"/>
DEBUG:Adding: <entity name="DoughsR50_zombieBoeRadiated" prob="0.607"/>
DEBUG:Adding: <entity name="DoughsR74_zombieMoeFeral" prob="0.77"/>
DEBUG:Adding: <entity name="DoughsR75_zombieSkateboarderRadiated" prob="0.607"/>
DEBUG:Adding: <entity name="DoughsR81_zombieSteveRadiated" prob="0.607"/>
DEBUG:Adding: <entity name="DoughsR8_zombieArleneRadiated" prob="0.607"/>
DEBUG:ModletGen_AddZedsToEntityGroupsFile ENTITY GROUP: badassOnlyHordeStageGS51
DEBUG:Adding: <entity name="DoughsR10_zombieFemaleFatFeral" prob="0.26"/>
DEBUG:Adding: <entity name="DoughsR11_zombieBoeFeral" prob="0.26"/>
DEBUG:Adding: <entity name="DoughsR14_zombieSoldier" prob="0.543"/>
DEBUG:Adding: <entity name="DoughsR16_zombieFemaleFat"/>
DEBUG:Adding: <entity name="DoughsR30_zombieFatHawaiianFeral" prob="0.26"/>
DEBUG:Adding: <entity name="DoughsR50_zombieBoeRadiated" prob="0.243"/>
DEBUG:Adding: <entity name="DoughsR55_zombieJoeRadiated" prob="0.243"/>
DEBUG:Adding: <entity name="DoughsR59_zombieArleneFeral" prob="0.26"/>
DEBUG:Adding: <entity name="DoughsR63_zombieFatCopFeral" prob="0.26"/>
DEBUG:Adding: <entity name="DoughsR71_zombieNurseFeral" prob="0.26"/>
DEBUG:Adding: <entity name="DoughsR74_zombieMoeFeral" prob="0.26"/>
DEBUG:ModletGen_AddZedsToEntityGroupsFile ENTITY GROUP: badassOnlyHordeStageGS524
DEBUG:Adding: <entity name="DoughsR10_zombieFemaleFatFeral" prob="0.812"/>
DEBUG:Adding: <entity name="DoughsR12_zombieJoeFeral" prob="0.812"/>
DEBUG:Adding: <entity name="DoughsR14_zombieSoldier" prob="0.937"/>
DEBUG:Adding: <entity name="DoughsR16_zombieFemaleFat"/>
DEBUG:Adding: <entity name="DoughsR22_zombieWightRadiated" prob="0.637"/>
DEBUG:Adding: <entity name="DoughsR27_zombieFatCop" prob="0.812"/>
DEBUG:Adding: <entity name="DoughsR3_zombieFatCopRadiated" prob="0.637"/>
DEBUG:Adding: <entity name="DoughsR54_zombieFemaleFatRadiated" prob="0.637"/>
DEBUG:Adding: <entity name="DoughsR69_zombieOldTimerRadiated" prob="0.637"/>
DEBUG:Adding: <entity name="DoughsR79_zombieYoFeral" prob="0.812"/>
DEBUG:Adding: <entity name="DoughsR8_zombieArleneRadiated" prob="0.637"/>
DEBUG:ModletGen_AddZedsToEntityGroupsFile ENTITY GROUP: badassOnlyHordeStageGS561
DEBUG:Adding: <entity name="DoughsR12_zombieJoeFeral" prob="0.855"/>
DEBUG:Adding: <entity name="DoughsR22_zombieWightRadiated" prob="0.668"/>
DEBUG:Adding: <entity name="DoughsR2_zombieBusinessManFeral" prob="0.855"/>
DEBUG:Adding: <entity name="DoughsR30_zombieFatHawaiianFeral" prob="0.855"/>
DEBUG:Adding: <entity name="DoughsR34_zombieMarleneRadiated" prob="0.668"/>
DEBUG:Adding: <entity name="DoughsR37_zombieMarleneFeral" prob="0.855"/>
DEBUG:Adding: <entity name="DoughsR3_zombieFatCopRadiated" prob="0.668"/>
DEBUG:Adding: <entity name="DoughsR54_zombieFemaleFatRadiated" prob="0.668"/>
DEBUG:Adding: <entity name="DoughsR55_zombieJoeRadiated" prob="0.668"/>
DEBUG:Adding: <entity name="DoughsR71_zombieNurseFeral" prob="0.855"/>
DEBUG:Adding: <entity name="DoughsR7_zombieWightFeral" prob="0.855"/>
DEBUG:ModletGen_AddZedsToEntityGroupsFile ENTITY GROUP: badassOnlyHordeStageGS600
DEBUG:Adding: <entity name="DoughsR12_zombieJoeFeral" prob="0.9"/>
DEBUG:Adding: <entity name="DoughsR26_zombieFatHawaiian"/>
DEBUG:Adding: <entity name="DoughsR27_zombieFatCop" prob="0.9"/>
DEBUG:Adding: <entity name="DoughsR34_zombieMarleneRadiated" prob="0.7"/>
DEBUG:Adding: <entity name="DoughsR37_zombieMarleneFeral" prob="0.9"/>
DEBUG:Adding: <entity name="DoughsR3_zombieFatCopRadiated" prob="0.7"/>
DEBUG:Adding: <entity name="DoughsR59_zombieArleneFeral" prob="0.9"/>
DEBUG:Adding: <entity name="DoughsR63_zombieFatCopFeral" prob="0.9"/>
DEBUG:Adding: <entity name="DoughsR69_zombieOldTimerRadiated" prob="0.7"/>
DEBUG:Adding: <entity name="DoughsR71_zombieNurseFeral" prob="0.9"/>
DEBUG:Adding: <entity name="DoughsR75_zombieSkateboarderRadiated" prob="0.7"/>
DEBUG:ModletGen_AddZedsToEntityGroupsFile ENTITY GROUP: badassOnlyHordeStageGS640
DEBUG:Adding: <entity name="DoughsR10_zombieFemaleFatFeral" prob="0.947"/>
DEBUG:Adding: <entity name="DoughsR11_zombieBoeFeral" prob="0.947"/>
DEBUG:Adding: <entity name="DoughsR14_zombieSoldier" prob="1.034"/>
DEBUG:Adding: <entity name="DoughsR20_zombieSoldierRadiated" prob="0.734"/>
DEBUG:Adding: <entity name="DoughsR36_zombieYoRadiated" prob="0.734"/>
DEBUG:Adding: <entity name="DoughsR3_zombieFatCopRadiated" prob="0.734"/>
DEBUG:Adding: <entity name="DoughsR48_zombieCheerleaderRadiated" prob="0.734"/>
DEBUG:Adding: <entity name="DoughsR57_zombieSpiderFeral" prob="0.947"/>
DEBUG:Adding: <entity name="DoughsR59_zombieArleneFeral" prob="0.947"/>
DEBUG:Adding: <entity name="DoughsR71_zombieNurseFeral" prob="0.947"/>
DEBUG:Adding: <entity name="DoughsR86_zombieBikerRadiated" prob="0.734"/>
DEBUG:ModletGen_AddZedsToEntityGroupsFile ENTITY GROUP: badassOnlyHordeStageGS65
DEBUG:Adding: <entity name="DoughsR12_zombieJoeFeral" prob="0.276"/>
DEBUG:Adding: <entity name="DoughsR16_zombieFemaleFat"/>
DEBUG:Adding: <entity name="DoughsR21_zombieSpiderRadiated" prob="0.255"/>
DEBUG:Adding: <entity name="DoughsR2_zombieBusinessManFeral" prob="0.276"/>
DEBUG:Adding: <entity name="DoughsR34_zombieMarleneRadiated" prob="0.255"/>
DEBUG:Adding: <entity name="DoughsR37_zombieMarleneFeral" prob="0.276"/>
DEBUG:Adding: <entity name="DoughsR39_zombieSkateboarderFeral" prob="0.276"/>
DEBUG:Adding: <entity name="DoughsR55_zombieJoeRadiated" prob="0.255"/>
DEBUG:Adding: <entity name="DoughsR71_zombieNurseFeral" prob="0.276"/>
DEBUG:Adding: <entity name="DoughsR7_zombieWightFeral" prob="0.276"/>
DEBUG:Adding: <entity name="DoughsR8_zombieArleneRadiated" prob="0.255"/>
DEBUG:ModletGen_AddZedsToEntityGroupsFile ENTITY GROUP: badassOnlyHordeStageGS681
DEBUG:Adding: <entity name="DoughsR12_zombieJoeFeral" prob="0.995"/>
DEBUG:Adding: <entity name="DoughsR2_zombieBusinessManFeral" prob="0.995"/>
DEBUG:Adding: <entity name="DoughsR30_zombieFatHawaiianFeral" prob="0.995"/>
DEBUG:Adding: <entity name="DoughsR34_zombieMarleneRadiated" prob="0.768"/>
DEBUG:Adding: <entity name="DoughsR39_zombieSkateboarderFeral" prob="0.995"/>
DEBUG:Adding: <entity name="DoughsR55_zombieJoeRadiated" prob="0.768"/>
DEBUG:Adding: <entity name="DoughsR59_zombieArleneFeral" prob="0.995"/>
DEBUG:Adding: <entity name="DoughsR63_zombieFatCopFeral" prob="0.995"/>
DEBUG:Adding: <entity name="DoughsR74_zombieMoeFeral" prob="0.995"/>
DEBUG:Adding: <entity name="DoughsR86_zombieBikerRadiated" prob="0.768"/>
DEBUG:Adding: <entity name="DoughsR8_zombieArleneRadiated" prob="0.768"/>
DEBUG:ModletGen_AddZedsToEntityGroupsFile ENTITY GROUP: badassOnlyHordeStageGS724
DEBUG:Adding: <entity name="DoughsR10_zombieFemaleFatFeral" prob="1.045"/>
DEBUG:Adding: <entity name="DoughsR11_zombieBoeFeral" prob="1.045"/>
DEBUG:Adding: <entity name="DoughsR12_zombieJoeFeral" prob="1.045"/>
DEBUG:Adding: <entity name="DoughsR20_zombieSoldierRadiated" prob="0.804"/>
DEBUG:Adding: <entity name="DoughsR48_zombieCheerleaderRadiated" prob="0.804"/>
DEBUG:Adding: <entity name="DoughsR51_zombieDarleneFeral" prob="1.045"/>
DEBUG:Adding: <entity name="DoughsR55_zombieJoeRadiated" prob="0.804"/>
DEBUG:Adding: <entity name="DoughsR57_zombieSpiderFeral" prob="1.045"/>
DEBUG:Adding: <entity name="DoughsR59_zombieArleneFeral" prob="1.045"/>
DEBUG:Adding: <entity name="DoughsR63_zombieFatCopFeral" prob="1.045"/>
DEBUG:Adding: <entity name="DoughsR86_zombieBikerRadiated" prob="0.804"/>
DEBUG:ModletGen_AddZedsToEntityGroupsFile ENTITY GROUP: badassOnlyHordeStageGS767
DEBUG:Adding: <entity name="DoughsR10_zombieFemaleFatFeral" prob="1.095"/>
DEBUG:Adding: <entity name="DoughsR34_zombieMarleneRadiated" prob="0.84"/>
DEBUG:Adding: <entity name="DoughsR36_zombieYoRadiated" prob="0.84"/>
DEBUG:Adding: <entity name="DoughsR39_zombieSkateboarderFeral" prob="1.095"/>
DEBUG:Adding: <entity name="DoughsR3_zombieFatCopRadiated" prob="0.84"/>
DEBUG:Adding: <entity name="DoughsR48_zombieCheerleaderRadiated" prob="0.84"/>
DEBUG:Adding: <entity name="DoughsR54_zombieFemaleFatRadiated" prob="0.84"/>
DEBUG:Adding: <entity name="DoughsR59_zombieArleneFeral" prob="1.095"/>
DEBUG:Adding: <entity name="DoughsR75_zombieSkateboarderRadiated" prob="0.84"/>
DEBUG:Adding: <entity name="DoughsR7_zombieWightFeral" prob="1.095"/>
DEBUG:Adding: <entity name="DoughsR86_zombieBikerRadiated" prob="0.84"/>
DEBUG:ModletGen_AddZedsToEntityGroupsFile ENTITY GROUP: badassOnlyHordeStageGS79
DEBUG:Adding: <entity name="DoughsR20_zombieSoldierRadiated" prob="0.266"/>
DEBUG:Adding: <entity name="DoughsR26_zombieFatHawaiian"/>
DEBUG:Adding: <entity name="DoughsR30_zombieFatHawaiianFeral" prob="0.293"/>
DEBUG:Adding: <entity name="DoughsR34_zombieMarleneRadiated" prob="0.266"/>
DEBUG:Adding: <entity name="DoughsR36_zombieYoRadiated" prob="0.266"/>
DEBUG:Adding: <entity name="DoughsR39_zombieSkateboarderFeral" prob="0.293"/>
DEBUG:Adding: <entity name="DoughsR54_zombieFemaleFatRadiated" prob="0.266"/>
DEBUG:Adding: <entity name="DoughsR75_zombieSkateboarderRadiated" prob="0.266"/>
DEBUG:Adding: <entity name="DoughsR78_zombieSteveFeral" prob="0.293"/>
DEBUG:Adding: <entity name="DoughsR86_zombieBikerRadiated" prob="0.266"/>
DEBUG:Adding: <entity name="DoughsR8_zombieArleneRadiated" prob="0.266"/>
DEBUG:ModletGen_AddZedsToEntityGroupsFile ENTITY GROUP: badassOnlyHordeStageGS8
DEBUG:Adding: <entity name="DoughsR14_zombieSoldier" prob="0.507"/>
DEBUG:Adding: <entity name="DoughsR16_zombieFemaleFat"/>
DEBUG:Adding: <entity name="DoughsR25_zombieBiker"/>
DEBUG:Adding: <entity name="DoughsR26_zombieFatHawaiian"/>
DEBUG:Adding: <entity name="DoughsR37_zombieMarleneFeral" prob="0.21"/>
DEBUG:Adding: <entity name="DoughsR51_zombieDarleneFeral" prob="0.21"/>
DEBUG:Adding: <entity name="DoughsR59_zombieArleneFeral" prob="0.21"/>
DEBUG:Adding: <entity name="DoughsR79_zombieYoFeral" prob="0.21"/>
DEBUG:ModletGen_AddZedsToEntityGroupsFile ENTITY GROUP: badassOnlyHordeStageGS812
DEBUG:Adding: <entity name="DoughsR10_zombieFemaleFatFeral" prob="1.148"/>
DEBUG:Adding: <entity name="DoughsR14_zombieSoldier" prob="1.177"/>
DEBUG:Adding: <entity name="DoughsR16_zombieFemaleFat"/>
DEBUG:Adding: <entity name="DoughsR30_zombieFatHawaiianFeral" prob="1.148"/>
DEBUG:Adding: <entity name="DoughsR50_zombieBoeRadiated" prob="0.877"/>
DEBUG:Adding: <entity name="DoughsR54_zombieFemaleFatRadiated" prob="0.877"/>
DEBUG:Adding: <entity name="DoughsR59_zombieArleneFeral" prob="1.148"/>
DEBUG:Adding: <entity name="DoughsR74_zombieMoeFeral" prob="1.148"/>
DEBUG:Adding: <entity name="DoughsR75_zombieSkateboarderRadiated" prob="0.877"/>
DEBUG:Adding: <entity name="DoughsR79_zombieYoFeral" prob="1.148"/>
DEBUG:Adding: <entity name="DoughsR86_zombieBikerRadiated" prob="0.877"/>
DEBUG:ModletGen_AddZedsToEntityGroupsFile ENTITY GROUP: badassOnlyHordeStageGS858
DEBUG:Adding: <entity name="DoughsR10_zombieFemaleFatFeral" prob="1.201"/>
DEBUG:Adding: <entity name="DoughsR11_zombieBoeFeral" prob="1.201"/>
DEBUG:Adding: <entity name="DoughsR21_zombieSpiderRadiated" prob="0.915"/>
DEBUG:Adding: <entity name="DoughsR22_zombieWightRadiated" prob="0.915"/>
DEBUG:Adding: <entity name="DoughsR25_zombieBiker"/>
DEBUG:Adding: <entity name="DoughsR27_zombieFatCop" prob="1.201"/>
DEBUG:Adding: <entity name="DoughsR37_zombieMarleneFeral" prob="1.201"/>
DEBUG:Adding: <entity name="DoughsR59_zombieArleneFeral" prob="1.201"/>
DEBUG:Adding: <entity name="DoughsR66_zombieDarleneRadiated" prob="0.915"/>
DEBUG:Adding: <entity name="DoughsR78_zombieSteveFeral" prob="1.201"/>
DEBUG:Adding: <entity name="DoughsR81_zombieSteveRadiated" prob="0.915"/>
DEBUG:ModletGen_AddZedsToEntityGroupsFile ENTITY GROUP: badassOnlyHordeStageGS905
DEBUG:Adding: <entity name="DoughsR16_zombieFemaleFat"/>
DEBUG:Adding: <entity name="DoughsR32_zombieMoeRadiated" prob="0.955"/>
DEBUG:Adding: <entity name="DoughsR39_zombieSkateboarderFeral" prob="1.256"/>
DEBUG:Adding: <entity name="DoughsR3_zombieFatCopRadiated" prob="0.955"/>
DEBUG:Adding: <entity name="DoughsR51_zombieDarleneFeral" prob="1.256"/>
DEBUG:Adding: <entity name="DoughsR54_zombieFemaleFatRadiated" prob="0.955"/>
DEBUG:Adding: <entity name="DoughsR57_zombieSpiderFeral" prob="1.256"/>
DEBUG:Adding: <entity name="DoughsR69_zombieOldTimerRadiated" prob="0.955"/>
DEBUG:Adding: <entity name="DoughsR74_zombieMoeFeral" prob="1.256"/>
DEBUG:Adding: <entity name="DoughsR75_zombieSkateboarderRadiated" prob="0.955"/>
DEBUG:Adding: <entity name="DoughsR81_zombieSteveRadiated" prob="0.955"/>
DEBUG:ModletGen_AddZedsToEntityGroupsFile ENTITY GROUP: badassOnlyHordeStageGS95
DEBUG:Adding: <entity name="DoughsR16_zombieFemaleFat"/>
DEBUG:Adding: <entity name="DoughsR21_zombieSpiderRadiated" prob="0.28"/>
DEBUG:Adding: <entity name="DoughsR30_zombieFatHawaiianFeral" prob="0.311"/>
DEBUG:Adding: <entity name="DoughsR32_zombieMoeRadiated" prob="0.28"/>
DEBUG:Adding: <entity name="DoughsR3_zombieFatCopRadiated" prob="0.28"/>
DEBUG:Adding: <entity name="DoughsR55_zombieJoeRadiated" prob="0.28"/>
DEBUG:Adding: <entity name="DoughsR63_zombieFatCopFeral" prob="0.311"/>
DEBUG:Adding: <entity name="DoughsR66_zombieDarleneRadiated" prob="0.28"/>
DEBUG:Adding: <entity name="DoughsR69_zombieOldTimerRadiated" prob="0.28"/>
DEBUG:Adding: <entity name="DoughsR74_zombieMoeFeral" prob="0.311"/>
DEBUG:Adding: <entity name="DoughsR75_zombieSkateboarderRadiated" prob="0.28"/>
DEBUG:ModletGen_AddZedsToEntityGroupsFile ENTITY GROUP: badassOnlyHordeStageGS954
DEBUG:Adding: <entity name="DoughsR11_zombieBoeFeral" prob="1.313"/>
DEBUG:Adding: <entity name="DoughsR12_zombieJoeFeral" prob="1.313"/>
DEBUG:Adding: <entity name="DoughsR20_zombieSoldierRadiated" prob="0.995"/>
DEBUG:Adding: <entity name="DoughsR26_zombieFatHawaiian"/>
DEBUG:Adding: <entity name="DoughsR30_zombieFatHawaiianFeral" prob="1.313"/>
DEBUG:Adding: <entity name="DoughsR34_zombieMarleneRadiated" prob="0.995"/>
DEBUG:Adding: <entity name="DoughsR3_zombieFatCopRadiated" prob="0.995"/>
DEBUG:Adding: <entity name="DoughsR57_zombieSpiderFeral" prob="1.313"/>
DEBUG:Adding: <entity name="DoughsR63_zombieFatCopFeral" prob="1.313"/>
DEBUG:Adding: <entity name="DoughsR69_zombieOldTimerRadiated" prob="0.995"/>
DEBUG:Adding: <entity name="DoughsR71_zombieNurseFeral" prob="1.313"/>
DEBUG:ModletGen_AddZedsToEntityGroupsFile ENTITY GROUP: feralHordeStageGS1
DEBUG:Adding: <entity name="DoughsR13_zombieSteve"/>
DEBUG:Adding: <entity name="DoughsR16_zombieFemaleFat" prob="0.7"/>
DEBUG:Adding: <entity name="DoughsR24_zombieNurse"/>
DEBUG:Adding: <entity name="DoughsR28_zombieMarlene"/>
DEBUG:Adding: <entity name="DoughsR29_zombieBoe"/>
DEBUG:Adding: <entity name="DoughsR31_zombieArlene"/>
DEBUG:Adding: <entity name="DoughsR35_zombieJoe"/>
DEBUG:Adding: <entity name="DoughsR41_zombieYo"/>
DEBUG:Adding: <entity name="DoughsR44_zombieBusinessMan"/>
DEBUG:Adding: <entity name="DoughsR49_zombieMoe"/>
DEBUG:Adding: <entity name="DoughsR61_zombieSkateboarder"/>
DEBUG:Adding: <entity name="DoughsR65_zombieJanitor"/>
DEBUG:ModletGen_AddZedsToEntityGroupsFile ENTITY GROUP: feralHordeStageGS10
DEBUG:Adding: <entity name="DoughsR13_zombieSteve"/>
DEBUG:Adding: <entity name="DoughsR16_zombieFemaleFat" prob="0.74"/>
DEBUG:Adding: <entity name="DoughsR28_zombieMarlene"/>
DEBUG:Adding: <entity name="DoughsR29_zombieBoe"/>
DEBUG:Adding: <entity name="DoughsR31_zombieArlene"/>
DEBUG:Adding: <entity name="DoughsR35_zombieJoe"/>
DEBUG:Adding: <entity name="DoughsR41_zombieYo"/>
DEBUG:Adding: <entity name="DoughsR44_zombieBusinessMan"/>
DEBUG:Adding: <entity name="DoughsR49_zombieMoe"/>
DEBUG:Adding: <entity name="DoughsR61_zombieSkateboarder"/>
DEBUG:Adding: <entity name="DoughsR62_zombieDarlene"/>
DEBUG:Adding: <entity name="DoughsR65_zombieJanitor"/>
DEBUG:ModletGen_AddZedsToEntityGroupsFile ENTITY GROUP: feralHordeStageGS1010
DEBUG:Adding: <entity name="DoughsR10_zombieFemaleFatFeral" prob="0.6"/>
DEBUG:Adding: <entity name="DoughsR13_zombieSteve"/>
DEBUG:Adding: <entity name="DoughsR14_zombieSoldier" prob="1"/>
DEBUG:Adding: <entity name="DoughsR16_zombieFemaleFat" prob="1"/>
DEBUG:Adding: <entity name="DoughsR22_zombieWightRadiated" prob="0.5"/>
DEBUG:Adding: <entity name="DoughsR37_zombieMarleneFeral" prob="0.7"/>
DEBUG:Adding: <entity name="DoughsR3_zombieFatCopRadiated" prob="0.5"/>
DEBUG:Adding: <entity name="DoughsR44_zombieBusinessMan"/>
DEBUG:Adding: <entity name="DoughsR48_zombieCheerleaderRadiated" prob="0.66"/>
DEBUG:Adding: <entity name="DoughsR56_zombieUtilityWorker"/>
DEBUG:Adding: <entity name="DoughsR59_zombieArleneFeral" prob="0.7"/>
DEBUG:Adding: <entity name="DoughsR62_zombieDarlene"/>
DEBUG:Adding: <entity name="DoughsR74_zombieMoeFeral" prob="0.7"/>
DEBUG:Adding: <entity name="DoughsR76_zombieDemolition" prob="0.4"/>
DEBUG:Adding: <entity name="DoughsR88_animalZombieVulture" prob="0.3"/>
DEBUG:ModletGen_AddZedsToEntityGroupsFile ENTITY GROUP: feralHordeStageGS1022
DEBUG:Adding: <entity name="DoughsR13_zombieSteve"/>
DEBUG:Adding: <entity name="DoughsR21_zombieSpiderRadiated" prob="0.6"/>
DEBUG:Adding: <entity name="DoughsR24_zombieNurse"/>
DEBUG:Adding: <entity name="DoughsR28_zombieMarlene"/>
DEBUG:Adding: <entity name="DoughsR37_zombieMarleneFeral" prob="0.7"/>
DEBUG:Adding: <entity name="DoughsR3_zombieFatCopRadiated" prob="0.5"/>
DEBUG:Adding: <entity name="DoughsR45_zombieSpider" prob="0.7"/>
DEBUG:Adding: <entity name="DoughsR55_zombieJoeRadiated" prob="0.66"/>
DEBUG:Adding: <entity name="DoughsR59_zombieArleneFeral" prob="0.7"/>
DEBUG:Adding: <entity name="DoughsR61_zombieSkateboarder"/>
DEBUG:Adding: <entity name="DoughsR65_zombieJanitor"/>
DEBUG:Adding: <entity name="DoughsR79_zombieYoFeral" prob="0.7"/>
DEBUG:Adding: <entity name="DoughsR86_zombieBikerRadiated" prob="0.6"/>
DEBUG:Adding: <entity name="DoughsR90_animalZombieVultureRadiated" prob="0.3"/>
DEBUG:ModletGen_AddZedsToEntityGroupsFile ENTITY GROUP: feralHordeStageGS103
DEBUG:Adding: <entity name="DoughsR10_zombieFemaleFatFeral" prob="0.37"/>
DEBUG:Adding: <entity name="DoughsR13_zombieSteve"/>
DEBUG:Adding: <entity name="DoughsR14_zombieSoldier" prob="0.74"/>
DEBUG:Adding: <entity name="DoughsR16_zombieFemaleFat" prob="1"/>
DEBUG:Adding: <entity name="DoughsR21_zombieSpiderRadiated" prob="0.14"/>
DEBUG:Adding: <entity name="DoughsR2_zombieBusinessManFeral" prob="0.54"/>
DEBUG:Adding: <entity name="DoughsR31_zombieArlene"/>
DEBUG:Adding: <entity name="DoughsR49_zombieMoe"/>
DEBUG:Adding: <entity name="DoughsR55_zombieJoeRadiated" prob="0.01"/>
DEBUG:Adding: <entity name="DoughsR65_zombieJanitor"/>
DEBUG:Adding: <entity name="DoughsR78_zombieSteveFeral" prob="0.61"/>
DEBUG:Adding: <entity name="DoughsR88_animalZombieVulture" prob="0.3"/>
DEBUG:ModletGen_AddZedsToEntityGroupsFile ENTITY GROUP: feralHordeStageGS1034
DEBUG:Adding: <entity name="DoughsR11_zombieBoeFeral" prob="0.7"/>
DEBUG:Adding: <entity name="DoughsR12_zombieJoeFeral" prob="0.7"/>
DEBUG:Adding: <entity name="DoughsR14_zombieSoldier" prob="1"/>
DEBUG:Adding: <entity name="DoughsR22_zombieWightRadiated" prob="0.6"/>
DEBUG:Adding: <entity name="DoughsR28_zombieMarlene"/>
DEBUG:Adding: <entity name="DoughsR32_zombieMoeRadiated" prob="0.66"/>
DEBUG:Adding: <entity name="DoughsR37_zombieMarleneFeral" prob="0.7"/>
DEBUG:Adding: <entity name="DoughsR3_zombieFatCopRadiated" prob="0.5"/>
DEBUG:Adding: <entity name="DoughsR41_zombieYo"/>
DEBUG:Adding: <entity name="DoughsR54_zombieFemaleFatRadiated" prob="0.6"/>
DEBUG:Adding: <entity name="DoughsR65_zombieJanitor"/>
DEBUG:Adding: <entity name="DoughsR75_zombieSkateboarderRadiated" prob="0.66"/>
DEBUG:Adding: <entity name="DoughsR76_zombieDemolition" prob="0.4"/>
DEBUG:Adding: <entity name="DoughsR79_zombieYoFeral" prob="0.7"/>
DEBUG:Adding: <entity name="DoughsR7_zombieWightFeral" prob="0.6"/>
DEBUG:ModletGen_AddZedsToEntityGroupsFile ENTITY GROUP: feralHordeStageGS1046
DEBUG:Adding: <entity name="DoughsR12_zombieJoeFeral" prob="0.7"/>
DEBUG:Adding: <entity name="DoughsR16_zombieFemaleFat" prob="1"/>
DEBUG:Adding: <entity name="DoughsR22_zombieWightRadiated" prob="0.6"/>
DEBUG:Adding: <entity name="DoughsR35_zombieJoe"/>
DEBUG:Adding: <entity name="DoughsR3_zombieFatCopRadiated" prob="0.5"/>
DEBUG:Adding: <entity name="DoughsR3_zombieFatCopRadiated" prob="0.5"/>
DEBUG:Adding: <entity name="DoughsR44_zombieBusinessMan"/>
DEBUG:Adding: <entity name="DoughsR50_zombieBoeRadiated" prob="0.66"/>
DEBUG:Adding: <entity name="DoughsR53_zombieJanitorFeral" prob="0.7"/>
DEBUG:Adding: <entity name="DoughsR63_zombieFatCopFeral" prob="0.6"/>
DEBUG:Adding: <entity name="DoughsR69_zombieOldTimerRadiated" prob="0.66"/>
DEBUG:Adding: <entity name="DoughsR76_zombieDemolition" prob="0.6"/>
DEBUG:Adding: <entity name="DoughsR79_zombieYoFeral" prob="0.7"/>
DEBUG:Adding: <entity name="DoughsR90_animalZombieVultureRadiated" prob="0.3"/>
DEBUG:ModletGen_AddZedsToEntityGroupsFile ENTITY GROUP: feralHordeStageGS1058
DEBUG:Adding: <entity name="DoughsR10_zombieFemaleFatFeral" prob="0.6"/>
DEBUG:Adding: <entity name="DoughsR16_zombieFemaleFat" prob="1"/>
DEBUG:Adding: <entity name="DoughsR22_zombieWightRadiated" prob="0.6"/>
DEBUG:Adding: <entity name="DoughsR24_zombieNurse"/>
DEBUG:Adding: <entity name="DoughsR32_zombieMoeRadiated" prob="0.66"/>
DEBUG:Adding: <entity name="DoughsR35_zombieJoe"/>
DEBUG:Adding: <entity name="DoughsR36_zombieYoRadiated" prob="0.66"/>
DEBUG:Adding: <entity name="DoughsR3_zombieFatCopRadiated" prob="0.5"/>
DEBUG:Adding: <entity name="DoughsR44_zombieBusinessMan"/>
DEBUG:Adding: <entity name="DoughsR61_zombieSkateboarder"/>
DEBUG:Adding: <entity name="DoughsR63_zombieFatCopFeral" prob="0.6"/>
DEBUG:Adding: <entity name="DoughsR75_zombieSkateboarderRadiated" prob="0.66"/>
DEBUG:Adding: <entity name="DoughsR7_zombieWightFeral" prob="0.6"/>
DEBUG:Adding: <entity name="DoughsR86_zombieBikerRadiated" prob="0.6"/>
DEBUG:Adding: <entity name="DoughsR88_animalZombieVulture" prob="0.3"/>
DEBUG:ModletGen_AddZedsToEntityGroupsFile ENTITY GROUP: feralHordeStageGS1070
DEBUG:Adding: <entity name="DoughsR10_zombieFemaleFatFeral" prob="0.6"/>
DEBUG:Adding: <entity name="DoughsR16_zombieFemaleFat" prob="1"/>
DEBUG:Adding: <entity name="DoughsR20_zombieSoldierRadiated" prob="0.5"/>
DEBUG:Adding: <entity name="DoughsR27_zombieFatCop" prob="0.7"/>
DEBUG:Adding: <entity name="DoughsR32_zombieMoeRadiated" prob="0.66"/>
DEBUG:Adding: <entity name="DoughsR36_zombieYoRadiated" prob="0.66"/>
DEBUG:Adding: <entity name="DoughsR3_zombieFatCopRadiated" prob="0.5"/>
DEBUG:Adding: <entity name="DoughsR44_zombieBusinessMan"/>
DEBUG:Adding: <entity name="DoughsR49_zombieMoe"/>
DEBUG:Adding: <entity name="DoughsR50_zombieBoeRadiated" prob="0.66"/>
DEBUG:Adding: <entity name="DoughsR51_zombieDarleneFeral" prob="0.7"/>
DEBUG:Adding: <entity name="DoughsR71_zombieNurseFeral" prob="0.7"/>
DEBUG:Adding: <entity name="DoughsR76_zombieDemolition" prob="0.4"/>
DEBUG:Adding: <entity name="DoughsR81_zombieSteveRadiated" prob="0.66"/>
DEBUG:Adding: <entity name="DoughsR8_zombieArleneRadiated" prob="0.66"/>
DEBUG:ModletGen_AddZedsToEntityGroupsFile ENTITY GROUP: feralHordeStageGS1082
DEBUG:Adding: <entity name="DoughsR10_zombieFemaleFatFeral" prob="0.6"/>
DEBUG:Adding: <entity name="DoughsR11_zombieBoeFeral" prob="0.7"/>
DEBUG:Adding: <entity name="DoughsR12_zombieJoeFeral" prob="0.7"/>
DEBUG:Adding: <entity name="DoughsR22_zombieWightRadiated" prob="0.6"/>
DEBUG:Adding: <entity name="DoughsR37_zombieMarleneFeral" prob="0.7"/>
DEBUG:Adding: <entity name="DoughsR49_zombieMoe"/>
DEBUG:Adding: <entity name="DoughsR50_zombieBoeRadiated" prob="0.66"/>
DEBUG:Adding: <entity name="DoughsR53_zombieJanitorFeral" prob="0.7"/>
DEBUG:Adding: <entity name="DoughsR56_zombieUtilityWorker"/>
DEBUG:Adding: <entity name="DoughsR58_zombieJanitorRadiated" prob="0.66"/>
DEBUG:Adding: <entity name="DoughsR59_zombieArleneFeral" prob="0.7"/>
DEBUG:Adding: <entity name="DoughsR66_zombieDarleneRadiated" prob="0.66"/>
DEBUG:Adding: <entity name="DoughsR69_zombieOldTimerRadiated" prob="0.66"/>
DEBUG:Adding: <entity name="DoughsR71_zombieNurseFeral" prob="0.7"/>
DEBUG:Adding: <entity name="DoughsR81_zombieSteveRadiated" prob="0.66"/>
DEBUG:ModletGen_AddZedsToEntityGroupsFile ENTITY GROUP: feralHordeStageGS109
DEBUG:Adding: <entity name="DoughsR12_zombieJoeFeral" prob="0.55"/>
DEBUG:Adding: <entity name="DoughsR16_zombieFemaleFat" prob="1"/>
DEBUG:Adding: <entity name="DoughsR21_zombieSpiderRadiated" prob="0.19"/>
DEBUG:Adding: <entity name="DoughsR28_zombieMarlene"/>
DEBUG:Adding: <entity name="DoughsR2_zombieBusinessManFeral" prob="0.59"/>
DEBUG:Adding: <entity name="DoughsR50_zombieBoeRadiated" prob="0.14"/>
DEBUG:Adding: <entity name="DoughsR54_zombieFemaleFatRadiated" prob="0.09"/>
DEBUG:Adding: <entity name="DoughsR57_zombieSpiderFeral" prob="0.4"/>
DEBUG:Adding: <entity name="DoughsR58_zombieJanitorRadiated" prob="0.07"/>
DEBUG:Adding: <entity name="DoughsR62_zombieDarlene"/>
DEBUG:Adding: <entity name="DoughsR65_zombieJanitor"/>
DEBUG:Adding: <entity name="DoughsR74_zombieMoeFeral" prob="0.44"/>
DEBUG:ModletGen_AddZedsToEntityGroupsFile ENTITY GROUP: feralHordeStageGS1094
DEBUG:Adding: <entity name="DoughsR13_zombieSteve"/>
DEBUG:Adding: <entity name="DoughsR14_zombieSoldier" prob="1"/>
DEBUG:Adding: <entity name="DoughsR28_zombieMarlene"/>
DEBUG:Adding: <entity name="DoughsR34_zombieMarleneRadiated" prob="0.66"/>
DEBUG:Adding: <entity name="DoughsR3_zombieFatCopRadiated" prob="0.5"/>
DEBUG:Adding: <entity name="DoughsR49_zombieMoe"/>
DEBUG:Adding: <entity name="DoughsR50_zombieBoeRadiated" prob="0.66"/>
DEBUG:Adding: <entity name="DoughsR57_zombieSpiderFeral" prob="0.5"/>
DEBUG:Adding: <entity name="DoughsR58_zombieJanitorRadiated" prob="0.66"/>
DEBUG:Adding: <entity name="DoughsR76_zombieDemolition" prob="0.4"/>
DEBUG:Adding: <entity name="DoughsR78_zombieSteveFeral" prob="0.7"/>
DEBUG:Adding: <entity name="DoughsR79_zombieYoFeral" prob="0.7"/>
DEBUG:Adding: <entity name="DoughsR88_animalZombieVulture" prob="0.3"/>
DEBUG:Adding: <entity name="DoughsR90_animalZombieVultureRadiated" prob="0.3"/>
DEBUG:Adding: <entity name="DoughsR98_animalZombieDog"/>
DEBUG:ModletGen_AddZedsToEntityGroupsFile ENTITY GROUP: feralHordeStageGS1106
DEBUG:Adding: <entity name="DoughsR12_zombieJoeFeral" prob="0.7"/>
DEBUG:Adding: <entity name="DoughsR13_zombieSteve"/>
DEBUG:Adding: <entity name="DoughsR21_zombieSpiderRadiated" prob="0.6"/>
DEBUG:Adding: <entity name="DoughsR27_zombieFatCop" prob="0.7"/>
DEBUG:Adding: <entity name="DoughsR31_zombieArlene"/>
DEBUG:Adding: <entity name="DoughsR35_zombieJoe"/>
DEBUG:Adding: <entity name="DoughsR39_zombieSkateboarderFeral" prob="0.7"/>
DEBUG:Adding: <entity name="DoughsR41_zombieYo"/>
DEBUG:Adding: <entity name="DoughsR45_zombieSpider" prob="0.7"/>
DEBUG:Adding: <entity name="DoughsR57_zombieSpiderFeral" prob="0.5"/>
DEBUG:Adding: <entity name="DoughsR61_zombieSkateboarder"/>
DEBUG:Adding: <entity name="DoughsR75_zombieSkateboarderRadiated" prob="0.66"/>
DEBUG:Adding: <entity name="DoughsR81_zombieSteveRadiated" prob="0.66"/>
DEBUG:Adding: <entity name="DoughsR88_animalZombieVulture" prob="0.3"/>
DEBUG:Adding: <entity name="DoughsR90_animalZombieVultureRadiated" prob="0.3"/>
DEBUG:ModletGen_AddZedsToEntityGroupsFile ENTITY GROUP: feralHordeStageGS1119
DEBUG:Adding: <entity name="DoughsR12_zombieJoeFeral" prob="0.7"/>
DEBUG:Adding: <entity name="DoughsR24_zombieNurse"/>
DEBUG:Adding: <entity name="DoughsR34_zombieMarleneRadiated" prob="0.66"/>
DEBUG:Adding: <entity name="DoughsR3_zombieFatCopRadiated" prob="0.5"/>
DEBUG:Adding: <entity name="DoughsR41_zombieYo"/>
DEBUG:Adding: <entity name="DoughsR48_zombieCheerleaderRadiated" prob="0.66"/>
DEBUG:Adding: <entity name="DoughsR56_zombieUtilityWorker"/>
DEBUG:Adding: <entity name="DoughsR58_zombieJanitorRadiated" prob="0.66"/>
DEBUG:Adding: <entity name="DoughsR62_zombieDarlene"/>
DEBUG:Adding: <entity name="DoughsR63_zombieFatCopFeral" prob="0.6"/>
DEBUG:Adding: <entity name="DoughsR65_zombieJanitor"/>
DEBUG:Adding: <entity name="DoughsR76_zombieDemolition" prob="0.4"/>
DEBUG:Adding: <entity name="DoughsR86_zombieBikerRadiated" prob="0.6"/>
DEBUG:Adding: <entity name="DoughsR90_animalZombieVultureRadiated" prob="0.3"/>
DEBUG:Adding: <entity name="DoughsR98_animalZombieDog"/>
DEBUG:ModletGen_AddZedsToEntityGroupsFile ENTITY GROUP: feralHordeStageGS1131
DEBUG:Adding: <entity name="DoughsR10_zombieFemaleFatFeral" prob="0.6"/>
DEBUG:Adding: <entity name="DoughsR16_zombieFemaleFat" prob="1"/>
DEBUG:Adding: <entity name="DoughsR20_zombieSoldierRadiated" prob="0.5"/>
DEBUG:Adding: <entity name="DoughsR31_zombieArlene"/>
DEBUG:Adding: <entity name="DoughsR35_zombieJoe"/>
DEBUG:Adding: <entity name="DoughsR3_zombieFatCopRadiated" prob="0.5"/>
DEBUG:Adding: <entity name="DoughsR52_zombieUtilityWorkerFeral" prob="0.7"/>
DEBUG:Adding: <entity name="DoughsR56_zombieUtilityWorker"/>
DEBUG:Adding: <entity name="DoughsR57_zombieSpiderFeral" prob="0.5"/>
DEBUG:Adding: <entity name="DoughsR59_zombieArleneFeral" prob="0.7"/>
DEBUG:Adding: <entity name="DoughsR63_zombieFatCopFeral" prob="0.6"/>
DEBUG:Adding: <entity name="DoughsR69_zombieOldTimerRadiated" prob="0.66"/>
DEBUG:Adding: <entity name="DoughsR71_zombieNurseFeral" prob="0.7"/>
DEBUG:Adding: <entity name="DoughsR76_zombieDemolition" prob="0.4"/>
DEBUG:Adding: <entity name="DoughsR76_zombieDemolition" prob="0.4"/>
DEBUG:ModletGen_AddZedsToEntityGroupsFile ENTITY GROUP: feralHordeStageGS1143
DEBUG:Adding: <entity name="DoughsR12_zombieJoeFeral" prob="0.7"/>
DEBUG:Adding: <entity name="DoughsR16_zombieFemaleFat" prob="1"/>
DEBUG:Adding: <entity name="DoughsR20_zombieSoldierRadiated" prob="0.5"/>
DEBUG:Adding: <entity name="DoughsR21_zombieSpiderRadiated" prob="0.6"/>
DEBUG:Adding: <entity name="DoughsR22_zombieWightRadiated" prob="0.5"/>
DEBUG:Adding: <entity name="DoughsR27_zombieFatCop" prob="0.7"/>
DEBUG:Adding: <entity name="DoughsR28_zombieMarlene"/>
DEBUG:Adding: <entity name="DoughsR71_zombieNurseFeral" prob="0.7"/>
DEBUG:Adding: <entity name="DoughsR75_zombieSkateboarderRadiated" prob="0.66"/>
DEBUG:Adding: <entity name="DoughsR78_zombieSteveFeral" prob="0.7"/>
DEBUG:Adding: <entity name="DoughsR79_zombieYoFeral" prob="0.7"/>
DEBUG:Adding: <entity name="DoughsR7_zombieWightFeral" prob="0.6"/>
DEBUG:Adding: <entity name="DoughsR81_zombieSteveRadiated" prob="0.66"/>
DEBUG:Adding: <entity name="DoughsR86_zombieBikerRadiated" prob="0.6"/>
DEBUG:Adding: <entity name="DoughsR88_animalZombieVulture" prob="0.3"/>
DEBUG:ModletGen_AddZedsToEntityGroupsFile ENTITY GROUP: feralHordeStageGS115
DEBUG:Adding: <entity name="DoughsR11_zombieBoeFeral" prob="0.54"/>
DEBUG:Adding: <entity name="DoughsR12_zombieJoeFeral" prob="0.59"/>
DEBUG:Adding: <entity name="DoughsR32_zombieMoeRadiated" prob="0.09"/>
DEBUG:Adding: <entity name="DoughsR39_zombieSkateboarderFeral" prob="0.61"/>
DEBUG:Adding: <entity name="DoughsR41_zombieYo"/>
DEBUG:Adding: <entity name="DoughsR45_zombieSpider" prob="0.7"/>
DEBUG:Adding: <entity name="DoughsR50_zombieBoeRadiated" prob="0.19"/>
DEBUG:Adding: <entity name="DoughsR54_zombieFemaleFatRadiated" prob="0.14"/>
DEBUG:Adding: <entity name="DoughsR56_zombieUtilityWorker"/>
DEBUG:Adding: <entity name="DoughsR57_zombieSpiderFeral" prob="0.43"/>
DEBUG:Adding: <entity name="DoughsR71_zombieNurseFeral" prob="0.68"/>
DEBUG:Adding: <entity name="DoughsR7_zombieWightFeral" prob="0.4"/>
DEBUG:ModletGen_AddZedsToEntityGroupsFile ENTITY GROUP: feralHordeStageGS1156
DEBUG:Adding: <entity name="DoughsR12_zombieJoeFeral" prob="0.7"/>
DEBUG:Adding: <entity name="DoughsR24_zombieNurse"/>
DEBUG:Adding: <entity name="DoughsR27_zombieFatCop" prob="0.7"/>
DEBUG:Adding: <entity name="DoughsR28_zombieMarlene"/>
DEBUG:Adding: <entity name="DoughsR36_zombieYoRadiated" prob="0.66"/>
DEBUG:Adding: <entity name="DoughsR44_zombieBusinessMan"/>
DEBUG:Adding: <entity name="DoughsR49_zombieMoe"/>
DEBUG:Adding: <entity name="DoughsR51_zombieDarleneFeral" prob="0.7"/>
DEBUG:Adding: <entity name="DoughsR54_zombieFemaleFatRadiated" prob="0.6"/>
DEBUG:Adding: <entity name="DoughsR55_zombieJoeRadiated" prob="0.66"/>
DEBUG:Adding: <entity name="DoughsR57_zombieSpiderFeral" prob="0.5"/>
DEBUG:Adding: <entity name="DoughsR71_zombieNurseFeral" prob="0.7"/>
DEBUG:Adding: <entity name="DoughsR7_zombieWightFeral" prob="0.6"/>
DEBUG:Adding: <entity name="DoughsR81_zombieSteveRadiated" prob="0.66"/>
DEBUG:Adding: <entity name="DoughsR86_zombieBikerRadiated" prob="0.6"/>
DEBUG:ModletGen_AddZedsToEntityGroupsFile ENTITY GROUP: feralHordeStageGS1168
DEBUG:Adding: <entity name="DoughsR22_zombieWightRadiated" prob="0.6"/>
DEBUG:Adding: <entity name="DoughsR2_zombieBusinessManFeral" prob="0.7"/>
DEBUG:Adding: <entity name="DoughsR31_zombieArlene"/>
DEBUG:Adding: <entity name="DoughsR34_zombieMarleneRadiated" prob="0.66"/>
DEBUG:Adding: <entity name="DoughsR39_zombieSkateboarderFeral" prob="0.7"/>
DEBUG:Adding: <entity name="DoughsR45_zombieSpider" prob="0.7"/>
DEBUG:Adding: <entity name="DoughsR51_zombieDarleneFeral" prob="0.7"/>
DEBUG:Adding: <entity name="DoughsR52_zombieUtilityWorkerFeral" prob="0.7"/>
DEBUG:Adding: <entity name="DoughsR54_zombieFemaleFatRadiated" prob="0.6"/>
DEBUG:Adding: <entity name="DoughsR55_zombieJoeRadiated" prob="0.66"/>
DEBUG:Adding: <entity name="DoughsR63_zombieFatCopFeral" prob="0.6"/>
DEBUG:Adding: <entity name="DoughsR75_zombieSkateboarderRadiated" prob="0.66"/>
DEBUG:Adding: <entity name="DoughsR76_zombieDemolition" prob="0.4"/>
DEBUG:Adding: <entity name="DoughsR81_zombieSteveRadiated" prob="0.66"/>
DEBUG:Adding: <entity name="DoughsR98_animalZombieDog"/>
DEBUG:ModletGen_AddZedsToEntityGroupsFile ENTITY GROUP: feralHordeStageGS1181
DEBUG:Adding: <entity name="DoughsR13_zombieSteve"/>
DEBUG:Adding: <entity name="DoughsR27_zombieFatCop" prob="0.7"/>
DEBUG:Adding: <entity name="DoughsR36_zombieYoRadiated" prob="0.66"/>
DEBUG:Adding: <entity name="DoughsR39_zombieSkateboarderFeral" prob="0.7"/>
DEBUG:Adding: <entity name="DoughsR41_zombieYo"/>
DEBUG:Adding: <entity name="DoughsR50_zombieBoeRadiated" prob="0.66"/>
DEBUG:Adding: <entity name="DoughsR52_zombieUtilityWorkerFeral" prob="0.7"/>
DEBUG:Adding: <entity name="DoughsR55_zombieJoeRadiated" prob="0.66"/>
DEBUG:Adding: <entity name="DoughsR58_zombieJanitorRadiated" prob="0.66"/>
DEBUG:Adding: <entity name="DoughsR59_zombieArleneFeral" prob="0.7"/>
DEBUG:Adding: <entity name="DoughsR71_zombieNurseFeral" prob="0.7"/>
DEBUG:Adding: <entity name="DoughsR78_zombieSteveFeral" prob="0.7"/>
DEBUG:Adding: <entity name="DoughsR7_zombieWightFeral" prob="0.6"/>
DEBUG:Adding: <entity name="DoughsR86_zombieBikerRadiated" prob="0.6"/>
DEBUG:Adding: <entity name="DoughsR8_zombieArleneRadiated" prob="0.66"/>
DEBUG:ModletGen_AddZedsToEntityGroupsFile ENTITY GROUP: feralHordeStageGS1193
DEBUG:Adding: <entity name="DoughsR13_zombieSteve"/>
DEBUG:Adding: <entity name="DoughsR16_zombieFemaleFat" prob="1"/>
DEBUG:Adding: <entity name="DoughsR22_zombieWightRadiated" prob="0.6"/>
DEBUG:Adding: <entity name="DoughsR24_zombieNurse"/>
DEBUG:Adding: <entity name="DoughsR2_zombieBusinessManFeral" prob="0.7"/>
DEBUG:Adding: <entity name="DoughsR32_zombieMoeRadiated" prob="0.66"/>
DEBUG:Adding: <entity name="DoughsR45_zombieSpider" prob="0.7"/>
DEBUG:Adding: <entity name="DoughsR48_zombieCheerleaderRadiated" prob="0.66"/>
DEBUG:Adding: <entity name="DoughsR49_zombieMoe"/>
DEBUG:Adding: <entity name="DoughsR51_zombieDarleneFeral" prob="0.7"/>
DEBUG:Adding: <entity name="DoughsR52_zombieUtilityWorkerFeral" prob="0.7"/>
DEBUG:Adding: <entity name="DoughsR63_zombieFatCopFeral" prob="0.6"/>
DEBUG:Adding: <entity name="DoughsR76_zombieDemolition" prob="0.4"/>
DEBUG:Adding: <entity name="DoughsR79_zombieYoFeral" prob="0.7"/>
DEBUG:Adding: <entity name="DoughsR7_zombieWightFeral" prob="0.6"/>
DEBUG:ModletGen_AddZedsToEntityGroupsFile ENTITY GROUP: feralHordeStageGS1206
DEBUG:Adding: <entity name="DoughsR10_zombieFemaleFatFeral" prob="0.6"/>
DEBUG:Adding: <entity name="DoughsR12_zombieJoeFeral" prob="0.7"/>
DEBUG:Adding: <entity name="DoughsR13_zombieSteve"/>
DEBUG:Adding: <entity name="DoughsR14_zombieSoldier" prob="1"/>
DEBUG:Adding: <entity name="DoughsR20_zombieSoldierRadiated" prob="0.5"/>
DEBUG:Adding: <entity name="DoughsR2_zombieBusinessManFeral" prob="0.7"/>
DEBUG:Adding: <entity name="DoughsR31_zombieArlene"/>
DEBUG:Adding: <entity name="DoughsR36_zombieYoRadiated" prob="0.66"/>
DEBUG:Adding: <entity name="DoughsR54_zombieFemaleFatRadiated" prob="0.6"/>
DEBUG:Adding: <entity name="DoughsR62_zombieDarlene"/>
DEBUG:Adding: <entity name="DoughsR78_zombieSteveFeral" prob="0.7"/>
DEBUG:Adding: <entity name="DoughsR86_zombieBikerRadiated" prob="0.6"/>
DEBUG:Adding: <entity name="DoughsR88_animalZombieVulture" prob="0.3"/>
DEBUG:Adding: <entity name="DoughsR90_animalZombieVultureRadiated" prob="0.3"/>
DEBUG:ModletGen_AddZedsToEntityGroupsFile ENTITY GROUP: feralHordeStageGS121
DEBUG:Adding: <entity name="DoughsR29_zombieBoe"/>
DEBUG:Adding: <entity name="DoughsR2_zombieBusinessManFeral" prob="0.67"/>
DEBUG:Adding: <entity name="DoughsR32_zombieMoeRadiated" prob="0.14"/>
DEBUG:Adding: <entity name="DoughsR44_zombieBusinessMan"/>
DEBUG:Adding: <entity name="DoughsR45_zombieSpider" prob="0.7"/>
DEBUG:Adding: <entity name="DoughsR49_zombieMoe"/>
DEBUG:Adding: <entity name="DoughsR50_zombieBoeRadiated" prob="0.25"/>
DEBUG:Adding: <entity name="DoughsR58_zombieJanitorRadiated" prob="0.18"/>
DEBUG:Adding: <entity name="DoughsR62_zombieDarlene"/>
DEBUG:Adding: <entity name="DoughsR66_zombieDarleneRadiated" prob="0.07"/>
DEBUG:Adding: <entity name="DoughsR78_zombieSteveFeral" prob="0.7"/>
DEBUG:Adding: <entity name="DoughsR79_zombieYoFeral" prob="0.7"/>
DEBUG:ModletGen_AddZedsToEntityGroupsFile ENTITY GROUP: feralHordeStageGS1218
DEBUG:Adding: <entity name="DoughsR14_zombieSoldier" prob="1"/>
DEBUG:Adding: <entity name="DoughsR20_zombieSoldierRadiated" prob="0.5"/>
DEBUG:Adding: <entity name="DoughsR35_zombieJoe"/>
DEBUG:Adding: <entity name="DoughsR36_zombieYoRadiated" prob="0.66"/>
DEBUG:Adding: <entity name="DoughsR41_zombieYo"/>
DEBUG:Adding: <entity name="DoughsR44_zombieBusinessMan"/>
DEBUG:Adding: <entity name="DoughsR48_zombieCheerleaderRadiated" prob="0.66"/>
DEBUG:Adding: <entity name="DoughsR50_zombieBoeRadiated" prob="0.66"/>
DEBUG:Adding: <entity name="DoughsR63_zombieFatCopFeral" prob="0.6"/>
DEBUG:Adding: <entity name="DoughsR65_zombieJanitor"/>
DEBUG:Adding: <entity name="DoughsR76_zombieDemolition" prob="0.4"/>
DEBUG:Adding: <entity name="DoughsR7_zombieWightFeral" prob="0.6"/>
DEBUG:Adding: <entity name="DoughsR81_zombieSteveRadiated" prob="0.66"/>
DEBUG:Adding: <entity name="DoughsR86_zombieBikerRadiated" prob="0.6"/>
DEBUG:Adding: <entity name="DoughsR88_animalZombieVulture" prob="0.3"/>
DEBUG:ModletGen_AddZedsToEntityGroupsFile ENTITY GROUP: feralHordeStageGS1231
DEBUG:Adding: <entity name="DoughsR10_zombieFemaleFatFeral" prob="0.6"/>
DEBUG:Adding: <entity name="DoughsR20_zombieSoldierRadiated" prob="0.5"/>
DEBUG:Adding: <entity name="DoughsR27_zombieFatCop" prob="0.7"/>
DEBUG:Adding: <entity name="DoughsR29_zombieBoe"/>
DEBUG:Adding: <entity name="DoughsR32_zombieMoeRadiated" prob="0.66"/>
DEBUG:Adding: <entity name="DoughsR35_zombieJoe"/>
DEBUG:Adding: <entity name="DoughsR37_zombieMarleneFeral" prob="0.7"/>
DEBUG:Adding: <entity name="DoughsR41_zombieYo"/>
DEBUG:Adding: <entity name="DoughsR53_zombieJanitorFeral" prob="0.7"/>
DEBUG:Adding: <entity name="DoughsR55_zombieJoeRadiated" prob="0.66"/>
DEBUG:Adding: <entity name="DoughsR65_zombieJanitor"/>
DEBUG:Adding: <entity name="DoughsR69_zombieOldTimerRadiated" prob="0.66"/>
DEBUG:Adding: <entity name="DoughsR74_zombieMoeFeral" prob="0.7"/>
DEBUG:Adding: <entity name="DoughsR76_zombieDemolition" prob="0.4"/>
DEBUG:Adding: <entity name="DoughsR86_zombieBikerRadiated" prob="0.6"/>
DEBUG:ModletGen_AddZedsToEntityGroupsFile ENTITY GROUP: feralHordeStageGS1244
DEBUG:Adding: <entity name="DoughsR11_zombieBoeFeral" prob="0.7"/>
DEBUG:Adding: <entity name="DoughsR12_zombieJoeFeral" prob="0.7"/>
DEBUG:Adding: <entity name="DoughsR14_zombieSoldier" prob="1"/>
DEBUG:Adding: <entity name="DoughsR16_zombieFemaleFat" prob="1"/>
DEBUG:Adding: <entity name="DoughsR24_zombieNurse"/>
DEBUG:Adding: <entity name="DoughsR36_zombieYoRadiated" prob="0.66"/>
DEBUG:Adding: <entity name="DoughsR44_zombieBusinessMan"/>
DEBUG:Adding: <entity name="DoughsR48_zombieCheerleaderRadiated" prob="0.66"/>
DEBUG:Adding: <entity name="DoughsR53_zombieJanitorFeral" prob="0.7"/>
DEBUG:Adding: <entity name="DoughsR55_zombieJoeRadiated" prob="0.66"/>
DEBUG:Adding: <entity name="DoughsR74_zombieMoeFeral" prob="0.7"/>
DEBUG:Adding: <entity name="DoughsR79_zombieYoFeral" prob="0.7"/>
DEBUG:Adding: <entity name="DoughsR86_zombieBikerRadiated" prob="0.6"/>
DEBUG:Adding: <entity name="DoughsR88_animalZombieVulture" prob="0.3"/>
DEBUG:Adding: <entity name="DoughsR90_animalZombieVultureRadiated" prob="0.3"/>
DEBUG:ModletGen_AddZedsToEntityGroupsFile ENTITY GROUP: feralHordeStageGS1256
DEBUG:Adding: <entity name="DoughsR10_zombieFemaleFatFeral" prob="0.6"/>
DEBUG:Adding: <entity name="DoughsR12_zombieJoeFeral" prob="0.7"/>
DEBUG:Adding: <entity name="DoughsR21_zombieSpiderRadiated" prob="0.6"/>
DEBUG:Adding: <entity name="DoughsR22_zombieWightRadiated" prob="0.6"/>
DEBUG:Adding: <entity name="DoughsR24_zombieNurse"/>
DEBUG:Adding: <entity name="DoughsR29_zombieBoe"/>
DEBUG:Adding: <entity name="DoughsR36_zombieYoRadiated" prob="0.66"/>
DEBUG:Adding: <entity name="DoughsR39_zombieSkateboarderFeral" prob="0.7"/>
DEBUG:Adding: <entity name="DoughsR50_zombieBoeRadiated" prob="0.66"/>
DEBUG:Adding: <entity name="DoughsR57_zombieSpiderFeral" prob="0.5"/>
DEBUG:Adding: <entity name="DoughsR59_zombieArleneFeral" prob="0.7"/>
DEBUG:Adding: <entity name="DoughsR61_zombieSkateboarder"/>
DEBUG:Adding: <entity name="DoughsR65_zombieJanitor"/>
DEBUG:Adding: <entity name="DoughsR66_zombieDarleneRadiated" prob="0.66"/>
DEBUG:Adding: <entity name="DoughsR81_zombieSteveRadiated" prob="0.66"/>
DEBUG:ModletGen_AddZedsToEntityGroupsFile ENTITY GROUP: feralHordeStageGS1269
DEBUG:Adding: <entity name="DoughsR10_zombieFemaleFatFeral" prob="0.6"/>
DEBUG:Adding: <entity name="DoughsR20_zombieSoldierRadiated" prob="0.5"/>
DEBUG:Adding: <entity name="DoughsR21_zombieSpiderRadiated" prob="0.6"/>
DEBUG:Adding: <entity name="DoughsR27_zombieFatCop" prob="0.7"/>
DEBUG:Adding: <entity name="DoughsR28_zombieMarlene"/>
DEBUG:Adding: <entity name="DoughsR48_zombieCheerleaderRadiated" prob="0.66"/>
DEBUG:Adding: <entity name="DoughsR49_zombieMoe"/>
DEBUG:Adding: <entity name="DoughsR52_zombieUtilityWorkerFeral" prob="0.7"/>
DEBUG:Adding: <entity name="DoughsR55_zombieJoeRadiated" prob="0.66"/>
DEBUG:Adding: <entity name="DoughsR57_zombieSpiderFeral" prob="0.5"/>
DEBUG:Adding: <entity name="DoughsR62_zombieDarlene"/>
DEBUG:Adding: <entity name="DoughsR71_zombieNurseFeral" prob="0.7"/>
DEBUG:Adding: <entity name="DoughsR76_zombieDemolition" prob="0.4"/>
DEBUG:Adding: <entity name="DoughsR8_zombieArleneRadiated" prob="0.66"/>
DEBUG:Adding: <entity name="DoughsR90_animalZombieVultureRadiated" prob="0.3"/>
DEBUG:ModletGen_AddZedsToEntityGroupsFile ENTITY GROUP: feralHordeStageGS127
DEBUG:Adding: <entity name="DoughsR28_zombieMarlene"/>
DEBUG:Adding: <entity name="DoughsR31_zombieArlene"/>
DEBUG:Adding: <entity name="DoughsR34_zombieMarleneRadiated" prob="0.09"/>
DEBUG:Adding: <entity name="DoughsR35_zombieJoe"/>
DEBUG:Adding: <entity name="DoughsR41_zombieYo"/>
DEBUG:Adding: <entity name="DoughsR44_zombieBusinessMan"/>
DEBUG:Adding: <entity name="DoughsR45_zombieSpider" prob="0.7"/>
DEBUG:Adding: <entity name="DoughsR50_zombieBoeRadiated" prob="0.31"/>
DEBUG:Adding: <entity name="DoughsR52_zombieUtilityWorkerFeral" prob="0.7"/>
DEBUG:Adding: <entity name="DoughsR62_zombieDarlene"/>
DEBUG:Adding: <entity name="DoughsR74_zombieMoeFeral" prob="0.57"/>
DEBUG:Adding: <entity name="DoughsR90_animalZombieVultureRadiated" prob="0.27"/>
DEBUG:ModletGen_AddZedsToEntityGroupsFile ENTITY GROUP: feralHordeStageGS1282
DEBUG:Adding: <entity name="DoughsR20_zombieSoldierRadiated" prob="0.5"/>
DEBUG:Adding: <entity name="DoughsR21_zombieSpiderRadiated" prob="0.6"/>
DEBUG:Adding: <entity name="DoughsR24_zombieNurse"/>
DEBUG:Adding: <entity name="DoughsR34_zombieMarleneRadiated" prob="0.66"/>
DEBUG:Adding: <entity name="DoughsR39_zombieSkateboarderFeral" prob="0.7"/>
DEBUG:Adding: <entity name="DoughsR44_zombieBusinessMan"/>
DEBUG:Adding: <entity name="DoughsR45_zombieSpider" prob="0.7"/>
DEBUG:Adding: <entity name="DoughsR49_zombieMoe"/>
DEBUG:Adding: <entity name="DoughsR54_zombieFemaleFatRadiated" prob="0.6"/>
DEBUG:Adding: <entity name="DoughsR56_zombieUtilityWorker"/>
DEBUG:Adding: <entity name="DoughsR63_zombieFatCopFeral" prob="0.6"/>
DEBUG:Adding: <entity name="DoughsR69_zombieOldTimerRadiated" prob="0.66"/>
DEBUG:Adding: <entity name="DoughsR75_zombieSkateboarderRadiated" prob="0.66"/>
DEBUG:Adding: <entity name="DoughsR76_zombieDemolition" prob="0.4"/>
DEBUG:Adding: <entity name="DoughsR86_zombieBikerRadiated" prob="0.6"/>
DEBUG:ModletGen_AddZedsToEntityGroupsFile ENTITY GROUP: feralHordeStageGS1295
DEBUG:Adding: <entity name="DoughsR12_zombieJoeFeral" prob="0.7"/>
DEBUG:Adding: <entity name="DoughsR20_zombieSoldierRadiated" prob="0.5"/>
DEBUG:Adding: <entity name="DoughsR21_zombieSpiderRadiated" prob="0.6"/>
DEBUG:Adding: <entity name="DoughsR2_zombieBusinessManFeral" prob="0.7"/>
DEBUG:Adding: <entity name="DoughsR37_zombieMarleneFeral" prob="0.7"/>
DEBUG:Adding: <entity name="DoughsR3_zombieFatCopRadiated" prob="0.5"/>
DEBUG:Adding: <entity name="DoughsR41_zombieYo"/>
DEBUG:Adding: <entity name="DoughsR44_zombieBusinessMan"/>
DEBUG:Adding: <entity name="DoughsR54_zombieFemaleFatRadiated" prob="0.6"/>
DEBUG:Adding: <entity name="DoughsR59_zombieArleneFeral" prob="0.7"/>
DEBUG:Adding: <entity name="DoughsR66_zombieDarleneRadiated" prob="0.66"/>
DEBUG:Adding: <entity name="DoughsR71_zombieNurseFeral" prob="0.7"/>
DEBUG:Adding: <entity name="DoughsR75_zombieSkateboarderRadiated" prob="0.66"/>
DEBUG:Adding: <entity name="DoughsR78_zombieSteveFeral" prob="0.7"/>
DEBUG:Adding: <entity name="DoughsR8_zombieArleneRadiated" prob="0.66"/>
DEBUG:ModletGen_AddZedsToEntityGroupsFile ENTITY GROUP: feralHordeStageGS13
DEBUG:Adding: <entity name="DoughsR13_zombieSteve"/>
DEBUG:Adding: <entity name="DoughsR16_zombieFemaleFat" prob="0.75"/>
DEBUG:Adding: <entity name="DoughsR24_zombieNurse"/>
DEBUG:Adding: <entity name="DoughsR28_zombieMarlene"/>
DEBUG:Adding: <entity name="DoughsR29_zombieBoe"/>
DEBUG:Adding: <entity name="DoughsR35_zombieJoe"/>
DEBUG:Adding: <entity name="DoughsR41_zombieYo"/>
DEBUG:Adding: <entity name="DoughsR44_zombieBusinessMan"/>
DEBUG:Adding: <entity name="DoughsR49_zombieMoe"/>
DEBUG:Adding: <entity name="DoughsR61_zombieSkateboarder"/>
DEBUG:Adding: <entity name="DoughsR62_zombieDarlene"/>
DEBUG:Adding: <entity name="DoughsR65_zombieJanitor"/>
DEBUG:ModletGen_AddZedsToEntityGroupsFile ENTITY GROUP: feralHordeStageGS1308
DEBUG:Adding: <entity name="DoughsR14_zombieSoldier" prob="1"/>
DEBUG:Adding: <entity name="DoughsR21_zombieSpiderRadiated" prob="0.6"/>
DEBUG:Adding: <entity name="DoughsR24_zombieNurse"/>
DEBUG:Adding: <entity name="DoughsR27_zombieFatCop" prob="0.7"/>
DEBUG:Adding: <entity name="DoughsR34_zombieMarleneRadiated" prob="0.66"/>
DEBUG:Adding: <entity name="DoughsR3_zombieFatCopRadiated" prob="0.5"/>
DEBUG:Adding: <entity name="DoughsR44_zombieBusinessMan"/>
DEBUG:Adding: <entity name="DoughsR52_zombieUtilityWorkerFeral" prob="0.7"/>
DEBUG:Adding: <entity name="DoughsR53_zombieJanitorFeral" prob="0.7"/>
DEBUG:Adding: <entity name="DoughsR56_zombieUtilityWorker"/>
DEBUG:Adding: <entity name="DoughsR57_zombieSpiderFeral" prob="0.5"/>
DEBUG:Adding: <entity name="DoughsR74_zombieMoeFeral" prob="0.7"/>
DEBUG:Adding: <entity name="DoughsR75_zombieSkateboarderRadiated" prob="0.66"/>
DEBUG:Adding: <entity name="DoughsR76_zombieDemolition" prob="0.4"/>
DEBUG:Adding: <entity name="DoughsR98_animalZombieDog"/>
DEBUG:ModletGen_AddZedsToEntityGroupsFile ENTITY GROUP: feralHordeStageGS1321
DEBUG:Adding: <entity name="DoughsR24_zombieNurse"/>
DEBUG:Adding: <entity name="DoughsR28_zombieMarlene"/>
DEBUG:Adding: <entity name="DoughsR2_zombieBusinessManFeral" prob="0.7"/>
DEBUG:Adding: <entity name="DoughsR31_zombieArlene"/>
DEBUG:Adding: <entity name="DoughsR32_zombieMoeRadiated" prob="0.66"/>
DEBUG:Adding: <entity name="DoughsR3_zombieFatCopRadiated" prob="0.5"/>
DEBUG:Adding: <entity name="DoughsR51_zombieDarleneFeral" prob="0.7"/>
DEBUG:Adding: <entity name="DoughsR54_zombieFemaleFatRadiated" prob="0.6"/>
DEBUG:Adding: <entity name="DoughsR58_zombieJanitorRadiated" prob="0.66"/>
DEBUG:Adding: <entity name="DoughsR59_zombieArleneFeral" prob="0.7"/>
DEBUG:Adding: <entity name="DoughsR69_zombieOldTimerRadiated" prob="0.66"/>
DEBUG:Adding: <entity name="DoughsR78_zombieSteveFeral" prob="0.7"/>
DEBUG:Adding: <entity name="DoughsR79_zombieYoFeral" prob="0.7"/>
DEBUG:Adding: <entity name="DoughsR81_zombieSteveRadiated" prob="0.66"/>
DEBUG:Adding: <entity name="DoughsR86_zombieBikerRadiated" prob="0.6"/>
DEBUG:ModletGen_AddZedsToEntityGroupsFile ENTITY GROUP: feralHordeStageGS133
DEBUG:Adding: <entity name="DoughsR11_zombieBoeFeral" prob="0.67"/>
DEBUG:Adding: <entity name="DoughsR16_zombieFemaleFat" prob="1"/>
DEBUG:Adding: <entity name="DoughsR21_zombieSpiderRadiated" prob="0.39"/>
DEBUG:Adding: <entity name="DoughsR32_zombieMoeRadiated" prob="0.26"/>
DEBUG:Adding: <entity name="DoughsR36_zombieYoRadiated" prob="0.11"/>
DEBUG:Adding: <entity name="DoughsR41_zombieYo"/>
DEBUG:Adding: <entity name="DoughsR55_zombieJoeRadiated" prob="0.29"/>
DEBUG:Adding: <entity name="DoughsR56_zombieUtilityWorker"/>
DEBUG:Adding: <entity name="DoughsR62_zombieDarlene"/>
DEBUG:Adding: <entity name="DoughsR75_zombieSkateboarderRadiated" prob="0.01"/>
DEBUG:Adding: <entity name="DoughsR81_zombieSteveRadiated" prob="0.08"/>
DEBUG:Adding: <entity name="DoughsR8_zombieArleneRadiated" prob="0.22"/>
DEBUG:ModletGen_AddZedsToEntityGroupsFile ENTITY GROUP: feralHordeStageGS1334
DEBUG:Adding: <entity name="DoughsR11_zombieBoeFeral" prob="0.7"/>
DEBUG:Adding: <entity name="DoughsR27_zombieFatCop" prob="0.7"/>
DEBUG:Adding: <entity name="DoughsR28_zombieMarlene"/>
DEBUG:Adding: <entity name="DoughsR29_zombieBoe"/>
DEBUG:Adding: <entity name="DoughsR2_zombieBusinessManFeral" prob="0.7"/>
DEBUG:Adding: <entity name="DoughsR34_zombieMarleneRadiated" prob="0.66"/>
DEBUG:Adding: <entity name="DoughsR37_zombieMarleneFeral" prob="0.7"/>
DEBUG:Adding: <entity name="DoughsR49_zombieMoe"/>
DEBUG:Adding: <entity name="DoughsR52_zombieUtilityWorkerFeral" prob="0.7"/>
DEBUG:Adding: <entity name="DoughsR62_zombieDarlene"/>
DEBUG:Adding: <entity name="DoughsR63_zombieFatCopFeral" prob="0.6"/>
DEBUG:Adding: <entity name="DoughsR71_zombieNurseFeral" prob="0.7"/>
DEBUG:Adding: <entity name="DoughsR75_zombieSkateboarderRadiated" prob="0.66"/>
DEBUG:Adding: <entity name="DoughsR76_zombieDemolition" prob="0.4"/>
DEBUG:Adding: <entity name="DoughsR81_zombieSteveRadiated" prob="0.66"/>
DEBUG:ModletGen_AddZedsToEntityGroupsFile ENTITY GROUP: feralHordeStageGS1347
DEBUG:Adding: <entity name="DoughsR13_zombieSteve"/>
DEBUG:Adding: <entity name="DoughsR22_zombieWightRadiated" prob="0.6"/>
DEBUG:Adding: <entity name="DoughsR24_zombieNurse"/>
DEBUG:Adding: <entity name="DoughsR29_zombieBoe"/>
DEBUG:Adding: <entity name="DoughsR31_zombieArlene"/>
DEBUG:Adding: <entity name="DoughsR34_zombieMarleneRadiated" prob="0.66"/>
DEBUG:Adding: <entity name="DoughsR44_zombieBusinessMan"/>
DEBUG:Adding: <entity name="DoughsR45_zombieSpider" prob="0.7"/>
DEBUG:Adding: <entity name="DoughsR53_zombieJanitorFeral" prob="0.7"/>
DEBUG:Adding: <entity name="DoughsR61_zombieSkateboarder"/>
DEBUG:Adding: <entity name="DoughsR71_zombieNurseFeral" prob="0.7"/>
DEBUG:Adding: <entity name="DoughsR76_zombieDemolition" prob="0.4"/>
DEBUG:Adding: <entity name="DoughsR7_zombieWightFeral" prob="0.6"/>
DEBUG:Adding: <entity name="DoughsR88_animalZombieVulture" prob="0.3"/>
DEBUG:Adding: <entity name="DoughsR8_zombieArleneRadiated" prob="0.66"/>
DEBUG:ModletGen_AddZedsToEntityGroupsFile ENTITY GROUP: feralHordeStageGS1360
DEBUG:Adding: <entity name="DoughsR11_zombieBoeFeral" prob="0.7"/>
DEBUG:Adding: <entity name="DoughsR13_zombieSteve"/>
DEBUG:Adding: <entity name="DoughsR20_zombieSoldierRadiated" prob="0.5"/>
DEBUG:Adding: <entity name="DoughsR27_zombieFatCop" prob="0.7"/>
DEBUG:Adding: <entity name="DoughsR28_zombieMarlene"/>
DEBUG:Adding: <entity name="DoughsR39_zombieSkateboarderFeral" prob="0.7"/>
DEBUG:Adding: <entity name="DoughsR3_zombieFatCopRadiated" prob="0.5"/>
DEBUG:Adding: <entity name="DoughsR44_zombieBusinessMan"/>
DEBUG:Adding: <entity name="DoughsR52_zombieUtilityWorkerFeral" prob="0.7"/>
DEBUG:Adding: <entity name="DoughsR53_zombieJanitorFeral" prob="0.7"/>
DEBUG:Adding: <entity name="DoughsR62_zombieDarlene"/>
DEBUG:Adding: <entity name="DoughsR69_zombieOldTimerRadiated" prob="0.66"/>
DEBUG:Adding: <entity name="DoughsR7_zombieWightFeral" prob="0.6"/>
DEBUG:Adding: <entity name="DoughsR86_zombieBikerRadiated" prob="0.6"/>
DEBUG:Adding: <entity name="DoughsR88_animalZombieVulture" prob="0.3"/>
DEBUG:ModletGen_AddZedsToEntityGroupsFile ENTITY GROUP: feralHordeStageGS1373
DEBUG:Adding: <entity name="DoughsR13_zombieSteve"/>
DEBUG:Adding: <entity name="DoughsR28_zombieMarlene"/>
DEBUG:Adding: <entity name="DoughsR32_zombieMoeRadiated" prob="0.66"/>
DEBUG:Adding: <entity name="DoughsR35_zombieJoe"/>
DEBUG:Adding: <entity name="DoughsR36_zombieYoRadiated" prob="0.66"/>
DEBUG:Adding: <entity name="DoughsR37_zombieMarleneFeral" prob="0.7"/>
DEBUG:Adding: <entity name="DoughsR51_zombieDarleneFeral" prob="0.7"/>
DEBUG:Adding: <entity name="DoughsR52_zombieUtilityWorkerFeral" prob="0.7"/>
DEBUG:Adding: <entity name="DoughsR56_zombieUtilityWorker"/>
DEBUG:Adding: <entity name="DoughsR62_zombieDarlene"/>
DEBUG:Adding: <entity name="DoughsR66_zombieDarleneRadiated" prob="0.66"/>
DEBUG:Adding: <entity name="DoughsR71_zombieNurseFeral" prob="0.7"/>
DEBUG:Adding: <entity name="DoughsR75_zombieSkateboarderRadiated" prob="0.66"/>
DEBUG:Adding: <entity name="DoughsR81_zombieSteveRadiated" prob="0.66"/>
DEBUG:Adding: <entity name="DoughsR86_zombieBikerRadiated" prob="0.6"/>
DEBUG:ModletGen_AddZedsToEntityGroupsFile ENTITY GROUP: feralHordeStageGS1386
DEBUG:Adding: <entity name="DoughsR10_zombieFemaleFatFeral" prob="0.6"/>
DEBUG:Adding: <entity name="DoughsR21_zombieSpiderRadiated" prob="0.6"/>
DEBUG:Adding: <entity name="DoughsR28_zombieMarlene"/>
DEBUG:Adding: <entity name="DoughsR31_zombieArlene"/>
DEBUG:Adding: <entity name="DoughsR3_zombieFatCopRadiated" prob="0.5"/>
DEBUG:Adding: <entity name="DoughsR49_zombieMoe"/>
DEBUG:Adding: <entity name="DoughsR51_zombieDarleneFeral" prob="0.7"/>
DEBUG:Adding: <entity name="DoughsR53_zombieJanitorFeral" prob="0.7"/>
DEBUG:Adding: <entity name="DoughsR56_zombieUtilityWorker"/>
DEBUG:Adding: <entity name="DoughsR59_zombieArleneFeral" prob="0.7"/>
DEBUG:Adding: <entity name="DoughsR66_zombieDarleneRadiated" prob="0.66"/>
DEBUG:Adding: <entity name="DoughsR71_zombieNurseFeral" prob="0.7"/>
DEBUG:Adding: <entity name="DoughsR76_zombieDemolition" prob="0.4"/>
DEBUG:Adding: <entity name="DoughsR79_zombieYoFeral" prob="0.7"/>
DEBUG:Adding: <entity name="DoughsR7_zombieWightFeral" prob="0.6"/>
DEBUG:ModletGen_AddZedsToEntityGroupsFile ENTITY GROUP: feralHordeStageGS1399
DEBUG:Adding: <entity name="DoughsR10_zombieFemaleFatFeral" prob="0.6"/>
DEBUG:Adding: <entity name="DoughsR13_zombieSteve"/>
DEBUG:Adding: <entity name="DoughsR16_zombieFemaleFat" prob="1"/>
DEBUG:Adding: <entity name="DoughsR24_zombieNurse"/>
DEBUG:Adding: <entity name="DoughsR27_zombieFatCop" prob="0.7"/>
DEBUG:Adding: <entity name="DoughsR2_zombieBusinessManFeral" prob="0.7"/>
DEBUG:Adding: <entity name="DoughsR32_zombieMoeRadiated" prob="0.66"/>
DEBUG:Adding: <entity name="DoughsR44_zombieBusinessMan"/>
DEBUG:Adding: <entity name="DoughsR53_zombieJanitorFeral" prob="0.7"/>
DEBUG:Adding: <entity name="DoughsR66_zombieDarleneRadiated" prob="0.66"/>
DEBUG:Adding: <entity name="DoughsR69_zombieOldTimerRadiated" prob="0.66"/>
DEBUG:Adding: <entity name="DoughsR78_zombieSteveFeral" prob="0.7"/>
DEBUG:Adding: <entity name="DoughsR7_zombieWightFeral" prob="0.6"/>
DEBUG:Adding: <entity name="DoughsR86_zombieBikerRadiated" prob="0.6"/>
DEBUG:ModletGen_AddZedsToEntityGroupsFile ENTITY GROUP: feralHordeStageGS140
DEBUG:Adding: <entity name="DoughsR11_zombieBoeFeral" prob="0.7"/>
DEBUG:Adding: <entity name="DoughsR14_zombieSoldier" prob="1"/>
DEBUG:Adding: <entity name="DoughsR36_zombieYoRadiated" prob="0.18"/>
DEBUG:Adding: <entity name="DoughsR41_zombieYo"/>
DEBUG:Adding: <entity name="DoughsR44_zombieBusinessMan"/>
DEBUG:Adding: <entity name="DoughsR53_zombieJanitorFeral" prob="0.7"/>
DEBUG:Adding: <entity name="DoughsR57_zombieSpiderFeral" prob="0.5"/>
DEBUG:Adding: <entity name="DoughsR58_zombieJanitorRadiated" prob="0.36"/>
DEBUG:Adding: <entity name="DoughsR65_zombieJanitor"/>
DEBUG:Adding: <entity name="DoughsR69_zombieOldTimerRadiated" prob="0.04"/>
DEBUG:Adding: <entity name="DoughsR75_zombieSkateboarderRadiated" prob="0.07"/>
DEBUG:Adding: <entity name="DoughsR98_animalZombieDog"/>
DEBUG:ModletGen_AddZedsToEntityGroupsFile ENTITY GROUP: feralHordeStageGS1412
DEBUG:Adding: <entity name="DoughsR16_zombieFemaleFat" prob="1"/>
DEBUG:Adding: <entity name="DoughsR20_zombieSoldierRadiated" prob="0.5"/>
DEBUG:Adding: <entity name="DoughsR21_zombieSpiderRadiated" prob="0.6"/>
DEBUG:Adding: <entity name="DoughsR22_zombieWightRadiated" prob="0.5"/>
DEBUG:Adding: <entity name="DoughsR31_zombieArlene"/>
DEBUG:Adding: <entity name="DoughsR3_zombieFatCopRadiated" prob="0.5"/>
DEBUG:Adding: <entity name="DoughsR51_zombieDarleneFeral" prob="0.7"/>
DEBUG:Adding: <entity name="DoughsR52_zombieUtilityWorkerFeral" prob="0.7"/>
DEBUG:Adding: <entity name="DoughsR56_zombieUtilityWorker"/>
DEBUG:Adding: <entity name="DoughsR71_zombieNurseFeral" prob="0.7"/>
DEBUG:Adding: <entity name="DoughsR75_zombieSkateboarderRadiated" prob="0.66"/>
DEBUG:Adding: <entity name="DoughsR76_zombieDemolition" prob="0.4"/>
DEBUG:Adding: <entity name="DoughsR7_zombieWightFeral" prob="0.6"/>
DEBUG:Adding: <entity name="DoughsR88_animalZombieVulture" prob="0.3"/>
DEBUG:Adding: <entity name="DoughsR8_zombieArleneRadiated" prob="0.66"/>
DEBUG:ModletGen_AddZedsToEntityGroupsFile ENTITY GROUP: feralHordeStageGS1425
DEBUG:Adding: <entity name="DoughsR12_zombieJoeFeral" prob="0.7"/>
DEBUG:Adding: <entity name="DoughsR14_zombieSoldier" prob="1"/>
DEBUG:Adding: <entity name="DoughsR22_zombieWightRadiated" prob="0.6"/>
DEBUG:Adding: <entity name="DoughsR2_zombieBusinessManFeral" prob="0.7"/>
DEBUG:Adding: <entity name="DoughsR36_zombieYoRadiated" prob="0.66"/>
DEBUG:Adding: <entity name="DoughsR44_zombieBusinessMan"/>
DEBUG:Adding: <entity name="DoughsR45_zombieSpider" prob="0.7"/>
DEBUG:Adding: <entity name="DoughsR62_zombieDarlene"/>
DEBUG:Adding: <entity name="DoughsR76_zombieDemolition" prob="0.4"/>
DEBUG:Adding: <entity name="DoughsR78_zombieSteveFeral" prob="0.7"/>
DEBUG:Adding: <entity name="DoughsR79_zombieYoFeral" prob="0.7"/>
DEBUG:Adding: <entity name="DoughsR7_zombieWightFeral" prob="0.6"/>
DEBUG:Adding: <entity name="DoughsR86_zombieBikerRadiated" prob="0.6"/>
DEBUG:Adding: <entity name="DoughsR88_animalZombieVulture" prob="0.3"/>
DEBUG:Adding: <entity name="DoughsR90_animalZombieVultureRadiated" prob="0.3"/>
DEBUG:ModletGen_AddZedsToEntityGroupsFile ENTITY GROUP: feralHordeStageGS1439
DEBUG:Adding: <entity name="DoughsR11_zombieBoeFeral" prob="0.7"/>
DEBUG:Adding: <entity name="DoughsR13_zombieSteve"/>
DEBUG:Adding: <entity name="DoughsR22_zombieWightRadiated" prob="0.5"/>
DEBUG:Adding: <entity name="DoughsR22_zombieWightRadiated" prob="0.6"/>
DEBUG:Adding: <entity name="DoughsR2_zombieBusinessManFeral" prob="0.7"/>
DEBUG:Adding: <entity name="DoughsR31_zombieArlene"/>
DEBUG:Adding: <entity name="DoughsR3_zombieFatCopRadiated" prob="0.5"/>
DEBUG:Adding: <entity name="DoughsR41_zombieYo"/>
DEBUG:Adding: <entity name="DoughsR44_zombieBusinessMan"/>
DEBUG:Adding: <entity name="DoughsR56_zombieUtilityWorker"/>
DEBUG:Adding: <entity name="DoughsR61_zombieSkateboarder"/>
DEBUG:Adding: <entity name="DoughsR66_zombieDarleneRadiated" prob="0.66"/>
DEBUG:Adding: <entity name="DoughsR7_zombieWightFeral" prob="0.6"/>
DEBUG:Adding: <entity name="DoughsR81_zombieSteveRadiated" prob="0.66"/>
DEBUG:Adding: <entity name="DoughsR98_animalZombieDog"/>
DEBUG:ModletGen_AddZedsToEntityGroupsFile ENTITY GROUP: feralHordeStageGS1452
DEBUG:Adding: <entity name="DoughsR13_zombieSteve"/>
DEBUG:Adding: <entity name="DoughsR16_zombieFemaleFat" prob="1"/>
DEBUG:Adding: <entity name="DoughsR21_zombieSpiderRadiated" prob="0.6"/>
DEBUG:Adding: <entity name="DoughsR24_zombieNurse"/>
DEBUG:Adding: <entity name="DoughsR27_zombieFatCop" prob="0.7"/>
DEBUG:Adding: <entity name="DoughsR34_zombieMarleneRadiated" prob="0.66"/>
DEBUG:Adding: <entity name="DoughsR36_zombieYoRadiated" prob="0.66"/>
DEBUG:Adding: <entity name="DoughsR41_zombieYo"/>
DEBUG:Adding: <entity name="DoughsR56_zombieUtilityWorker"/>
DEBUG:Adding: <entity name="DoughsR58_zombieJanitorRadiated" prob="0.66"/>
DEBUG:Adding: <entity name="DoughsR59_zombieArleneFeral" prob="0.7"/>
DEBUG:Adding: <entity name="DoughsR69_zombieOldTimerRadiated" prob="0.66"/>
DEBUG:Adding: <entity name="DoughsR81_zombieSteveRadiated" prob="0.66"/>
DEBUG:Adding: <entity name="DoughsR88_animalZombieVulture" prob="0.3"/>
DEBUG:Adding: <entity name="DoughsR90_animalZombieVultureRadiated" prob="0.3"/>
DEBUG:ModletGen_AddZedsToEntityGroupsFile ENTITY GROUP: feralHordeStageGS1465
DEBUG:Adding: <entity name="DoughsR21_zombieSpiderRadiated" prob="0.6"/>
DEBUG:Adding: <entity name="DoughsR24_zombieNurse"/>
DEBUG:Adding: <entity name="DoughsR27_zombieFatCop" prob="0.7"/>
DEBUG:Adding: <entity name="DoughsR28_zombieMarlene"/>
DEBUG:Adding: <entity name="DoughsR31_zombieArlene"/>
DEBUG:Adding: <entity name="DoughsR35_zombieJoe"/>
DEBUG:Adding: <entity name="DoughsR44_zombieBusinessMan"/>
DEBUG:Adding: <entity name="DoughsR45_zombieSpider" prob="0.7"/>
DEBUG:Adding: <entity name="DoughsR48_zombieCheerleaderRadiated" prob="0.66"/>
DEBUG:Adding: <entity name="DoughsR54_zombieFemaleFatRadiated" prob="0.6"/>
DEBUG:Adding: <entity name="DoughsR59_zombieArleneFeral" prob="0.7"/>
DEBUG:Adding: <entity name="DoughsR65_zombieJanitor"/>
DEBUG:Adding: <entity name="DoughsR76_zombieDemolition" prob="0.4"/>
DEBUG:Adding: <entity name="DoughsR86_zombieBikerRadiated" prob="0.6"/>
DEBUG:Adding: <entity name="DoughsR98_animalZombieDog"/>
DEBUG:ModletGen_AddZedsToEntityGroupsFile ENTITY GROUP: feralHordeStageGS147
DEBUG:Adding: <entity name="DoughsR12_zombieJoeFeral" prob="0.7"/>
DEBUG:Adding: <entity name="DoughsR16_zombieFemaleFat" prob="1"/>
DEBUG:Adding: <entity name="DoughsR27_zombieFatCop" prob="0.7"/>
DEBUG:Adding: <entity name="DoughsR29_zombieBoe"/>
DEBUG:Adding: <entity name="DoughsR31_zombieArlene"/>
DEBUG:Adding: <entity name="DoughsR32_zombieMoeRadiated" prob="0.39"/>
DEBUG:Adding: <entity name="DoughsR36_zombieYoRadiated" prob="0.25"/>
DEBUG:Adding: <entity name="DoughsR49_zombieMoe"/>
DEBUG:Adding: <entity name="DoughsR53_zombieJanitorFeral" prob="0.7"/>
DEBUG:Adding: <entity name="DoughsR61_zombieSkateboarder"/>
DEBUG:Adding: <entity name="DoughsR62_zombieDarlene"/>
DEBUG:Adding: <entity name="DoughsR69_zombieOldTimerRadiated" prob="0.11"/>
DEBUG:Adding: <entity name="DoughsR8_zombieArleneRadiated" prob="0.35"/>
DEBUG:ModletGen_AddZedsToEntityGroupsFile ENTITY GROUP: feralHordeStageGS1479
DEBUG:Adding: <entity name="DoughsR14_zombieSoldier" prob="1"/>
DEBUG:Adding: <entity name="DoughsR29_zombieBoe"/>
DEBUG:Adding: <entity name="DoughsR2_zombieBusinessManFeral" prob="0.7"/>
DEBUG:Adding: <entity name="DoughsR34_zombieMarleneRadiated" prob="0.66"/>
DEBUG:Adding: <entity name="DoughsR35_zombieJoe"/>
DEBUG:Adding: <entity name="DoughsR3_zombieFatCopRadiated" prob="0.5"/>
DEBUG:Adding: <entity name="DoughsR44_zombieBusinessMan"/>
DEBUG:Adding: <entity name="DoughsR50_zombieBoeRadiated" prob="0.66"/>
DEBUG:Adding: <entity name="DoughsR53_zombieJanitorFeral" prob="0.7"/>
DEBUG:Adding: <entity name="DoughsR55_zombieJoeRadiated" prob="0.66"/>
DEBUG:Adding: <entity name="DoughsR59_zombieArleneFeral" prob="0.7"/>
DEBUG:Adding: <entity name="DoughsR75_zombieSkateboarderRadiated" prob="0.66"/>
DEBUG:Adding: <entity name="DoughsR81_zombieSteveRadiated" prob="0.66"/>
DEBUG:Adding: <entity name="DoughsR86_zombieBikerRadiated" prob="0.6"/>
DEBUG:Adding: <entity name="DoughsR90_animalZombieVultureRadiated" prob="0.3"/>
DEBUG:ModletGen_AddZedsToEntityGroupsFile ENTITY GROUP: feralHordeStageGS1492
DEBUG:Adding: <entity name="DoughsR10_zombieFemaleFatFeral" prob="0.6"/>
DEBUG:Adding: <entity name="DoughsR12_zombieJoeFeral" prob="0.7"/>
DEBUG:Adding: <entity name="DoughsR24_zombieNurse"/>
DEBUG:Adding: <entity name="DoughsR28_zombieMarlene"/>
DEBUG:Adding: <entity name="DoughsR36_zombieYoRadiated" prob="0.66"/>
DEBUG:Adding: <entity name="DoughsR37_zombieMarleneFeral" prob="0.7"/>
DEBUG:Adding: <entity name="DoughsR39_zombieSkateboarderFeral" prob="0.7"/>
DEBUG:Adding: <entity name="DoughsR41_zombieYo"/>
DEBUG:Adding: <entity name="DoughsR59_zombieArleneFeral" prob="0.7"/>
DEBUG:Adding: <entity name="DoughsR62_zombieDarlene"/>
DEBUG:Adding: <entity name="DoughsR65_zombieJanitor"/>
DEBUG:Adding: <entity name="DoughsR66_zombieDarleneRadiated" prob="0.66"/>
DEBUG:Adding: <entity name="DoughsR76_zombieDemolition" prob="0.4"/>
DEBUG:Adding: <entity name="DoughsR78_zombieSteveFeral" prob="0.7"/>
DEBUG:Adding: <entity name="DoughsR8_zombieArleneRadiated" prob="0.66"/>
DEBUG:ModletGen_AddZedsToEntityGroupsFile ENTITY GROUP: feralHordeStageGS1506
DEBUG:Adding: <entity name="DoughsR12_zombieJoeFeral" prob="0.7"/>
DEBUG:Adding: <entity name="DoughsR22_zombieWightRadiated" prob="0.6"/>
DEBUG:Adding: <entity name="DoughsR36_zombieYoRadiated" prob="0.66"/>
DEBUG:Adding: <entity name="DoughsR37_zombieMarleneFeral" prob="0.7"/>
DEBUG:Adding: <entity name="DoughsR39_zombieSkateboarderFeral" prob="0.7"/>
DEBUG:Adding: <entity name="DoughsR48_zombieCheerleaderRadiated" prob="0.66"/>
DEBUG:Adding: <entity name="DoughsR55_zombieJoeRadiated" prob="0.66"/>
DEBUG:Adding: <entity name="DoughsR56_zombieUtilityWorker"/>
DEBUG:Adding: <entity name="DoughsR63_zombieFatCopFeral" prob="0.6"/>
DEBUG:Adding: <entity name="DoughsR66_zombieDarleneRadiated" prob="0.66"/>
DEBUG:Adding: <entity name="DoughsR69_zombieOldTimerRadiated" prob="0.66"/>
DEBUG:Adding: <entity name="DoughsR76_zombieDemolition" prob="0.4"/>
DEBUG:Adding: <entity name="DoughsR78_zombieSteveFeral" prob="0.7"/>
DEBUG:Adding: <entity name="DoughsR7_zombieWightFeral" prob="0.6"/>
DEBUG:Adding: <entity name="DoughsR88_animalZombieVulture" prob="0.3"/>
DEBUG:ModletGen_AddZedsToEntityGroupsFile ENTITY GROUP: feralHordeStageGS1519
DEBUG:Adding: <entity name="DoughsR20_zombieSoldierRadiated" prob="0.5"/>
DEBUG:Adding: <entity name="DoughsR24_zombieNurse"/>
DEBUG:Adding: <entity name="DoughsR28_zombieMarlene"/>
DEBUG:Adding: <entity name="DoughsR29_zombieBoe"/>
DEBUG:Adding: <entity name="DoughsR2_zombieBusinessManFeral" prob="0.7"/>
DEBUG:Adding: <entity name="DoughsR32_zombieMoeRadiated" prob="0.66"/>
DEBUG:Adding: <entity name="DoughsR35_zombieJoe"/>
DEBUG:Adding: <entity name="DoughsR63_zombieFatCopFeral" prob="0.6"/>
DEBUG:Adding: <entity name="DoughsR66_zombieDarleneRadiated" prob="0.66"/>
DEBUG:Adding: <entity name="DoughsR74_zombieMoeFeral" prob="0.7"/>
DEBUG:Adding: <entity name="DoughsR75_zombieSkateboarderRadiated" prob="0.66"/>
DEBUG:Adding: <entity name="DoughsR78_zombieSteveFeral" prob="0.7"/>
DEBUG:Adding: <entity name="DoughsR81_zombieSteveRadiated" prob="0.66"/>
DEBUG:Adding: <entity name="DoughsR90_animalZombieVultureRadiated" prob="0.3"/>
DEBUG:ModletGen_AddZedsToEntityGroupsFile ENTITY GROUP: feralHordeStageGS153
DEBUG:Adding: <entity name="DoughsR10_zombieFemaleFatFeral" prob="0.6"/>
DEBUG:Adding: <entity name="DoughsR21_zombieSpiderRadiated" prob="0.57"/>
DEBUG:Adding: <entity name="DoughsR29_zombieBoe"/>
DEBUG:Adding: <entity name="DoughsR49_zombieMoe"/>
DEBUG:Adding: <entity name="DoughsR52_zombieUtilityWorkerFeral" prob="0.7"/>
DEBUG:Adding: <entity name="DoughsR53_zombieJanitorFeral" prob="0.4"/>
DEBUG:Adding: <entity name="DoughsR54_zombieFemaleFatRadiated" prob="0.47"/>
DEBUG:Adding: <entity name="DoughsR55_zombieJoeRadiated" prob="0.48"/>
DEBUG:Adding: <entity name="DoughsR57_zombieSpiderFeral" prob="0.5"/>
DEBUG:Adding: <entity name="DoughsR62_zombieDarlene"/>
DEBUG:Adding: <entity name="DoughsR63_zombieFatCopFeral" prob="0.6"/>
DEBUG:Adding: <entity name="DoughsR76_zombieDemolition" prob="0.16"/>
DEBUG:Adding: <entity name="DoughsR98_animalZombieDog"/>
DEBUG:ModletGen_AddZedsToEntityGroupsFile ENTITY GROUP: feralHordeStageGS1533
DEBUG:Adding: <entity name="DoughsR11_zombieBoeFeral" prob="0.7"/>
DEBUG:Adding: <entity name="DoughsR21_zombieSpiderRadiated" prob="0.6"/>
DEBUG:Adding: <entity name="DoughsR24_zombieNurse"/>
DEBUG:Adding: <entity name="DoughsR28_zombieMarlene"/>
DEBUG:Adding: <entity name="DoughsR2_zombieBusinessManFeral" prob="0.7"/>
DEBUG:Adding: <entity name="DoughsR35_zombieJoe"/>
DEBUG:Adding: <entity name="DoughsR3_zombieFatCopRadiated" prob="0.5"/>
DEBUG:Adding: <entity name="DoughsR51_zombieDarleneFeral" prob="0.7"/>
DEBUG:Adding: <entity name="DoughsR59_zombieArleneFeral" prob="0.7"/>
DEBUG:Adding: <entity name="DoughsR62_zombieDarlene"/>
DEBUG:Adding: <entity name="DoughsR69_zombieOldTimerRadiated" prob="0.66"/>
DEBUG:Adding: <entity name="DoughsR74_zombieMoeFeral" prob="0.7"/>
DEBUG:Adding: <entity name="DoughsR76_zombieDemolition" prob="0.4"/>
DEBUG:Adding: <entity name="DoughsR79_zombieYoFeral" prob="0.7"/>
DEBUG:Adding: <entity name="DoughsR81_zombieSteveRadiated" prob="0.66"/>
DEBUG:ModletGen_AddZedsToEntityGroupsFile ENTITY GROUP: feralHordeStageGS1546
DEBUG:Adding: <entity name="DoughsR12_zombieJoeFeral" prob="0.7"/>
DEBUG:Adding: <entity name="DoughsR14_zombieSoldier" prob="1"/>
DEBUG:Adding: <entity name="DoughsR20_zombieSoldierRadiated" prob="0.5"/>
DEBUG:Adding: <entity name="DoughsR24_zombieNurse"/>
DEBUG:Adding: <entity name="DoughsR34_zombieMarleneRadiated" prob="0.66"/>
DEBUG:Adding: <entity name="DoughsR37_zombieMarleneFeral" prob="0.7"/>
DEBUG:Adding: <entity name="DoughsR45_zombieSpider" prob="0.7"/>
DEBUG:Adding: <entity name="DoughsR48_zombieCheerleaderRadiated" prob="0.66"/>
DEBUG:Adding: <entity name="DoughsR52_zombieUtilityWorkerFeral" prob="0.7"/>
DEBUG:Adding: <entity name="DoughsR53_zombieJanitorFeral" prob="0.7"/>
DEBUG:Adding: <entity name="DoughsR58_zombieJanitorRadiated" prob="0.66"/>
DEBUG:Adding: <entity name="DoughsR63_zombieFatCopFeral" prob="0.6"/>
DEBUG:Adding: <entity name="DoughsR69_zombieOldTimerRadiated" prob="0.66"/>
DEBUG:Adding: <entity name="DoughsR76_zombieDemolition" prob="0.4"/>
DEBUG:Adding: <entity name="DoughsR81_zombieSteveRadiated" prob="0.66"/>
DEBUG:ModletGen_AddZedsToEntityGroupsFile ENTITY GROUP: feralHordeStageGS1560
DEBUG:Adding: <entity name="DoughsR10_zombieFemaleFatFeral" prob="0.6"/>
DEBUG:Adding: <entity name="DoughsR14_zombieSoldier" prob="1"/>
DEBUG:Adding: <entity name="DoughsR22_zombieWightRadiated" prob="0.5"/>
DEBUG:Adding: <entity name="DoughsR22_zombieWightRadiated" prob="0.6"/>
DEBUG:Adding: <entity name="DoughsR34_zombieMarleneRadiated" prob="0.66"/>
DEBUG:Adding: <entity name="DoughsR41_zombieYo"/>
DEBUG:Adding: <entity name="DoughsR51_zombieDarleneFeral" prob="0.7"/>
DEBUG:Adding: <entity name="DoughsR55_zombieJoeRadiated" prob="0.66"/>
DEBUG:Adding: <entity name="DoughsR57_zombieSpiderFeral" prob="0.5"/>
DEBUG:Adding: <entity name="DoughsR58_zombieJanitorRadiated" prob="0.66"/>
DEBUG:Adding: <entity name="DoughsR61_zombieSkateboarder"/>
DEBUG:Adding: <entity name="DoughsR62_zombieDarlene"/>
DEBUG:Adding: <entity name="DoughsR63_zombieFatCopFeral" prob="0.6"/>
DEBUG:Adding: <entity name="DoughsR75_zombieSkateboarderRadiated" prob="0.66"/>
DEBUG:Adding: <entity name="DoughsR78_zombieSteveFeral" prob="0.7"/>
DEBUG:ModletGen_AddZedsToEntityGroupsFile ENTITY GROUP: feralHordeStageGS1573
DEBUG:Adding: <entity name="DoughsR11_zombieBoeFeral" prob="0.7"/>
DEBUG:Adding: <entity name="DoughsR12_zombieJoeFeral" prob="0.7"/>
DEBUG:Adding: <entity name="DoughsR27_zombieFatCop" prob="0.7"/>
DEBUG:Adding: <entity name="DoughsR31_zombieArlene"/>
DEBUG:Adding: <entity name="DoughsR36_zombieYoRadiated" prob="0.66"/>
DEBUG:Adding: <entity name="DoughsR39_zombieSkateboarderFeral" prob="0.7"/>
DEBUG:Adding: <entity name="DoughsR48_zombieCheerleaderRadiated" prob="0.66"/>
DEBUG:Adding: <entity name="DoughsR57_zombieSpiderFeral" prob="0.5"/>
DEBUG:Adding: <entity name="DoughsR61_zombieSkateboarder"/>
DEBUG:Adding: <entity name="DoughsR62_zombieDarlene"/>
DEBUG:Adding: <entity name="DoughsR69_zombieOldTimerRadiated" prob="0.66"/>
DEBUG:Adding: <entity name="DoughsR75_zombieSkateboarderRadiated" prob="0.66"/>
DEBUG:Adding: <entity name="DoughsR79_zombieYoFeral" prob="0.7"/>
DEBUG:Adding: <entity name="DoughsR7_zombieWightFeral" prob="0.6"/>
DEBUG:Adding: <entity name="DoughsR98_animalZombieDog"/>
DEBUG:ModletGen_AddZedsToEntityGroupsFile ENTITY GROUP: feralHordeStageGS1587
DEBUG:Adding: <entity name="DoughsR14_zombieSoldier" prob="1"/>
DEBUG:Adding: <entity name="DoughsR16_zombieFemaleFat" prob="1"/>
DEBUG:Adding: <entity name="DoughsR24_zombieNurse"/>
DEBUG:Adding: <entity name="DoughsR41_zombieYo"/>
DEBUG:Adding: <entity name="DoughsR51_zombieDarleneFeral" prob="0.7"/>
DEBUG:Adding: <entity name="DoughsR52_zombieUtilityWorkerFeral" prob="0.7"/>
DEBUG:Adding: <entity name="DoughsR53_zombieJanitorFeral" prob="0.7"/>
DEBUG:Adding: <entity name="DoughsR55_zombieJoeRadiated" prob="0.66"/>
DEBUG:Adding: <entity name="DoughsR56_zombieUtilityWorker"/>
DEBUG:Adding: <entity name="DoughsR61_zombieSkateboarder"/>
DEBUG:Adding: <entity name="DoughsR62_zombieDarlene"/>
DEBUG:Adding: <entity name="DoughsR65_zombieJanitor"/>
DEBUG:Adding: <entity name="DoughsR76_zombieDemolition" prob="0.4"/>
DEBUG:Adding: <entity name="DoughsR88_animalZombieVulture" prob="0.3"/>
DEBUG:Adding: <entity name="DoughsR8_zombieArleneRadiated" prob="0.66"/>
DEBUG:ModletGen_AddZedsToEntityGroupsFile ENTITY GROUP: feralHordeStageGS16
DEBUG:Adding: <entity name="DoughsR13_zombieSteve"/>
DEBUG:Adding: <entity name="DoughsR16_zombieFemaleFat" prob="0.76"/>
DEBUG:Adding: <entity name="DoughsR24_zombieNurse"/>
DEBUG:Adding: <entity name="DoughsR28_zombieMarlene"/>
DEBUG:Adding: <entity name="DoughsR31_zombieArlene"/>
DEBUG:Adding: <entity name="DoughsR35_zombieJoe"/>
DEBUG:Adding: <entity name="DoughsR41_zombieYo"/>
DEBUG:Adding: <entity name="DoughsR44_zombieBusinessMan"/>
DEBUG:Adding: <entity name="DoughsR49_zombieMoe"/>
DEBUG:Adding: <entity name="DoughsR61_zombieSkateboarder"/>
DEBUG:Adding: <entity name="DoughsR62_zombieDarlene"/>
DEBUG:Adding: <entity name="DoughsR65_zombieJanitor"/>
DEBUG:ModletGen_AddZedsToEntityGroupsFile ENTITY GROUP: feralHordeStageGS160
DEBUG:Adding: <entity name="DoughsR27_zombieFatCop" prob="0.7"/>
DEBUG:Adding: <entity name="DoughsR32_zombieMoeRadiated" prob="0.51"/>
DEBUG:Adding: <entity name="DoughsR36_zombieYoRadiated" prob="0.37"/>
DEBUG:Adding: <entity name="DoughsR41_zombieYo"/>
DEBUG:Adding: <entity name="DoughsR48_zombieCheerleaderRadiated" prob="0.65"/>
DEBUG:Adding: <entity name="DoughsR56_zombieUtilityWorker"/>
DEBUG:Adding: <entity name="DoughsR59_zombieArleneFeral" prob="0.7"/>
DEBUG:Adding: <entity name="DoughsR65_zombieJanitor"/>
DEBUG:Adding: <entity name="DoughsR71_zombieNurseFeral" prob="0.7"/>
DEBUG:Adding: <entity name="DoughsR78_zombieSteveFeral" prob="0.7"/>
DEBUG:Adding: <entity name="DoughsR81_zombieSteveRadiated" prob="0.33"/>
DEBUG:Adding: <entity name="DoughsR88_animalZombieVulture" prob="0.3"/>
DEBUG:Adding: <entity name="DoughsR98_animalZombieDog"/>
DEBUG:ModletGen_AddZedsToEntityGroupsFile ENTITY GROUP: feralHordeStageGS1601
DEBUG:Adding: <entity name="DoughsR14_zombieSoldier" prob="1"/>
DEBUG:Adding: <entity name="DoughsR20_zombieSoldierRadiated" prob="0.5"/>
DEBUG:Adding: <entity name="DoughsR21_zombieSpiderRadiated" prob="0.6"/>
DEBUG:Adding: <entity name="DoughsR22_zombieWightRadiated" prob="0.6"/>
DEBUG:Adding: <entity name="DoughsR29_zombieBoe"/>
DEBUG:Adding: <entity name="DoughsR32_zombieMoeRadiated" prob="0.66"/>
DEBUG:Adding: <entity name="DoughsR35_zombieJoe"/>
DEBUG:Adding: <entity name="DoughsR39_zombieSkateboarderFeral" prob="0.7"/>
DEBUG:Adding: <entity name="DoughsR55_zombieJoeRadiated" prob="0.66"/>
DEBUG:Adding: <entity name="DoughsR59_zombieArleneFeral" prob="0.7"/>
DEBUG:Adding: <entity name="DoughsR69_zombieOldTimerRadiated" prob="0.66"/>
DEBUG:Adding: <entity name="DoughsR75_zombieSkateboarderRadiated" prob="0.66"/>
DEBUG:Adding: <entity name="DoughsR86_zombieBikerRadiated" prob="0.6"/>
DEBUG:Adding: <entity name="DoughsR8_zombieArleneRadiated" prob="0.66"/>
DEBUG:Adding: <entity name="DoughsR90_animalZombieVultureRadiated" prob="0.3"/>
DEBUG:ModletGen_AddZedsToEntityGroupsFile ENTITY GROUP: feralHordeStageGS1614
DEBUG:Adding: <entity name="DoughsR10_zombieFemaleFatFeral" prob="0.6"/>
DEBUG:Adding: <entity name="DoughsR12_zombieJoeFeral" prob="0.7"/>
DEBUG:Adding: <entity name="DoughsR14_zombieSoldier" prob="1"/>
DEBUG:Adding: <entity name="DoughsR20_zombieSoldierRadiated" prob="0.5"/>
DEBUG:Adding: <entity name="DoughsR22_zombieWightRadiated" prob="0.5"/>
DEBUG:Adding: <entity name="DoughsR29_zombieBoe"/>
DEBUG:Adding: <entity name="DoughsR39_zombieSkateboarderFeral" prob="0.7"/>
DEBUG:Adding: <entity name="DoughsR52_zombieUtilityWorkerFeral" prob="0.7"/>
DEBUG:Adding: <entity name="DoughsR57_zombieSpiderFeral" prob="0.5"/>
DEBUG:Adding: <entity name="DoughsR59_zombieArleneFeral" prob="0.7"/>
DEBUG:Adding: <entity name="DoughsR63_zombieFatCopFeral" prob="0.6"/>
DEBUG:Adding: <entity name="DoughsR65_zombieJanitor"/>
DEBUG:Adding: <entity name="DoughsR69_zombieOldTimerRadiated" prob="0.66"/>
DEBUG:Adding: <entity name="DoughsR88_animalZombieVulture" prob="0.3"/>
DEBUG:Adding: <entity name="DoughsR8_zombieArleneRadiated" prob="0.66"/>
DEBUG:ModletGen_AddZedsToEntityGroupsFile ENTITY GROUP: feralHordeStageGS1628
DEBUG:Adding: <entity name="DoughsR10_zombieFemaleFatFeral" prob="0.6"/>
DEBUG:Adding: <entity name="DoughsR11_zombieBoeFeral" prob="0.7"/>
DEBUG:Adding: <entity name="DoughsR13_zombieSteve"/>
DEBUG:Adding: <entity name="DoughsR16_zombieFemaleFat" prob="1"/>
DEBUG:Adding: <entity name="DoughsR22_zombieWightRadiated" prob="0.5"/>
DEBUG:Adding: <entity name="DoughsR22_zombieWightRadiated" prob="0.6"/>
DEBUG:Adding: <entity name="DoughsR3_zombieFatCopRadiated" prob="0.5"/>
DEBUG:Adding: <entity name="DoughsR51_zombieDarleneFeral" prob="0.7"/>
DEBUG:Adding: <entity name="DoughsR53_zombieJanitorFeral" prob="0.7"/>
DEBUG:Adding: <entity name="DoughsR55_zombieJoeRadiated" prob="0.66"/>
DEBUG:Adding: <entity name="DoughsR59_zombieArleneFeral" prob="0.7"/>
DEBUG:Adding: <entity name="DoughsR63_zombieFatCopFeral" prob="0.6"/>
DEBUG:Adding: <entity name="DoughsR76_zombieDemolition" prob="0.4"/>
DEBUG:Adding: <entity name="DoughsR78_zombieSteveFeral" prob="0.7"/>
DEBUG:Adding: <entity name="DoughsR79_zombieYoFeral" prob="0.7"/>
DEBUG:ModletGen_AddZedsToEntityGroupsFile ENTITY GROUP: feralHordeStageGS1642
DEBUG:Adding: <entity name="DoughsR32_zombieMoeRadiated" prob="0.66"/>
DEBUG:Adding: <entity name="DoughsR3_zombieFatCopRadiated" prob="0.5"/>
DEBUG:Adding: <entity name="DoughsR44_zombieBusinessMan"/>
DEBUG:Adding: <entity name="DoughsR45_zombieSpider" prob="0.7"/>
DEBUG:Adding: <entity name="DoughsR52_zombieUtilityWorkerFeral" prob="0.7"/>
DEBUG:Adding: <entity name="DoughsR53_zombieJanitorFeral" prob="0.7"/>
DEBUG:Adding: <entity name="DoughsR57_zombieSpiderFeral" prob="0.5"/>
DEBUG:Adding: <entity name="DoughsR59_zombieArleneFeral" prob="0.7"/>
DEBUG:Adding: <entity name="DoughsR61_zombieSkateboarder"/>
DEBUG:Adding: <entity name="DoughsR66_zombieDarleneRadiated" prob="0.66"/>
DEBUG:Adding: <entity name="DoughsR76_zombieDemolition" prob="0.4"/>
DEBUG:Adding: <entity name="DoughsR78_zombieSteveFeral" prob="0.7"/>
DEBUG:Adding: <entity name="DoughsR86_zombieBikerRadiated" prob="0.6"/>
DEBUG:Adding: <entity name="DoughsR8_zombieArleneRadiated" prob="0.66"/>
DEBUG:Adding: <entity name="DoughsR98_animalZombieDog"/>
DEBUG:ModletGen_AddZedsToEntityGroupsFile ENTITY GROUP: feralHordeStageGS1656
DEBUG:Adding: <entity name="DoughsR20_zombieSoldierRadiated" prob="0.5"/>
DEBUG:Adding: <entity name="DoughsR22_zombieWightRadiated" prob="0.6"/>
DEBUG:Adding: <entity name="DoughsR22_zombieWightRadiated" prob="0.5"/>
DEBUG:Adding: <entity name="DoughsR29_zombieBoe"/>
DEBUG:Adding: <entity name="DoughsR32_zombieMoeRadiated" prob="0.66"/>
DEBUG:Adding: <entity name="DoughsR3_zombieFatCopRadiated" prob="0.5"/>
DEBUG:Adding: <entity name="DoughsR3_zombieFatCopRadiated" prob="0.5"/>
DEBUG:Adding: <entity name="DoughsR48_zombieCheerleaderRadiated" prob="0.66"/>
DEBUG:Adding: <entity name="DoughsR49_zombieMoe"/>
DEBUG:Adding: <entity name="DoughsR57_zombieSpiderFeral" prob="0.5"/>
DEBUG:Adding: <entity name="DoughsR59_zombieArleneFeral" prob="0.7"/>
DEBUG:Adding: <entity name="DoughsR71_zombieNurseFeral" prob="0.7"/>
DEBUG:Adding: <entity name="DoughsR75_zombieSkateboarderRadiated" prob="0.66"/>
DEBUG:Adding: <entity name="DoughsR88_animalZombieVulture" prob="0.3"/>
DEBUG:Adding: <entity name="DoughsR90_animalZombieVultureRadiated" prob="0.3"/>
DEBUG:ModletGen_AddZedsToEntityGroupsFile ENTITY GROUP: feralHordeStageGS167
DEBUG:Adding: <entity name="DoughsR10_zombieFemaleFatFeral" prob="0.6"/>
DEBUG:Adding: <entity name="DoughsR11_zombieBoeFeral" prob="0.7"/>
DEBUG:Adding: <entity name="DoughsR13_zombieSteve"/>
DEBUG:Adding: <entity name="DoughsR31_zombieArlene"/>
DEBUG:Adding: <entity name="DoughsR32_zombieMoeRadiated" prob="0.58"/>
DEBUG:Adding: <entity name="DoughsR41_zombieYo"/>
DEBUG:Adding: <entity name="DoughsR49_zombieMoe"/>
DEBUG:Adding: <entity name="DoughsR53_zombieJanitorFeral" prob="0.7"/>
DEBUG:Adding: <entity name="DoughsR55_zombieJoeRadiated" prob="0.61"/>
DEBUG:Adding: <entity name="DoughsR58_zombieJanitorRadiated" prob="0.61"/>
DEBUG:Adding: <entity name="DoughsR63_zombieFatCopFeral" prob="0.6"/>
DEBUG:Adding: <entity name="DoughsR86_zombieBikerRadiated" prob="0.24"/>
DEBUG:Adding: <entity name="DoughsR8_zombieArleneRadiated" prob="0.54"/>
DEBUG:ModletGen_AddZedsToEntityGroupsFile ENTITY GROUP: feralHordeStageGS1670
DEBUG:Adding: <entity name="DoughsR10_zombieFemaleFatFeral" prob="0.6"/>
DEBUG:Adding: <entity name="DoughsR13_zombieSteve"/>
DEBUG:Adding: <entity name="DoughsR24_zombieNurse"/>
DEBUG:Adding: <entity name="DoughsR27_zombieFatCop" prob="0.7"/>
DEBUG:Adding: <entity name="DoughsR34_zombieMarleneRadiated" prob="0.66"/>
DEBUG:Adding: <entity name="DoughsR39_zombieSkateboarderFeral" prob="0.7"/>
DEBUG:Adding: <entity name="DoughsR3_zombieFatCopRadiated" prob="0.5"/>
DEBUG:Adding: <entity name="DoughsR41_zombieYo"/>
DEBUG:Adding: <entity name="DoughsR45_zombieSpider" prob="0.7"/>
DEBUG:Adding: <entity name="DoughsR54_zombieFemaleFatRadiated" prob="0.6"/>
DEBUG:Adding: <entity name="DoughsR65_zombieJanitor"/>
DEBUG:Adding: <entity name="DoughsR66_zombieDarleneRadiated" prob="0.66"/>
DEBUG:Adding: <entity name="DoughsR76_zombieDemolition" prob="0.4"/>
DEBUG:Adding: <entity name="DoughsR88_animalZombieVulture" prob="0.3"/>
DEBUG:Adding: <entity name="DoughsR98_animalZombieDog"/>
DEBUG:ModletGen_AddZedsToEntityGroupsFile ENTITY GROUP: feralHordeStageGS1684
DEBUG:Adding: <entity name="DoughsR10_zombieFemaleFatFeral" prob="0.6"/>
DEBUG:Adding: <entity name="DoughsR11_zombieBoeFeral" prob="0.7"/>
DEBUG:Adding: <entity name="DoughsR16_zombieFemaleFat" prob="1"/>
DEBUG:Adding: <entity name="DoughsR2_zombieBusinessManFeral" prob="0.7"/>
DEBUG:Adding: <entity name="DoughsR31_zombieArlene"/>
DEBUG:Adding: <entity name="DoughsR37_zombieMarleneFeral" prob="0.7"/>
DEBUG:Adding: <entity name="DoughsR3_zombieFatCopRadiated" prob="0.5"/>
DEBUG:Adding: <entity name="DoughsR52_zombieUtilityWorkerFeral" prob="0.7"/>
DEBUG:Adding: <entity name="DoughsR53_zombieJanitorFeral" prob="0.7"/>
DEBUG:Adding: <entity name="DoughsR56_zombieUtilityWorker"/>
DEBUG:Adding: <entity name="DoughsR57_zombieSpiderFeral" prob="0.5"/>
DEBUG:Adding: <entity name="DoughsR62_zombieDarlene"/>
DEBUG:Adding: <entity name="DoughsR75_zombieSkateboarderRadiated" prob="0.66"/>
DEBUG:Adding: <entity name="DoughsR76_zombieDemolition" prob="0.4"/>
DEBUG:Adding: <entity name="DoughsR79_zombieYoFeral" prob="0.7"/>
DEBUG:ModletGen_AddZedsToEntityGroupsFile ENTITY GROUP: feralHordeStageGS1698
DEBUG:Adding: <entity name="DoughsR13_zombieSteve"/>
DEBUG:Adding: <entity name="DoughsR22_zombieWightRadiated" prob="0.6"/>
DEBUG:Adding: <entity name="DoughsR36_zombieYoRadiated" prob="0.66"/>
DEBUG:Adding: <entity name="DoughsR3_zombieFatCopRadiated" prob="0.5"/>
DEBUG:Adding: <entity name="DoughsR41_zombieYo"/>
DEBUG:Adding: <entity name="DoughsR54_zombieFemaleFatRadiated" prob="0.6"/>
DEBUG:Adding: <entity name="DoughsR55_zombieJoeRadiated" prob="0.66"/>
DEBUG:Adding: <entity name="DoughsR59_zombieArleneFeral" prob="0.7"/>
DEBUG:Adding: <entity name="DoughsR62_zombieDarlene"/>
DEBUG:Adding: <entity name="DoughsR74_zombieMoeFeral" prob="0.7"/>
DEBUG:Adding: <entity name="DoughsR75_zombieSkateboarderRadiated" prob="0.66"/>
DEBUG:Adding: <entity name="DoughsR79_zombieYoFeral" prob="0.7"/>
DEBUG:Adding: <entity name="DoughsR81_zombieSteveRadiated" prob="0.66"/>
DEBUG:Adding: <entity name="DoughsR90_animalZombieVultureRadiated" prob="0.3"/>
DEBUG:Adding: <entity name="DoughsR98_animalZombieDog"/>
DEBUG:ModletGen_AddZedsToEntityGroupsFile ENTITY GROUP: feralHordeStageGS1712
DEBUG:Adding: <entity name="DoughsR14_zombieSoldier" prob="1"/>
DEBUG:Adding: <entity name="DoughsR22_zombieWightRadiated" prob="0.5"/>
DEBUG:Adding: <entity name="DoughsR27_zombieFatCop" prob="0.7"/>
DEBUG:Adding: <entity name="DoughsR28_zombieMarlene"/>
DEBUG:Adding: <entity name="DoughsR2_zombieBusinessManFeral" prob="0.7"/>
DEBUG:Adding: <entity name="DoughsR52_zombieUtilityWorkerFeral" prob="0.7"/>
DEBUG:Adding: <entity name="DoughsR54_zombieFemaleFatRadiated" prob="0.6"/>
DEBUG:Adding: <entity name="DoughsR55_zombieJoeRadiated" prob="0.66"/>
DEBUG:Adding: <entity name="DoughsR59_zombieArleneFeral" prob="0.7"/>
DEBUG:Adding: <entity name="DoughsR63_zombieFatCopFeral" prob="0.6"/>
DEBUG:Adding: <entity name="DoughsR65_zombieJanitor"/>
DEBUG:Adding: <entity name="DoughsR75_zombieSkateboarderRadiated" prob="0.66"/>
DEBUG:Adding: <entity name="DoughsR81_zombieSteveRadiated" prob="0.66"/>
DEBUG:Adding: <entity name="DoughsR86_zombieBikerRadiated" prob="0.6"/>
DEBUG:Adding: <entity name="DoughsR98_animalZombieDog"/>
DEBUG:ModletGen_AddZedsToEntityGroupsFile ENTITY GROUP: feralHordeStageGS1726
DEBUG:Adding: <entity name="DoughsR12_zombieJoeFeral" prob="0.7"/>
DEBUG:Adding: <entity name="DoughsR20_zombieSoldierRadiated" prob="0.5"/>
DEBUG:Adding: <entity name="DoughsR22_zombieWightRadiated" prob="0.6"/>
DEBUG:Adding: <entity name="DoughsR27_zombieFatCop" prob="0.7"/>
DEBUG:Adding: <entity name="DoughsR36_zombieYoRadiated" prob="0.66"/>
DEBUG:Adding: <entity name="DoughsR45_zombieSpider" prob="0.7"/>
DEBUG:Adding: <entity name="DoughsR50_zombieBoeRadiated" prob="0.66"/>
DEBUG:Adding: <entity name="DoughsR53_zombieJanitorFeral" prob="0.7"/>
DEBUG:Adding: <entity name="DoughsR56_zombieUtilityWorker"/>
DEBUG:Adding: <entity name="DoughsR62_zombieDarlene"/>
DEBUG:Adding: <entity name="DoughsR65_zombieJanitor"/>
DEBUG:Adding: <entity name="DoughsR69_zombieOldTimerRadiated" prob="0.66"/>
DEBUG:Adding: <entity name="DoughsR76_zombieDemolition" prob="0.4"/>
DEBUG:Adding: <entity name="DoughsR7_zombieWightFeral" prob="0.6"/>
DEBUG:Adding: <entity name="DoughsR8_zombieArleneRadiated" prob="0.66"/>
DEBUG:ModletGen_AddZedsToEntityGroupsFile ENTITY GROUP: feralHordeStageGS174
DEBUG:Adding: <entity name="DoughsR12_zombieJoeFeral" prob="0.7"/>
DEBUG:Adding: <entity name="DoughsR27_zombieFatCop" prob="0.7"/>
DEBUG:Adding: <entity name="DoughsR34_zombieMarleneRadiated" prob="0.54"/>
DEBUG:Adding: <entity name="DoughsR39_zombieSkateboarderFeral" prob="0.7"/>
DEBUG:Adding: <entity name="DoughsR51_zombieDarleneFeral" prob="0.7"/>
DEBUG:Adding: <entity name="DoughsR57_zombieSpiderFeral" prob="0.5"/>
DEBUG:Adding: <entity name="DoughsR62_zombieDarlene"/>
DEBUG:Adding: <entity name="DoughsR76_zombieDemolition" prob="0.23"/>
DEBUG:Adding: <entity name="DoughsR78_zombieSteveFeral" prob="0.7"/>
DEBUG:Adding: <entity name="DoughsR7_zombieWightFeral" prob="0.6"/>
DEBUG:Adding: <entity name="DoughsR81_zombieSteveRadiated" prob="0.47"/>
DEBUG:Adding: <entity name="DoughsR8_zombieArleneRadiated" prob="0.61"/>
DEBUG:Adding: <entity name="DoughsR98_animalZombieDog"/>
DEBUG:ModletGen_AddZedsToEntityGroupsFile ENTITY GROUP: feralHordeStageGS1740
DEBUG:Adding: <entity name="DoughsR24_zombieNurse"/>
DEBUG:Adding: <entity name="DoughsR29_zombieBoe"/>
DEBUG:Adding: <entity name="DoughsR36_zombieYoRadiated" prob="0.66"/>
DEBUG:Adding: <entity name="DoughsR3_zombieFatCopRadiated" prob="0.5"/>
DEBUG:Adding: <entity name="DoughsR48_zombieCheerleaderRadiated" prob="0.66"/>
DEBUG:Adding: <entity name="DoughsR56_zombieUtilityWorker"/>
DEBUG:Adding: <entity name="DoughsR58_zombieJanitorRadiated" prob="0.66"/>
DEBUG:Adding: <entity name="DoughsR66_zombieDarleneRadiated" prob="0.66"/>
DEBUG:Adding: <entity name="DoughsR71_zombieNurseFeral" prob="0.7"/>
DEBUG:Adding: <entity name="DoughsR76_zombieDemolition" prob="0.4"/>
DEBUG:Adding: <entity name="DoughsR76_zombieDemolition" prob="0.4"/>
DEBUG:Adding: <entity name="DoughsR7_zombieWightFeral" prob="0.6"/>
DEBUG:Adding: <entity name="DoughsR86_zombieBikerRadiated" prob="0.6"/>
DEBUG:Adding: <entity name="DoughsR88_animalZombieVulture" prob="0.3"/>
DEBUG:Adding: <entity name="DoughsR90_animalZombieVultureRadiated" prob="0.3"/>
DEBUG:ModletGen_AddZedsToEntityGroupsFile ENTITY GROUP: feralHordeStageGS1754
DEBUG:Adding: <entity name="DoughsR22_zombieWightRadiated" prob="0.5"/>
DEBUG:Adding: <entity name="DoughsR32_zombieMoeRadiated" prob="0.66"/>
DEBUG:Adding: <entity name="DoughsR37_zombieMarleneFeral" prob="0.7"/>
DEBUG:Adding: <entity name="DoughsR48_zombieCheerleaderRadiated" prob="0.66"/>
DEBUG:Adding: <entity name="DoughsR50_zombieBoeRadiated" prob="0.66"/>
DEBUG:Adding: <entity name="DoughsR52_zombieUtilityWorkerFeral" prob="0.7"/>
DEBUG:Adding: <entity name="DoughsR53_zombieJanitorFeral" prob="0.7"/>
DEBUG:Adding: <entity name="DoughsR55_zombieJoeRadiated" prob="0.66"/>
DEBUG:Adding: <entity name="DoughsR58_zombieJanitorRadiated" prob="0.66"/>
DEBUG:Adding: <entity name="DoughsR59_zombieArleneFeral" prob="0.7"/>
DEBUG:Adding: <entity name="DoughsR61_zombieSkateboarder"/>
DEBUG:Adding: <entity name="DoughsR62_zombieDarlene"/>
DEBUG:Adding: <entity name="DoughsR65_zombieJanitor"/>
DEBUG:Adding: <entity name="DoughsR69_zombieOldTimerRadiated" prob="0.66"/>
DEBUG:Adding: <entity name="DoughsR75_zombieSkateboarderRadiated" prob="0.66"/>
DEBUG:ModletGen_AddZedsToEntityGroupsFile ENTITY GROUP: feralHordeStageGS1768
DEBUG:Adding: <entity name="DoughsR10_zombieFemaleFatFeral" prob="0.6"/>
DEBUG:Adding: <entity name="DoughsR13_zombieSteve"/>
DEBUG:Adding: <entity name="DoughsR31_zombieArlene"/>
DEBUG:Adding: <entity name="DoughsR37_zombieMarleneFeral" prob="0.7"/>
DEBUG:Adding: <entity name="DoughsR3_zombieFatCopRadiated" prob="0.5"/>
DEBUG:Adding: <entity name="DoughsR3_zombieFatCopRadiated" prob="0.5"/>
DEBUG:Adding: <entity name="DoughsR45_zombieSpider" prob="0.7"/>
DEBUG:Adding: <entity name="DoughsR48_zombieCheerleaderRadiated" prob="0.66"/>
DEBUG:Adding: <entity name="DoughsR56_zombieUtilityWorker"/>
DEBUG:Adding: <entity name="DoughsR61_zombieSkateboarder"/>
DEBUG:Adding: <entity name="DoughsR69_zombieOldTimerRadiated" prob="0.66"/>
DEBUG:Adding: <entity name="DoughsR78_zombieSteveFeral" prob="0.7"/>
DEBUG:Adding: <entity name="DoughsR86_zombieBikerRadiated" prob="0.6"/>
DEBUG:Adding: <entity name="DoughsR88_animalZombieVulture" prob="0.3"/>
DEBUG:Adding: <entity name="DoughsR98_animalZombieDog"/>
DEBUG:ModletGen_AddZedsToEntityGroupsFile ENTITY GROUP: feralHordeStageGS1782
DEBUG:Adding: <entity name="DoughsR13_zombieSteve"/>
DEBUG:Adding: <entity name="DoughsR21_zombieSpiderRadiated" prob="0.6"/>
DEBUG:Adding: <entity name="DoughsR22_zombieWightRadiated" prob="0.5"/>
DEBUG:Adding: <entity name="DoughsR28_zombieMarlene"/>
DEBUG:Adding: <entity name="DoughsR2_zombieBusinessManFeral" prob="0.7"/>
DEBUG:Adding: <entity name="DoughsR31_zombieArlene"/>
DEBUG:Adding: <entity name="DoughsR37_zombieMarleneFeral" prob="0.7"/>
DEBUG:Adding: <entity name="DoughsR3_zombieFatCopRadiated" prob="0.5"/>
DEBUG:Adding: <entity name="DoughsR41_zombieYo"/>
DEBUG:Adding: <entity name="DoughsR48_zombieCheerleaderRadiated" prob="0.66"/>
DEBUG:Adding: <entity name="DoughsR49_zombieMoe"/>
DEBUG:Adding: <entity name="DoughsR51_zombieDarleneFeral" prob="0.7"/>
DEBUG:Adding: <entity name="DoughsR62_zombieDarlene"/>
DEBUG:Adding: <entity name="DoughsR65_zombieJanitor"/>
DEBUG:Adding: <entity name="DoughsR79_zombieYoFeral" prob="0.7"/>
DEBUG:ModletGen_AddZedsToEntityGroupsFile ENTITY GROUP: feralHordeStageGS1796
DEBUG:Adding: <entity name="DoughsR21_zombieSpiderRadiated" prob="0.6"/>
DEBUG:Adding: <entity name="DoughsR22_zombieWightRadiated" prob="0.5"/>
DEBUG:Adding: <entity name="DoughsR29_zombieBoe"/>
DEBUG:Adding: <entity name="DoughsR34_zombieMarleneRadiated" prob="0.66"/>
DEBUG:Adding: <entity name="DoughsR35_zombieJoe"/>
DEBUG:Adding: <entity name="DoughsR36_zombieYoRadiated" prob="0.66"/>
DEBUG:Adding: <entity name="DoughsR39_zombieSkateboarderFeral" prob="0.7"/>
DEBUG:Adding: <entity name="DoughsR62_zombieDarlene"/>
DEBUG:Adding: <entity name="DoughsR75_zombieSkateboarderRadiated" prob="0.66"/>
DEBUG:Adding: <entity name="DoughsR76_zombieDemolition" prob="0.4"/>
DEBUG:Adding: <entity name="DoughsR79_zombieYoFeral" prob="0.7"/>
DEBUG:Adding: <entity name="DoughsR7_zombieWightFeral" prob="0.6"/>
DEBUG:Adding: <entity name="DoughsR81_zombieSteveRadiated" prob="0.66"/>
DEBUG:Adding: <entity name="DoughsR86_zombieBikerRadiated" prob="0.6"/>
DEBUG:Adding: <entity name="DoughsR98_animalZombieDog"/>
DEBUG:ModletGen_AddZedsToEntityGroupsFile ENTITY GROUP: feralHordeStageGS181
DEBUG:Adding: <entity name="DoughsR13_zombieSteve"/>
DEBUG:Adding: <entity name="DoughsR14_zombieSoldier" prob="1"/>
DEBUG:Adding: <entity name="DoughsR22_zombieWightRadiated" prob="0.19"/>
DEBUG:Adding: <entity name="DoughsR28_zombieMarlene"/>
DEBUG:Adding: <entity name="DoughsR31_zombieArlene"/>
DEBUG:Adding: <entity name="DoughsR37_zombieMarleneFeral" prob="0.7"/>
DEBUG:Adding: <entity name="DoughsR39_zombieSkateboarderFeral" prob="0.7"/>
DEBUG:Adding: <entity name="DoughsR3_zombieFatCopRadiated" prob="0.16"/>
DEBUG:Adding: <entity name="DoughsR52_zombieUtilityWorkerFeral" prob="0.7"/>
DEBUG:Adding: <entity name="DoughsR53_zombieJanitorFeral" prob="0.7"/>
DEBUG:Adding: <entity name="DoughsR69_zombieOldTimerRadiated" prob="0.43"/>
DEBUG:Adding: <entity name="DoughsR74_zombieMoeFeral" prob="0.7"/>
DEBUG:Adding: <entity name="DoughsR78_zombieSteveFeral" prob="0.7"/>
DEBUG:ModletGen_AddZedsToEntityGroupsFile ENTITY GROUP: feralHordeStageGS1811
DEBUG:Adding: <entity name="DoughsR10_zombieFemaleFatFeral" prob="0.6"/>
DEBUG:Adding: <entity name="DoughsR16_zombieFemaleFat" prob="1"/>
DEBUG:Adding: <entity name="DoughsR21_zombieSpiderRadiated" prob="0.6"/>
DEBUG:Adding: <entity name="DoughsR28_zombieMarlene"/>
DEBUG:Adding: <entity name="DoughsR2_zombieBusinessManFeral" prob="0.7"/>
DEBUG:Adding: <entity name="DoughsR35_zombieJoe"/>
DEBUG:Adding: <entity name="DoughsR37_zombieMarleneFeral" prob="0.7"/>
DEBUG:Adding: <entity name="DoughsR44_zombieBusinessMan"/>
DEBUG:Adding: <entity name="DoughsR52_zombieUtilityWorkerFeral" prob="0.7"/>
DEBUG:Adding: <entity name="DoughsR55_zombieJoeRadiated" prob="0.66"/>
DEBUG:Adding: <entity name="DoughsR59_zombieArleneFeral" prob="0.7"/>
DEBUG:Adding: <entity name="DoughsR78_zombieSteveFeral" prob="0.7"/>
DEBUG:Adding: <entity name="DoughsR79_zombieYoFeral" prob="0.7"/>
DEBUG:Adding: <entity name="DoughsR8_zombieArleneRadiated" prob="0.66"/>
DEBUG:Adding: <entity name="DoughsR98_animalZombieDog"/>
DEBUG:ModletGen_AddZedsToEntityGroupsFile ENTITY GROUP: feralHordeStageGS1825
DEBUG:Adding: <entity name="DoughsR12_zombieJoeFeral" prob="0.7"/>
DEBUG:Adding: <entity name="DoughsR21_zombieSpiderRadiated" prob="0.6"/>
DEBUG:Adding: <entity name="DoughsR22_zombieWightRadiated" prob="0.5"/>
DEBUG:Adding: <entity name="DoughsR28_zombieMarlene"/>
DEBUG:Adding: <entity name="DoughsR37_zombieMarleneFeral" prob="0.7"/>
DEBUG:Adding: <entity name="DoughsR39_zombieSkateboarderFeral" prob="0.7"/>
DEBUG:Adding: <entity name="DoughsR3_zombieFatCopRadiated" prob="0.5"/>
DEBUG:Adding: <entity name="DoughsR44_zombieBusinessMan"/>
DEBUG:Adding: <entity name="DoughsR58_zombieJanitorRadiated" prob="0.66"/>
DEBUG:Adding: <entity name="DoughsR65_zombieJanitor"/>
DEBUG:Adding: <entity name="DoughsR69_zombieOldTimerRadiated" prob="0.66"/>
DEBUG:Adding: <entity name="DoughsR76_zombieDemolition" prob="0.4"/>
DEBUG:Adding: <entity name="DoughsR78_zombieSteveFeral" prob="0.7"/>
DEBUG:Adding: <entity name="DoughsR79_zombieYoFeral" prob="0.7"/>
DEBUG:Adding: <entity name="DoughsR90_animalZombieVultureRadiated" prob="0.3"/>
DEBUG:ModletGen_AddZedsToEntityGroupsFile ENTITY GROUP: feralHordeStageGS1839
DEBUG:Adding: <entity name="DoughsR21_zombieSpiderRadiated" prob="0.6"/>
DEBUG:Adding: <entity name="DoughsR28_zombieMarlene"/>
DEBUG:Adding: <entity name="DoughsR2_zombieBusinessManFeral" prob="0.7"/>
DEBUG:Adding: <entity name="DoughsR35_zombieJoe"/>
DEBUG:Adding: <entity name="DoughsR36_zombieYoRadiated" prob="0.66"/>
DEBUG:Adding: <entity name="DoughsR41_zombieYo"/>
DEBUG:Adding: <entity name="DoughsR49_zombieMoe"/>
DEBUG:Adding: <entity name="DoughsR50_zombieBoeRadiated" prob="0.66"/>
DEBUG:Adding: <entity name="DoughsR52_zombieUtilityWorkerFeral" prob="0.7"/>
DEBUG:Adding: <entity name="DoughsR56_zombieUtilityWorker"/>
DEBUG:Adding: <entity name="DoughsR57_zombieSpiderFeral" prob="0.5"/>
DEBUG:Adding: <entity name="DoughsR59_zombieArleneFeral" prob="0.7"/>
DEBUG:Adding: <entity name="DoughsR61_zombieSkateboarder"/>
DEBUG:Adding: <entity name="DoughsR69_zombieOldTimerRadiated" prob="0.66"/>
DEBUG:Adding: <entity name="DoughsR74_zombieMoeFeral" prob="0.7"/>
DEBUG:ModletGen_AddZedsToEntityGroupsFile ENTITY GROUP: feralHordeStageGS1853
DEBUG:Adding: <entity name="DoughsR10_zombieFemaleFatFeral" prob="0.6"/>
DEBUG:Adding: <entity name="DoughsR11_zombieBoeFeral" prob="0.7"/>
DEBUG:Adding: <entity name="DoughsR21_zombieSpiderRadiated" prob="0.6"/>
DEBUG:Adding: <entity name="DoughsR24_zombieNurse"/>
DEBUG:Adding: <entity name="DoughsR27_zombieFatCop" prob="0.7"/>
DEBUG:Adding: <entity name="DoughsR2_zombieBusinessManFeral" prob="0.7"/>
DEBUG:Adding: <entity name="DoughsR48_zombieCheerleaderRadiated" prob="0.66"/>
DEBUG:Adding: <entity name="DoughsR53_zombieJanitorFeral" prob="0.7"/>
DEBUG:Adding: <entity name="DoughsR56_zombieUtilityWorker"/>
DEBUG:Adding: <entity name="DoughsR58_zombieJanitorRadiated" prob="0.66"/>
DEBUG:Adding: <entity name="DoughsR69_zombieOldTimerRadiated" prob="0.66"/>
DEBUG:Adding: <entity name="DoughsR76_zombieDemolition" prob="0.4"/>
DEBUG:Adding: <entity name="DoughsR7_zombieWightFeral" prob="0.6"/>
DEBUG:Adding: <entity name="DoughsR88_animalZombieVulture" prob="0.3"/>
DEBUG:Adding: <entity name="DoughsR90_animalZombieVultureRadiated" prob="0.3"/>
DEBUG:ModletGen_AddZedsToEntityGroupsFile ENTITY GROUP: feralHordeStageGS1868
DEBUG:Adding: <entity name="DoughsR20_zombieSoldierRadiated" prob="0.5"/>
DEBUG:Adding: <entity name="DoughsR21_zombieSpiderRadiated" prob="0.6"/>
DEBUG:Adding: <entity name="DoughsR2_zombieBusinessManFeral" prob="0.7"/>
DEBUG:Adding: <entity name="DoughsR3_zombieFatCopRadiated" prob="0.5"/>
DEBUG:Adding: <entity name="DoughsR45_zombieSpider" prob="0.7"/>
DEBUG:Adding: <entity name="DoughsR48_zombieCheerleaderRadiated" prob="0.66"/>
DEBUG:Adding: <entity name="DoughsR50_zombieBoeRadiated" prob="0.66"/>
DEBUG:Adding: <entity name="DoughsR52_zombieUtilityWorkerFeral" prob="0.7"/>
DEBUG:Adding: <entity name="DoughsR54_zombieFemaleFatRadiated" prob="0.6"/>
DEBUG:Adding: <entity name="DoughsR63_zombieFatCopFeral" prob="0.6"/>
DEBUG:Adding: <entity name="DoughsR71_zombieNurseFeral" prob="0.7"/>
DEBUG:Adding: <entity name="DoughsR74_zombieMoeFeral" prob="0.7"/>
DEBUG:Adding: <entity name="DoughsR81_zombieSteveRadiated" prob="0.66"/>
DEBUG:Adding: <entity name="DoughsR88_animalZombieVulture" prob="0.3"/>
DEBUG:Adding: <entity name="DoughsR8_zombieArleneRadiated" prob="0.66"/>
DEBUG:ModletGen_AddZedsToEntityGroupsFile ENTITY GROUP: feralHordeStageGS188
DEBUG:Adding: <entity name="DoughsR27_zombieFatCop" prob="0.7"/>
DEBUG:Adding: <entity name="DoughsR28_zombieMarlene"/>
DEBUG:Adding: <entity name="DoughsR29_zombieBoe"/>
DEBUG:Adding: <entity name="DoughsR32_zombieMoeRadiated" prob="0.66"/>
DEBUG:Adding: <entity name="DoughsR3_zombieFatCopRadiated" prob="0.21"/>
DEBUG:Adding: <entity name="DoughsR3_zombieFatCopRadiated" prob="0.29"/>
DEBUG:Adding: <entity name="DoughsR52_zombieUtilityWorkerFeral" prob="0.7"/>
DEBUG:Adding: <entity name="DoughsR59_zombieArleneFeral" prob="0.7"/>
DEBUG:Adding: <entity name="DoughsR62_zombieDarlene"/>
DEBUG:Adding: <entity name="DoughsR65_zombieJanitor"/>
DEBUG:Adding: <entity name="DoughsR76_zombieDemolition" prob="0.16"/>
DEBUG:Adding: <entity name="DoughsR8_zombieArleneRadiated" prob="0.66"/>
DEBUG:Adding: <entity name="DoughsR98_animalZombieDog"/>
DEBUG:ModletGen_AddZedsToEntityGroupsFile ENTITY GROUP: feralHordeStageGS1882
DEBUG:Adding: <entity name="DoughsR14_zombieSoldier" prob="1"/>
DEBUG:Adding: <entity name="DoughsR22_zombieWightRadiated" prob="0.5"/>
DEBUG:Adding: <entity name="DoughsR31_zombieArlene"/>
DEBUG:Adding: <entity name="DoughsR32_zombieMoeRadiated" prob="0.66"/>
DEBUG:Adding: <entity name="DoughsR34_zombieMarleneRadiated" prob="0.66"/>
DEBUG:Adding: <entity name="DoughsR35_zombieJoe"/>
DEBUG:Adding: <entity name="DoughsR39_zombieSkateboarderFeral" prob="0.7"/>
DEBUG:Adding: <entity name="DoughsR3_zombieFatCopRadiated" prob="0.5"/>
DEBUG:Adding: <entity name="DoughsR41_zombieYo"/>
DEBUG:Adding: <entity name="DoughsR49_zombieMoe"/>
DEBUG:Adding: <entity name="DoughsR53_zombieJanitorFeral" prob="0.7"/>
DEBUG:Adding: <entity name="DoughsR58_zombieJanitorRadiated" prob="0.66"/>
DEBUG:Adding: <entity name="DoughsR65_zombieJanitor"/>
DEBUG:Adding: <entity name="DoughsR76_zombieDemolition" prob="0.4"/>
DEBUG:Adding: <entity name="DoughsR86_zombieBikerRadiated" prob="0.6"/>
DEBUG:ModletGen_AddZedsToEntityGroupsFile ENTITY GROUP: feralHordeStageGS1897
DEBUG:Adding: <entity name="DoughsR10_zombieFemaleFatFeral" prob="0.6"/>
DEBUG:Adding: <entity name="DoughsR20_zombieSoldierRadiated" prob="0.5"/>
DEBUG:Adding: <entity name="DoughsR22_zombieWightRadiated" prob="0.5"/>
DEBUG:Adding: <entity name="DoughsR22_zombieWightRadiated" prob="0.6"/>
DEBUG:Adding: <entity name="DoughsR28_zombieMarlene"/>
DEBUG:Adding: <entity name="DoughsR31_zombieArlene"/>
DEBUG:Adding: <entity name="DoughsR36_zombieYoRadiated" prob="0.66"/>
DEBUG:Adding: <entity name="DoughsR3_zombieFatCopRadiated" prob="0.5"/>
DEBUG:Adding: <entity name="DoughsR48_zombieCheerleaderRadiated" prob="0.66"/>
DEBUG:Adding: <entity name="DoughsR61_zombieSkateboarder"/>
DEBUG:Adding: <entity name="DoughsR66_zombieDarleneRadiated" prob="0.66"/>
DEBUG:Adding: <entity name="DoughsR76_zombieDemolition" prob="0.4"/>
DEBUG:Adding: <entity name="DoughsR78_zombieSteveFeral" prob="0.7"/>
DEBUG:Adding: <entity name="DoughsR88_animalZombieVulture" prob="0.3"/>
DEBUG:Adding: <entity name="DoughsR98_animalZombieDog"/>
DEBUG:ModletGen_AddZedsToEntityGroupsFile ENTITY GROUP: feralHordeStageGS19
DEBUG:Adding: <entity name="DoughsR13_zombieSteve"/>
DEBUG:Adding: <entity name="DoughsR16_zombieFemaleFat" prob="0.78"/>
DEBUG:Adding: <entity name="DoughsR24_zombieNurse"/>
DEBUG:Adding: <entity name="DoughsR28_zombieMarlene"/>
DEBUG:Adding: <entity name="DoughsR29_zombieBoe"/>
DEBUG:Adding: <entity name="DoughsR31_zombieArlene"/>
DEBUG:Adding: <entity name="DoughsR41_zombieYo"/>
DEBUG:Adding: <entity name="DoughsR44_zombieBusinessMan"/>
DEBUG:Adding: <entity name="DoughsR49_zombieMoe"/>
DEBUG:Adding: <entity name="DoughsR61_zombieSkateboarder"/>
DEBUG:Adding: <entity name="DoughsR62_zombieDarlene"/>
DEBUG:Adding: <entity name="DoughsR65_zombieJanitor"/>
DEBUG:ModletGen_AddZedsToEntityGroupsFile ENTITY GROUP: feralHordeStageGS1911
DEBUG:Adding: <entity name="DoughsR20_zombieSoldierRadiated" prob="0.5"/>
DEBUG:Adding: <entity name="DoughsR27_zombieFatCop" prob="0.7"/>
DEBUG:Adding: <entity name="DoughsR34_zombieMarleneRadiated" prob="0.66"/>
DEBUG:Adding: <entity name="DoughsR35_zombieJoe"/>
DEBUG:Adding: <entity name="DoughsR45_zombieSpider" prob="0.7"/>
DEBUG:Adding: <entity name="DoughsR50_zombieBoeRadiated" prob="0.66"/>
DEBUG:Adding: <entity name="DoughsR52_zombieUtilityWorkerFeral" prob="0.7"/>
DEBUG:Adding: <entity name="DoughsR53_zombieJanitorFeral" prob="0.7"/>
DEBUG:Adding: <entity name="DoughsR57_zombieSpiderFeral" prob="0.5"/>
DEBUG:Adding: <entity name="DoughsR59_zombieArleneFeral" prob="0.7"/>
DEBUG:Adding: <entity name="DoughsR65_zombieJanitor"/>
DEBUG:Adding: <entity name="DoughsR66_zombieDarleneRadiated" prob="0.66"/>
DEBUG:Adding: <entity name="DoughsR7_zombieWightFeral" prob="0.6"/>
DEBUG:Adding: <entity name="DoughsR81_zombieSteveRadiated" prob="0.66"/>
DEBUG:Adding: <entity name="DoughsR98_animalZombieDog"/>
DEBUG:ModletGen_AddZedsToEntityGroupsFile ENTITY GROUP: feralHordeStageGS1926
DEBUG:Adding: <entity name="DoughsR21_zombieSpiderRadiated" prob="0.6"/>
DEBUG:Adding: <entity name="DoughsR22_zombieWightRadiated" prob="0.6"/>
DEBUG:Adding: <entity name="DoughsR28_zombieMarlene"/>
DEBUG:Adding: <entity name="DoughsR2_zombieBusinessManFeral" prob="0.7"/>
DEBUG:Adding: <entity name="DoughsR31_zombieArlene"/>
DEBUG:Adding: <entity name="DoughsR32_zombieMoeRadiated" prob="0.66"/>
DEBUG:Adding: <entity name="DoughsR39_zombieSkateboarderFeral" prob="0.7"/>
DEBUG:Adding: <entity name="DoughsR3_zombieFatCopRadiated" prob="0.5"/>
DEBUG:Adding: <entity name="DoughsR44_zombieBusinessMan"/>
DEBUG:Adding: <entity name="DoughsR53_zombieJanitorFeral" prob="0.7"/>
DEBUG:Adding: <entity name="DoughsR56_zombieUtilityWorker"/>
DEBUG:Adding: <entity name="DoughsR63_zombieFatCopFeral" prob="0.6"/>
DEBUG:Adding: <entity name="DoughsR66_zombieDarleneRadiated" prob="0.66"/>
DEBUG:Adding: <entity name="DoughsR78_zombieSteveFeral" prob="0.7"/>
DEBUG:Adding: <entity name="DoughsR90_animalZombieVultureRadiated" prob="0.3"/>
DEBUG:ModletGen_AddZedsToEntityGroupsFile ENTITY GROUP: feralHordeStageGS1940
DEBUG:Adding: <entity name="DoughsR12_zombieJoeFeral" prob="0.7"/>
DEBUG:Adding: <entity name="DoughsR29_zombieBoe"/>
DEBUG:Adding: <entity name="DoughsR2_zombieBusinessManFeral" prob="0.7"/>
DEBUG:Adding: <entity name="DoughsR34_zombieMarleneRadiated" prob="0.66"/>
DEBUG:Adding: <entity name="DoughsR36_zombieYoRadiated" prob="0.66"/>
DEBUG:Adding: <entity name="DoughsR37_zombieMarleneFeral" prob="0.7"/>
DEBUG:Adding: <entity name="DoughsR55_zombieJoeRadiated" prob="0.66"/>
DEBUG:Adding: <entity name="DoughsR61_zombieSkateboarder"/>
DEBUG:Adding: <entity name="DoughsR63_zombieFatCopFeral" prob="0.6"/>
DEBUG:Adding: <entity name="DoughsR66_zombieDarleneRadiated" prob="0.66"/>
DEBUG:Adding: <entity name="DoughsR76_zombieDemolition" prob="0.4"/>
DEBUG:Adding: <entity name="DoughsR78_zombieSteveFeral" prob="0.7"/>
DEBUG:Adding: <entity name="DoughsR7_zombieWightFeral" prob="0.6"/>
DEBUG:Adding: <entity name="DoughsR86_zombieBikerRadiated" prob="0.6"/>
DEBUG:Adding: <entity name="DoughsR98_animalZombieDog"/>
DEBUG:ModletGen_AddZedsToEntityGroupsFile ENTITY GROUP: feralHordeStageGS195
DEBUG:Adding: <entity name="DoughsR27_zombieFatCop" prob="0.7"/>
DEBUG:Adding: <entity name="DoughsR35_zombieJoe"/>
DEBUG:Adding: <entity name="DoughsR39_zombieSkateboarderFeral" prob="0.7"/>
DEBUG:Adding: <entity name="DoughsR3_zombieFatCopRadiated" prob="0.34"/>
DEBUG:Adding: <entity name="DoughsR44_zombieBusinessMan"/>
DEBUG:Adding: <entity name="DoughsR45_zombieSpider" prob="0.7"/>
DEBUG:Adding: <entity name="DoughsR51_zombieDarleneFeral" prob="0.7"/>
DEBUG:Adding: <entity name="DoughsR55_zombieJoeRadiated" prob="0.66"/>
DEBUG:Adding: <entity name="DoughsR56_zombieUtilityWorker"/>
DEBUG:Adding: <entity name="DoughsR69_zombieOldTimerRadiated" prob="0.56"/>
DEBUG:Adding: <entity name="DoughsR75_zombieSkateboarderRadiated" prob="0.59"/>
DEBUG:Adding: <entity name="DoughsR7_zombieWightFeral" prob="0.6"/>
DEBUG:Adding: <entity name="DoughsR88_animalZombieVulture" prob="0.3"/>
DEBUG:ModletGen_AddZedsToEntityGroupsFile ENTITY GROUP: feralHordeStageGS1955
DEBUG:Adding: <entity name="DoughsR12_zombieJoeFeral" prob="0.7"/>
DEBUG:Adding: <entity name="DoughsR20_zombieSoldierRadiated" prob="0.5"/>
DEBUG:Adding: <entity name="DoughsR22_zombieWightRadiated" prob="0.5"/>
DEBUG:Adding: <entity name="DoughsR22_zombieWightRadiated" prob="0.6"/>
DEBUG:Adding: <entity name="DoughsR29_zombieBoe"/>
DEBUG:Adding: <entity name="DoughsR44_zombieBusinessMan"/>
DEBUG:Adding: <entity name="DoughsR45_zombieSpider" prob="0.7"/>
DEBUG:Adding: <entity name="DoughsR50_zombieBoeRadiated" prob="0.66"/>
DEBUG:Adding: <entity name="DoughsR51_zombieDarleneFeral" prob="0.7"/>
DEBUG:Adding: <entity name="DoughsR57_zombieSpiderFeral" prob="0.5"/>
DEBUG:Adding: <entity name="DoughsR61_zombieSkateboarder"/>
DEBUG:Adding: <entity name="DoughsR65_zombieJanitor"/>
DEBUG:Adding: <entity name="DoughsR66_zombieDarleneRadiated" prob="0.66"/>
DEBUG:Adding: <entity name="DoughsR88_animalZombieVulture" prob="0.3"/>
DEBUG:Adding: <entity name="DoughsR8_zombieArleneRadiated" prob="0.66"/>
DEBUG:ModletGen_AddZedsToEntityGroupsFile ENTITY GROUP: feralHordeStageGS1969
DEBUG:Adding: <entity name="DoughsR10_zombieFemaleFatFeral" prob="0.6"/>
DEBUG:Adding: <entity name="DoughsR21_zombieSpiderRadiated" prob="0.6"/>
DEBUG:Adding: <entity name="DoughsR28_zombieMarlene"/>
DEBUG:Adding: <entity name="DoughsR29_zombieBoe"/>
DEBUG:Adding: <entity name="DoughsR45_zombieSpider" prob="0.7"/>
DEBUG:Adding: <entity name="DoughsR48_zombieCheerleaderRadiated" prob="0.66"/>
DEBUG:Adding: <entity name="DoughsR57_zombieSpiderFeral" prob="0.5"/>
DEBUG:Adding: <entity name="DoughsR58_zombieJanitorRadiated" prob="0.66"/>
DEBUG:Adding: <entity name="DoughsR59_zombieArleneFeral" prob="0.7"/>
DEBUG:Adding: <entity name="DoughsR61_zombieSkateboarder"/>
DEBUG:Adding: <entity name="DoughsR65_zombieJanitor"/>
DEBUG:Adding: <entity name="DoughsR69_zombieOldTimerRadiated" prob="0.66"/>
DEBUG:Adding: <entity name="DoughsR7_zombieWightFeral" prob="0.6"/>
DEBUG:Adding: <entity name="DoughsR81_zombieSteveRadiated" prob="0.66"/>
DEBUG:Adding: <entity name="DoughsR86_zombieBikerRadiated" prob="0.6"/>
DEBUG:ModletGen_AddZedsToEntityGroupsFile ENTITY GROUP: feralHordeStageGS1984
DEBUG:Adding: <entity name="DoughsR12_zombieJoeFeral" prob="0.7"/>
DEBUG:Adding: <entity name="DoughsR13_zombieSteve"/>
DEBUG:Adding: <entity name="DoughsR29_zombieBoe"/>
DEBUG:Adding: <entity name="DoughsR34_zombieMarleneRadiated" prob="0.66"/>
DEBUG:Adding: <entity name="DoughsR36_zombieYoRadiated" prob="0.66"/>
DEBUG:Adding: <entity name="DoughsR37_zombieMarleneFeral" prob="0.7"/>
DEBUG:Adding: <entity name="DoughsR3_zombieFatCopRadiated" prob="0.5"/>
DEBUG:Adding: <entity name="DoughsR3_zombieFatCopRadiated" prob="0.5"/>
DEBUG:Adding: <entity name="DoughsR45_zombieSpider" prob="0.7"/>
DEBUG:Adding: <entity name="DoughsR50_zombieBoeRadiated" prob="0.66"/>
DEBUG:Adding: <entity name="DoughsR51_zombieDarleneFeral" prob="0.7"/>
DEBUG:Adding: <entity name="DoughsR76_zombieDemolition" prob="0.4"/>
DEBUG:Adding: <entity name="DoughsR88_animalZombieVulture" prob="0.3"/>
DEBUG:Adding: <entity name="DoughsR8_zombieArleneRadiated" prob="0.66"/>
DEBUG:Adding: <entity name="DoughsR90_animalZombieVultureRadiated" prob="0.3"/>
DEBUG:ModletGen_AddZedsToEntityGroupsFile ENTITY GROUP: feralHordeStageGS1999
DEBUG:Adding: <entity name="DoughsR10_zombieFemaleFatFeral" prob="0.6"/>
DEBUG:Adding: <entity name="DoughsR28_zombieMarlene"/>
DEBUG:Adding: <entity name="DoughsR2_zombieBusinessManFeral" prob="0.7"/>
DEBUG:Adding: <entity name="DoughsR35_zombieJoe"/>
DEBUG:Adding: <entity name="DoughsR39_zombieSkateboarderFeral" prob="0.7"/>
DEBUG:Adding: <entity name="DoughsR3_zombieFatCopRadiated" prob="0.5"/>
DEBUG:Adding: <entity name="DoughsR44_zombieBusinessMan"/>
DEBUG:Adding: <entity name="DoughsR45_zombieSpider" prob="0.7"/>
DEBUG:Adding: <entity name="DoughsR51_zombieDarleneFeral" prob="0.7"/>
DEBUG:Adding: <entity name="DoughsR55_zombieJoeRadiated" prob="0.66"/>
DEBUG:Adding: <entity name="DoughsR58_zombieJanitorRadiated" prob="0.66"/>
DEBUG:Adding: <entity name="DoughsR75_zombieSkateboarderRadiated" prob="0.66"/>
DEBUG:Adding: <entity name="DoughsR7_zombieWightFeral" prob="0.6"/>
DEBUG:Adding: <entity name="DoughsR86_zombieBikerRadiated" prob="0.6"/>
DEBUG:Adding: <entity name="DoughsR90_animalZombieVultureRadiated" prob="0.3"/>
DEBUG:ModletGen_AddZedsToEntityGroupsFile ENTITY GROUP: feralHordeStageGS2
DEBUG:Adding: <entity name="DoughsR13_zombieSteve"/>
DEBUG:Adding: <entity name="DoughsR16_zombieFemaleFat" prob="0.7"/>
DEBUG:Adding: <entity name="DoughsR24_zombieNurse"/>
DEBUG:Adding: <entity name="DoughsR28_zombieMarlene"/>
DEBUG:Adding: <entity name="DoughsR29_zombieBoe"/>
DEBUG:Adding: <entity name="DoughsR31_zombieArlene"/>
DEBUG:Adding: <entity name="DoughsR35_zombieJoe"/>
DEBUG:Adding: <entity name="DoughsR41_zombieYo"/>
DEBUG:Adding: <entity name="DoughsR44_zombieBusinessMan"/>
DEBUG:Adding: <entity name="DoughsR61_zombieSkateboarder"/>
DEBUG:Adding: <entity name="DoughsR62_zombieDarlene"/>
DEBUG:Adding: <entity name="DoughsR65_zombieJanitor"/>
DEBUG:ModletGen_AddZedsToEntityGroupsFile ENTITY GROUP: feralHordeStageGS2013
DEBUG:Adding: <entity name="DoughsR10_zombieFemaleFatFeral" prob="0.6"/>
DEBUG:Adding: <entity name="DoughsR11_zombieBoeFeral" prob="0.7"/>
DEBUG:Adding: <entity name="DoughsR12_zombieJoeFeral" prob="0.7"/>
DEBUG:Adding: <entity name="DoughsR16_zombieFemaleFat" prob="1"/>
DEBUG:Adding: <entity name="DoughsR21_zombieSpiderRadiated" prob="0.6"/>
DEBUG:Adding: <entity name="DoughsR28_zombieMarlene"/>
DEBUG:Adding: <entity name="DoughsR29_zombieBoe"/>
DEBUG:Adding: <entity name="DoughsR3_zombieFatCopRadiated" prob="0.5"/>
DEBUG:Adding: <entity name="DoughsR51_zombieDarleneFeral" prob="0.7"/>
DEBUG:Adding: <entity name="DoughsR55_zombieJoeRadiated" prob="0.66"/>
DEBUG:Adding: <entity name="DoughsR57_zombieSpiderFeral" prob="0.5"/>
DEBUG:Adding: <entity name="DoughsR58_zombieJanitorRadiated" prob="0.66"/>
DEBUG:Adding: <entity name="DoughsR61_zombieSkateboarder"/>
DEBUG:Adding: <entity name="DoughsR65_zombieJanitor"/>
DEBUG:Adding: <entity name="DoughsR66_zombieDarleneRadiated" prob="0.66"/>
DEBUG:ModletGen_AddZedsToEntityGroupsFile ENTITY GROUP: feralHordeStageGS202
DEBUG:Adding: <entity name="DoughsR14_zombieSoldier" prob="1"/>
DEBUG:Adding: <entity name="DoughsR21_zombieSpiderRadiated" prob="0.6"/>
DEBUG:Adding: <entity name="DoughsR2_zombieBusinessManFeral" prob="0.7"/>
DEBUG:Adding: <entity name="DoughsR32_zombieMoeRadiated" prob="0.66"/>
DEBUG:Adding: <entity name="DoughsR36_zombieYoRadiated" prob="0.66"/>
DEBUG:Adding: <entity name="DoughsR39_zombieSkateboarderFeral" prob="0.7"/>
DEBUG:Adding: <entity name="DoughsR45_zombieSpider" prob="0.7"/>
DEBUG:Adding: <entity name="DoughsR48_zombieCheerleaderRadiated" prob="0.66"/>
DEBUG:Adding: <entity name="DoughsR52_zombieUtilityWorkerFeral" prob="0.7"/>
DEBUG:Adding: <entity name="DoughsR59_zombieArleneFeral" prob="0.7"/>
DEBUG:Adding: <entity name="DoughsR74_zombieMoeFeral" prob="0.7"/>
DEBUG:Adding: <entity name="DoughsR7_zombieWightFeral" prob="0.6"/>
DEBUG:Adding: <entity name="DoughsR81_zombieSteveRadiated" prob="0.66"/>
DEBUG:ModletGen_AddZedsToEntityGroupsFile ENTITY GROUP: feralHordeStageGS2028
DEBUG:Adding: <entity name="DoughsR10_zombieFemaleFatFeral" prob="0.6"/>
DEBUG:Adding: <entity name="DoughsR21_zombieSpiderRadiated" prob="0.6"/>
DEBUG:Adding: <entity name="DoughsR32_zombieMoeRadiated" prob="0.66"/>
DEBUG:Adding: <entity name="DoughsR36_zombieYoRadiated" prob="0.66"/>
DEBUG:Adding: <entity name="DoughsR48_zombieCheerleaderRadiated" prob="0.66"/>
DEBUG:Adding: <entity name="DoughsR55_zombieJoeRadiated" prob="0.66"/>
DEBUG:Adding: <entity name="DoughsR61_zombieSkateboarder"/>
DEBUG:Adding: <entity name="DoughsR62_zombieDarlene"/>
DEBUG:Adding: <entity name="DoughsR65_zombieJanitor"/>
DEBUG:Adding: <entity name="DoughsR75_zombieSkateboarderRadiated" prob="0.66"/>
DEBUG:Adding: <entity name="DoughsR76_zombieDemolition" prob="0.4"/>
DEBUG:Adding: <entity name="DoughsR78_zombieSteveFeral" prob="0.7"/>
DEBUG:Adding: <entity name="DoughsR7_zombieWightFeral" prob="0.6"/>
DEBUG:Adding: <entity name="DoughsR8_zombieArleneRadiated" prob="0.66"/>
DEBUG:Adding: <entity name="DoughsR98_animalZombieDog"/>
DEBUG:ModletGen_AddZedsToEntityGroupsFile ENTITY GROUP: feralHordeStageGS2043
DEBUG:Adding: <entity name="DoughsR14_zombieSoldier" prob="1"/>
DEBUG:Adding: <entity name="DoughsR16_zombieFemaleFat" prob="1"/>
DEBUG:Adding: <entity name="DoughsR22_zombieWightRadiated" prob="0.5"/>
DEBUG:Adding: <entity name="DoughsR31_zombieArlene"/>
DEBUG:Adding: <entity name="DoughsR36_zombieYoRadiated" prob="0.66"/>
DEBUG:Adding: <entity name="DoughsR39_zombieSkateboarderFeral" prob="0.7"/>
DEBUG:Adding: <entity name="DoughsR51_zombieDarleneFeral" prob="0.7"/>
DEBUG:Adding: <entity name="DoughsR57_zombieSpiderFeral" prob="0.5"/>
DEBUG:Adding: <entity name="DoughsR61_zombieSkateboarder"/>
DEBUG:Adding: <entity name="DoughsR63_zombieFatCopFeral" prob="0.6"/>
DEBUG:Adding: <entity name="DoughsR65_zombieJanitor"/>
DEBUG:Adding: <entity name="DoughsR74_zombieMoeFeral" prob="0.7"/>
DEBUG:Adding: <entity name="DoughsR78_zombieSteveFeral" prob="0.7"/>
DEBUG:Adding: <entity name="DoughsR81_zombieSteveRadiated" prob="0.66"/>
DEBUG:Adding: <entity name="DoughsR86_zombieBikerRadiated" prob="0.6"/>
DEBUG:ModletGen_AddZedsToEntityGroupsFile ENTITY GROUP: feralHordeStageGS2058
DEBUG:Adding: <entity name="DoughsR10_zombieFemaleFatFeral" prob="0.6"/>
DEBUG:Adding: <entity name="DoughsR12_zombieJoeFeral" prob="0.7"/>
DEBUG:Adding: <entity name="DoughsR24_zombieNurse"/>
DEBUG:Adding: <entity name="DoughsR28_zombieMarlene"/>
DEBUG:Adding: <entity name="DoughsR34_zombieMarleneRadiated" prob="0.66"/>
DEBUG:Adding: <entity name="DoughsR36_zombieYoRadiated" prob="0.66"/>
DEBUG:Adding: <entity name="DoughsR37_zombieMarleneFeral" prob="0.7"/>
DEBUG:Adding: <entity name="DoughsR3_zombieFatCopRadiated" prob="0.5"/>
DEBUG:Adding: <entity name="DoughsR50_zombieBoeRadiated" prob="0.66"/>
DEBUG:Adding: <entity name="DoughsR53_zombieJanitorFeral" prob="0.7"/>
DEBUG:Adding: <entity name="DoughsR54_zombieFemaleFatRadiated" prob="0.6"/>
DEBUG:Adding: <entity name="DoughsR71_zombieNurseFeral" prob="0.7"/>
DEBUG:Adding: <entity name="DoughsR78_zombieSteveFeral" prob="0.7"/>
DEBUG:Adding: <entity name="DoughsR86_zombieBikerRadiated" prob="0.6"/>
DEBUG:Adding: <entity name="DoughsR88_animalZombieVulture" prob="0.3"/>
DEBUG:ModletGen_AddZedsToEntityGroupsFile ENTITY GROUP: feralHordeStageGS2073
DEBUG:Adding: <entity name="DoughsR12_zombieJoeFeral" prob="0.7"/>
DEBUG:Adding: <entity name="DoughsR16_zombieFemaleFat" prob="1"/>
DEBUG:Adding: <entity name="DoughsR2_zombieBusinessManFeral" prob="0.7"/>
DEBUG:Adding: <entity name="DoughsR32_zombieMoeRadiated" prob="0.66"/>
DEBUG:Adding: <entity name="DoughsR34_zombieMarleneRadiated" prob="0.66"/>
DEBUG:Adding: <entity name="DoughsR3_zombieFatCopRadiated" prob="0.5"/>
DEBUG:Adding: <entity name="DoughsR45_zombieSpider" prob="0.7"/>
DEBUG:Adding: <entity name="DoughsR49_zombieMoe"/>
DEBUG:Adding: <entity name="DoughsR55_zombieJoeRadiated" prob="0.66"/>
DEBUG:Adding: <entity name="DoughsR61_zombieSkateboarder"/>
DEBUG:Adding: <entity name="DoughsR63_zombieFatCopFeral" prob="0.6"/>
DEBUG:Adding: <entity name="DoughsR66_zombieDarleneRadiated" prob="0.66"/>
DEBUG:Adding: <entity name="DoughsR71_zombieNurseFeral" prob="0.7"/>
DEBUG:Adding: <entity name="DoughsR76_zombieDemolition" prob="0.4"/>
DEBUG:Adding: <entity name="DoughsR88_animalZombieVulture" prob="0.3"/>
DEBUG:ModletGen_AddZedsToEntityGroupsFile ENTITY GROUP: feralHordeStageGS2087
DEBUG:Adding: <entity name="DoughsR12_zombieJoeFeral" prob="0.7"/>
DEBUG:Adding: <entity name="DoughsR16_zombieFemaleFat" prob="1"/>
DEBUG:Adding: <entity name="DoughsR22_zombieWightRadiated" prob="0.5"/>
DEBUG:Adding: <entity name="DoughsR29_zombieBoe"/>
DEBUG:Adding: <entity name="DoughsR34_zombieMarleneRadiated" prob="0.66"/>
DEBUG:Adding: <entity name="DoughsR44_zombieBusinessMan"/>
DEBUG:Adding: <entity name="DoughsR49_zombieMoe"/>
DEBUG:Adding: <entity name="DoughsR50_zombieBoeRadiated" prob="0.66"/>
DEBUG:Adding: <entity name="DoughsR52_zombieUtilityWorkerFeral" prob="0.7"/>
DEBUG:Adding: <entity name="DoughsR58_zombieJanitorRadiated" prob="0.66"/>
DEBUG:Adding: <entity name="DoughsR63_zombieFatCopFeral" prob="0.6"/>
DEBUG:Adding: <entity name="DoughsR65_zombieJanitor"/>
DEBUG:Adding: <entity name="DoughsR81_zombieSteveRadiated" prob="0.66"/>
DEBUG:Adding: <entity name="DoughsR90_animalZombieVultureRadiated" prob="0.3"/>
DEBUG:Adding: <entity name="DoughsR98_animalZombieDog"/>
DEBUG:ModletGen_AddZedsToEntityGroupsFile ENTITY GROUP: feralHordeStageGS210
DEBUG:Adding: <entity name="DoughsR21_zombieSpiderRadiated" prob="0.6"/>
DEBUG:Adding: <entity name="DoughsR22_zombieWightRadiated" prob="0.4"/>
DEBUG:Adding: <entity name="DoughsR24_zombieNurse"/>
DEBUG:Adding: <entity name="DoughsR34_zombieMarleneRadiated" prob="0.66"/>
DEBUG:Adding: <entity name="DoughsR41_zombieYo"/>
DEBUG:Adding: <entity name="DoughsR44_zombieBusinessMan"/>
DEBUG:Adding: <entity name="DoughsR49_zombieMoe"/>
DEBUG:Adding: <entity name="DoughsR59_zombieArleneFeral" prob="0.7"/>
DEBUG:Adding: <entity name="DoughsR75_zombieSkateboarderRadiated" prob="0.66"/>
DEBUG:Adding: <entity name="DoughsR76_zombieDemolition" prob="0.36"/>
DEBUG:Adding: <entity name="DoughsR81_zombieSteveRadiated" prob="0.66"/>
DEBUG:Adding: <entity name="DoughsR8_zombieArleneRadiated" prob="0.66"/>
DEBUG:Adding: <entity name="DoughsR90_animalZombieVultureRadiated" prob="0.3"/>
DEBUG:ModletGen_AddZedsToEntityGroupsFile ENTITY GROUP: feralHordeStageGS2102
DEBUG:Adding: <entity name="DoughsR14_zombieSoldier" prob="1"/>
DEBUG:Adding: <entity name="DoughsR21_zombieSpiderRadiated" prob="0.6"/>
DEBUG:Adding: <entity name="DoughsR34_zombieMarleneRadiated" prob="0.66"/>
DEBUG:Adding: <entity name="DoughsR3_zombieFatCopRadiated" prob="0.5"/>
DEBUG:Adding: <entity name="DoughsR41_zombieYo"/>
DEBUG:Adding: <entity name="DoughsR44_zombieBusinessMan"/>
DEBUG:Adding: <entity name="DoughsR50_zombieBoeRadiated" prob="0.66"/>
DEBUG:Adding: <entity name="DoughsR52_zombieUtilityWorkerFeral" prob="0.7"/>
DEBUG:Adding: <entity name="DoughsR54_zombieFemaleFatRadiated" prob="0.6"/>
DEBUG:Adding: <entity name="DoughsR55_zombieJoeRadiated" prob="0.66"/>
DEBUG:Adding: <entity name="DoughsR56_zombieUtilityWorker"/>
DEBUG:Adding: <entity name="DoughsR71_zombieNurseFeral" prob="0.7"/>
DEBUG:Adding: <entity name="DoughsR74_zombieMoeFeral" prob="0.7"/>
DEBUG:Adding: <entity name="DoughsR76_zombieDemolition" prob="0.4"/>
DEBUG:Adding: <entity name="DoughsR7_zombieWightFeral" prob="0.6"/>
DEBUG:ModletGen_AddZedsToEntityGroupsFile ENTITY GROUP: feralHordeStageGS2117
DEBUG:Adding: <entity name="DoughsR12_zombieJoeFeral" prob="0.7"/>
DEBUG:Adding: <entity name="DoughsR13_zombieSteve"/>
DEBUG:Adding: <entity name="DoughsR22_zombieWightRadiated" prob="0.5"/>
DEBUG:Adding: <entity name="DoughsR22_zombieWightRadiated" prob="0.6"/>
DEBUG:Adding: <entity name="DoughsR24_zombieNurse"/>
DEBUG:Adding: <entity name="DoughsR28_zombieMarlene"/>
DEBUG:Adding: <entity name="DoughsR2_zombieBusinessManFeral" prob="0.7"/>
DEBUG:Adding: <entity name="DoughsR32_zombieMoeRadiated" prob="0.66"/>
DEBUG:Adding: <entity name="DoughsR3_zombieFatCopRadiated" prob="0.5"/>
DEBUG:Adding: <entity name="DoughsR41_zombieYo"/>
DEBUG:Adding: <entity name="DoughsR45_zombieSpider" prob="0.7"/>
DEBUG:Adding: <entity name="DoughsR50_zombieBoeRadiated" prob="0.66"/>
DEBUG:Adding: <entity name="DoughsR52_zombieUtilityWorkerFeral" prob="0.7"/>
DEBUG:Adding: <entity name="DoughsR59_zombieArleneFeral" prob="0.7"/>
DEBUG:Adding: <entity name="DoughsR8_zombieArleneRadiated" prob="0.66"/>
DEBUG:ModletGen_AddZedsToEntityGroupsFile ENTITY GROUP: feralHordeStageGS2132
DEBUG:Adding: <entity name="DoughsR10_zombieFemaleFatFeral" prob="0.6"/>
DEBUG:Adding: <entity name="DoughsR11_zombieBoeFeral" prob="0.7"/>
DEBUG:Adding: <entity name="DoughsR21_zombieSpiderRadiated" prob="0.6"/>
DEBUG:Adding: <entity name="DoughsR22_zombieWightRadiated" prob="0.5"/>
DEBUG:Adding: <entity name="DoughsR29_zombieBoe"/>
DEBUG:Adding: <entity name="DoughsR32_zombieMoeRadiated" prob="0.66"/>
DEBUG:Adding: <entity name="DoughsR37_zombieMarleneFeral" prob="0.7"/>
DEBUG:Adding: <entity name="DoughsR45_zombieSpider" prob="0.7"/>
DEBUG:Adding: <entity name="DoughsR51_zombieDarleneFeral" prob="0.7"/>
DEBUG:Adding: <entity name="DoughsR52_zombieUtilityWorkerFeral" prob="0.7"/>
DEBUG:Adding: <entity name="DoughsR54_zombieFemaleFatRadiated" prob="0.6"/>
DEBUG:Adding: <entity name="DoughsR55_zombieJoeRadiated" prob="0.66"/>
DEBUG:Adding: <entity name="DoughsR66_zombieDarleneRadiated" prob="0.66"/>
DEBUG:Adding: <entity name="DoughsR78_zombieSteveFeral" prob="0.7"/>
DEBUG:Adding: <entity name="DoughsR98_animalZombieDog"/>
DEBUG:ModletGen_AddZedsToEntityGroupsFile ENTITY GROUP: feralHordeStageGS2147
DEBUG:Adding: <entity name="DoughsR13_zombieSteve"/>
DEBUG:Adding: <entity name="DoughsR20_zombieSoldierRadiated" prob="0.5"/>
DEBUG:Adding: <entity name="DoughsR21_zombieSpiderRadiated" prob="0.6"/>
DEBUG:Adding: <entity name="DoughsR22_zombieWightRadiated" prob="0.6"/>
DEBUG:Adding: <entity name="DoughsR39_zombieSkateboarderFeral" prob="0.7"/>
DEBUG:Adding: <entity name="DoughsR3_zombieFatCopRadiated" prob="0.5"/>
DEBUG:Adding: <entity name="DoughsR49_zombieMoe"/>
DEBUG:Adding: <entity name="DoughsR52_zombieUtilityWorkerFeral" prob="0.7"/>
DEBUG:Adding: <entity name="DoughsR54_zombieFemaleFatRadiated" prob="0.6"/>
DEBUG:Adding: <entity name="DoughsR62_zombieDarlene"/>
DEBUG:Adding: <entity name="DoughsR66_zombieDarleneRadiated" prob="0.66"/>
DEBUG:Adding: <entity name="DoughsR74_zombieMoeFeral" prob="0.7"/>
DEBUG:Adding: <entity name="DoughsR75_zombieSkateboarderRadiated" prob="0.66"/>
DEBUG:Adding: <entity name="DoughsR78_zombieSteveFeral" prob="0.7"/>
DEBUG:Adding: <entity name="DoughsR90_animalZombieVultureRadiated" prob="0.3"/>
DEBUG:ModletGen_AddZedsToEntityGroupsFile ENTITY GROUP: feralHordeStageGS2162
DEBUG:Adding: <entity name="DoughsR11_zombieBoeFeral" prob="0.7"/>
DEBUG:Adding: <entity name="DoughsR12_zombieJoeFeral" prob="0.7"/>
DEBUG:Adding: <entity name="DoughsR14_zombieSoldier" prob="1"/>
DEBUG:Adding: <entity name="DoughsR24_zombieNurse"/>
DEBUG:Adding: <entity name="DoughsR31_zombieArlene"/>
DEBUG:Adding: <entity name="DoughsR32_zombieMoeRadiated" prob="0.66"/>
DEBUG:Adding: <entity name="DoughsR36_zombieYoRadiated" prob="0.66"/>
DEBUG:Adding: <entity name="DoughsR44_zombieBusinessMan"/>
DEBUG:Adding: <entity name="DoughsR48_zombieCheerleaderRadiated" prob="0.66"/>
DEBUG:Adding: <entity name="DoughsR53_zombieJanitorFeral" prob="0.7"/>
DEBUG:Adding: <entity name="DoughsR59_zombieArleneFeral" prob="0.7"/>
DEBUG:Adding: <entity name="DoughsR63_zombieFatCopFeral" prob="0.6"/>
DEBUG:Adding: <entity name="DoughsR76_zombieDemolition" prob="0.4"/>
DEBUG:Adding: <entity name="DoughsR78_zombieSteveFeral" prob="0.7"/>
DEBUG:Adding: <entity name="DoughsR98_animalZombieDog"/>
DEBUG:ModletGen_AddZedsToEntityGroupsFile ENTITY GROUP: feralHordeStageGS217
DEBUG:Adding: <entity name="DoughsR10_zombieFemaleFatFeral" prob="0.6"/>
DEBUG:Adding: <entity name="DoughsR13_zombieSteve"/>
DEBUG:Adding: <entity name="DoughsR16_zombieFemaleFat" prob="1"/>
DEBUG:Adding: <entity name="DoughsR24_zombieNurse"/>
DEBUG:Adding: <entity name="DoughsR32_zombieMoeRadiated" prob="0.66"/>
DEBUG:Adding: <entity name="DoughsR41_zombieYo"/>
DEBUG:Adding: <entity name="DoughsR49_zombieMoe"/>
DEBUG:Adding: <entity name="DoughsR50_zombieBoeRadiated" prob="0.66"/>
DEBUG:Adding: <entity name="DoughsR53_zombieJanitorFeral" prob="0.7"/>
DEBUG:Adding: <entity name="DoughsR63_zombieFatCopFeral" prob="0.6"/>
DEBUG:Adding: <entity name="DoughsR69_zombieOldTimerRadiated" prob="0.66"/>
DEBUG:Adding: <entity name="DoughsR71_zombieNurseFeral" prob="0.7"/>
DEBUG:Adding: <entity name="DoughsR74_zombieMoeFeral" prob="0.7"/>
DEBUG:ModletGen_AddZedsToEntityGroupsFile ENTITY GROUP: feralHordeStageGS2177
DEBUG:Adding: <entity name="DoughsR28_zombieMarlene"/>
DEBUG:Adding: <entity name="DoughsR32_zombieMoeRadiated" prob="0.66"/>
DEBUG:Adding: <entity name="DoughsR34_zombieMarleneRadiated" prob="0.66"/>
DEBUG:Adding: <entity name="DoughsR39_zombieSkateboarderFeral" prob="0.7"/>
DEBUG:Adding: <entity name="DoughsR3_zombieFatCopRadiated" prob="0.5"/>
DEBUG:Adding: <entity name="DoughsR3_zombieFatCopRadiated" prob="0.5"/>
DEBUG:Adding: <entity name="DoughsR48_zombieCheerleaderRadiated" prob="0.66"/>
DEBUG:Adding: <entity name="DoughsR49_zombieMoe"/>
DEBUG:Adding: <entity name="DoughsR51_zombieDarleneFeral" prob="0.7"/>
DEBUG:Adding: <entity name="DoughsR52_zombieUtilityWorkerFeral" prob="0.7"/>
DEBUG:Adding: <entity name="DoughsR61_zombieSkateboarder"/>
DEBUG:Adding: <entity name="DoughsR62_zombieDarlene"/>
DEBUG:Adding: <entity name="DoughsR76_zombieDemolition" prob="0.4"/>
DEBUG:Adding: <entity name="DoughsR78_zombieSteveFeral" prob="0.7"/>
DEBUG:Adding: <entity name="DoughsR86_zombieBikerRadiated" prob="0.6"/>
DEBUG:ModletGen_AddZedsToEntityGroupsFile ENTITY GROUP: feralHordeStageGS2192
DEBUG:Adding: <entity name="DoughsR24_zombieNurse"/>
DEBUG:Adding: <entity name="DoughsR31_zombieArlene"/>
DEBUG:Adding: <entity name="DoughsR3_zombieFatCopRadiated" prob="0.5"/>
DEBUG:Adding: <entity name="DoughsR44_zombieBusinessMan"/>
DEBUG:Adding: <entity name="DoughsR45_zombieSpider" prob="0.7"/>
DEBUG:Adding: <entity name="DoughsR48_zombieCheerleaderRadiated" prob="0.66"/>
DEBUG:Adding: <entity name="DoughsR53_zombieJanitorFeral" prob="0.7"/>
DEBUG:Adding: <entity name="DoughsR59_zombieArleneFeral" prob="0.7"/>
DEBUG:Adding: <entity name="DoughsR66_zombieDarleneRadiated" prob="0.66"/>
DEBUG:Adding: <entity name="DoughsR75_zombieSkateboarderRadiated" prob="0.66"/>
DEBUG:Adding: <entity name="DoughsR76_zombieDemolition" prob="0.4"/>
DEBUG:Adding: <entity name="DoughsR76_zombieDemolition" prob="0.4"/>
DEBUG:Adding: <entity name="DoughsR78_zombieSteveFeral" prob="0.7"/>
DEBUG:Adding: <entity name="DoughsR88_animalZombieVulture" prob="0.3"/>
DEBUG:Adding: <entity name="DoughsR98_animalZombieDog"/>
DEBUG:ModletGen_AddZedsToEntityGroupsFile ENTITY GROUP: feralHordeStageGS2207
DEBUG:Adding: <entity name="DoughsR13_zombieSteve"/>
DEBUG:Adding: <entity name="DoughsR21_zombieSpiderRadiated" prob="0.6"/>
DEBUG:Adding: <entity name="DoughsR28_zombieMarlene"/>
DEBUG:Adding: <entity name="DoughsR39_zombieSkateboarderFeral" prob="0.7"/>
DEBUG:Adding: <entity name="DoughsR48_zombieCheerleaderRadiated" prob="0.66"/>
DEBUG:Adding: <entity name="DoughsR50_zombieBoeRadiated" prob="0.66"/>
DEBUG:Adding: <entity name="DoughsR51_zombieDarleneFeral" prob="0.7"/>
DEBUG:Adding: <entity name="DoughsR52_zombieUtilityWorkerFeral" prob="0.7"/>
DEBUG:Adding: <entity name="DoughsR55_zombieJoeRadiated" prob="0.66"/>
DEBUG:Adding: <entity name="DoughsR56_zombieUtilityWorker"/>
DEBUG:Adding: <entity name="DoughsR57_zombieSpiderFeral" prob="0.5"/>
DEBUG:Adding: <entity name="DoughsR63_zombieFatCopFeral" prob="0.6"/>
DEBUG:Adding: <entity name="DoughsR76_zombieDemolition" prob="0.4"/>
DEBUG:Adding: <entity name="DoughsR79_zombieYoFeral" prob="0.7"/>
DEBUG:Adding: <entity name="DoughsR81_zombieSteveRadiated" prob="0.66"/>
DEBUG:ModletGen_AddZedsToEntityGroupsFile ENTITY GROUP: feralHordeStageGS2223
DEBUG:Adding: <entity name="DoughsR11_zombieBoeFeral" prob="0.7"/>
DEBUG:Adding: <entity name="DoughsR14_zombieSoldier" prob="1"/>
DEBUG:Adding: <entity name="DoughsR21_zombieSpiderRadiated" prob="0.6"/>
DEBUG:Adding: <entity name="DoughsR22_zombieWightRadiated" prob="0.6"/>
DEBUG:Adding: <entity name="DoughsR29_zombieBoe"/>
DEBUG:Adding: <entity name="DoughsR32_zombieMoeRadiated" prob="0.66"/>
DEBUG:Adding: <entity name="DoughsR35_zombieJoe"/>
DEBUG:Adding: <entity name="DoughsR37_zombieMarleneFeral" prob="0.7"/>
DEBUG:Adding: <entity name="DoughsR39_zombieSkateboarderFeral" prob="0.7"/>
DEBUG:Adding: <entity name="DoughsR3_zombieFatCopRadiated" prob="0.5"/>
DEBUG:Adding: <entity name="DoughsR45_zombieSpider" prob="0.7"/>
DEBUG:Adding: <entity name="DoughsR57_zombieSpiderFeral" prob="0.5"/>
DEBUG:Adding: <entity name="DoughsR62_zombieDarlene"/>
DEBUG:Adding: <entity name="DoughsR76_zombieDemolition" prob="0.4"/>
DEBUG:Adding: <entity name="DoughsR81_zombieSteveRadiated" prob="0.66"/>
DEBUG:ModletGen_AddZedsToEntityGroupsFile ENTITY GROUP: feralHordeStageGS2238
DEBUG:Adding: <entity name="DoughsR20_zombieSoldierRadiated" prob="0.5"/>
DEBUG:Adding: <entity name="DoughsR21_zombieSpiderRadiated" prob="0.6"/>
DEBUG:Adding: <entity name="DoughsR22_zombieWightRadiated" prob="0.5"/>
DEBUG:Adding: <entity name="DoughsR27_zombieFatCop" prob="0.7"/>
DEBUG:Adding: <entity name="DoughsR29_zombieBoe"/>
DEBUG:Adding: <entity name="DoughsR2_zombieBusinessManFeral" prob="0.7"/>
DEBUG:Adding: <entity name="DoughsR31_zombieArlene"/>
DEBUG:Adding: <entity name="DoughsR35_zombieJoe"/>
DEBUG:Adding: <entity name="DoughsR36_zombieYoRadiated" prob="0.66"/>
DEBUG:Adding: <entity name="DoughsR39_zombieSkateboarderFeral" prob="0.7"/>
DEBUG:Adding: <entity name="DoughsR3_zombieFatCopRadiated" prob="0.5"/>
DEBUG:Adding: <entity name="DoughsR48_zombieCheerleaderRadiated" prob="0.66"/>
DEBUG:Adding: <entity name="DoughsR49_zombieMoe"/>
DEBUG:Adding: <entity name="DoughsR55_zombieJoeRadiated" prob="0.66"/>
DEBUG:Adding: <entity name="DoughsR86_zombieBikerRadiated" prob="0.6"/>
DEBUG:ModletGen_AddZedsToEntityGroupsFile ENTITY GROUP: feralHordeStageGS225
DEBUG:Adding: <entity name="DoughsR12_zombieJoeFeral" prob="0.7"/>
DEBUG:Adding: <entity name="DoughsR28_zombieMarlene"/>
DEBUG:Adding: <entity name="DoughsR31_zombieArlene"/>
DEBUG:Adding: <entity name="DoughsR34_zombieMarleneRadiated" prob="0.66"/>
DEBUG:Adding: <entity name="DoughsR50_zombieBoeRadiated" prob="0.66"/>
DEBUG:Adding: <entity name="DoughsR52_zombieUtilityWorkerFeral" prob="0.7"/>
DEBUG:Adding: <entity name="DoughsR57_zombieSpiderFeral" prob="0.5"/>
DEBUG:Adding: <entity name="DoughsR61_zombieSkateboarder"/>
DEBUG:Adding: <entity name="DoughsR65_zombieJanitor"/>
DEBUG:Adding: <entity name="DoughsR75_zombieSkateboarderRadiated" prob="0.66"/>
DEBUG:Adding: <entity name="DoughsR78_zombieSteveFeral" prob="0.7"/>
DEBUG:Adding: <entity name="DoughsR81_zombieSteveRadiated" prob="0.66"/>
DEBUG:Adding: <entity name="DoughsR86_zombieBikerRadiated" prob="0.6"/>
DEBUG:ModletGen_AddZedsToEntityGroupsFile ENTITY GROUP: feralHordeStageGS2253
DEBUG:Adding: <entity name="DoughsR10_zombieFemaleFatFeral" prob="0.6"/>
DEBUG:Adding: <entity name="DoughsR13_zombieSteve"/>
DEBUG:Adding: <entity name="DoughsR20_zombieSoldierRadiated" prob="0.5"/>
DEBUG:Adding: <entity name="DoughsR22_zombieWightRadiated" prob="0.6"/>
DEBUG:Adding: <entity name="DoughsR28_zombieMarlene"/>
DEBUG:Adding: <entity name="DoughsR36_zombieYoRadiated" prob="0.66"/>
DEBUG:Adding: <entity name="DoughsR3_zombieFatCopRadiated" prob="0.5"/>
DEBUG:Adding: <entity name="DoughsR50_zombieBoeRadiated" prob="0.66"/>
DEBUG:Adding: <entity name="DoughsR52_zombieUtilityWorkerFeral" prob="0.7"/>
DEBUG:Adding: <entity name="DoughsR54_zombieFemaleFatRadiated" prob="0.6"/>
DEBUG:Adding: <entity name="DoughsR59_zombieArleneFeral" prob="0.7"/>
DEBUG:Adding: <entity name="DoughsR62_zombieDarlene"/>
DEBUG:Adding: <entity name="DoughsR74_zombieMoeFeral" prob="0.7"/>
DEBUG:Adding: <entity name="DoughsR75_zombieSkateboarderRadiated" prob="0.66"/>
DEBUG:Adding: <entity name="DoughsR81_zombieSteveRadiated" prob="0.66"/>
DEBUG:ModletGen_AddZedsToEntityGroupsFile ENTITY GROUP: feralHordeStageGS2268
DEBUG:Adding: <entity name="DoughsR12_zombieJoeFeral" prob="0.7"/>
DEBUG:Adding: <entity name="DoughsR16_zombieFemaleFat" prob="1"/>
DEBUG:Adding: <entity name="DoughsR24_zombieNurse"/>
DEBUG:Adding: <entity name="DoughsR28_zombieMarlene"/>
DEBUG:Adding: <entity name="DoughsR31_zombieArlene"/>
DEBUG:Adding: <entity name="DoughsR36_zombieYoRadiated" prob="0.66"/>
DEBUG:Adding: <entity name="DoughsR44_zombieBusinessMan"/>
DEBUG:Adding: <entity name="DoughsR45_zombieSpider" prob="0.7"/>
DEBUG:Adding: <entity name="DoughsR49_zombieMoe"/>
DEBUG:Adding: <entity name="DoughsR66_zombieDarleneRadiated" prob="0.66"/>
DEBUG:Adding: <entity name="DoughsR69_zombieOldTimerRadiated" prob="0.66"/>
DEBUG:Adding: <entity name="DoughsR76_zombieDemolition" prob="0.4"/>
DEBUG:Adding: <entity name="DoughsR79_zombieYoFeral" prob="0.7"/>
DEBUG:Adding: <entity name="DoughsR81_zombieSteveRadiated" prob="0.66"/>
DEBUG:Adding: <entity name="DoughsR88_animalZombieVulture" prob="0.3"/>
DEBUG:ModletGen_AddZedsToEntityGroupsFile ENTITY GROUP: feralHordeStageGS2284
DEBUG:Adding: <entity name="DoughsR11_zombieBoeFeral" prob="0.7"/>
DEBUG:Adding: <entity name="DoughsR21_zombieSpiderRadiated" prob="0.6"/>
DEBUG:Adding: <entity name="DoughsR27_zombieFatCop" prob="0.7"/>
DEBUG:Adding: <entity name="DoughsR31_zombieArlene"/>
DEBUG:Adding: <entity name="DoughsR32_zombieMoeRadiated" prob="0.66"/>
DEBUG:Adding: <entity name="DoughsR37_zombieMarleneFeral" prob="0.7"/>
DEBUG:Adding: <entity name="DoughsR3_zombieFatCopRadiated" prob="0.5"/>
DEBUG:Adding: <entity name="DoughsR49_zombieMoe"/>
DEBUG:Adding: <entity name="DoughsR54_zombieFemaleFatRadiated" prob="0.6"/>
DEBUG:Adding: <entity name="DoughsR55_zombieJoeRadiated" prob="0.66"/>
DEBUG:Adding: <entity name="DoughsR59_zombieArleneFeral" prob="0.7"/>
DEBUG:Adding: <entity name="DoughsR71_zombieNurseFeral" prob="0.7"/>
DEBUG:Adding: <entity name="DoughsR74_zombieMoeFeral" prob="0.7"/>
DEBUG:Adding: <entity name="DoughsR79_zombieYoFeral" prob="0.7"/>
DEBUG:Adding: <entity name="DoughsR81_zombieSteveRadiated" prob="0.66"/>
DEBUG:ModletGen_AddZedsToEntityGroupsFile ENTITY GROUP: feralHordeStageGS2299
DEBUG:Adding: <entity name="DoughsR10_zombieFemaleFatFeral" prob="0.6"/>
DEBUG:Adding: <entity name="DoughsR11_zombieBoeFeral" prob="0.7"/>
DEBUG:Adding: <entity name="DoughsR13_zombieSteve"/>
DEBUG:Adding: <entity name="DoughsR22_zombieWightRadiated" prob="0.5"/>
DEBUG:Adding: <entity name="DoughsR32_zombieMoeRadiated" prob="0.66"/>
DEBUG:Adding: <entity name="DoughsR37_zombieMarleneFeral" prob="0.7"/>
DEBUG:Adding: <entity name="DoughsR39_zombieSkateboarderFeral" prob="0.7"/>
DEBUG:Adding: <entity name="DoughsR45_zombieSpider" prob="0.7"/>
DEBUG:Adding: <entity name="DoughsR48_zombieCheerleaderRadiated" prob="0.66"/>
DEBUG:Adding: <entity name="DoughsR53_zombieJanitorFeral" prob="0.7"/>
DEBUG:Adding: <entity name="DoughsR55_zombieJoeRadiated" prob="0.66"/>
DEBUG:Adding: <entity name="DoughsR76_zombieDemolition" prob="0.4"/>
DEBUG:Adding: <entity name="DoughsR79_zombieYoFeral" prob="0.7"/>
DEBUG:Adding: <entity name="DoughsR7_zombieWightFeral" prob="0.6"/>
DEBUG:Adding: <entity name="DoughsR8_zombieArleneRadiated" prob="0.66"/>
DEBUG:ModletGen_AddZedsToEntityGroupsFile ENTITY GROUP: feralHordeStageGS23
DEBUG:Adding: <entity name="DoughsR13_zombieSteve"/>
DEBUG:Adding: <entity name="DoughsR16_zombieFemaleFat" prob="0.79"/>
DEBUG:Adding: <entity name="DoughsR24_zombieNurse"/>
DEBUG:Adding: <entity name="DoughsR28_zombieMarlene"/>
DEBUG:Adding: <entity name="DoughsR29_zombieBoe"/>
DEBUG:Adding: <entity name="DoughsR31_zombieArlene"/>
DEBUG:Adding: <entity name="DoughsR35_zombieJoe"/>
DEBUG:Adding: <entity name="DoughsR41_zombieYo"/>
DEBUG:Adding: <entity name="DoughsR61_zombieSkateboarder"/>
DEBUG:Adding: <entity name="DoughsR62_zombieDarlene"/>
DEBUG:Adding: <entity name="DoughsR65_zombieJanitor"/>
DEBUG:Adding: <entity name="DoughsR98_animalZombieDog"/>
DEBUG:ModletGen_AddZedsToEntityGroupsFile ENTITY GROUP: feralHordeStageGS2314
DEBUG:Adding: <entity name="DoughsR13_zombieSteve"/>
DEBUG:Adding: <entity name="DoughsR21_zombieSpiderRadiated" prob="0.6"/>
DEBUG:Adding: <entity name="DoughsR29_zombieBoe"/>
DEBUG:Adding: <entity name="DoughsR2_zombieBusinessManFeral" prob="0.7"/>
DEBUG:Adding: <entity name="DoughsR31_zombieArlene"/>
DEBUG:Adding: <entity name="DoughsR34_zombieMarleneRadiated" prob="0.66"/>
DEBUG:Adding: <entity name="DoughsR35_zombieJoe"/>
DEBUG:Adding: <entity name="DoughsR44_zombieBusinessMan"/>
DEBUG:Adding: <entity name="DoughsR48_zombieCheerleaderRadiated" prob="0.66"/>
DEBUG:Adding: <entity name="DoughsR53_zombieJanitorFeral" prob="0.7"/>
DEBUG:Adding: <entity name="DoughsR62_zombieDarlene"/>
DEBUG:Adding: <entity name="DoughsR76_zombieDemolition" prob="0.4"/>
DEBUG:Adding: <entity name="DoughsR78_zombieSteveFeral" prob="0.7"/>
DEBUG:Adding: <entity name="DoughsR88_animalZombieVulture" prob="0.3"/>
DEBUG:Adding: <entity name="DoughsR98_animalZombieDog"/>
DEBUG:ModletGen_AddZedsToEntityGroupsFile ENTITY GROUP: feralHordeStageGS232
DEBUG:Adding: <entity name="DoughsR22_zombieWightRadiated" prob="0.6"/>
DEBUG:Adding: <entity name="DoughsR32_zombieMoeRadiated" prob="0.66"/>
DEBUG:Adding: <entity name="DoughsR39_zombieSkateboarderFeral" prob="0.7"/>
DEBUG:Adding: <entity name="DoughsR3_zombieFatCopRadiated" prob="0.5"/>
DEBUG:Adding: <entity name="DoughsR44_zombieBusinessMan"/>
DEBUG:Adding: <entity name="DoughsR48_zombieCheerleaderRadiated" prob="0.66"/>
DEBUG:Adding: <entity name="DoughsR61_zombieSkateboarder"/>
DEBUG:Adding: <entity name="DoughsR62_zombieDarlene"/>
DEBUG:Adding: <entity name="DoughsR63_zombieFatCopFeral" prob="0.6"/>
DEBUG:Adding: <entity name="DoughsR69_zombieOldTimerRadiated" prob="0.66"/>
DEBUG:Adding: <entity name="DoughsR74_zombieMoeFeral" prob="0.7"/>
DEBUG:Adding: <entity name="DoughsR76_zombieDemolition" prob="0.4"/>
DEBUG:Adding: <entity name="DoughsR81_zombieSteveRadiated" prob="0.66"/>
DEBUG:ModletGen_AddZedsToEntityGroupsFile ENTITY GROUP: feralHordeStageGS2330
DEBUG:Adding: <entity name="DoughsR14_zombieSoldier" prob="1"/>
DEBUG:Adding: <entity name="DoughsR20_zombieSoldierRadiated" prob="0.5"/>
DEBUG:Adding: <entity name="DoughsR24_zombieNurse"/>
DEBUG:Adding: <entity name="DoughsR2_zombieBusinessManFeral" prob="0.7"/>
DEBUG:Adding: <entity name="DoughsR31_zombieArlene"/>
DEBUG:Adding: <entity name="DoughsR35_zombieJoe"/>
DEBUG:Adding: <entity name="DoughsR45_zombieSpider" prob="0.7"/>
DEBUG:Adding: <entity name="DoughsR58_zombieJanitorRadiated" prob="0.66"/>
DEBUG:Adding: <entity name="DoughsR69_zombieOldTimerRadiated" prob="0.66"/>
DEBUG:Adding: <entity name="DoughsR74_zombieMoeFeral" prob="0.7"/>
DEBUG:Adding: <entity name="DoughsR78_zombieSteveFeral" prob="0.7"/>
DEBUG:Adding: <entity name="DoughsR86_zombieBikerRadiated" prob="0.6"/>
DEBUG:Adding: <entity name="DoughsR8_zombieArleneRadiated" prob="0.66"/>
DEBUG:Adding: <entity name="DoughsR90_animalZombieVultureRadiated" prob="0.3"/>
DEBUG:ModletGen_AddZedsToEntityGroupsFile ENTITY GROUP: feralHordeStageGS2345
DEBUG:Adding: <entity name="DoughsR14_zombieSoldier" prob="1"/>
DEBUG:Adding: <entity name="DoughsR16_zombieFemaleFat" prob="1"/>
DEBUG:Adding: <entity name="DoughsR24_zombieNurse"/>
DEBUG:Adding: <entity name="DoughsR29_zombieBoe"/>
DEBUG:Adding: <entity name="DoughsR31_zombieArlene"/>
DEBUG:Adding: <entity name="DoughsR34_zombieMarleneRadiated" prob="0.66"/>
DEBUG:Adding: <entity name="DoughsR39_zombieSkateboarderFeral" prob="0.7"/>
DEBUG:Adding: <entity name="DoughsR3_zombieFatCopRadiated" prob="0.5"/>
DEBUG:Adding: <entity name="DoughsR48_zombieCheerleaderRadiated" prob="0.66"/>
DEBUG:Adding: <entity name="DoughsR49_zombieMoe"/>
DEBUG:Adding: <entity name="DoughsR75_zombieSkateboarderRadiated" prob="0.66"/>
DEBUG:Adding: <entity name="DoughsR76_zombieDemolition" prob="0.4"/>
DEBUG:Adding: <entity name="DoughsR79_zombieYoFeral" prob="0.7"/>
DEBUG:Adding: <entity name="DoughsR7_zombieWightFeral" prob="0.6"/>
DEBUG:Adding: <entity name="DoughsR8_zombieArleneRadiated" prob="0.66"/>
DEBUG:ModletGen_AddZedsToEntityGroupsFile ENTITY GROUP: feralHordeStageGS2360
DEBUG:Adding: <entity name="DoughsR11_zombieBoeFeral" prob="0.7"/>
DEBUG:Adding: <entity name="DoughsR21_zombieSpiderRadiated" prob="0.6"/>
DEBUG:Adding: <entity name="DoughsR24_zombieNurse"/>
DEBUG:Adding: <entity name="DoughsR27_zombieFatCop" prob="0.7"/>
DEBUG:Adding: <entity name="DoughsR2_zombieBusinessManFeral" prob="0.7"/>
DEBUG:Adding: <entity name="DoughsR31_zombieArlene"/>
DEBUG:Adding: <entity name="DoughsR34_zombieMarleneRadiated" prob="0.66"/>
DEBUG:Adding: <entity name="DoughsR3_zombieFatCopRadiated" prob="0.5"/>
DEBUG:Adding: <entity name="DoughsR55_zombieJoeRadiated" prob="0.66"/>
DEBUG:Adding: <entity name="DoughsR57_zombieSpiderFeral" prob="0.5"/>
DEBUG:Adding: <entity name="DoughsR61_zombieSkateboarder"/>
DEBUG:Adding: <entity name="DoughsR74_zombieMoeFeral" prob="0.7"/>
DEBUG:Adding: <entity name="DoughsR79_zombieYoFeral" prob="0.7"/>
DEBUG:Adding: <entity name="DoughsR81_zombieSteveRadiated" prob="0.66"/>
DEBUG:Adding: <entity name="DoughsR98_animalZombieDog"/>
DEBUG:ModletGen_AddZedsToEntityGroupsFile ENTITY GROUP: feralHordeStageGS2376
DEBUG:Adding: <entity name="DoughsR11_zombieBoeFeral" prob="0.7"/>
DEBUG:Adding: <entity name="DoughsR14_zombieSoldier" prob="1"/>
DEBUG:Adding: <entity name="DoughsR27_zombieFatCop" prob="0.7"/>
DEBUG:Adding: <entity name="DoughsR31_zombieArlene"/>
DEBUG:Adding: <entity name="DoughsR32_zombieMoeRadiated" prob="0.66"/>
DEBUG:Adding: <entity name="DoughsR36_zombieYoRadiated" prob="0.66"/>
DEBUG:Adding: <entity name="DoughsR3_zombieFatCopRadiated" prob="0.5"/>
DEBUG:Adding: <entity name="DoughsR45_zombieSpider" prob="0.7"/>
DEBUG:Adding: <entity name="DoughsR48_zombieCheerleaderRadiated" prob="0.66"/>
DEBUG:Adding: <entity name="DoughsR49_zombieMoe"/>
DEBUG:Adding: <entity name="DoughsR76_zombieDemolition" prob="0.4"/>
DEBUG:Adding: <entity name="DoughsR76_zombieDemolition" prob="0.4"/>
DEBUG:Adding: <entity name="DoughsR79_zombieYoFeral" prob="0.7"/>
DEBUG:Adding: <entity name="DoughsR88_animalZombieVulture" prob="0.3"/>
DEBUG:Adding: <entity name="DoughsR98_animalZombieDog"/>
DEBUG:ModletGen_AddZedsToEntityGroupsFile ENTITY GROUP: feralHordeStageGS2391
DEBUG:Adding: <entity name="DoughsR10_zombieFemaleFatFeral" prob="0.6"/>
DEBUG:Adding: <entity name="DoughsR12_zombieJoeFeral" prob="0.7"/>
DEBUG:Adding: <entity name="DoughsR13_zombieSteve"/>
DEBUG:Adding: <entity name="DoughsR14_zombieSoldier" prob="1"/>
DEBUG:Adding: <entity name="DoughsR21_zombieSpiderRadiated" prob="0.6"/>
DEBUG:Adding: <entity name="DoughsR29_zombieBoe"/>
DEBUG:Adding: <entity name="DoughsR34_zombieMarleneRadiated" prob="0.66"/>
DEBUG:Adding: <entity name="DoughsR36_zombieYoRadiated" prob="0.66"/>
DEBUG:Adding: <entity name="DoughsR45_zombieSpider" prob="0.7"/>
DEBUG:Adding: <entity name="DoughsR52_zombieUtilityWorkerFeral" prob="0.7"/>
DEBUG:Adding: <entity name="DoughsR54_zombieFemaleFatRadiated" prob="0.6"/>
DEBUG:Adding: <entity name="DoughsR56_zombieUtilityWorker"/>
DEBUG:Adding: <entity name="DoughsR7_zombieWightFeral" prob="0.6"/>
DEBUG:Adding: <entity name="DoughsR81_zombieSteveRadiated" prob="0.66"/>
DEBUG:Adding: <entity name="DoughsR86_zombieBikerRadiated" prob="0.6"/>
DEBUG:ModletGen_AddZedsToEntityGroupsFile ENTITY GROUP: feralHordeStageGS240
DEBUG:Adding: <entity name="DoughsR10_zombieFemaleFatFeral" prob="0.6"/>
DEBUG:Adding: <entity name="DoughsR20_zombieSoldierRadiated" prob="0.5"/>
DEBUG:Adding: <entity name="DoughsR31_zombieArlene"/>
DEBUG:Adding: <entity name="DoughsR32_zombieMoeRadiated" prob="0.66"/>
DEBUG:Adding: <entity name="DoughsR45_zombieSpider" prob="0.7"/>
DEBUG:Adding: <entity name="DoughsR51_zombieDarleneFeral" prob="0.7"/>
DEBUG:Adding: <entity name="DoughsR55_zombieJoeRadiated" prob="0.66"/>
DEBUG:Adding: <entity name="DoughsR57_zombieSpiderFeral" prob="0.5"/>
DEBUG:Adding: <entity name="DoughsR59_zombieArleneFeral" prob="0.7"/>
DEBUG:Adding: <entity name="DoughsR61_zombieSkateboarder"/>
DEBUG:Adding: <entity name="DoughsR62_zombieDarlene"/>
DEBUG:Adding: <entity name="DoughsR78_zombieSteveFeral" prob="0.7"/>
DEBUG:Adding: <entity name="DoughsR79_zombieYoFeral" prob="0.7"/>
DEBUG:ModletGen_AddZedsToEntityGroupsFile ENTITY GROUP: feralHordeStageGS2407
DEBUG:Adding: <entity name="DoughsR10_zombieFemaleFatFeral" prob="0.6"/>
DEBUG:Adding: <entity name="DoughsR13_zombieSteve"/>
DEBUG:Adding: <entity name="DoughsR21_zombieSpiderRadiated" prob="0.6"/>
DEBUG:Adding: <entity name="DoughsR2_zombieBusinessManFeral" prob="0.7"/>
DEBUG:Adding: <entity name="DoughsR35_zombieJoe"/>
DEBUG:Adding: <entity name="DoughsR3_zombieFatCopRadiated" prob="0.5"/>
DEBUG:Adding: <entity name="DoughsR44_zombieBusinessMan"/>
DEBUG:Adding: <entity name="DoughsR45_zombieSpider" prob="0.7"/>
DEBUG:Adding: <entity name="DoughsR54_zombieFemaleFatRadiated" prob="0.6"/>
DEBUG:Adding: <entity name="DoughsR56_zombieUtilityWorker"/>
DEBUG:Adding: <entity name="DoughsR66_zombieDarleneRadiated" prob="0.66"/>
DEBUG:Adding: <entity name="DoughsR74_zombieMoeFeral" prob="0.7"/>
DEBUG:Adding: <entity name="DoughsR76_zombieDemolition" prob="0.4"/>
DEBUG:Adding: <entity name="DoughsR78_zombieSteveFeral" prob="0.7"/>
DEBUG:Adding: <entity name="DoughsR7_zombieWightFeral" prob="0.6"/>
DEBUG:ModletGen_AddZedsToEntityGroupsFile ENTITY GROUP: feralHordeStageGS2423
DEBUG:Adding: <entity name="DoughsR20_zombieSoldierRadiated" prob="0.5"/>
DEBUG:Adding: <entity name="DoughsR21_zombieSpiderRadiated" prob="0.6"/>
DEBUG:Adding: <entity name="DoughsR22_zombieWightRadiated" prob="0.6"/>
DEBUG:Adding: <entity name="DoughsR24_zombieNurse"/>
DEBUG:Adding: <entity name="DoughsR28_zombieMarlene"/>
DEBUG:Adding: <entity name="DoughsR2_zombieBusinessManFeral" prob="0.7"/>
DEBUG:Adding: <entity name="DoughsR35_zombieJoe"/>
DEBUG:Adding: <entity name="DoughsR39_zombieSkateboarderFeral" prob="0.7"/>
DEBUG:Adding: <entity name="DoughsR44_zombieBusinessMan"/>
DEBUG:Adding: <entity name="DoughsR48_zombieCheerleaderRadiated" prob="0.66"/>
DEBUG:Adding: <entity name="DoughsR53_zombieJanitorFeral" prob="0.7"/>
DEBUG:Adding: <entity name="DoughsR69_zombieOldTimerRadiated" prob="0.66"/>
DEBUG:Adding: <entity name="DoughsR78_zombieSteveFeral" prob="0.7"/>
DEBUG:Adding: <entity name="DoughsR7_zombieWightFeral" prob="0.6"/>
DEBUG:Adding: <entity name="DoughsR86_zombieBikerRadiated" prob="0.6"/>
DEBUG:ModletGen_AddZedsToEntityGroupsFile ENTITY GROUP: feralHordeStageGS2438
DEBUG:Adding: <entity name="DoughsR10_zombieFemaleFatFeral" prob="0.6"/>
DEBUG:Adding: <entity name="DoughsR14_zombieSoldier" prob="1"/>
DEBUG:Adding: <entity name="DoughsR20_zombieSoldierRadiated" prob="0.5"/>
DEBUG:Adding: <entity name="DoughsR22_zombieWightRadiated" prob="0.5"/>
DEBUG:Adding: <entity name="DoughsR28_zombieMarlene"/>
DEBUG:Adding: <entity name="DoughsR29_zombieBoe"/>
DEBUG:Adding: <entity name="DoughsR31_zombieArlene"/>
DEBUG:Adding: <entity name="DoughsR35_zombieJoe"/>
DEBUG:Adding: <entity name="DoughsR39_zombieSkateboarderFeral" prob="0.7"/>
DEBUG:Adding: <entity name="DoughsR3_zombieFatCopRadiated" prob="0.5"/>
DEBUG:Adding: <entity name="DoughsR53_zombieJanitorFeral" prob="0.7"/>
DEBUG:Adding: <entity name="DoughsR54_zombieFemaleFatRadiated" prob="0.6"/>
DEBUG:Adding: <entity name="DoughsR58_zombieJanitorRadiated" prob="0.66"/>
DEBUG:Adding: <entity name="DoughsR59_zombieArleneFeral" prob="0.7"/>
DEBUG:Adding: <entity name="DoughsR8_zombieArleneRadiated" prob="0.66"/>
DEBUG:ModletGen_AddZedsToEntityGroupsFile ENTITY GROUP: feralHordeStageGS2454
DEBUG:Adding: <entity name="DoughsR10_zombieFemaleFatFeral" prob="0.6"/>
DEBUG:Adding: <entity name="DoughsR12_zombieJoeFeral" prob="0.7"/>
DEBUG:Adding: <entity name="DoughsR16_zombieFemaleFat" prob="1"/>
DEBUG:Adding: <entity name="DoughsR22_zombieWightRadiated" prob="0.5"/>
DEBUG:Adding: <entity name="DoughsR27_zombieFatCop" prob="0.7"/>
DEBUG:Adding: <entity name="DoughsR29_zombieBoe"/>
DEBUG:Adding: <entity name="DoughsR34_zombieMarleneRadiated" prob="0.66"/>
DEBUG:Adding: <entity name="DoughsR37_zombieMarleneFeral" prob="0.7"/>
DEBUG:Adding: <entity name="DoughsR39_zombieSkateboarderFeral" prob="0.7"/>
DEBUG:Adding: <entity name="DoughsR55_zombieJoeRadiated" prob="0.66"/>
DEBUG:Adding: <entity name="DoughsR57_zombieSpiderFeral" prob="0.5"/>
DEBUG:Adding: <entity name="DoughsR58_zombieJanitorRadiated" prob="0.66"/>
DEBUG:Adding: <entity name="DoughsR76_zombieDemolition" prob="0.4"/>
DEBUG:Adding: <entity name="DoughsR78_zombieSteveFeral" prob="0.7"/>
DEBUG:Adding: <entity name="DoughsR86_zombieBikerRadiated" prob="0.6"/>
DEBUG:ModletGen_AddZedsToEntityGroupsFile ENTITY GROUP: feralHordeStageGS2469
DEBUG:Adding: <entity name="DoughsR14_zombieSoldier" prob="1"/>
DEBUG:Adding: <entity name="DoughsR16_zombieFemaleFat" prob="1"/>
DEBUG:Adding: <entity name="DoughsR20_zombieSoldierRadiated" prob="0.5"/>
DEBUG:Adding: <entity name="DoughsR24_zombieNurse"/>
DEBUG:Adding: <entity name="DoughsR27_zombieFatCop" prob="0.7"/>
DEBUG:Adding: <entity name="DoughsR32_zombieMoeRadiated" prob="0.66"/>
DEBUG:Adding: <entity name="DoughsR39_zombieSkateboarderFeral" prob="0.7"/>
DEBUG:Adding: <entity name="DoughsR3_zombieFatCopRadiated" prob="0.5"/>
DEBUG:Adding: <entity name="DoughsR45_zombieSpider" prob="0.7"/>
DEBUG:Adding: <entity name="DoughsR52_zombieUtilityWorkerFeral" prob="0.7"/>
DEBUG:Adding: <entity name="DoughsR63_zombieFatCopFeral" prob="0.6"/>
DEBUG:Adding: <entity name="DoughsR65_zombieJanitor"/>
DEBUG:Adding: <entity name="DoughsR69_zombieOldTimerRadiated" prob="0.66"/>
DEBUG:Adding: <entity name="DoughsR71_zombieNurseFeral" prob="0.7"/>
DEBUG:Adding: <entity name="DoughsR7_zombieWightFeral" prob="0.6"/>
DEBUG:ModletGen_AddZedsToEntityGroupsFile ENTITY GROUP: feralHordeStageGS247
DEBUG:Adding: <entity name="DoughsR14_zombieSoldier" prob="1"/>
DEBUG:Adding: <entity name="DoughsR29_zombieBoe"/>
DEBUG:Adding: <entity name="DoughsR3_zombieFatCopRadiated" prob="0.5"/>
DEBUG:Adding: <entity name="DoughsR41_zombieYo"/>
DEBUG:Adding: <entity name="DoughsR55_zombieJoeRadiated" prob="0.66"/>
DEBUG:Adding: <entity name="DoughsR56_zombieUtilityWorker"/>
DEBUG:Adding: <entity name="DoughsR59_zombieArleneFeral" prob="0.7"/>
DEBUG:Adding: <entity name="DoughsR61_zombieSkateboarder"/>
DEBUG:Adding: <entity name="DoughsR76_zombieDemolition" prob="0.2"/>
DEBUG:Adding: <entity name="DoughsR79_zombieYoFeral" prob="0.7"/>
DEBUG:Adding: <entity name="DoughsR86_zombieBikerRadiated" prob="0.6"/>
DEBUG:Adding: <entity name="DoughsR88_animalZombieVulture" prob="0.3"/>
DEBUG:Adding: <entity name="DoughsR90_animalZombieVultureRadiated" prob="0.3"/>
DEBUG:ModletGen_AddZedsToEntityGroupsFile ENTITY GROUP: feralHordeStageGS2485
DEBUG:Adding: <entity name="DoughsR14_zombieSoldier" prob="1"/>
DEBUG:Adding: <entity name="DoughsR27_zombieFatCop" prob="0.7"/>
DEBUG:Adding: <entity name="DoughsR31_zombieArlene"/>
DEBUG:Adding: <entity name="DoughsR44_zombieBusinessMan"/>
DEBUG:Adding: <entity name="DoughsR49_zombieMoe"/>
DEBUG:Adding: <entity name="DoughsR52_zombieUtilityWorkerFeral" prob="0.7"/>
DEBUG:Adding: <entity name="DoughsR54_zombieFemaleFatRadiated" prob="0.6"/>
DEBUG:Adding: <entity name="DoughsR62_zombieDarlene"/>
DEBUG:Adding: <entity name="DoughsR71_zombieNurseFeral" prob="0.7"/>
DEBUG:Adding: <entity name="DoughsR76_zombieDemolition" prob="0.4"/>
DEBUG:Adding: <entity name="DoughsR78_zombieSteveFeral" prob="0.7"/>
DEBUG:Adding: <entity name="DoughsR79_zombieYoFeral" prob="0.7"/>
DEBUG:Adding: <entity name="DoughsR7_zombieWightFeral" prob="0.6"/>
DEBUG:Adding: <entity name="DoughsR81_zombieSteveRadiated" prob="0.66"/>
DEBUG:Adding: <entity name="DoughsR90_animalZombieVultureRadiated" prob="0.3"/>
DEBUG:ModletGen_AddZedsToEntityGroupsFile ENTITY GROUP: feralHordeStageGS2501
DEBUG:Adding: <entity name="DoughsR11_zombieBoeFeral" prob="0.7"/>
DEBUG:Adding: <entity name="DoughsR21_zombieSpiderRadiated" prob="0.6"/>
DEBUG:Adding: <entity name="DoughsR28_zombieMarlene"/>
DEBUG:Adding: <entity name="DoughsR29_zombieBoe"/>
DEBUG:Adding: <entity name="DoughsR31_zombieArlene"/>
DEBUG:Adding: <entity name="DoughsR3_zombieFatCopRadiated" prob="0.5"/>
DEBUG:Adding: <entity name="DoughsR58_zombieJanitorRadiated" prob="0.66"/>
DEBUG:Adding: <entity name="DoughsR59_zombieArleneFeral" prob="0.7"/>
DEBUG:Adding: <entity name="DoughsR61_zombieSkateboarder"/>
DEBUG:Adding: <entity name="DoughsR63_zombieFatCopFeral" prob="0.6"/>
DEBUG:Adding: <entity name="DoughsR65_zombieJanitor"/>
DEBUG:Adding: <entity name="DoughsR76_zombieDemolition" prob="0.4"/>
DEBUG:Adding: <entity name="DoughsR79_zombieYoFeral" prob="0.7"/>
DEBUG:Adding: <entity name="DoughsR81_zombieSteveRadiated" prob="0.66"/>
DEBUG:Adding: <entity name="DoughsR90_animalZombieVultureRadiated" prob="0.3"/>
DEBUG:ModletGen_AddZedsToEntityGroupsFile ENTITY GROUP: feralHordeStageGS2517
DEBUG:Adding: <entity name="DoughsR12_zombieJoeFeral" prob="0.7"/>
DEBUG:Adding: <entity name="DoughsR13_zombieSteve"/>
DEBUG:Adding: <entity name="DoughsR20_zombieSoldierRadiated" prob="0.5"/>
DEBUG:Adding: <entity name="DoughsR21_zombieSpiderRadiated" prob="0.6"/>
DEBUG:Adding: <entity name="DoughsR24_zombieNurse"/>
DEBUG:Adding: <entity name="DoughsR37_zombieMarleneFeral" prob="0.7"/>
DEBUG:Adding: <entity name="DoughsR41_zombieYo"/>
DEBUG:Adding: <entity name="DoughsR45_zombieSpider" prob="0.7"/>
DEBUG:Adding: <entity name="DoughsR51_zombieDarleneFeral" prob="0.7"/>
DEBUG:Adding: <entity name="DoughsR63_zombieFatCopFeral" prob="0.6"/>
DEBUG:Adding: <entity name="DoughsR66_zombieDarleneRadiated" prob="0.66"/>
DEBUG:Adding: <entity name="DoughsR75_zombieSkateboarderRadiated" prob="0.66"/>
DEBUG:Adding: <entity name="DoughsR79_zombieYoFeral" prob="0.7"/>
DEBUG:Adding: <entity name="DoughsR7_zombieWightFeral" prob="0.6"/>
DEBUG:Adding: <entity name="DoughsR98_animalZombieDog"/>
DEBUG:ModletGen_AddZedsToEntityGroupsFile ENTITY GROUP: feralHordeStageGS2532
DEBUG:Adding: <entity name="DoughsR22_zombieWightRadiated" prob="0.6"/>
DEBUG:Adding: <entity name="DoughsR22_zombieWightRadiated" prob="0.5"/>
DEBUG:Adding: <entity name="DoughsR34_zombieMarleneRadiated" prob="0.66"/>
DEBUG:Adding: <entity name="DoughsR36_zombieYoRadiated" prob="0.66"/>
DEBUG:Adding: <entity name="DoughsR50_zombieBoeRadiated" prob="0.66"/>
DEBUG:Adding: <entity name="DoughsR51_zombieDarleneFeral" prob="0.7"/>
DEBUG:Adding: <entity name="DoughsR54_zombieFemaleFatRadiated" prob="0.6"/>
DEBUG:Adding: <entity name="DoughsR55_zombieJoeRadiated" prob="0.66"/>
DEBUG:Adding: <entity name="DoughsR56_zombieUtilityWorker"/>
DEBUG:Adding: <entity name="DoughsR57_zombieSpiderFeral" prob="0.5"/>
DEBUG:Adding: <entity name="DoughsR59_zombieArleneFeral" prob="0.7"/>
DEBUG:Adding: <entity name="DoughsR63_zombieFatCopFeral" prob="0.6"/>
DEBUG:Adding: <entity name="DoughsR69_zombieOldTimerRadiated" prob="0.66"/>
DEBUG:Adding: <entity name="DoughsR90_animalZombieVultureRadiated" prob="0.3"/>
DEBUG:Adding: <entity name="DoughsR98_animalZombieDog"/>
DEBUG:ModletGen_AddZedsToEntityGroupsFile ENTITY GROUP: feralHordeStageGS2548
DEBUG:Adding: <entity name="DoughsR13_zombieSteve"/>
DEBUG:Adding: <entity name="DoughsR21_zombieSpiderRadiated" prob="0.6"/>
DEBUG:Adding: <entity name="DoughsR28_zombieMarlene"/>
DEBUG:Adding: <entity name="DoughsR36_zombieYoRadiated" prob="0.66"/>
DEBUG:Adding: <entity name="DoughsR45_zombieSpider" prob="0.7"/>
DEBUG:Adding: <entity name="DoughsR50_zombieBoeRadiated" prob="0.66"/>
DEBUG:Adding: <entity name="DoughsR51_zombieDarleneFeral" prob="0.7"/>
DEBUG:Adding: <entity name="DoughsR54_zombieFemaleFatRadiated" prob="0.6"/>
DEBUG:Adding: <entity name="DoughsR58_zombieJanitorRadiated" prob="0.66"/>
DEBUG:Adding: <entity name="DoughsR63_zombieFatCopFeral" prob="0.6"/>
DEBUG:Adding: <entity name="DoughsR65_zombieJanitor"/>
DEBUG:Adding: <entity name="DoughsR66_zombieDarleneRadiated" prob="0.66"/>
DEBUG:Adding: <entity name="DoughsR69_zombieOldTimerRadiated" prob="0.66"/>
DEBUG:Adding: <entity name="DoughsR76_zombieDemolition" prob="0.4"/>
DEBUG:Adding: <entity name="DoughsR8_zombieArleneRadiated" prob="0.66"/>
DEBUG:ModletGen_AddZedsToEntityGroupsFile ENTITY GROUP: feralHordeStageGS255
DEBUG:Adding: <entity name="DoughsR12_zombieJoeFeral" prob="0.7"/>
DEBUG:Adding: <entity name="DoughsR14_zombieSoldier" prob="1"/>
DEBUG:Adding: <entity name="DoughsR27_zombieFatCop" prob="0.7"/>
DEBUG:Adding: <entity name="DoughsR32_zombieMoeRadiated" prob="0.66"/>
DEBUG:Adding: <entity name="DoughsR36_zombieYoRadiated" prob="0.66"/>
DEBUG:Adding: <entity name="DoughsR37_zombieMarleneFeral" prob="0.7"/>
DEBUG:Adding: <entity name="DoughsR50_zombieBoeRadiated" prob="0.66"/>
DEBUG:Adding: <entity name="DoughsR52_zombieUtilityWorkerFeral" prob="0.7"/>
DEBUG:Adding: <entity name="DoughsR71_zombieNurseFeral" prob="0.7"/>
DEBUG:Adding: <entity name="DoughsR74_zombieMoeFeral" prob="0.7"/>
DEBUG:Adding: <entity name="DoughsR78_zombieSteveFeral" prob="0.7"/>
DEBUG:Adding: <entity name="DoughsR7_zombieWightFeral" prob="0.6"/>
DEBUG:Adding: <entity name="DoughsR81_zombieSteveRadiated" prob="0.66"/>
DEBUG:ModletGen_AddZedsToEntityGroupsFile ENTITY GROUP: feralHordeStageGS2564
DEBUG:Adding: <entity name="DoughsR21_zombieSpiderRadiated" prob="0.6"/>
DEBUG:Adding: <entity name="DoughsR22_zombieWightRadiated" prob="0.6"/>
DEBUG:Adding: <entity name="DoughsR24_zombieNurse"/>
DEBUG:Adding: <entity name="DoughsR31_zombieArlene"/>
DEBUG:Adding: <entity name="DoughsR36_zombieYoRadiated" prob="0.66"/>
DEBUG:Adding: <entity name="DoughsR39_zombieSkateboarderFeral" prob="0.7"/>
DEBUG:Adding: <entity name="DoughsR45_zombieSpider" prob="0.7"/>
DEBUG:Adding: <entity name="DoughsR48_zombieCheerleaderRadiated" prob="0.66"/>
DEBUG:Adding: <entity name="DoughsR63_zombieFatCopFeral" prob="0.6"/>
DEBUG:Adding: <entity name="DoughsR78_zombieSteveFeral" prob="0.7"/>
DEBUG:Adding: <entity name="DoughsR7_zombieWightFeral" prob="0.6"/>
DEBUG:Adding: <entity name="DoughsR81_zombieSteveRadiated" prob="0.66"/>
DEBUG:Adding: <entity name="DoughsR88_animalZombieVulture" prob="0.3"/>
DEBUG:Adding: <entity name="DoughsR90_animalZombieVultureRadiated" prob="0.3"/>
DEBUG:Adding: <entity name="DoughsR98_animalZombieDog"/>
DEBUG:ModletGen_AddZedsToEntityGroupsFile ENTITY GROUP: feralHordeStageGS2580
DEBUG:Adding: <entity name="DoughsR20_zombieSoldierRadiated" prob="0.5"/>
DEBUG:Adding: <entity name="DoughsR24_zombieNurse"/>
DEBUG:Adding: <entity name="DoughsR29_zombieBoe"/>
DEBUG:Adding: <entity name="DoughsR34_zombieMarleneRadiated" prob="0.66"/>
DEBUG:Adding: <entity name="DoughsR39_zombieSkateboarderFeral" prob="0.7"/>
DEBUG:Adding: <entity name="DoughsR3_zombieFatCopRadiated" prob="0.5"/>
DEBUG:Adding: <entity name="DoughsR3_zombieFatCopRadiated" prob="0.5"/>
DEBUG:Adding: <entity name="DoughsR41_zombieYo"/>
DEBUG:Adding: <entity name="DoughsR48_zombieCheerleaderRadiated" prob="0.66"/>
DEBUG:Adding: <entity name="DoughsR55_zombieJoeRadiated" prob="0.66"/>
DEBUG:Adding: <entity name="DoughsR59_zombieArleneFeral" prob="0.7"/>
DEBUG:Adding: <entity name="DoughsR62_zombieDarlene"/>
DEBUG:Adding: <entity name="DoughsR65_zombieJanitor"/>
DEBUG:Adding: <entity name="DoughsR76_zombieDemolition" prob="0.4"/>
DEBUG:Adding: <entity name="DoughsR88_animalZombieVulture" prob="0.3"/>
DEBUG:ModletGen_AddZedsToEntityGroupsFile ENTITY GROUP: feralHordeStageGS2596
DEBUG:Adding: <entity name="DoughsR11_zombieBoeFeral" prob="0.7"/>
DEBUG:Adding: <entity name="DoughsR13_zombieSteve"/>
DEBUG:Adding: <entity name="DoughsR22_zombieWightRadiated" prob="0.5"/>
DEBUG:Adding: <entity name="DoughsR28_zombieMarlene"/>
DEBUG:Adding: <entity name="DoughsR29_zombieBoe"/>
DEBUG:Adding: <entity name="DoughsR2_zombieBusinessManFeral" prob="0.7"/>
DEBUG:Adding: <entity name="DoughsR39_zombieSkateboarderFeral" prob="0.7"/>
DEBUG:Adding: <entity name="DoughsR50_zombieBoeRadiated" prob="0.66"/>
DEBUG:Adding: <entity name="DoughsR52_zombieUtilityWorkerFeral" prob="0.7"/>
DEBUG:Adding: <entity name="DoughsR54_zombieFemaleFatRadiated" prob="0.6"/>
DEBUG:Adding: <entity name="DoughsR56_zombieUtilityWorker"/>
DEBUG:Adding: <entity name="DoughsR66_zombieDarleneRadiated" prob="0.66"/>
DEBUG:Adding: <entity name="DoughsR75_zombieSkateboarderRadiated" prob="0.66"/>
DEBUG:Adding: <entity name="DoughsR7_zombieWightFeral" prob="0.6"/>
DEBUG:Adding: <entity name="DoughsR8_zombieArleneRadiated" prob="0.66"/>
DEBUG:ModletGen_AddZedsToEntityGroupsFile ENTITY GROUP: feralHordeStageGS2612
DEBUG:Adding: <entity name="DoughsR20_zombieSoldierRadiated" prob="0.5"/>
DEBUG:Adding: <entity name="DoughsR24_zombieNurse"/>
DEBUG:Adding: <entity name="DoughsR2_zombieBusinessManFeral" prob="0.7"/>
DEBUG:Adding: <entity name="DoughsR35_zombieJoe"/>
DEBUG:Adding: <entity name="DoughsR36_zombieYoRadiated" prob="0.66"/>
DEBUG:Adding: <entity name="DoughsR3_zombieFatCopRadiated" prob="0.5"/>
DEBUG:Adding: <entity name="DoughsR3_zombieFatCopRadiated" prob="0.5"/>
DEBUG:Adding: <entity name="DoughsR45_zombieSpider" prob="0.7"/>
DEBUG:Adding: <entity name="DoughsR51_zombieDarleneFeral" prob="0.7"/>
DEBUG:Adding: <entity name="DoughsR52_zombieUtilityWorkerFeral" prob="0.7"/>
DEBUG:Adding: <entity name="DoughsR56_zombieUtilityWorker"/>
DEBUG:Adding: <entity name="DoughsR76_zombieDemolition" prob="0.4"/>
DEBUG:Adding: <entity name="DoughsR76_zombieDemolition" prob="0.4"/>
DEBUG:Adding: <entity name="DoughsR7_zombieWightFeral" prob="0.6"/>
DEBUG:Adding: <entity name="DoughsR81_zombieSteveRadiated" prob="0.66"/>
DEBUG:ModletGen_AddZedsToEntityGroupsFile ENTITY GROUP: feralHordeStageGS2628
DEBUG:Adding: <entity name="DoughsR16_zombieFemaleFat" prob="1"/>
DEBUG:Adding: <entity name="DoughsR22_zombieWightRadiated" prob="0.5"/>
DEBUG:Adding: <entity name="DoughsR28_zombieMarlene"/>
DEBUG:Adding: <entity name="DoughsR2_zombieBusinessManFeral" prob="0.7"/>
DEBUG:Adding: <entity name="DoughsR39_zombieSkateboarderFeral" prob="0.7"/>
DEBUG:Adding: <entity name="DoughsR44_zombieBusinessMan"/>
DEBUG:Adding: <entity name="DoughsR45_zombieSpider" prob="0.7"/>
DEBUG:Adding: <entity name="DoughsR54_zombieFemaleFatRadiated" prob="0.6"/>
DEBUG:Adding: <entity name="DoughsR55_zombieJoeRadiated" prob="0.66"/>
DEBUG:Adding: <entity name="DoughsR63_zombieFatCopFeral" prob="0.6"/>
DEBUG:Adding: <entity name="DoughsR65_zombieJanitor"/>
DEBUG:Adding: <entity name="DoughsR69_zombieOldTimerRadiated" prob="0.66"/>
DEBUG:Adding: <entity name="DoughsR71_zombieNurseFeral" prob="0.7"/>
DEBUG:Adding: <entity name="DoughsR75_zombieSkateboarderRadiated" prob="0.66"/>
DEBUG:Adding: <entity name="DoughsR98_animalZombieDog"/>
DEBUG:ModletGen_AddZedsToEntityGroupsFile ENTITY GROUP: feralHordeStageGS263
DEBUG:Adding: <entity name="DoughsR27_zombieFatCop" prob="0.7"/>
DEBUG:Adding: <entity name="DoughsR28_zombieMarlene"/>
DEBUG:Adding: <entity name="DoughsR31_zombieArlene"/>
DEBUG:Adding: <entity name="DoughsR32_zombieMoeRadiated" prob="0.66"/>
DEBUG:Adding: <entity name="DoughsR36_zombieYoRadiated" prob="0.66"/>
DEBUG:Adding: <entity name="DoughsR39_zombieSkateboarderFeral" prob="0.7"/>
DEBUG:Adding: <entity name="DoughsR41_zombieYo"/>
DEBUG:Adding: <entity name="DoughsR53_zombieJanitorFeral" prob="0.7"/>
DEBUG:Adding: <entity name="DoughsR54_zombieFemaleFatRadiated" prob="0.6"/>
DEBUG:Adding: <entity name="DoughsR55_zombieJoeRadiated" prob="0.66"/>
DEBUG:Adding: <entity name="DoughsR61_zombieSkateboarder"/>
DEBUG:Adding: <entity name="DoughsR78_zombieSteveFeral" prob="0.7"/>
DEBUG:Adding: <entity name="DoughsR79_zombieYoFeral" prob="0.7"/>
DEBUG:ModletGen_AddZedsToEntityGroupsFile ENTITY GROUP: feralHordeStageGS2644
DEBUG:Adding: <entity name="DoughsR11_zombieBoeFeral" prob="0.7"/>
DEBUG:Adding: <entity name="DoughsR14_zombieSoldier" prob="1"/>
DEBUG:Adding: <entity name="DoughsR22_zombieWightRadiated" prob="0.5"/>
DEBUG:Adding: <entity name="DoughsR27_zombieFatCop" prob="0.7"/>
DEBUG:Adding: <entity name="DoughsR29_zombieBoe"/>
DEBUG:Adding: <entity name="DoughsR32_zombieMoeRadiated" prob="0.66"/>
DEBUG:Adding: <entity name="DoughsR45_zombieSpider" prob="0.7"/>
DEBUG:Adding: <entity name="DoughsR51_zombieDarleneFeral" prob="0.7"/>
DEBUG:Adding: <entity name="DoughsR57_zombieSpiderFeral" prob="0.5"/>
DEBUG:Adding: <entity name="DoughsR58_zombieJanitorRadiated" prob="0.66"/>
DEBUG:Adding: <entity name="DoughsR61_zombieSkateboarder"/>
DEBUG:Adding: <entity name="DoughsR63_zombieFatCopFeral" prob="0.6"/>
DEBUG:Adding: <entity name="DoughsR76_zombieDemolition" prob="0.4"/>
DEBUG:Adding: <entity name="DoughsR7_zombieWightFeral" prob="0.6"/>
DEBUG:Adding: <entity name="DoughsR8_zombieArleneRadiated" prob="0.66"/>
DEBUG:ModletGen_AddZedsToEntityGroupsFile ENTITY GROUP: feralHordeStageGS2660
DEBUG:Adding: <entity name="DoughsR29_zombieBoe"/>
DEBUG:Adding: <entity name="DoughsR32_zombieMoeRadiated" prob="0.66"/>
DEBUG:Adding: <entity name="DoughsR35_zombieJoe"/>
DEBUG:Adding: <entity name="DoughsR39_zombieSkateboarderFeral" prob="0.7"/>
DEBUG:Adding: <entity name="DoughsR3_zombieFatCopRadiated" prob="0.5"/>
DEBUG:Adding: <entity name="DoughsR45_zombieSpider" prob="0.7"/>
DEBUG:Adding: <entity name="DoughsR48_zombieCheerleaderRadiated" prob="0.66"/>
DEBUG:Adding: <entity name="DoughsR49_zombieMoe"/>
DEBUG:Adding: <entity name="DoughsR52_zombieUtilityWorkerFeral" prob="0.7"/>
DEBUG:Adding: <entity name="DoughsR57_zombieSpiderFeral" prob="0.5"/>
DEBUG:Adding: <entity name="DoughsR66_zombieDarleneRadiated" prob="0.66"/>
DEBUG:Adding: <entity name="DoughsR69_zombieOldTimerRadiated" prob="0.66"/>
DEBUG:Adding: <entity name="DoughsR74_zombieMoeFeral" prob="0.7"/>
DEBUG:Adding: <entity name="DoughsR78_zombieSteveFeral" prob="0.7"/>
DEBUG:Adding: <entity name="DoughsR88_animalZombieVulture" prob="0.3"/>
DEBUG:ModletGen_AddZedsToEntityGroupsFile ENTITY GROUP: feralHordeStageGS2676
DEBUG:Adding: <entity name="DoughsR21_zombieSpiderRadiated" prob="0.6"/>
DEBUG:Adding: <entity name="DoughsR28_zombieMarlene"/>
DEBUG:Adding: <entity name="DoughsR2_zombieBusinessManFeral" prob="0.7"/>
DEBUG:Adding: <entity name="DoughsR36_zombieYoRadiated" prob="0.66"/>
DEBUG:Adding: <entity name="DoughsR3_zombieFatCopRadiated" prob="0.5"/>
DEBUG:Adding: <entity name="DoughsR41_zombieYo"/>
DEBUG:Adding: <entity name="DoughsR44_zombieBusinessMan"/>
DEBUG:Adding: <entity name="DoughsR48_zombieCheerleaderRadiated" prob="0.66"/>
DEBUG:Adding: <entity name="DoughsR52_zombieUtilityWorkerFeral" prob="0.7"/>
DEBUG:Adding: <entity name="DoughsR54_zombieFemaleFatRadiated" prob="0.6"/>
DEBUG:Adding: <entity name="DoughsR55_zombieJoeRadiated" prob="0.66"/>
DEBUG:Adding: <entity name="DoughsR63_zombieFatCopFeral" prob="0.6"/>
DEBUG:Adding: <entity name="DoughsR71_zombieNurseFeral" prob="0.7"/>
DEBUG:Adding: <entity name="DoughsR76_zombieDemolition" prob="0.4"/>
DEBUG:Adding: <entity name="DoughsR86_zombieBikerRadiated" prob="0.6"/>
DEBUG:ModletGen_AddZedsToEntityGroupsFile ENTITY GROUP: feralHordeStageGS2692
DEBUG:Adding: <entity name="DoughsR10_zombieFemaleFatFeral" prob="0.6"/>
DEBUG:Adding: <entity name="DoughsR11_zombieBoeFeral" prob="0.7"/>
DEBUG:Adding: <entity name="DoughsR20_zombieSoldierRadiated" prob="0.5"/>
DEBUG:Adding: <entity name="DoughsR24_zombieNurse"/>
DEBUG:Adding: <entity name="DoughsR32_zombieMoeRadiated" prob="0.66"/>
DEBUG:Adding: <entity name="DoughsR3_zombieFatCopRadiated" prob="0.5"/>
DEBUG:Adding: <entity name="DoughsR3_zombieFatCopRadiated" prob="0.5"/>
DEBUG:Adding: <entity name="DoughsR48_zombieCheerleaderRadiated" prob="0.66"/>
DEBUG:Adding: <entity name="DoughsR52_zombieUtilityWorkerFeral" prob="0.7"/>
DEBUG:Adding: <entity name="DoughsR54_zombieFemaleFatRadiated" prob="0.6"/>
DEBUG:Adding: <entity name="DoughsR57_zombieSpiderFeral" prob="0.5"/>
DEBUG:Adding: <entity name="DoughsR69_zombieOldTimerRadiated" prob="0.66"/>
DEBUG:Adding: <entity name="DoughsR7_zombieWightFeral" prob="0.6"/>
DEBUG:Adding: <entity name="DoughsR88_animalZombieVulture" prob="0.3"/>
DEBUG:Adding: <entity name="DoughsR8_zombieArleneRadiated" prob="0.66"/>
DEBUG:ModletGen_AddZedsToEntityGroupsFile ENTITY GROUP: feralHordeStageGS27
DEBUG:Adding: <entity name="DoughsR13_zombieSteve"/>
DEBUG:Adding: <entity name="DoughsR16_zombieFemaleFat" prob="0.81"/>
DEBUG:Adding: <entity name="DoughsR24_zombieNurse"/>
DEBUG:Adding: <entity name="DoughsR28_zombieMarlene"/>
DEBUG:Adding: <entity name="DoughsR29_zombieBoe"/>
DEBUG:Adding: <entity name="DoughsR31_zombieArlene"/>
DEBUG:Adding: <entity name="DoughsR35_zombieJoe"/>
DEBUG:Adding: <entity name="DoughsR44_zombieBusinessMan"/>
DEBUG:Adding: <entity name="DoughsR61_zombieSkateboarder"/>
DEBUG:Adding: <entity name="DoughsR65_zombieJanitor"/>
DEBUG:Adding: <entity name="DoughsR88_animalZombieVulture" prob="0.11"/>
DEBUG:Adding: <entity name="DoughsR98_animalZombieDog"/>
DEBUG:ModletGen_AddZedsToEntityGroupsFile ENTITY GROUP: feralHordeStageGS2708
DEBUG:Adding: <entity name="DoughsR10_zombieFemaleFatFeral" prob="0.6"/>
DEBUG:Adding: <entity name="DoughsR13_zombieSteve"/>
DEBUG:Adding: <entity name="DoughsR14_zombieSoldier" prob="1"/>
DEBUG:Adding: <entity name="DoughsR16_zombieFemaleFat" prob="1"/>
DEBUG:Adding: <entity name="DoughsR20_zombieSoldierRadiated" prob="0.5"/>
DEBUG:Adding: <entity name="DoughsR21_zombieSpiderRadiated" prob="0.6"/>
DEBUG:Adding: <entity name="DoughsR3_zombieFatCopRadiated" prob="0.5"/>
DEBUG:Adding: <entity name="DoughsR53_zombieJanitorFeral" prob="0.7"/>
DEBUG:Adding: <entity name="DoughsR61_zombieSkateboarder"/>
DEBUG:Adding: <entity name="DoughsR65_zombieJanitor"/>
DEBUG:Adding: <entity name="DoughsR71_zombieNurseFeral" prob="0.7"/>
DEBUG:Adding: <entity name="DoughsR74_zombieMoeFeral" prob="0.7"/>
DEBUG:Adding: <entity name="DoughsR76_zombieDemolition" prob="0.4"/>
DEBUG:Adding: <entity name="DoughsR79_zombieYoFeral" prob="0.7"/>
DEBUG:Adding: <entity name="DoughsR8_zombieArleneRadiated" prob="0.66"/>
DEBUG:ModletGen_AddZedsToEntityGroupsFile ENTITY GROUP: feralHordeStageGS271
DEBUG:Adding: <entity name="DoughsR22_zombieWightRadiated" prob="0.5"/>
DEBUG:Adding: <entity name="DoughsR27_zombieFatCop" prob="0.7"/>
DEBUG:Adding: <entity name="DoughsR32_zombieMoeRadiated" prob="0.66"/>
DEBUG:Adding: <entity name="DoughsR3_zombieFatCopRadiated" prob="0.5"/>
DEBUG:Adding: <entity name="DoughsR45_zombieSpider" prob="0.7"/>
DEBUG:Adding: <entity name="DoughsR48_zombieCheerleaderRadiated" prob="0.66"/>
DEBUG:Adding: <entity name="DoughsR55_zombieJoeRadiated" prob="0.66"/>
DEBUG:Adding: <entity name="DoughsR56_zombieUtilityWorker"/>
DEBUG:Adding: <entity name="DoughsR58_zombieJanitorRadiated" prob="0.66"/>
DEBUG:Adding: <entity name="DoughsR76_zombieDemolition" prob="0.4"/>
DEBUG:Adding: <entity name="DoughsR86_zombieBikerRadiated" prob="0.6"/>
DEBUG:Adding: <entity name="DoughsR88_animalZombieVulture" prob="0.3"/>
DEBUG:Adding: <entity name="DoughsR90_animalZombieVultureRadiated" prob="0.3"/>
DEBUG:ModletGen_AddZedsToEntityGroupsFile ENTITY GROUP: feralHordeStageGS2724
DEBUG:Adding: <entity name="DoughsR10_zombieFemaleFatFeral" prob="0.6"/>
DEBUG:Adding: <entity name="DoughsR13_zombieSteve"/>
DEBUG:Adding: <entity name="DoughsR28_zombieMarlene"/>
DEBUG:Adding: <entity name="DoughsR2_zombieBusinessManFeral" prob="0.7"/>
DEBUG:Adding: <entity name="DoughsR34_zombieMarleneRadiated" prob="0.66"/>
DEBUG:Adding: <entity name="DoughsR39_zombieSkateboarderFeral" prob="0.7"/>
DEBUG:Adding: <entity name="DoughsR3_zombieFatCopRadiated" prob="0.5"/>
DEBUG:Adding: <entity name="DoughsR41_zombieYo"/>
DEBUG:Adding: <entity name="DoughsR51_zombieDarleneFeral" prob="0.7"/>
DEBUG:Adding: <entity name="DoughsR56_zombieUtilityWorker"/>
DEBUG:Adding: <entity name="DoughsR66_zombieDarleneRadiated" prob="0.66"/>
DEBUG:Adding: <entity name="DoughsR69_zombieOldTimerRadiated" prob="0.66"/>
DEBUG:Adding: <entity name="DoughsR71_zombieNurseFeral" prob="0.7"/>
DEBUG:Adding: <entity name="DoughsR78_zombieSteveFeral" prob="0.7"/>
DEBUG:Adding: <entity name="DoughsR8_zombieArleneRadiated" prob="0.66"/>
DEBUG:ModletGen_AddZedsToEntityGroupsFile ENTITY GROUP: feralHordeStageGS2740
DEBUG:Adding: <entity name="DoughsR10_zombieFemaleFatFeral" prob="0.6"/>
DEBUG:Adding: <entity name="DoughsR21_zombieSpiderRadiated" prob="0.6"/>
DEBUG:Adding: <entity name="DoughsR22_zombieWightRadiated" prob="0.6"/>
DEBUG:Adding: <entity name="DoughsR32_zombieMoeRadiated" prob="0.66"/>
DEBUG:Adding: <entity name="DoughsR48_zombieCheerleaderRadiated" prob="0.66"/>
DEBUG:Adding: <entity name="DoughsR50_zombieBoeRadiated" prob="0.66"/>
DEBUG:Adding: <entity name="DoughsR51_zombieDarleneFeral" prob="0.7"/>
DEBUG:Adding: <entity name="DoughsR59_zombieArleneFeral" prob="0.7"/>
DEBUG:Adding: <entity name="DoughsR61_zombieSkateboarder"/>
DEBUG:Adding: <entity name="DoughsR74_zombieMoeFeral" prob="0.7"/>
DEBUG:Adding: <entity name="DoughsR75_zombieSkateboarderRadiated" prob="0.66"/>
DEBUG:Adding: <entity name="DoughsR76_zombieDemolition" prob="0.4"/>
DEBUG:Adding: <entity name="DoughsR76_zombieDemolition" prob="0.4"/>
DEBUG:Adding: <entity name="DoughsR7_zombieWightFeral" prob="0.6"/>
DEBUG:Adding: <entity name="DoughsR98_animalZombieDog"/>
DEBUG:ModletGen_AddZedsToEntityGroupsFile ENTITY GROUP: feralHordeStageGS2756
DEBUG:Adding: <entity name="DoughsR10_zombieFemaleFatFeral" prob="0.6"/>
DEBUG:Adding: <entity name="DoughsR11_zombieBoeFeral" prob="0.7"/>
DEBUG:Adding: <entity name="DoughsR27_zombieFatCop" prob="0.7"/>
DEBUG:Adding: <entity name="DoughsR36_zombieYoRadiated" prob="0.66"/>
DEBUG:Adding: <entity name="DoughsR48_zombieCheerleaderRadiated" prob="0.66"/>
DEBUG:Adding: <entity name="DoughsR54_zombieFemaleFatRadiated" prob="0.6"/>
DEBUG:Adding: <entity name="DoughsR55_zombieJoeRadiated" prob="0.66"/>
DEBUG:Adding: <entity name="DoughsR57_zombieSpiderFeral" prob="0.5"/>
DEBUG:Adding: <entity name="DoughsR61_zombieSkateboarder"/>
DEBUG:Adding: <entity name="DoughsR69_zombieOldTimerRadiated" prob="0.66"/>
DEBUG:Adding: <entity name="DoughsR74_zombieMoeFeral" prob="0.7"/>
DEBUG:Adding: <entity name="DoughsR76_zombieDemolition" prob="0.4"/>
DEBUG:Adding: <entity name="DoughsR7_zombieWightFeral" prob="0.6"/>
DEBUG:Adding: <entity name="DoughsR86_zombieBikerRadiated" prob="0.6"/>
DEBUG:Adding: <entity name="DoughsR90_animalZombieVultureRadiated" prob="0.3"/>
DEBUG:ModletGen_AddZedsToEntityGroupsFile ENTITY GROUP: feralHordeStageGS2772
DEBUG:Adding: <entity name="DoughsR16_zombieFemaleFat" prob="1"/>
DEBUG:Adding: <entity name="DoughsR27_zombieFatCop" prob="0.7"/>
DEBUG:Adding: <entity name="DoughsR28_zombieMarlene"/>
DEBUG:Adding: <entity name="DoughsR35_zombieJoe"/>
DEBUG:Adding: <entity name="DoughsR36_zombieYoRadiated" prob="0.66"/>
DEBUG:Adding: <entity name="DoughsR39_zombieSkateboarderFeral" prob="0.7"/>
DEBUG:Adding: <entity name="DoughsR3_zombieFatCopRadiated" prob="0.5"/>
DEBUG:Adding: <entity name="DoughsR3_zombieFatCopRadiated" prob="0.5"/>
DEBUG:Adding: <entity name="DoughsR56_zombieUtilityWorker"/>
DEBUG:Adding: <entity name="DoughsR57_zombieSpiderFeral" prob="0.5"/>
DEBUG:Adding: <entity name="DoughsR63_zombieFatCopFeral" prob="0.6"/>
DEBUG:Adding: <entity name="DoughsR69_zombieOldTimerRadiated" prob="0.66"/>
DEBUG:Adding: <entity name="DoughsR75_zombieSkateboarderRadiated" prob="0.66"/>
DEBUG:Adding: <entity name="DoughsR88_animalZombieVulture" prob="0.3"/>
DEBUG:Adding: <entity name="DoughsR8_zombieArleneRadiated" prob="0.66"/>
DEBUG:ModletGen_AddZedsToEntityGroupsFile ENTITY GROUP: feralHordeStageGS2789
DEBUG:Adding: <entity name="DoughsR10_zombieFemaleFatFeral" prob="0.6"/>
DEBUG:Adding: <entity name="DoughsR16_zombieFemaleFat" prob="1"/>
DEBUG:Adding: <entity name="DoughsR22_zombieWightRadiated" prob="0.5"/>
DEBUG:Adding: <entity name="DoughsR29_zombieBoe"/>
DEBUG:Adding: <entity name="DoughsR2_zombieBusinessManFeral" prob="0.7"/>
DEBUG:Adding: <entity name="DoughsR31_zombieArlene"/>
DEBUG:Adding: <entity name="DoughsR39_zombieSkateboarderFeral" prob="0.7"/>
DEBUG:Adding: <entity name="DoughsR3_zombieFatCopRadiated" prob="0.5"/>
DEBUG:Adding: <entity name="DoughsR51_zombieDarleneFeral" prob="0.7"/>
DEBUG:Adding: <entity name="DoughsR54_zombieFemaleFatRadiated" prob="0.6"/>
DEBUG:Adding: <entity name="DoughsR62_zombieDarlene"/>
DEBUG:Adding: <entity name="DoughsR66_zombieDarleneRadiated" prob="0.66"/>
DEBUG:Adding: <entity name="DoughsR78_zombieSteveFeral" prob="0.7"/>
DEBUG:Adding: <entity name="DoughsR81_zombieSteveRadiated" prob="0.66"/>
DEBUG:Adding: <entity name="DoughsR88_animalZombieVulture" prob="0.3"/>
DEBUG:ModletGen_AddZedsToEntityGroupsFile ENTITY GROUP: feralHordeStageGS279
DEBUG:Adding: <entity name="DoughsR10_zombieFemaleFatFeral" prob="0.6"/>
DEBUG:Adding: <entity name="DoughsR22_zombieWightRadiated" prob="0.5"/>
DEBUG:Adding: <entity name="DoughsR22_zombieWightRadiated" prob="0.6"/>
DEBUG:Adding: <entity name="DoughsR24_zombieNurse"/>
DEBUG:Adding: <entity name="DoughsR2_zombieBusinessManFeral" prob="0.7"/>
DEBUG:Adding: <entity name="DoughsR48_zombieCheerleaderRadiated" prob="0.66"/>
DEBUG:Adding: <entity name="DoughsR51_zombieDarleneFeral" prob="0.7"/>
DEBUG:Adding: <entity name="DoughsR58_zombieJanitorRadiated" prob="0.66"/>
DEBUG:Adding: <entity name="DoughsR62_zombieDarlene"/>
DEBUG:Adding: <entity name="DoughsR69_zombieOldTimerRadiated" prob="0.66"/>
DEBUG:Adding: <entity name="DoughsR76_zombieDemolition" prob="0.4"/>
DEBUG:Adding: <entity name="DoughsR81_zombieSteveRadiated" prob="0.66"/>
DEBUG:Adding: <entity name="DoughsR88_animalZombieVulture" prob="0.3"/>
DEBUG:ModletGen_AddZedsToEntityGroupsFile ENTITY GROUP: feralHordeStageGS2805
DEBUG:Adding: <entity name="DoughsR13_zombieSteve"/>
DEBUG:Adding: <entity name="DoughsR21_zombieSpiderRadiated" prob="0.6"/>
DEBUG:Adding: <entity name="DoughsR28_zombieMarlene"/>
DEBUG:Adding: <entity name="DoughsR35_zombieJoe"/>
DEBUG:Adding: <entity name="DoughsR3_zombieFatCopRadiated" prob="0.5"/>
DEBUG:Adding: <entity name="DoughsR44_zombieBusinessMan"/>
DEBUG:Adding: <entity name="DoughsR49_zombieMoe"/>
DEBUG:Adding: <entity name="DoughsR50_zombieBoeRadiated" prob="0.66"/>
DEBUG:Adding: <entity name="DoughsR55_zombieJoeRadiated" prob="0.66"/>
DEBUG:Adding: <entity name="DoughsR59_zombieArleneFeral" prob="0.7"/>
DEBUG:Adding: <entity name="DoughsR65_zombieJanitor"/>
DEBUG:Adding: <entity name="DoughsR71_zombieNurseFeral" prob="0.7"/>
DEBUG:Adding: <entity name="DoughsR76_zombieDemolition" prob="0.4"/>
DEBUG:Adding: <entity name="DoughsR79_zombieYoFeral" prob="0.7"/>
DEBUG:Adding: <entity name="DoughsR81_zombieSteveRadiated" prob="0.66"/>
DEBUG:ModletGen_AddZedsToEntityGroupsFile ENTITY GROUP: feralHordeStageGS2821
DEBUG:Adding: <entity name="DoughsR11_zombieBoeFeral" prob="0.7"/>
DEBUG:Adding: <entity name="DoughsR13_zombieSteve"/>
DEBUG:Adding: <entity name="DoughsR14_zombieSoldier" prob="1"/>
DEBUG:Adding: <entity name="DoughsR22_zombieWightRadiated" prob="0.6"/>
DEBUG:Adding: <entity name="DoughsR27_zombieFatCop" prob="0.7"/>
DEBUG:Adding: <entity name="DoughsR29_zombieBoe"/>
DEBUG:Adding: <entity name="DoughsR2_zombieBusinessManFeral" prob="0.7"/>
DEBUG:Adding: <entity name="DoughsR44_zombieBusinessMan"/>
DEBUG:Adding: <entity name="DoughsR57_zombieSpiderFeral" prob="0.5"/>
DEBUG:Adding: <entity name="DoughsR71_zombieNurseFeral" prob="0.7"/>
DEBUG:Adding: <entity name="DoughsR74_zombieMoeFeral" prob="0.7"/>
DEBUG:Adding: <entity name="DoughsR79_zombieYoFeral" prob="0.7"/>
DEBUG:Adding: <entity name="DoughsR86_zombieBikerRadiated" prob="0.6"/>
DEBUG:Adding: <entity name="DoughsR88_animalZombieVulture" prob="0.3"/>
DEBUG:Adding: <entity name="DoughsR98_animalZombieDog"/>
DEBUG:ModletGen_AddZedsToEntityGroupsFile ENTITY GROUP: feralHordeStageGS2838
DEBUG:Adding: <entity name="DoughsR12_zombieJoeFeral" prob="0.7"/>
DEBUG:Adding: <entity name="DoughsR21_zombieSpiderRadiated" prob="0.6"/>
DEBUG:Adding: <entity name="DoughsR29_zombieBoe"/>
DEBUG:Adding: <entity name="DoughsR2_zombieBusinessManFeral" prob="0.7"/>
DEBUG:Adding: <entity name="DoughsR31_zombieArlene"/>
DEBUG:Adding: <entity name="DoughsR34_zombieMarleneRadiated" prob="0.66"/>
DEBUG:Adding: <entity name="DoughsR39_zombieSkateboarderFeral" prob="0.7"/>
DEBUG:Adding: <entity name="DoughsR51_zombieDarleneFeral" prob="0.7"/>
DEBUG:Adding: <entity name="DoughsR55_zombieJoeRadiated" prob="0.66"/>
DEBUG:Adding: <entity name="DoughsR57_zombieSpiderFeral" prob="0.5"/>
DEBUG:Adding: <entity name="DoughsR59_zombieArleneFeral" prob="0.7"/>
DEBUG:Adding: <entity name="DoughsR76_zombieDemolition" prob="0.4"/>
DEBUG:Adding: <entity name="DoughsR78_zombieSteveFeral" prob="0.7"/>
DEBUG:Adding: <entity name="DoughsR7_zombieWightFeral" prob="0.6"/>
DEBUG:Adding: <entity name="DoughsR81_zombieSteveRadiated" prob="0.66"/>
DEBUG:ModletGen_AddZedsToEntityGroupsFile ENTITY GROUP: feralHordeStageGS2854
DEBUG:Adding: <entity name="DoughsR11_zombieBoeFeral" prob="0.7"/>
DEBUG:Adding: <entity name="DoughsR16_zombieFemaleFat" prob="1"/>
DEBUG:Adding: <entity name="DoughsR21_zombieSpiderRadiated" prob="0.6"/>
DEBUG:Adding: <entity name="DoughsR31_zombieArlene"/>
DEBUG:Adding: <entity name="DoughsR39_zombieSkateboarderFeral" prob="0.7"/>
DEBUG:Adding: <entity name="DoughsR3_zombieFatCopRadiated" prob="0.5"/>
DEBUG:Adding: <entity name="DoughsR48_zombieCheerleaderRadiated" prob="0.66"/>
DEBUG:Adding: <entity name="DoughsR50_zombieBoeRadiated" prob="0.66"/>
DEBUG:Adding: <entity name="DoughsR51_zombieDarleneFeral" prob="0.7"/>
DEBUG:Adding: <entity name="DoughsR53_zombieJanitorFeral" prob="0.7"/>
DEBUG:Adding: <entity name="DoughsR56_zombieUtilityWorker"/>
DEBUG:Adding: <entity name="DoughsR62_zombieDarlene"/>
DEBUG:Adding: <entity name="DoughsR71_zombieNurseFeral" prob="0.7"/>
DEBUG:Adding: <entity name="DoughsR76_zombieDemolition" prob="0.4"/>
DEBUG:Adding: <entity name="DoughsR86_zombieBikerRadiated" prob="0.6"/>
DEBUG:ModletGen_AddZedsToEntityGroupsFile ENTITY GROUP: feralHordeStageGS287
DEBUG:Adding: <entity name="DoughsR14_zombieSoldier" prob="1"/>
DEBUG:Adding: <entity name="DoughsR27_zombieFatCop" prob="0.7"/>
DEBUG:Adding: <entity name="DoughsR31_zombieArlene"/>
DEBUG:Adding: <entity name="DoughsR32_zombieMoeRadiated" prob="0.66"/>
DEBUG:Adding: <entity name="DoughsR35_zombieJoe"/>
DEBUG:Adding: <entity name="DoughsR3_zombieFatCopRadiated" prob="0.5"/>
DEBUG:Adding: <entity name="DoughsR44_zombieBusinessMan"/>
DEBUG:Adding: <entity name="DoughsR48_zombieCheerleaderRadiated" prob="0.66"/>
DEBUG:Adding: <entity name="DoughsR50_zombieBoeRadiated" prob="0.66"/>
DEBUG:Adding: <entity name="DoughsR52_zombieUtilityWorkerFeral" prob="0.7"/>
DEBUG:Adding: <entity name="DoughsR69_zombieOldTimerRadiated" prob="0.66"/>
DEBUG:Adding: <entity name="DoughsR88_animalZombieVulture" prob="0.3"/>
DEBUG:Adding: <entity name="DoughsR98_animalZombieDog"/>
DEBUG:ModletGen_AddZedsToEntityGroupsFile ENTITY GROUP: feralHordeStageGS2870
DEBUG:Adding: <entity name="DoughsR12_zombieJoeFeral" prob="0.7"/>
DEBUG:Adding: <entity name="DoughsR14_zombieSoldier" prob="1"/>
DEBUG:Adding: <entity name="DoughsR22_zombieWightRadiated" prob="0.6"/>
DEBUG:Adding: <entity name="DoughsR28_zombieMarlene"/>
DEBUG:Adding: <entity name="DoughsR45_zombieSpider" prob="0.7"/>
DEBUG:Adding: <entity name="DoughsR49_zombieMoe"/>
DEBUG:Adding: <entity name="DoughsR50_zombieBoeRadiated" prob="0.66"/>
DEBUG:Adding: <entity name="DoughsR51_zombieDarleneFeral" prob="0.7"/>
DEBUG:Adding: <entity name="DoughsR56_zombieUtilityWorker"/>
DEBUG:Adding: <entity name="DoughsR57_zombieSpiderFeral" prob="0.5"/>
DEBUG:Adding: <entity name="DoughsR59_zombieArleneFeral" prob="0.7"/>
DEBUG:Adding: <entity name="DoughsR76_zombieDemolition" prob="0.4"/>
DEBUG:Adding: <entity name="DoughsR8_zombieArleneRadiated" prob="0.66"/>
DEBUG:Adding: <entity name="DoughsR90_animalZombieVultureRadiated" prob="0.3"/>
DEBUG:Adding: <entity name="DoughsR98_animalZombieDog"/>
DEBUG:ModletGen_AddZedsToEntityGroupsFile ENTITY GROUP: feralHordeStageGS2887
DEBUG:Adding: <entity name="DoughsR14_zombieSoldier" prob="1"/>
DEBUG:Adding: <entity name="DoughsR16_zombieFemaleFat" prob="1"/>
DEBUG:Adding: <entity name="DoughsR27_zombieFatCop" prob="0.7"/>
DEBUG:Adding: <entity name="DoughsR28_zombieMarlene"/>
DEBUG:Adding: <entity name="DoughsR34_zombieMarleneRadiated" prob="0.66"/>
DEBUG:Adding: <entity name="DoughsR56_zombieUtilityWorker"/>
DEBUG:Adding: <entity name="DoughsR62_zombieDarlene"/>
DEBUG:Adding: <entity name="DoughsR65_zombieJanitor"/>
DEBUG:Adding: <entity name="DoughsR69_zombieOldTimerRadiated" prob="0.66"/>
DEBUG:Adding: <entity name="DoughsR71_zombieNurseFeral" prob="0.7"/>
DEBUG:Adding: <entity name="DoughsR74_zombieMoeFeral" prob="0.7"/>
DEBUG:Adding: <entity name="DoughsR75_zombieSkateboarderRadiated" prob="0.66"/>
DEBUG:Adding: <entity name="DoughsR78_zombieSteveFeral" prob="0.7"/>
DEBUG:Adding: <entity name="DoughsR86_zombieBikerRadiated" prob="0.6"/>
DEBUG:Adding: <entity name="DoughsR88_animalZombieVulture" prob="0.3"/>
DEBUG:ModletGen_AddZedsToEntityGroupsFile ENTITY GROUP: feralHordeStageGS2903
DEBUG:Adding: <entity name="DoughsR13_zombieSteve"/>
DEBUG:Adding: <entity name="DoughsR14_zombieSoldier" prob="1"/>
DEBUG:Adding: <entity name="DoughsR16_zombieFemaleFat" prob="1"/>
DEBUG:Adding: <entity name="DoughsR20_zombieSoldierRadiated" prob="0.5"/>
DEBUG:Adding: <entity name="DoughsR37_zombieMarleneFeral" prob="0.7"/>
DEBUG:Adding: <entity name="DoughsR39_zombieSkateboarderFeral" prob="0.7"/>
DEBUG:Adding: <entity name="DoughsR45_zombieSpider" prob="0.7"/>
DEBUG:Adding: <entity name="DoughsR52_zombieUtilityWorkerFeral" prob="0.7"/>
DEBUG:Adding: <entity name="DoughsR53_zombieJanitorFeral" prob="0.7"/>
DEBUG:Adding: <entity name="DoughsR59_zombieArleneFeral" prob="0.7"/>
DEBUG:Adding: <entity name="DoughsR61_zombieSkateboarder"/>
DEBUG:Adding: <entity name="DoughsR69_zombieOldTimerRadiated" prob="0.66"/>
DEBUG:Adding: <entity name="DoughsR75_zombieSkateboarderRadiated" prob="0.66"/>
DEBUG:Adding: <entity name="DoughsR78_zombieSteveFeral" prob="0.7"/>
DEBUG:Adding: <entity name="DoughsR90_animalZombieVultureRadiated" prob="0.3"/>
DEBUG:ModletGen_AddZedsToEntityGroupsFile ENTITY GROUP: feralHordeStageGS2920
DEBUG:Adding: <entity name="DoughsR10_zombieFemaleFatFeral" prob="0.6"/>
DEBUG:Adding: <entity name="DoughsR12_zombieJoeFeral" prob="0.7"/>
DEBUG:Adding: <entity name="DoughsR16_zombieFemaleFat" prob="1"/>
DEBUG:Adding: <entity name="DoughsR22_zombieWightRadiated" prob="0.6"/>
DEBUG:Adding: <entity name="DoughsR27_zombieFatCop" prob="0.7"/>
DEBUG:Adding: <entity name="DoughsR35_zombieJoe"/>
DEBUG:Adding: <entity name="DoughsR3_zombieFatCopRadiated" prob="0.5"/>
DEBUG:Adding: <entity name="DoughsR45_zombieSpider" prob="0.7"/>
DEBUG:Adding: <entity name="DoughsR54_zombieFemaleFatRadiated" prob="0.6"/>
DEBUG:Adding: <entity name="DoughsR69_zombieOldTimerRadiated" prob="0.66"/>
DEBUG:Adding: <entity name="DoughsR71_zombieNurseFeral" prob="0.7"/>
DEBUG:Adding: <entity name="DoughsR74_zombieMoeFeral" prob="0.7"/>
DEBUG:Adding: <entity name="DoughsR78_zombieSteveFeral" prob="0.7"/>
DEBUG:Adding: <entity name="DoughsR88_animalZombieVulture" prob="0.3"/>
DEBUG:Adding: <entity name="DoughsR8_zombieArleneRadiated" prob="0.66"/>
DEBUG:ModletGen_AddZedsToEntityGroupsFile ENTITY GROUP: feralHordeStageGS2936
DEBUG:Adding: <entity name="DoughsR10_zombieFemaleFatFeral" prob="0.6"/>
DEBUG:Adding: <entity name="DoughsR16_zombieFemaleFat" prob="1"/>
DEBUG:Adding: <entity name="DoughsR24_zombieNurse"/>
DEBUG:Adding: <entity name="DoughsR27_zombieFatCop" prob="0.7"/>
DEBUG:Adding: <entity name="DoughsR35_zombieJoe"/>
DEBUG:Adding: <entity name="DoughsR41_zombieYo"/>
DEBUG:Adding: <entity name="DoughsR54_zombieFemaleFatRadiated" prob="0.6"/>
DEBUG:Adding: <entity name="DoughsR55_zombieJoeRadiated" prob="0.66"/>
DEBUG:Adding: <entity name="DoughsR56_zombieUtilityWorker"/>
DEBUG:Adding: <entity name="DoughsR63_zombieFatCopFeral" prob="0.6"/>
DEBUG:Adding: <entity name="DoughsR69_zombieOldTimerRadiated" prob="0.66"/>
DEBUG:Adding: <entity name="DoughsR76_zombieDemolition" prob="0.4"/>
DEBUG:Adding: <entity name="DoughsR79_zombieYoFeral" prob="0.7"/>
DEBUG:Adding: <entity name="DoughsR81_zombieSteveRadiated" prob="0.66"/>
DEBUG:Adding: <entity name="DoughsR86_zombieBikerRadiated" prob="0.6"/>
DEBUG:ModletGen_AddZedsToEntityGroupsFile ENTITY GROUP: feralHordeStageGS295
DEBUG:Adding: <entity name="DoughsR31_zombieArlene"/>
DEBUG:Adding: <entity name="DoughsR32_zombieMoeRadiated" prob="0.66"/>
DEBUG:Adding: <entity name="DoughsR34_zombieMarleneRadiated" prob="0.66"/>
DEBUG:Adding: <entity name="DoughsR37_zombieMarleneFeral" prob="0.7"/>
DEBUG:Adding: <entity name="DoughsR39_zombieSkateboarderFeral" prob="0.7"/>
DEBUG:Adding: <entity name="DoughsR3_zombieFatCopRadiated" prob="0.5"/>
DEBUG:Adding: <entity name="DoughsR50_zombieBoeRadiated" prob="0.66"/>
DEBUG:Adding: <entity name="DoughsR56_zombieUtilityWorker"/>
DEBUG:Adding: <entity name="DoughsR57_zombieSpiderFeral" prob="0.5"/>
DEBUG:Adding: <entity name="DoughsR63_zombieFatCopFeral" prob="0.6"/>
DEBUG:Adding: <entity name="DoughsR75_zombieSkateboarderRadiated" prob="0.66"/>
DEBUG:Adding: <entity name="DoughsR76_zombieDemolition" prob="0.4"/>
DEBUG:Adding: <entity name="DoughsR78_zombieSteveFeral" prob="0.7"/>
DEBUG:Adding: <entity name="DoughsR79_zombieYoFeral" prob="0.7"/>
DEBUG:ModletGen_AddZedsToEntityGroupsFile ENTITY GROUP: feralHordeStageGS2953
DEBUG:Adding: <entity name="DoughsR13_zombieSteve"/>
DEBUG:Adding: <entity name="DoughsR14_zombieSoldier" prob="1"/>
DEBUG:Adding: <entity name="DoughsR22_zombieWightRadiated" prob="0.5"/>
DEBUG:Adding: <entity name="DoughsR2_zombieBusinessManFeral" prob="0.7"/>
DEBUG:Adding: <entity name="DoughsR31_zombieArlene"/>
DEBUG:Adding: <entity name="DoughsR41_zombieYo"/>
DEBUG:Adding: <entity name="DoughsR45_zombieSpider" prob="0.7"/>
DEBUG:Adding: <entity name="DoughsR48_zombieCheerleaderRadiated" prob="0.66"/>
DEBUG:Adding: <entity name="DoughsR65_zombieJanitor"/>
DEBUG:Adding: <entity name="DoughsR66_zombieDarleneRadiated" prob="0.66"/>
DEBUG:Adding: <entity name="DoughsR74_zombieMoeFeral" prob="0.7"/>
DEBUG:Adding: <entity name="DoughsR79_zombieYoFeral" prob="0.7"/>
DEBUG:Adding: <entity name="DoughsR7_zombieWightFeral" prob="0.6"/>
DEBUG:Adding: <entity name="DoughsR86_zombieBikerRadiated" prob="0.6"/>
DEBUG:Adding: <entity name="DoughsR88_animalZombieVulture" prob="0.3"/>
DEBUG:ModletGen_AddZedsToEntityGroupsFile ENTITY GROUP: feralHordeStageGS2969
DEBUG:Adding: <entity name="DoughsR11_zombieBoeFeral" prob="0.7"/>
DEBUG:Adding: <entity name="DoughsR21_zombieSpiderRadiated" prob="0.6"/>
DEBUG:Adding: <entity name="DoughsR31_zombieArlene"/>
DEBUG:Adding: <entity name="DoughsR34_zombieMarleneRadiated" prob="0.66"/>
DEBUG:Adding: <entity name="DoughsR35_zombieJoe"/>
DEBUG:Adding: <entity name="DoughsR3_zombieFatCopRadiated" prob="0.5"/>
DEBUG:Adding: <entity name="DoughsR49_zombieMoe"/>
DEBUG:Adding: <entity name="DoughsR52_zombieUtilityWorkerFeral" prob="0.7"/>
DEBUG:Adding: <entity name="DoughsR53_zombieJanitorFeral" prob="0.7"/>
DEBUG:Adding: <entity name="DoughsR56_zombieUtilityWorker"/>
DEBUG:Adding: <entity name="DoughsR58_zombieJanitorRadiated" prob="0.66"/>
DEBUG:Adding: <entity name="DoughsR74_zombieMoeFeral" prob="0.7"/>
DEBUG:Adding: <entity name="DoughsR76_zombieDemolition" prob="0.4"/>
DEBUG:Adding: <entity name="DoughsR81_zombieSteveRadiated" prob="0.66"/>
DEBUG:Adding: <entity name="DoughsR88_animalZombieVulture" prob="0.3"/>
DEBUG:ModletGen_AddZedsToEntityGroupsFile ENTITY GROUP: feralHordeStageGS2986
DEBUG:Adding: <entity name="DoughsR14_zombieSoldier" prob="1"/>
DEBUG:Adding: <entity name="DoughsR21_zombieSpiderRadiated" prob="0.6"/>
DEBUG:Adding: <entity name="DoughsR22_zombieWightRadiated" prob="0.5"/>
DEBUG:Adding: <entity name="DoughsR2_zombieBusinessManFeral" prob="0.7"/>
DEBUG:Adding: <entity name="DoughsR32_zombieMoeRadiated" prob="0.66"/>
DEBUG:Adding: <entity name="DoughsR34_zombieMarleneRadiated" prob="0.66"/>
DEBUG:Adding: <entity name="DoughsR44_zombieBusinessMan"/>
DEBUG:Adding: <entity name="DoughsR48_zombieCheerleaderRadiated" prob="0.66"/>
DEBUG:Adding: <entity name="DoughsR53_zombieJanitorFeral" prob="0.7"/>
DEBUG:Adding: <entity name="DoughsR56_zombieUtilityWorker"/>
DEBUG:Adding: <entity name="DoughsR57_zombieSpiderFeral" prob="0.5"/>
DEBUG:Adding: <entity name="DoughsR62_zombieDarlene"/>
DEBUG:Adding: <entity name="DoughsR69_zombieOldTimerRadiated" prob="0.66"/>
DEBUG:Adding: <entity name="DoughsR78_zombieSteveFeral" prob="0.7"/>
DEBUG:Adding: <entity name="DoughsR86_zombieBikerRadiated" prob="0.6"/>
DEBUG:ModletGen_AddZedsToEntityGroupsFile ENTITY GROUP: feralHordeStageGS3003
DEBUG:Adding: <entity name="DoughsR12_zombieJoeFeral" prob="0.7"/>
DEBUG:Adding: <entity name="DoughsR14_zombieSoldier" prob="1"/>
DEBUG:Adding: <entity name="DoughsR20_zombieSoldierRadiated" prob="0.5"/>
DEBUG:Adding: <entity name="DoughsR22_zombieWightRadiated" prob="0.5"/>
DEBUG:Adding: <entity name="DoughsR27_zombieFatCop" prob="0.7"/>
DEBUG:Adding: <entity name="DoughsR2_zombieBusinessManFeral" prob="0.7"/>
DEBUG:Adding: <entity name="DoughsR32_zombieMoeRadiated" prob="0.66"/>
DEBUG:Adding: <entity name="DoughsR44_zombieBusinessMan"/>
DEBUG:Adding: <entity name="DoughsR45_zombieSpider" prob="0.7"/>
DEBUG:Adding: <entity name="DoughsR48_zombieCheerleaderRadiated" prob="0.66"/>
DEBUG:Adding: <entity name="DoughsR50_zombieBoeRadiated" prob="0.66"/>
DEBUG:Adding: <entity name="DoughsR54_zombieFemaleFatRadiated" prob="0.6"/>
DEBUG:Adding: <entity name="DoughsR62_zombieDarlene"/>
DEBUG:Adding: <entity name="DoughsR7_zombieWightFeral" prob="0.6"/>
DEBUG:Adding: <entity name="DoughsR90_animalZombieVultureRadiated" prob="0.3"/>
DEBUG:ModletGen_AddZedsToEntityGroupsFile ENTITY GROUP: feralHordeStageGS3019
DEBUG:Adding: <entity name="DoughsR11_zombieBoeFeral" prob="0.7"/>
DEBUG:Adding: <entity name="DoughsR12_zombieJoeFeral" prob="0.7"/>
DEBUG:Adding: <entity name="DoughsR14_zombieSoldier" prob="1"/>
DEBUG:Adding: <entity name="DoughsR22_zombieWightRadiated" prob="0.6"/>
DEBUG:Adding: <entity name="DoughsR22_zombieWightRadiated" prob="0.5"/>
DEBUG:Adding: <entity name="DoughsR36_zombieYoRadiated" prob="0.66"/>
DEBUG:Adding: <entity name="DoughsR41_zombieYo"/>
DEBUG:Adding: <entity name="DoughsR52_zombieUtilityWorkerFeral" prob="0.7"/>
DEBUG:Adding: <entity name="DoughsR56_zombieUtilityWorker"/>
DEBUG:Adding: <entity name="DoughsR57_zombieSpiderFeral" prob="0.5"/>
DEBUG:Adding: <entity name="DoughsR62_zombieDarlene"/>
DEBUG:Adding: <entity name="DoughsR69_zombieOldTimerRadiated" prob="0.66"/>
DEBUG:Adding: <entity name="DoughsR76_zombieDemolition" prob="0.4"/>
DEBUG:Adding: <entity name="DoughsR79_zombieYoFeral" prob="0.7"/>
DEBUG:Adding: <entity name="DoughsR88_animalZombieVulture" prob="0.3"/>
DEBUG:ModletGen_AddZedsToEntityGroupsFile ENTITY GROUP: feralHordeStageGS3036
DEBUG:Adding: <entity name="DoughsR16_zombieFemaleFat" prob="1"/>
DEBUG:Adding: <entity name="DoughsR28_zombieMarlene"/>
DEBUG:Adding: <entity name="DoughsR31_zombieArlene"/>
DEBUG:Adding: <entity name="DoughsR36_zombieYoRadiated" prob="0.66"/>
DEBUG:Adding: <entity name="DoughsR3_zombieFatCopRadiated" prob="0.5"/>
DEBUG:Adding: <entity name="DoughsR51_zombieDarleneFeral" prob="0.7"/>
DEBUG:Adding: <entity name="DoughsR59_zombieArleneFeral" prob="0.7"/>
DEBUG:Adding: <entity name="DoughsR62_zombieDarlene"/>
DEBUG:Adding: <entity name="DoughsR63_zombieFatCopFeral" prob="0.6"/>
DEBUG:Adding: <entity name="DoughsR71_zombieNurseFeral" prob="0.7"/>
DEBUG:Adding: <entity name="DoughsR74_zombieMoeFeral" prob="0.7"/>
DEBUG:Adding: <entity name="DoughsR79_zombieYoFeral" prob="0.7"/>
DEBUG:Adding: <entity name="DoughsR88_animalZombieVulture" prob="0.3"/>
DEBUG:Adding: <entity name="DoughsR90_animalZombieVultureRadiated" prob="0.3"/>
DEBUG:Adding: <entity name="DoughsR98_animalZombieDog"/>
DEBUG:ModletGen_AddZedsToEntityGroupsFile ENTITY GROUP: feralHordeStageGS304
DEBUG:Adding: <entity name="DoughsR10_zombieFemaleFatFeral" prob="0.6"/>
DEBUG:Adding: <entity name="DoughsR11_zombieBoeFeral" prob="0.7"/>
DEBUG:Adding: <entity name="DoughsR12_zombieJoeFeral" prob="0.7"/>
DEBUG:Adding: <entity name="DoughsR27_zombieFatCop" prob="0.7"/>
DEBUG:Adding: <entity name="DoughsR28_zombieMarlene"/>
DEBUG:Adding: <entity name="DoughsR29_zombieBoe"/>
DEBUG:Adding: <entity name="DoughsR2_zombieBusinessManFeral" prob="0.7"/>
DEBUG:Adding: <entity name="DoughsR39_zombieSkateboarderFeral" prob="0.7"/>
DEBUG:Adding: <entity name="DoughsR41_zombieYo"/>
DEBUG:Adding: <entity name="DoughsR58_zombieJanitorRadiated" prob="0.66"/>
DEBUG:Adding: <entity name="DoughsR74_zombieMoeFeral" prob="0.7"/>
DEBUG:Adding: <entity name="DoughsR78_zombieSteveFeral" prob="0.7"/>
DEBUG:Adding: <entity name="DoughsR81_zombieSteveRadiated" prob="0.66"/>
DEBUG:Adding: <entity name="DoughsR90_animalZombieVultureRadiated" prob="0.3"/>
DEBUG:ModletGen_AddZedsToEntityGroupsFile ENTITY GROUP: feralHordeStageGS3053
DEBUG:Adding: <entity name="DoughsR12_zombieJoeFeral" prob="0.7"/>
DEBUG:Adding: <entity name="DoughsR20_zombieSoldierRadiated" prob="0.5"/>
DEBUG:Adding: <entity name="DoughsR22_zombieWightRadiated" prob="0.5"/>
DEBUG:Adding: <entity name="DoughsR34_zombieMarleneRadiated" prob="0.66"/>
DEBUG:Adding: <entity name="DoughsR52_zombieUtilityWorkerFeral" prob="0.7"/>
DEBUG:Adding: <entity name="DoughsR53_zombieJanitorFeral" prob="0.7"/>
DEBUG:Adding: <entity name="DoughsR57_zombieSpiderFeral" prob="0.5"/>
DEBUG:Adding: <entity name="DoughsR59_zombieArleneFeral" prob="0.7"/>
DEBUG:Adding: <entity name="DoughsR63_zombieFatCopFeral" prob="0.6"/>
DEBUG:Adding: <entity name="DoughsR65_zombieJanitor"/>
DEBUG:Adding: <entity name="DoughsR69_zombieOldTimerRadiated" prob="0.66"/>
DEBUG:Adding: <entity name="DoughsR71_zombieNurseFeral" prob="0.7"/>
DEBUG:Adding: <entity name="DoughsR76_zombieDemolition" prob="0.4"/>
DEBUG:Adding: <entity name="DoughsR7_zombieWightFeral" prob="0.6"/>
DEBUG:Adding: <entity name="DoughsR81_zombieSteveRadiated" prob="0.66"/>
DEBUG:ModletGen_AddZedsToEntityGroupsFile ENTITY GROUP: feralHordeStageGS3069
DEBUG:Adding: <entity name="DoughsR16_zombieFemaleFat" prob="1"/>
DEBUG:Adding: <entity name="DoughsR20_zombieSoldierRadiated" prob="0.5"/>
DEBUG:Adding: <entity name="DoughsR22_zombieWightRadiated" prob="0.6"/>
DEBUG:Adding: <entity name="DoughsR27_zombieFatCop" prob="0.7"/>
DEBUG:Adding: <entity name="DoughsR28_zombieMarlene"/>
DEBUG:Adding: <entity name="DoughsR31_zombieArlene"/>
DEBUG:Adding: <entity name="DoughsR34_zombieMarleneRadiated" prob="0.66"/>
DEBUG:Adding: <entity name="DoughsR36_zombieYoRadiated" prob="0.66"/>
DEBUG:Adding: <entity name="DoughsR37_zombieMarleneFeral" prob="0.7"/>
DEBUG:Adding: <entity name="DoughsR45_zombieSpider" prob="0.7"/>
DEBUG:Adding: <entity name="DoughsR50_zombieBoeRadiated" prob="0.66"/>
DEBUG:Adding: <entity name="DoughsR51_zombieDarleneFeral" prob="0.7"/>
DEBUG:Adding: <entity name="DoughsR57_zombieSpiderFeral" prob="0.5"/>
DEBUG:Adding: <entity name="DoughsR66_zombieDarleneRadiated" prob="0.66"/>
DEBUG:Adding: <entity name="DoughsR75_zombieSkateboarderRadiated" prob="0.66"/>
DEBUG:ModletGen_AddZedsToEntityGroupsFile ENTITY GROUP: feralHordeStageGS3086
DEBUG:Adding: <entity name="DoughsR22_zombieWightRadiated" prob="0.5"/>
DEBUG:Adding: <entity name="DoughsR27_zombieFatCop" prob="0.7"/>
DEBUG:Adding: <entity name="DoughsR2_zombieBusinessManFeral" prob="0.7"/>
DEBUG:Adding: <entity name="DoughsR37_zombieMarleneFeral" prob="0.7"/>
DEBUG:Adding: <entity name="DoughsR41_zombieYo"/>
DEBUG:Adding: <entity name="DoughsR44_zombieBusinessMan"/>
DEBUG:Adding: <entity name="DoughsR52_zombieUtilityWorkerFeral" prob="0.7"/>
DEBUG:Adding: <entity name="DoughsR55_zombieJoeRadiated" prob="0.66"/>
DEBUG:Adding: <entity name="DoughsR56_zombieUtilityWorker"/>
DEBUG:Adding: <entity name="DoughsR61_zombieSkateboarder"/>
DEBUG:Adding: <entity name="DoughsR63_zombieFatCopFeral" prob="0.6"/>
DEBUG:Adding: <entity name="DoughsR69_zombieOldTimerRadiated" prob="0.66"/>
DEBUG:Adding: <entity name="DoughsR74_zombieMoeFeral" prob="0.7"/>
DEBUG:Adding: <entity name="DoughsR75_zombieSkateboarderRadiated" prob="0.66"/>
DEBUG:Adding: <entity name="DoughsR90_animalZombieVultureRadiated" prob="0.3"/>
DEBUG:ModletGen_AddZedsToEntityGroupsFile ENTITY GROUP: feralHordeStageGS31
DEBUG:Adding: <entity name="DoughsR16_zombieFemaleFat" prob="0.83"/>
DEBUG:Adding: <entity name="DoughsR24_zombieNurse"/>
DEBUG:Adding: <entity name="DoughsR28_zombieMarlene"/>
DEBUG:Adding: <entity name="DoughsR35_zombieJoe"/>
DEBUG:Adding: <entity name="DoughsR41_zombieYo"/>
DEBUG:Adding: <entity name="DoughsR49_zombieMoe"/>
DEBUG:Adding: <entity name="DoughsR56_zombieUtilityWorker"/>
DEBUG:Adding: <entity name="DoughsR61_zombieSkateboarder"/>
DEBUG:Adding: <entity name="DoughsR62_zombieDarlene"/>
DEBUG:Adding: <entity name="DoughsR65_zombieJanitor"/>
DEBUG:Adding: <entity name="DoughsR88_animalZombieVulture" prob="0.12"/>
DEBUG:Adding: <entity name="DoughsR98_animalZombieDog"/>
DEBUG:ModletGen_AddZedsToEntityGroupsFile ENTITY GROUP: feralHordeStageGS3103
DEBUG:Adding: <entity name="DoughsR21_zombieSpiderRadiated" prob="0.6"/>
DEBUG:Adding: <entity name="DoughsR22_zombieWightRadiated" prob="0.6"/>
DEBUG:Adding: <entity name="DoughsR24_zombieNurse"/>
DEBUG:Adding: <entity name="DoughsR27_zombieFatCop" prob="0.7"/>
DEBUG:Adding: <entity name="DoughsR29_zombieBoe"/>
DEBUG:Adding: <entity name="DoughsR2_zombieBusinessManFeral" prob="0.7"/>
DEBUG:Adding: <entity name="DoughsR35_zombieJoe"/>
DEBUG:Adding: <entity name="DoughsR36_zombieYoRadiated" prob="0.66"/>
DEBUG:Adding: <entity name="DoughsR3_zombieFatCopRadiated" prob="0.5"/>
DEBUG:Adding: <entity name="DoughsR50_zombieBoeRadiated" prob="0.66"/>
DEBUG:Adding: <entity name="DoughsR54_zombieFemaleFatRadiated" prob="0.6"/>
DEBUG:Adding: <entity name="DoughsR63_zombieFatCopFeral" prob="0.6"/>
DEBUG:Adding: <entity name="DoughsR66_zombieDarleneRadiated" prob="0.66"/>
DEBUG:Adding: <entity name="DoughsR7_zombieWightFeral" prob="0.6"/>
DEBUG:Adding: <entity name="DoughsR81_zombieSteveRadiated" prob="0.66"/>
DEBUG:ModletGen_AddZedsToEntityGroupsFile ENTITY GROUP: feralHordeStageGS312
DEBUG:Adding: <entity name="DoughsR14_zombieSoldier" prob="1"/>
DEBUG:Adding: <entity name="DoughsR16_zombieFemaleFat" prob="1"/>
DEBUG:Adding: <entity name="DoughsR20_zombieSoldierRadiated" prob="0.5"/>
DEBUG:Adding: <entity name="DoughsR22_zombieWightRadiated" prob="0.5"/>
DEBUG:Adding: <entity name="DoughsR36_zombieYoRadiated" prob="0.66"/>
DEBUG:Adding: <entity name="DoughsR51_zombieDarleneFeral" prob="0.7"/>
DEBUG:Adding: <entity name="DoughsR54_zombieFemaleFatRadiated" prob="0.6"/>
DEBUG:Adding: <entity name="DoughsR58_zombieJanitorRadiated" prob="0.66"/>
DEBUG:Adding: <entity name="DoughsR61_zombieSkateboarder"/>
DEBUG:Adding: <entity name="DoughsR66_zombieDarleneRadiated" prob="0.66"/>
DEBUG:Adding: <entity name="DoughsR71_zombieNurseFeral" prob="0.7"/>
DEBUG:Adding: <entity name="DoughsR79_zombieYoFeral" prob="0.7"/>
DEBUG:Adding: <entity name="DoughsR8_zombieArleneRadiated" prob="0.66"/>
DEBUG:Adding: <entity name="DoughsR90_animalZombieVultureRadiated" prob="0.3"/>
DEBUG:ModletGen_AddZedsToEntityGroupsFile ENTITY GROUP: feralHordeStageGS3120
DEBUG:Adding: <entity name="DoughsR13_zombieSteve"/>
DEBUG:Adding: <entity name="DoughsR16_zombieFemaleFat" prob="1"/>
DEBUG:Adding: <entity name="DoughsR22_zombieWightRadiated" prob="0.6"/>
DEBUG:Adding: <entity name="DoughsR31_zombieArlene"/>
DEBUG:Adding: <entity name="DoughsR32_zombieMoeRadiated" prob="0.66"/>
DEBUG:Adding: <entity name="DoughsR34_zombieMarleneRadiated" prob="0.66"/>
DEBUG:Adding: <entity name="DoughsR36_zombieYoRadiated" prob="0.66"/>
DEBUG:Adding: <entity name="DoughsR37_zombieMarleneFeral" prob="0.7"/>
DEBUG:Adding: <entity name="DoughsR39_zombieSkateboarderFeral" prob="0.7"/>
DEBUG:Adding: <entity name="DoughsR41_zombieYo"/>
DEBUG:Adding: <entity name="DoughsR62_zombieDarlene"/>
DEBUG:Adding: <entity name="DoughsR66_zombieDarleneRadiated" prob="0.66"/>
DEBUG:Adding: <entity name="DoughsR71_zombieNurseFeral" prob="0.7"/>
DEBUG:Adding: <entity name="DoughsR88_animalZombieVulture" prob="0.3"/>
DEBUG:Adding: <entity name="DoughsR98_animalZombieDog"/>
DEBUG:ModletGen_AddZedsToEntityGroupsFile ENTITY GROUP: feralHordeStageGS3136
DEBUG:Adding: <entity name="DoughsR34_zombieMarleneRadiated" prob="0.66"/>
DEBUG:Adding: <entity name="DoughsR36_zombieYoRadiated" prob="0.66"/>
DEBUG:Adding: <entity name="DoughsR37_zombieMarleneFeral" prob="0.7"/>
DEBUG:Adding: <entity name="DoughsR3_zombieFatCopRadiated" prob="0.5"/>
DEBUG:Adding: <entity name="DoughsR44_zombieBusinessMan"/>
DEBUG:Adding: <entity name="DoughsR48_zombieCheerleaderRadiated" prob="0.66"/>
DEBUG:Adding: <entity name="DoughsR50_zombieBoeRadiated" prob="0.66"/>
DEBUG:Adding: <entity name="DoughsR65_zombieJanitor"/>
DEBUG:Adding: <entity name="DoughsR71_zombieNurseFeral" prob="0.7"/>
DEBUG:Adding: <entity name="DoughsR74_zombieMoeFeral" prob="0.7"/>
DEBUG:Adding: <entity name="DoughsR76_zombieDemolition" prob="0.4"/>
DEBUG:Adding: <entity name="DoughsR86_zombieBikerRadiated" prob="0.6"/>
DEBUG:Adding: <entity name="DoughsR88_animalZombieVulture" prob="0.3"/>
DEBUG:Adding: <entity name="DoughsR8_zombieArleneRadiated" prob="0.66"/>
DEBUG:Adding: <entity name="DoughsR98_animalZombieDog"/>
DEBUG:ModletGen_AddZedsToEntityGroupsFile ENTITY GROUP: feralHordeStageGS3153
DEBUG:Adding: <entity name="DoughsR10_zombieFemaleFatFeral" prob="0.6"/>
DEBUG:Adding: <entity name="DoughsR16_zombieFemaleFat" prob="1"/>
DEBUG:Adding: <entity name="DoughsR27_zombieFatCop" prob="0.7"/>
DEBUG:Adding: <entity name="DoughsR28_zombieMarlene"/>
DEBUG:Adding: <entity name="DoughsR29_zombieBoe"/>
DEBUG:Adding: <entity name="DoughsR2_zombieBusinessManFeral" prob="0.7"/>
DEBUG:Adding: <entity name="DoughsR32_zombieMoeRadiated" prob="0.66"/>
DEBUG:Adding: <entity name="DoughsR35_zombieJoe"/>
DEBUG:Adding: <entity name="DoughsR39_zombieSkateboarderFeral" prob="0.7"/>
DEBUG:Adding: <entity name="DoughsR3_zombieFatCopRadiated" prob="0.5"/>
DEBUG:Adding: <entity name="DoughsR49_zombieMoe"/>
DEBUG:Adding: <entity name="DoughsR55_zombieJoeRadiated" prob="0.66"/>
DEBUG:Adding: <entity name="DoughsR69_zombieOldTimerRadiated" prob="0.66"/>
DEBUG:Adding: <entity name="DoughsR76_zombieDemolition" prob="0.4"/>
DEBUG:Adding: <entity name="DoughsR79_zombieYoFeral" prob="0.7"/>
DEBUG:ModletGen_AddZedsToEntityGroupsFile ENTITY GROUP: feralHordeStageGS3170
DEBUG:Adding: <entity name="DoughsR11_zombieBoeFeral" prob="0.7"/>
DEBUG:Adding: <entity name="DoughsR12_zombieJoeFeral" prob="0.7"/>
DEBUG:Adding: <entity name="DoughsR16_zombieFemaleFat" prob="1"/>
DEBUG:Adding: <entity name="DoughsR37_zombieMarleneFeral" prob="0.7"/>
DEBUG:Adding: <entity name="DoughsR51_zombieDarleneFeral" prob="0.7"/>
DEBUG:Adding: <entity name="DoughsR52_zombieUtilityWorkerFeral" prob="0.7"/>
DEBUG:Adding: <entity name="DoughsR53_zombieJanitorFeral" prob="0.7"/>
DEBUG:Adding: <entity name="DoughsR59_zombieArleneFeral" prob="0.7"/>
DEBUG:Adding: <entity name="DoughsR66_zombieDarleneRadiated" prob="0.66"/>
DEBUG:Adding: <entity name="DoughsR75_zombieSkateboarderRadiated" prob="0.66"/>
DEBUG:Adding: <entity name="DoughsR76_zombieDemolition" prob="0.4"/>
DEBUG:Adding: <entity name="DoughsR86_zombieBikerRadiated" prob="0.6"/>
DEBUG:Adding: <entity name="DoughsR88_animalZombieVulture" prob="0.3"/>
DEBUG:Adding: <entity name="DoughsR8_zombieArleneRadiated" prob="0.66"/>
DEBUG:Adding: <entity name="DoughsR90_animalZombieVultureRadiated" prob="0.3"/>
DEBUG:ModletGen_AddZedsToEntityGroupsFile ENTITY GROUP: feralHordeStageGS3187
DEBUG:Adding: <entity name="DoughsR11_zombieBoeFeral" prob="0.7"/>
DEBUG:Adding: <entity name="DoughsR12_zombieJoeFeral" prob="0.7"/>
DEBUG:Adding: <entity name="DoughsR14_zombieSoldier" prob="1"/>
DEBUG:Adding: <entity name="DoughsR22_zombieWightRadiated" prob="0.6"/>
DEBUG:Adding: <entity name="DoughsR36_zombieYoRadiated" prob="0.66"/>
DEBUG:Adding: <entity name="DoughsR3_zombieFatCopRadiated" prob="0.5"/>
DEBUG:Adding: <entity name="DoughsR55_zombieJoeRadiated" prob="0.66"/>
DEBUG:Adding: <entity name="DoughsR57_zombieSpiderFeral" prob="0.5"/>
DEBUG:Adding: <entity name="DoughsR61_zombieSkateboarder"/>
DEBUG:Adding: <entity name="DoughsR62_zombieDarlene"/>
DEBUG:Adding: <entity name="DoughsR63_zombieFatCopFeral" prob="0.6"/>
DEBUG:Adding: <entity name="DoughsR69_zombieOldTimerRadiated" prob="0.66"/>
DEBUG:Adding: <entity name="DoughsR78_zombieSteveFeral" prob="0.7"/>
DEBUG:Adding: <entity name="DoughsR90_animalZombieVultureRadiated" prob="0.3"/>
DEBUG:ModletGen_AddZedsToEntityGroupsFile ENTITY GROUP: feralHordeStageGS320
DEBUG:Adding: <entity name="DoughsR20_zombieSoldierRadiated" prob="0.5"/>
DEBUG:Adding: <entity name="DoughsR22_zombieWightRadiated" prob="0.6"/>
DEBUG:Adding: <entity name="DoughsR27_zombieFatCop" prob="0.7"/>
DEBUG:Adding: <entity name="DoughsR28_zombieMarlene"/>
DEBUG:Adding: <entity name="DoughsR36_zombieYoRadiated" prob="0.66"/>
DEBUG:Adding: <entity name="DoughsR39_zombieSkateboarderFeral" prob="0.7"/>
DEBUG:Adding: <entity name="DoughsR48_zombieCheerleaderRadiated" prob="0.66"/>
DEBUG:Adding: <entity name="DoughsR53_zombieJanitorFeral" prob="0.7"/>
DEBUG:Adding: <entity name="DoughsR57_zombieSpiderFeral" prob="0.5"/>
DEBUG:Adding: <entity name="DoughsR61_zombieSkateboarder"/>
DEBUG:Adding: <entity name="DoughsR63_zombieFatCopFeral" prob="0.6"/>
DEBUG:Adding: <entity name="DoughsR65_zombieJanitor"/>
DEBUG:Adding: <entity name="DoughsR76_zombieDemolition" prob="0.4"/>
DEBUG:Adding: <entity name="DoughsR8_zombieArleneRadiated" prob="0.66"/>
DEBUG:ModletGen_AddZedsToEntityGroupsFile ENTITY GROUP: feralHordeStageGS3204
DEBUG:Adding: <entity name="DoughsR12_zombieJoeFeral" prob="0.7"/>
DEBUG:Adding: <entity name="DoughsR29_zombieBoe"/>
DEBUG:Adding: <entity name="DoughsR34_zombieMarleneRadiated" prob="0.66"/>
DEBUG:Adding: <entity name="DoughsR37_zombieMarleneFeral" prob="0.7"/>
DEBUG:Adding: <entity name="DoughsR39_zombieSkateboarderFeral" prob="0.7"/>
DEBUG:Adding: <entity name="DoughsR3_zombieFatCopRadiated" prob="0.5"/>
DEBUG:Adding: <entity name="DoughsR3_zombieFatCopRadiated" prob="0.5"/>
DEBUG:Adding: <entity name="DoughsR55_zombieJoeRadiated" prob="0.66"/>
DEBUG:Adding: <entity name="DoughsR58_zombieJanitorRadiated" prob="0.66"/>
DEBUG:Adding: <entity name="DoughsR61_zombieSkateboarder"/>
DEBUG:Adding: <entity name="DoughsR75_zombieSkateboarderRadiated" prob="0.66"/>
DEBUG:Adding: <entity name="DoughsR76_zombieDemolition" prob="0.4"/>
DEBUG:Adding: <entity name="DoughsR7_zombieWightFeral" prob="0.6"/>
DEBUG:Adding: <entity name="DoughsR88_animalZombieVulture" prob="0.3"/>
DEBUG:Adding: <entity name="DoughsR98_animalZombieDog"/>
DEBUG:ModletGen_AddZedsToEntityGroupsFile ENTITY GROUP: feralHordeStageGS3221
DEBUG:Adding: <entity name="DoughsR10_zombieFemaleFatFeral" prob="0.6"/>
DEBUG:Adding: <entity name="DoughsR13_zombieSteve"/>
DEBUG:Adding: <entity name="DoughsR24_zombieNurse"/>
DEBUG:Adding: <entity name="DoughsR29_zombieBoe"/>
DEBUG:Adding: <entity name="DoughsR45_zombieSpider" prob="0.7"/>
DEBUG:Adding: <entity name="DoughsR48_zombieCheerleaderRadiated" prob="0.66"/>
DEBUG:Adding: <entity name="DoughsR53_zombieJanitorFeral" prob="0.7"/>
DEBUG:Adding: <entity name="DoughsR55_zombieJoeRadiated" prob="0.66"/>
DEBUG:Adding: <entity name="DoughsR65_zombieJanitor"/>
DEBUG:Adding: <entity name="DoughsR69_zombieOldTimerRadiated" prob="0.66"/>
DEBUG:Adding: <entity name="DoughsR74_zombieMoeFeral" prob="0.7"/>
DEBUG:Adding: <entity name="DoughsR76_zombieDemolition" prob="0.4"/>
DEBUG:Adding: <entity name="DoughsR78_zombieSteveFeral" prob="0.7"/>
DEBUG:Adding: <entity name="DoughsR86_zombieBikerRadiated" prob="0.6"/>
DEBUG:Adding: <entity name="DoughsR8_zombieArleneRadiated" prob="0.66"/>
DEBUG:ModletGen_AddZedsToEntityGroupsFile ENTITY GROUP: feralHordeStageGS3238
DEBUG:Adding: <entity name="DoughsR16_zombieFemaleFat" prob="1"/>
DEBUG:Adding: <entity name="DoughsR20_zombieSoldierRadiated" prob="0.5"/>
DEBUG:Adding: <entity name="DoughsR21_zombieSpiderRadiated" prob="0.6"/>
DEBUG:Adding: <entity name="DoughsR22_zombieWightRadiated" prob="0.6"/>
DEBUG:Adding: <entity name="DoughsR27_zombieFatCop" prob="0.7"/>
DEBUG:Adding: <entity name="DoughsR28_zombieMarlene"/>
DEBUG:Adding: <entity name="DoughsR36_zombieYoRadiated" prob="0.66"/>
DEBUG:Adding: <entity name="DoughsR3_zombieFatCopRadiated" prob="0.5"/>
DEBUG:Adding: <entity name="DoughsR51_zombieDarleneFeral" prob="0.7"/>
DEBUG:Adding: <entity name="DoughsR53_zombieJanitorFeral" prob="0.7"/>
DEBUG:Adding: <entity name="DoughsR58_zombieJanitorRadiated" prob="0.66"/>
DEBUG:Adding: <entity name="DoughsR59_zombieArleneFeral" prob="0.7"/>
DEBUG:Adding: <entity name="DoughsR61_zombieSkateboarder"/>
DEBUG:Adding: <entity name="DoughsR75_zombieSkateboarderRadiated" prob="0.66"/>
DEBUG:Adding: <entity name="DoughsR8_zombieArleneRadiated" prob="0.66"/>
DEBUG:ModletGen_AddZedsToEntityGroupsFile ENTITY GROUP: feralHordeStageGS3255
DEBUG:Adding: <entity name="DoughsR10_zombieFemaleFatFeral" prob="0.6"/>
DEBUG:Adding: <entity name="DoughsR22_zombieWightRadiated" prob="0.5"/>
DEBUG:Adding: <entity name="DoughsR27_zombieFatCop" prob="0.7"/>
DEBUG:Adding: <entity name="DoughsR28_zombieMarlene"/>
DEBUG:Adding: <entity name="DoughsR39_zombieSkateboarderFeral" prob="0.7"/>
DEBUG:Adding: <entity name="DoughsR3_zombieFatCopRadiated" prob="0.5"/>
DEBUG:Adding: <entity name="DoughsR3_zombieFatCopRadiated" prob="0.5"/>
DEBUG:Adding: <entity name="DoughsR41_zombieYo"/>
DEBUG:Adding: <entity name="DoughsR51_zombieDarleneFeral" prob="0.7"/>
DEBUG:Adding: <entity name="DoughsR59_zombieArleneFeral" prob="0.7"/>
DEBUG:Adding: <entity name="DoughsR63_zombieFatCopFeral" prob="0.6"/>
DEBUG:Adding: <entity name="DoughsR69_zombieOldTimerRadiated" prob="0.66"/>
DEBUG:Adding: <entity name="DoughsR75_zombieSkateboarderRadiated" prob="0.66"/>
DEBUG:Adding: <entity name="DoughsR78_zombieSteveFeral" prob="0.7"/>
DEBUG:Adding: <entity name="DoughsR81_zombieSteveRadiated" prob="0.66"/>
DEBUG:ModletGen_AddZedsToEntityGroupsFile ENTITY GROUP: feralHordeStageGS3272
DEBUG:Adding: <entity name="DoughsR21_zombieSpiderRadiated" prob="0.6"/>
DEBUG:Adding: <entity name="DoughsR3_zombieFatCopRadiated" prob="0.5"/>
DEBUG:Adding: <entity name="DoughsR45_zombieSpider" prob="0.7"/>
DEBUG:Adding: <entity name="DoughsR48_zombieCheerleaderRadiated" prob="0.66"/>
DEBUG:Adding: <entity name="DoughsR51_zombieDarleneFeral" prob="0.7"/>
DEBUG:Adding: <entity name="DoughsR52_zombieUtilityWorkerFeral" prob="0.7"/>
DEBUG:Adding: <entity name="DoughsR53_zombieJanitorFeral" prob="0.7"/>
DEBUG:Adding: <entity name="DoughsR57_zombieSpiderFeral" prob="0.5"/>
DEBUG:Adding: <entity name="DoughsR59_zombieArleneFeral" prob="0.7"/>
DEBUG:Adding: <entity name="DoughsR66_zombieDarleneRadiated" prob="0.66"/>
DEBUG:Adding: <entity name="DoughsR76_zombieDemolition" prob="0.4"/>
DEBUG:Adding: <entity name="DoughsR78_zombieSteveFeral" prob="0.7"/>
DEBUG:Adding: <entity name="DoughsR81_zombieSteveRadiated" prob="0.66"/>
DEBUG:Adding: <entity name="DoughsR86_zombieBikerRadiated" prob="0.6"/>
DEBUG:Adding: <entity name="DoughsR88_animalZombieVulture" prob="0.3"/>
DEBUG:ModletGen_AddZedsToEntityGroupsFile ENTITY GROUP: feralHordeStageGS3289
DEBUG:Adding: <entity name="DoughsR12_zombieJoeFeral" prob="0.7"/>
DEBUG:Adding: <entity name="DoughsR20_zombieSoldierRadiated" prob="0.5"/>
DEBUG:Adding: <entity name="DoughsR22_zombieWightRadiated" prob="0.6"/>
DEBUG:Adding: <entity name="DoughsR2_zombieBusinessManFeral" prob="0.7"/>
DEBUG:Adding: <entity name="DoughsR37_zombieMarleneFeral" prob="0.7"/>
DEBUG:Adding: <entity name="DoughsR41_zombieYo"/>
DEBUG:Adding: <entity name="DoughsR48_zombieCheerleaderRadiated" prob="0.66"/>
DEBUG:Adding: <entity name="DoughsR52_zombieUtilityWorkerFeral" prob="0.7"/>
DEBUG:Adding: <entity name="DoughsR55_zombieJoeRadiated" prob="0.66"/>
DEBUG:Adding: <entity name="DoughsR58_zombieJanitorRadiated" prob="0.66"/>
DEBUG:Adding: <entity name="DoughsR63_zombieFatCopFeral" prob="0.6"/>
DEBUG:Adding: <entity name="DoughsR69_zombieOldTimerRadiated" prob="0.66"/>
DEBUG:Adding: <entity name="DoughsR75_zombieSkateboarderRadiated" prob="0.66"/>
DEBUG:Adding: <entity name="DoughsR86_zombieBikerRadiated" prob="0.6"/>
DEBUG:Adding: <entity name="DoughsR88_animalZombieVulture" prob="0.3"/>
DEBUG:ModletGen_AddZedsToEntityGroupsFile ENTITY GROUP: feralHordeStageGS329
DEBUG:Adding: <entity name="DoughsR11_zombieBoeFeral" prob="0.7"/>
DEBUG:Adding: <entity name="DoughsR22_zombieWightRadiated" prob="0.6"/>
DEBUG:Adding: <entity name="DoughsR28_zombieMarlene"/>
DEBUG:Adding: <entity name="DoughsR29_zombieBoe"/>
DEBUG:Adding: <entity name="DoughsR3_zombieFatCopRadiated" prob="0.5"/>
DEBUG:Adding: <entity name="DoughsR3_zombieFatCopRadiated" prob="0.5"/>
DEBUG:Adding: <entity name="DoughsR44_zombieBusinessMan"/>
DEBUG:Adding: <entity name="DoughsR45_zombieSpider" prob="0.7"/>
DEBUG:Adding: <entity name="DoughsR51_zombieDarleneFeral" prob="0.7"/>
DEBUG:Adding: <entity name="DoughsR55_zombieJoeRadiated" prob="0.66"/>
DEBUG:Adding: <entity name="DoughsR58_zombieJanitorRadiated" prob="0.66"/>
DEBUG:Adding: <entity name="DoughsR69_zombieOldTimerRadiated" prob="0.66"/>
DEBUG:Adding: <entity name="DoughsR75_zombieSkateboarderRadiated" prob="0.66"/>
DEBUG:ModletGen_AddZedsToEntityGroupsFile ENTITY GROUP: feralHordeStageGS3306
DEBUG:Adding: <entity name="DoughsR13_zombieSteve"/>
DEBUG:Adding: <entity name="DoughsR27_zombieFatCop" prob="0.7"/>
DEBUG:Adding: <entity name="DoughsR32_zombieMoeRadiated" prob="0.66"/>
DEBUG:Adding: <entity name="DoughsR34_zombieMarleneRadiated" prob="0.66"/>
DEBUG:Adding: <entity name="DoughsR44_zombieBusinessMan"/>
DEBUG:Adding: <entity name="DoughsR48_zombieCheerleaderRadiated" prob="0.66"/>
DEBUG:Adding: <entity name="DoughsR52_zombieUtilityWorkerFeral" prob="0.7"/>
DEBUG:Adding: <entity name="DoughsR54_zombieFemaleFatRadiated" prob="0.6"/>
DEBUG:Adding: <entity name="DoughsR56_zombieUtilityWorker"/>
DEBUG:Adding: <entity name="DoughsR58_zombieJanitorRadiated" prob="0.66"/>
DEBUG:Adding: <entity name="DoughsR66_zombieDarleneRadiated" prob="0.66"/>
DEBUG:Adding: <entity name="DoughsR74_zombieMoeFeral" prob="0.7"/>
DEBUG:Adding: <entity name="DoughsR81_zombieSteveRadiated" prob="0.66"/>
DEBUG:Adding: <entity name="DoughsR88_animalZombieVulture" prob="0.3"/>
DEBUG:Adding: <entity name="DoughsR98_animalZombieDog"/>
DEBUG:ModletGen_AddZedsToEntityGroupsFile ENTITY GROUP: feralHordeStageGS3324
DEBUG:Adding: <entity name="DoughsR12_zombieJoeFeral" prob="0.7"/>
DEBUG:Adding: <entity name="DoughsR22_zombieWightRadiated" prob="0.6"/>
DEBUG:Adding: <entity name="DoughsR27_zombieFatCop" prob="0.7"/>
DEBUG:Adding: <entity name="DoughsR34_zombieMarleneRadiated" prob="0.66"/>
DEBUG:Adding: <entity name="DoughsR37_zombieMarleneFeral" prob="0.7"/>
DEBUG:Adding: <entity name="DoughsR39_zombieSkateboarderFeral" prob="0.7"/>
DEBUG:Adding: <entity name="DoughsR49_zombieMoe"/>
DEBUG:Adding: <entity name="DoughsR54_zombieFemaleFatRadiated" prob="0.6"/>
DEBUG:Adding: <entity name="DoughsR55_zombieJoeRadiated" prob="0.66"/>
DEBUG:Adding: <entity name="DoughsR56_zombieUtilityWorker"/>
DEBUG:Adding: <entity name="DoughsR58_zombieJanitorRadiated" prob="0.66"/>
DEBUG:Adding: <entity name="DoughsR61_zombieSkateboarder"/>
DEBUG:Adding: <entity name="DoughsR62_zombieDarlene"/>
DEBUG:Adding: <entity name="DoughsR76_zombieDemolition" prob="0.4"/>
DEBUG:Adding: <entity name="DoughsR90_animalZombieVultureRadiated" prob="0.3"/>
DEBUG:ModletGen_AddZedsToEntityGroupsFile ENTITY GROUP: feralHordeStageGS3341
DEBUG:Adding: <entity name="DoughsR10_zombieFemaleFatFeral" prob="0.6"/>
DEBUG:Adding: <entity name="DoughsR14_zombieSoldier" prob="1"/>
DEBUG:Adding: <entity name="DoughsR22_zombieWightRadiated" prob="0.6"/>
DEBUG:Adding: <entity name="DoughsR32_zombieMoeRadiated" prob="0.66"/>
DEBUG:Adding: <entity name="DoughsR36_zombieYoRadiated" prob="0.66"/>
DEBUG:Adding: <entity name="DoughsR39_zombieSkateboarderFeral" prob="0.7"/>
DEBUG:Adding: <entity name="DoughsR3_zombieFatCopRadiated" prob="0.5"/>
DEBUG:Adding: <entity name="DoughsR45_zombieSpider" prob="0.7"/>
DEBUG:Adding: <entity name="DoughsR56_zombieUtilityWorker"/>
DEBUG:Adding: <entity name="DoughsR58_zombieJanitorRadiated" prob="0.66"/>
DEBUG:Adding: <entity name="DoughsR62_zombieDarlene"/>
DEBUG:Adding: <entity name="DoughsR71_zombieNurseFeral" prob="0.7"/>
DEBUG:Adding: <entity name="DoughsR78_zombieSteveFeral" prob="0.7"/>
DEBUG:Adding: <entity name="DoughsR7_zombieWightFeral" prob="0.6"/>
DEBUG:Adding: <entity name="DoughsR98_animalZombieDog"/>
DEBUG:ModletGen_AddZedsToEntityGroupsFile ENTITY GROUP: feralHordeStageGS3358
DEBUG:Adding: <entity name="DoughsR10_zombieFemaleFatFeral" prob="0.6"/>
DEBUG:Adding: <entity name="DoughsR13_zombieSteve"/>
DEBUG:Adding: <entity name="DoughsR14_zombieSoldier" prob="1"/>
DEBUG:Adding: <entity name="DoughsR22_zombieWightRadiated" prob="0.6"/>
DEBUG:Adding: <entity name="DoughsR22_zombieWightRadiated" prob="0.5"/>
DEBUG:Adding: <entity name="DoughsR35_zombieJoe"/>
DEBUG:Adding: <entity name="DoughsR50_zombieBoeRadiated" prob="0.66"/>
DEBUG:Adding: <entity name="DoughsR51_zombieDarleneFeral" prob="0.7"/>
DEBUG:Adding: <entity name="DoughsR54_zombieFemaleFatRadiated" prob="0.6"/>
DEBUG:Adding: <entity name="DoughsR55_zombieJoeRadiated" prob="0.66"/>
DEBUG:Adding: <entity name="DoughsR58_zombieJanitorRadiated" prob="0.66"/>
DEBUG:Adding: <entity name="DoughsR65_zombieJanitor"/>
DEBUG:Adding: <entity name="DoughsR66_zombieDarleneRadiated" prob="0.66"/>
DEBUG:Adding: <entity name="DoughsR7_zombieWightFeral" prob="0.6"/>
DEBUG:Adding: <entity name="DoughsR81_zombieSteveRadiated" prob="0.66"/>
DEBUG:ModletGen_AddZedsToEntityGroupsFile ENTITY GROUP: feralHordeStageGS337
DEBUG:Adding: <entity name="DoughsR10_zombieFemaleFatFeral" prob="0.6"/>
DEBUG:Adding: <entity name="DoughsR11_zombieBoeFeral" prob="0.7"/>
DEBUG:Adding: <entity name="DoughsR13_zombieSteve"/>
DEBUG:Adding: <entity name="DoughsR14_zombieSoldier" prob="1"/>
DEBUG:Adding: <entity name="DoughsR20_zombieSoldierRadiated" prob="0.5"/>
DEBUG:Adding: <entity name="DoughsR22_zombieWightRadiated" prob="0.6"/>
DEBUG:Adding: <entity name="DoughsR27_zombieFatCop" prob="0.7"/>
DEBUG:Adding: <entity name="DoughsR36_zombieYoRadiated" prob="0.66"/>
DEBUG:Adding: <entity name="DoughsR45_zombieSpider" prob="0.7"/>
DEBUG:Adding: <entity name="DoughsR53_zombieJanitorFeral" prob="0.7"/>
DEBUG:Adding: <entity name="DoughsR59_zombieArleneFeral" prob="0.7"/>
DEBUG:Adding: <entity name="DoughsR76_zombieDemolition" prob="0.4"/>
DEBUG:Adding: <entity name="DoughsR79_zombieYoFeral" prob="0.7"/>
DEBUG:ModletGen_AddZedsToEntityGroupsFile ENTITY GROUP: feralHordeStageGS3375
DEBUG:Adding: <entity name="DoughsR11_zombieBoeFeral" prob="0.7"/>
DEBUG:Adding: <entity name="DoughsR16_zombieFemaleFat" prob="1"/>
DEBUG:Adding: <entity name="DoughsR20_zombieSoldierRadiated" prob="0.5"/>
DEBUG:Adding: <entity name="DoughsR36_zombieYoRadiated" prob="0.66"/>
DEBUG:Adding: <entity name="DoughsR48_zombieCheerleaderRadiated" prob="0.66"/>
DEBUG:Adding: <entity name="DoughsR49_zombieMoe"/>
DEBUG:Adding: <entity name="DoughsR56_zombieUtilityWorker"/>
DEBUG:Adding: <entity name="DoughsR58_zombieJanitorRadiated" prob="0.66"/>
DEBUG:Adding: <entity name="DoughsR59_zombieArleneFeral" prob="0.7"/>
DEBUG:Adding: <entity name="DoughsR62_zombieDarlene"/>
DEBUG:Adding: <entity name="DoughsR66_zombieDarleneRadiated" prob="0.66"/>
DEBUG:Adding: <entity name="DoughsR75_zombieSkateboarderRadiated" prob="0.66"/>
DEBUG:Adding: <entity name="DoughsR76_zombieDemolition" prob="0.4"/>
DEBUG:Adding: <entity name="DoughsR81_zombieSteveRadiated" prob="0.66"/>
DEBUG:Adding: <entity name="DoughsR8_zombieArleneRadiated" prob="0.66"/>
DEBUG:ModletGen_AddZedsToEntityGroupsFile ENTITY GROUP: feralHordeStageGS3392
DEBUG:Adding: <entity name="DoughsR24_zombieNurse"/>
DEBUG:Adding: <entity name="DoughsR27_zombieFatCop" prob="0.7"/>
DEBUG:Adding: <entity name="DoughsR2_zombieBusinessManFeral" prob="0.7"/>
DEBUG:Adding: <entity name="DoughsR32_zombieMoeRadiated" prob="0.66"/>
DEBUG:Adding: <entity name="DoughsR35_zombieJoe"/>
DEBUG:Adding: <entity name="DoughsR36_zombieYoRadiated" prob="0.66"/>
DEBUG:Adding: <entity name="DoughsR3_zombieFatCopRadiated" prob="0.5"/>
DEBUG:Adding: <entity name="DoughsR41_zombieYo"/>
DEBUG:Adding: <entity name="DoughsR59_zombieArleneFeral" prob="0.7"/>
DEBUG:Adding: <entity name="DoughsR61_zombieSkateboarder"/>
DEBUG:Adding: <entity name="DoughsR63_zombieFatCopFeral" prob="0.6"/>
DEBUG:Adding: <entity name="DoughsR66_zombieDarleneRadiated" prob="0.66"/>
DEBUG:Adding: <entity name="DoughsR79_zombieYoFeral" prob="0.7"/>
DEBUG:Adding: <entity name="DoughsR88_animalZombieVulture" prob="0.3"/>
DEBUG:Adding: <entity name="DoughsR98_animalZombieDog"/>
DEBUG:ModletGen_AddZedsToEntityGroupsFile ENTITY GROUP: feralHordeStageGS3410
DEBUG:Adding: <entity name="DoughsR21_zombieSpiderRadiated" prob="0.6"/>
DEBUG:Adding: <entity name="DoughsR22_zombieWightRadiated" prob="0.5"/>
DEBUG:Adding: <entity name="DoughsR29_zombieBoe"/>
DEBUG:Adding: <entity name="DoughsR2_zombieBusinessManFeral" prob="0.7"/>
DEBUG:Adding: <entity name="DoughsR35_zombieJoe"/>
DEBUG:Adding: <entity name="DoughsR3_zombieFatCopRadiated" prob="0.5"/>
DEBUG:Adding: <entity name="DoughsR48_zombieCheerleaderRadiated" prob="0.66"/>
DEBUG:Adding: <entity name="DoughsR54_zombieFemaleFatRadiated" prob="0.6"/>
DEBUG:Adding: <entity name="DoughsR56_zombieUtilityWorker"/>
DEBUG:Adding: <entity name="DoughsR57_zombieSpiderFeral" prob="0.5"/>
DEBUG:Adding: <entity name="DoughsR59_zombieArleneFeral" prob="0.7"/>
DEBUG:Adding: <entity name="DoughsR61_zombieSkateboarder"/>
DEBUG:Adding: <entity name="DoughsR65_zombieJanitor"/>
DEBUG:Adding: <entity name="DoughsR69_zombieOldTimerRadiated" prob="0.66"/>
DEBUG:Adding: <entity name="DoughsR76_zombieDemolition" prob="0.4"/>
DEBUG:ModletGen_AddZedsToEntityGroupsFile ENTITY GROUP: feralHordeStageGS3427
DEBUG:Adding: <entity name="DoughsR11_zombieBoeFeral" prob="0.7"/>
DEBUG:Adding: <entity name="DoughsR21_zombieSpiderRadiated" prob="0.6"/>
DEBUG:Adding: <entity name="DoughsR22_zombieWightRadiated" prob="0.5"/>
DEBUG:Adding: <entity name="DoughsR31_zombieArlene"/>
DEBUG:Adding: <entity name="DoughsR34_zombieMarleneRadiated" prob="0.66"/>
DEBUG:Adding: <entity name="DoughsR48_zombieCheerleaderRadiated" prob="0.66"/>
DEBUG:Adding: <entity name="DoughsR50_zombieBoeRadiated" prob="0.66"/>
DEBUG:Adding: <entity name="DoughsR51_zombieDarleneFeral" prob="0.7"/>
DEBUG:Adding: <entity name="DoughsR59_zombieArleneFeral" prob="0.7"/>
DEBUG:Adding: <entity name="DoughsR61_zombieSkateboarder"/>
DEBUG:Adding: <entity name="DoughsR63_zombieFatCopFeral" prob="0.6"/>
DEBUG:Adding: <entity name="DoughsR66_zombieDarleneRadiated" prob="0.66"/>
DEBUG:Adding: <entity name="DoughsR69_zombieOldTimerRadiated" prob="0.66"/>
DEBUG:Adding: <entity name="DoughsR71_zombieNurseFeral" prob="0.7"/>
DEBUG:Adding: <entity name="DoughsR88_animalZombieVulture" prob="0.3"/>
DEBUG:ModletGen_AddZedsToEntityGroupsFile ENTITY GROUP: feralHordeStageGS3444
DEBUG:Adding: <entity name="DoughsR10_zombieFemaleFatFeral" prob="0.6"/>
DEBUG:Adding: <entity name="DoughsR16_zombieFemaleFat" prob="1"/>
DEBUG:Adding: <entity name="DoughsR29_zombieBoe"/>
DEBUG:Adding: <entity name="DoughsR36_zombieYoRadiated" prob="0.66"/>
DEBUG:Adding: <entity name="DoughsR44_zombieBusinessMan"/>
DEBUG:Adding: <entity name="DoughsR48_zombieCheerleaderRadiated" prob="0.66"/>
DEBUG:Adding: <entity name="DoughsR50_zombieBoeRadiated" prob="0.66"/>
DEBUG:Adding: <entity name="DoughsR51_zombieDarleneFeral" prob="0.7"/>
DEBUG:Adding: <entity name="DoughsR55_zombieJoeRadiated" prob="0.66"/>
DEBUG:Adding: <entity name="DoughsR71_zombieNurseFeral" prob="0.7"/>
DEBUG:Adding: <entity name="DoughsR76_zombieDemolition" prob="0.4"/>
DEBUG:Adding: <entity name="DoughsR81_zombieSteveRadiated" prob="0.66"/>
DEBUG:Adding: <entity name="DoughsR86_zombieBikerRadiated" prob="0.6"/>
DEBUG:Adding: <entity name="DoughsR88_animalZombieVulture" prob="0.3"/>
DEBUG:Adding: <entity name="DoughsR98_animalZombieDog"/>
DEBUG:ModletGen_AddZedsToEntityGroupsFile ENTITY GROUP: feralHordeStageGS346
DEBUG:Adding: <entity name="DoughsR22_zombieWightRadiated" prob="0.5"/>
DEBUG:Adding: <entity name="DoughsR2_zombieBusinessManFeral" prob="0.7"/>
DEBUG:Adding: <entity name="DoughsR39_zombieSkateboarderFeral" prob="0.7"/>
DEBUG:Adding: <entity name="DoughsR41_zombieYo"/>
DEBUG:Adding: <entity name="DoughsR44_zombieBusinessMan"/>
DEBUG:Adding: <entity name="DoughsR48_zombieCheerleaderRadiated" prob="0.66"/>
DEBUG:Adding: <entity name="DoughsR55_zombieJoeRadiated" prob="0.66"/>
DEBUG:Adding: <entity name="DoughsR59_zombieArleneFeral" prob="0.7"/>
DEBUG:Adding: <entity name="DoughsR62_zombieDarlene"/>
DEBUG:Adding: <entity name="DoughsR63_zombieFatCopFeral" prob="0.6"/>
DEBUG:Adding: <entity name="DoughsR65_zombieJanitor"/>
DEBUG:Adding: <entity name="DoughsR79_zombieYoFeral" prob="0.7"/>
DEBUG:Adding: <entity name="DoughsR81_zombieSteveRadiated" prob="0.66"/>
DEBUG:Adding: <entity name="DoughsR90_animalZombieVultureRadiated" prob="0.3"/>
DEBUG:ModletGen_AddZedsToEntityGroupsFile ENTITY GROUP: feralHordeStageGS3462
DEBUG:Adding: <entity name="DoughsR13_zombieSteve"/>
DEBUG:Adding: <entity name="DoughsR14_zombieSoldier" prob="1"/>
DEBUG:Adding: <entity name="DoughsR22_zombieWightRadiated" prob="0.6"/>
DEBUG:Adding: <entity name="DoughsR22_zombieWightRadiated" prob="0.5"/>
DEBUG:Adding: <entity name="DoughsR27_zombieFatCop" prob="0.7"/>
DEBUG:Adding: <entity name="DoughsR34_zombieMarleneRadiated" prob="0.66"/>
DEBUG:Adding: <entity name="DoughsR35_zombieJoe"/>
DEBUG:Adding: <entity name="DoughsR37_zombieMarleneFeral" prob="0.7"/>
DEBUG:Adding: <entity name="DoughsR3_zombieFatCopRadiated" prob="0.5"/>
DEBUG:Adding: <entity name="DoughsR51_zombieDarleneFeral" prob="0.7"/>
DEBUG:Adding: <entity name="DoughsR53_zombieJanitorFeral" prob="0.7"/>
DEBUG:Adding: <entity name="DoughsR63_zombieFatCopFeral" prob="0.6"/>
DEBUG:Adding: <entity name="DoughsR69_zombieOldTimerRadiated" prob="0.66"/>
DEBUG:Adding: <entity name="DoughsR8_zombieArleneRadiated" prob="0.66"/>
DEBUG:Adding: <entity name="DoughsR90_animalZombieVultureRadiated" prob="0.3"/>
DEBUG:ModletGen_AddZedsToEntityGroupsFile ENTITY GROUP: feralHordeStageGS3479
DEBUG:Adding: <entity name="DoughsR10_zombieFemaleFatFeral" prob="0.6"/>
DEBUG:Adding: <entity name="DoughsR11_zombieBoeFeral" prob="0.7"/>
DEBUG:Adding: <entity name="DoughsR21_zombieSpiderRadiated" prob="0.6"/>
DEBUG:Adding: <entity name="DoughsR48_zombieCheerleaderRadiated" prob="0.66"/>
DEBUG:Adding: <entity name="DoughsR50_zombieBoeRadiated" prob="0.66"/>
DEBUG:Adding: <entity name="DoughsR51_zombieDarleneFeral" prob="0.7"/>
DEBUG:Adding: <entity name="DoughsR52_zombieUtilityWorkerFeral" prob="0.7"/>
DEBUG:Adding: <entity name="DoughsR54_zombieFemaleFatRadiated" prob="0.6"/>
DEBUG:Adding: <entity name="DoughsR56_zombieUtilityWorker"/>
DEBUG:Adding: <entity name="DoughsR61_zombieSkateboarder"/>
DEBUG:Adding: <entity name="DoughsR71_zombieNurseFeral" prob="0.7"/>
DEBUG:Adding: <entity name="DoughsR74_zombieMoeFeral" prob="0.7"/>
DEBUG:Adding: <entity name="DoughsR76_zombieDemolition" prob="0.4"/>
DEBUG:Adding: <entity name="DoughsR86_zombieBikerRadiated" prob="0.6"/>
DEBUG:Adding: <entity name="DoughsR98_animalZombieDog"/>
DEBUG:ModletGen_AddZedsToEntityGroupsFile ENTITY GROUP: feralHordeStageGS3496
DEBUG:Adding: <entity name="DoughsR11_zombieBoeFeral" prob="0.7"/>
DEBUG:Adding: <entity name="DoughsR24_zombieNurse"/>
DEBUG:Adding: <entity name="DoughsR2_zombieBusinessManFeral" prob="0.7"/>
DEBUG:Adding: <entity name="DoughsR31_zombieArlene"/>
DEBUG:Adding: <entity name="DoughsR34_zombieMarleneRadiated" prob="0.66"/>
DEBUG:Adding: <entity name="DoughsR35_zombieJoe"/>
DEBUG:Adding: <entity name="DoughsR45_zombieSpider" prob="0.7"/>
DEBUG:Adding: <entity name="DoughsR53_zombieJanitorFeral" prob="0.7"/>
DEBUG:Adding: <entity name="DoughsR55_zombieJoeRadiated" prob="0.66"/>
DEBUG:Adding: <entity name="DoughsR57_zombieSpiderFeral" prob="0.5"/>
DEBUG:Adding: <entity name="DoughsR61_zombieSkateboarder"/>
DEBUG:Adding: <entity name="DoughsR71_zombieNurseFeral" prob="0.7"/>
DEBUG:Adding: <entity name="DoughsR75_zombieSkateboarderRadiated" prob="0.66"/>
DEBUG:Adding: <entity name="DoughsR7_zombieWightFeral" prob="0.6"/>
DEBUG:Adding: <entity name="DoughsR8_zombieArleneRadiated" prob="0.66"/>
DEBUG:ModletGen_AddZedsToEntityGroupsFile ENTITY GROUP: feralHordeStageGS35
DEBUG:Adding: <entity name="DoughsR13_zombieSteve"/>
DEBUG:Adding: <entity name="DoughsR24_zombieNurse"/>
DEBUG:Adding: <entity name="DoughsR29_zombieBoe"/>
DEBUG:Adding: <entity name="DoughsR31_zombieArlene"/>
DEBUG:Adding: <entity name="DoughsR35_zombieJoe"/>
DEBUG:Adding: <entity name="DoughsR41_zombieYo"/>
DEBUG:Adding: <entity name="DoughsR45_zombieSpider" prob="0.25"/>
DEBUG:Adding: <entity name="DoughsR56_zombieUtilityWorker"/>
DEBUG:Adding: <entity name="DoughsR61_zombieSkateboarder"/>
DEBUG:Adding: <entity name="DoughsR62_zombieDarlene"/>
DEBUG:Adding: <entity name="DoughsR65_zombieJanitor"/>
DEBUG:Adding: <entity name="DoughsR98_animalZombieDog"/>
DEBUG:ModletGen_AddZedsToEntityGroupsFile ENTITY GROUP: feralHordeStageGS3514
DEBUG:Adding: <entity name="DoughsR20_zombieSoldierRadiated" prob="0.5"/>
DEBUG:Adding: <entity name="DoughsR24_zombieNurse"/>
DEBUG:Adding: <entity name="DoughsR27_zombieFatCop" prob="0.7"/>
DEBUG:Adding: <entity name="DoughsR28_zombieMarlene"/>
DEBUG:Adding: <entity name="DoughsR37_zombieMarleneFeral" prob="0.7"/>
DEBUG:Adding: <entity name="DoughsR3_zombieFatCopRadiated" prob="0.5"/>
DEBUG:Adding: <entity name="DoughsR48_zombieCheerleaderRadiated" prob="0.66"/>
DEBUG:Adding: <entity name="DoughsR50_zombieBoeRadiated" prob="0.66"/>
DEBUG:Adding: <entity name="DoughsR56_zombieUtilityWorker"/>
DEBUG:Adding: <entity name="DoughsR62_zombieDarlene"/>
DEBUG:Adding: <entity name="DoughsR69_zombieOldTimerRadiated" prob="0.66"/>
DEBUG:Adding: <entity name="DoughsR76_zombieDemolition" prob="0.4"/>
DEBUG:Adding: <entity name="DoughsR78_zombieSteveFeral" prob="0.7"/>
DEBUG:Adding: <entity name="DoughsR7_zombieWightFeral" prob="0.6"/>
DEBUG:Adding: <entity name="DoughsR86_zombieBikerRadiated" prob="0.6"/>
DEBUG:ModletGen_AddZedsToEntityGroupsFile ENTITY GROUP: feralHordeStageGS3531
DEBUG:Adding: <entity name="DoughsR11_zombieBoeFeral" prob="0.7"/>
DEBUG:Adding: <entity name="DoughsR14_zombieSoldier" prob="1"/>
DEBUG:Adding: <entity name="DoughsR21_zombieSpiderRadiated" prob="0.6"/>
DEBUG:Adding: <entity name="DoughsR22_zombieWightRadiated" prob="0.6"/>
DEBUG:Adding: <entity name="DoughsR24_zombieNurse"/>
DEBUG:Adding: <entity name="DoughsR39_zombieSkateboarderFeral" prob="0.7"/>
DEBUG:Adding: <entity name="DoughsR41_zombieYo"/>
DEBUG:Adding: <entity name="DoughsR45_zombieSpider" prob="0.7"/>
DEBUG:Adding: <entity name="DoughsR56_zombieUtilityWorker"/>
DEBUG:Adding: <entity name="DoughsR59_zombieArleneFeral" prob="0.7"/>
DEBUG:Adding: <entity name="DoughsR62_zombieDarlene"/>
DEBUG:Adding: <entity name="DoughsR71_zombieNurseFeral" prob="0.7"/>
DEBUG:Adding: <entity name="DoughsR78_zombieSteveFeral" prob="0.7"/>
DEBUG:Adding: <entity name="DoughsR7_zombieWightFeral" prob="0.6"/>
DEBUG:Adding: <entity name="DoughsR90_animalZombieVultureRadiated" prob="0.3"/>
DEBUG:ModletGen_AddZedsToEntityGroupsFile ENTITY GROUP: feralHordeStageGS354
DEBUG:Adding: <entity name="DoughsR14_zombieSoldier" prob="1"/>
DEBUG:Adding: <entity name="DoughsR24_zombieNurse"/>
DEBUG:Adding: <entity name="DoughsR29_zombieBoe"/>
DEBUG:Adding: <entity name="DoughsR34_zombieMarleneRadiated" prob="0.66"/>
DEBUG:Adding: <entity name="DoughsR36_zombieYoRadiated" prob="0.66"/>
DEBUG:Adding: <entity name="DoughsR54_zombieFemaleFatRadiated" prob="0.6"/>
DEBUG:Adding: <entity name="DoughsR57_zombieSpiderFeral" prob="0.5"/>
DEBUG:Adding: <entity name="DoughsR58_zombieJanitorRadiated" prob="0.66"/>
DEBUG:Adding: <entity name="DoughsR65_zombieJanitor"/>
DEBUG:Adding: <entity name="DoughsR71_zombieNurseFeral" prob="0.7"/>
DEBUG:Adding: <entity name="DoughsR75_zombieSkateboarderRadiated" prob="0.66"/>
DEBUG:Adding: <entity name="DoughsR76_zombieDemolition" prob="0.3"/>
DEBUG:Adding: <entity name="DoughsR8_zombieArleneRadiated" prob="0.66"/>
DEBUG:Adding: <entity name="DoughsR98_animalZombieDog"/>
DEBUG:ModletGen_AddZedsToEntityGroupsFile ENTITY GROUP: feralHordeStageGS3549
DEBUG:Adding: <entity name="DoughsR13_zombieSteve"/>
DEBUG:Adding: <entity name="DoughsR14_zombieSoldier" prob="1"/>
DEBUG:Adding: <entity name="DoughsR22_zombieWightRadiated" prob="0.6"/>
DEBUG:Adding: <entity name="DoughsR44_zombieBusinessMan"/>
DEBUG:Adding: <entity name="DoughsR49_zombieMoe"/>
DEBUG:Adding: <entity name="DoughsR54_zombieFemaleFatRadiated" prob="0.6"/>
DEBUG:Adding: <entity name="DoughsR56_zombieUtilityWorker"/>
DEBUG:Adding: <entity name="DoughsR59_zombieArleneFeral" prob="0.7"/>
DEBUG:Adding: <entity name="DoughsR61_zombieSkateboarder"/>
DEBUG:Adding: <entity name="DoughsR65_zombieJanitor"/>
DEBUG:Adding: <entity name="DoughsR66_zombieDarleneRadiated" prob="0.66"/>
DEBUG:Adding: <entity name="DoughsR69_zombieOldTimerRadiated" prob="0.66"/>
DEBUG:Adding: <entity name="DoughsR74_zombieMoeFeral" prob="0.7"/>
DEBUG:Adding: <entity name="DoughsR8_zombieArleneRadiated" prob="0.66"/>
DEBUG:Adding: <entity name="DoughsR90_animalZombieVultureRadiated" prob="0.3"/>
DEBUG:ModletGen_AddZedsToEntityGroupsFile ENTITY GROUP: feralHordeStageGS3566
DEBUG:Adding: <entity name="DoughsR11_zombieBoeFeral" prob="0.7"/>
DEBUG:Adding: <entity name="DoughsR21_zombieSpiderRadiated" prob="0.6"/>
DEBUG:Adding: <entity name="DoughsR24_zombieNurse"/>
DEBUG:Adding: <entity name="DoughsR2_zombieBusinessManFeral" prob="0.7"/>
DEBUG:Adding: <entity name="DoughsR35_zombieJoe"/>
DEBUG:Adding: <entity name="DoughsR45_zombieSpider" prob="0.7"/>
DEBUG:Adding: <entity name="DoughsR48_zombieCheerleaderRadiated" prob="0.66"/>
DEBUG:Adding: <entity name="DoughsR54_zombieFemaleFatRadiated" prob="0.6"/>
DEBUG:Adding: <entity name="DoughsR55_zombieJoeRadiated" prob="0.66"/>
DEBUG:Adding: <entity name="DoughsR56_zombieUtilityWorker"/>
DEBUG:Adding: <entity name="DoughsR61_zombieSkateboarder"/>
DEBUG:Adding: <entity name="DoughsR75_zombieSkateboarderRadiated" prob="0.66"/>
DEBUG:Adding: <entity name="DoughsR76_zombieDemolition" prob="0.4"/>
DEBUG:Adding: <entity name="DoughsR7_zombieWightFeral" prob="0.6"/>
DEBUG:Adding: <entity name="DoughsR90_animalZombieVultureRadiated" prob="0.3"/>
DEBUG:ModletGen_AddZedsToEntityGroupsFile ENTITY GROUP: feralHordeStageGS3584
DEBUG:Adding: <entity name="DoughsR13_zombieSteve"/>
DEBUG:Adding: <entity name="DoughsR14_zombieSoldier" prob="1"/>
DEBUG:Adding: <entity name="DoughsR20_zombieSoldierRadiated" prob="0.5"/>
DEBUG:Adding: <entity name="DoughsR21_zombieSpiderRadiated" prob="0.6"/>
DEBUG:Adding: <entity name="DoughsR22_zombieWightRadiated" prob="0.6"/>
DEBUG:Adding: <entity name="DoughsR22_zombieWightRadiated" prob="0.5"/>
DEBUG:Adding: <entity name="DoughsR24_zombieNurse"/>
DEBUG:Adding: <entity name="DoughsR27_zombieFatCop" prob="0.7"/>
DEBUG:Adding: <entity name="DoughsR34_zombieMarleneRadiated" prob="0.66"/>
DEBUG:Adding: <entity name="DoughsR45_zombieSpider" prob="0.7"/>
DEBUG:Adding: <entity name="DoughsR49_zombieMoe"/>
DEBUG:Adding: <entity name="DoughsR54_zombieFemaleFatRadiated" prob="0.6"/>
DEBUG:Adding: <entity name="DoughsR61_zombieSkateboarder"/>
DEBUG:Adding: <entity name="DoughsR76_zombieDemolition" prob="0.4"/>
DEBUG:Adding: <entity name="DoughsR8_zombieArleneRadiated" prob="0.66"/>
DEBUG:ModletGen_AddZedsToEntityGroupsFile ENTITY GROUP: feralHordeStageGS3601
DEBUG:Adding: <entity name="DoughsR10_zombieFemaleFatFeral" prob="0.6"/>
DEBUG:Adding: <entity name="DoughsR11_zombieBoeFeral" prob="0.7"/>
DEBUG:Adding: <entity name="DoughsR13_zombieSteve"/>
DEBUG:Adding: <entity name="DoughsR28_zombieMarlene"/>
DEBUG:Adding: <entity name="DoughsR32_zombieMoeRadiated" prob="0.66"/>
DEBUG:Adding: <entity name="DoughsR34_zombieMarleneRadiated" prob="0.66"/>
DEBUG:Adding: <entity name="DoughsR3_zombieFatCopRadiated" prob="0.5"/>
DEBUG:Adding: <entity name="DoughsR44_zombieBusinessMan"/>
DEBUG:Adding: <entity name="DoughsR50_zombieBoeRadiated" prob="0.66"/>
DEBUG:Adding: <entity name="DoughsR57_zombieSpiderFeral" prob="0.5"/>
DEBUG:Adding: <entity name="DoughsR58_zombieJanitorRadiated" prob="0.66"/>
DEBUG:Adding: <entity name="DoughsR59_zombieArleneFeral" prob="0.7"/>
DEBUG:Adding: <entity name="DoughsR75_zombieSkateboarderRadiated" prob="0.66"/>
DEBUG:Adding: <entity name="DoughsR7_zombieWightFeral" prob="0.6"/>
DEBUG:Adding: <entity name="DoughsR88_animalZombieVulture" prob="0.3"/>
DEBUG:ModletGen_AddZedsToEntityGroupsFile ENTITY GROUP: feralHordeStageGS3619
DEBUG:Adding: <entity name="DoughsR11_zombieBoeFeral" prob="0.7"/>
DEBUG:Adding: <entity name="DoughsR28_zombieMarlene"/>
DEBUG:Adding: <entity name="DoughsR31_zombieArlene"/>
DEBUG:Adding: <entity name="DoughsR35_zombieJoe"/>
DEBUG:Adding: <entity name="DoughsR39_zombieSkateboarderFeral" prob="0.7"/>
DEBUG:Adding: <entity name="DoughsR49_zombieMoe"/>
DEBUG:Adding: <entity name="DoughsR55_zombieJoeRadiated" prob="0.66"/>
DEBUG:Adding: <entity name="DoughsR58_zombieJanitorRadiated" prob="0.66"/>
DEBUG:Adding: <entity name="DoughsR65_zombieJanitor"/>
DEBUG:Adding: <entity name="DoughsR66_zombieDarleneRadiated" prob="0.66"/>
DEBUG:Adding: <entity name="DoughsR69_zombieOldTimerRadiated" prob="0.66"/>
DEBUG:Adding: <entity name="DoughsR71_zombieNurseFeral" prob="0.7"/>
DEBUG:Adding: <entity name="DoughsR8_zombieArleneRadiated" prob="0.66"/>
DEBUG:Adding: <entity name="DoughsR90_animalZombieVultureRadiated" prob="0.3"/>
DEBUG:Adding: <entity name="DoughsR98_animalZombieDog"/>
DEBUG:ModletGen_AddZedsToEntityGroupsFile ENTITY GROUP: feralHordeStageGS363
DEBUG:Adding: <entity name="DoughsR16_zombieFemaleFat" prob="1"/>
DEBUG:Adding: <entity name="DoughsR27_zombieFatCop" prob="0.7"/>
DEBUG:Adding: <entity name="DoughsR31_zombieArlene"/>
DEBUG:Adding: <entity name="DoughsR3_zombieFatCopRadiated" prob="0.5"/>
DEBUG:Adding: <entity name="DoughsR45_zombieSpider" prob="0.7"/>
DEBUG:Adding: <entity name="DoughsR48_zombieCheerleaderRadiated" prob="0.66"/>
DEBUG:Adding: <entity name="DoughsR50_zombieBoeRadiated" prob="0.66"/>
DEBUG:Adding: <entity name="DoughsR51_zombieDarleneFeral" prob="0.7"/>
DEBUG:Adding: <entity name="DoughsR54_zombieFemaleFatRadiated" prob="0.6"/>
DEBUG:Adding: <entity name="DoughsR56_zombieUtilityWorker"/>
DEBUG:Adding: <entity name="DoughsR58_zombieJanitorRadiated" prob="0.66"/>
DEBUG:Adding: <entity name="DoughsR65_zombieJanitor"/>
DEBUG:Adding: <entity name="DoughsR69_zombieOldTimerRadiated" prob="0.66"/>
DEBUG:Adding: <entity name="DoughsR78_zombieSteveFeral" prob="0.7"/>
DEBUG:ModletGen_AddZedsToEntityGroupsFile ENTITY GROUP: feralHordeStageGS3637
DEBUG:Adding: <entity name="DoughsR14_zombieSoldier" prob="1"/>
DEBUG:Adding: <entity name="DoughsR24_zombieNurse"/>
DEBUG:Adding: <entity name="DoughsR29_zombieBoe"/>
DEBUG:Adding: <entity name="DoughsR34_zombieMarleneRadiated" prob="0.66"/>
DEBUG:Adding: <entity name="DoughsR35_zombieJoe"/>
DEBUG:Adding: <entity name="DoughsR39_zombieSkateboarderFeral" prob="0.7"/>
DEBUG:Adding: <entity name="DoughsR41_zombieYo"/>
DEBUG:Adding: <entity name="DoughsR49_zombieMoe"/>
DEBUG:Adding: <entity name="DoughsR52_zombieUtilityWorkerFeral" prob="0.7"/>
DEBUG:Adding: <entity name="DoughsR54_zombieFemaleFatRadiated" prob="0.6"/>
DEBUG:Adding: <entity name="DoughsR63_zombieFatCopFeral" prob="0.6"/>
DEBUG:Adding: <entity name="DoughsR76_zombieDemolition" prob="0.4"/>
DEBUG:Adding: <entity name="DoughsR78_zombieSteveFeral" prob="0.7"/>
DEBUG:Adding: <entity name="DoughsR79_zombieYoFeral" prob="0.7"/>
DEBUG:Adding: <entity name="DoughsR7_zombieWightFeral" prob="0.6"/>
DEBUG:ModletGen_AddZedsToEntityGroupsFile ENTITY GROUP: feralHordeStageGS3654
DEBUG:Adding: <entity name="DoughsR13_zombieSteve"/>
DEBUG:Adding: <entity name="DoughsR16_zombieFemaleFat" prob="1"/>
DEBUG:Adding: <entity name="DoughsR31_zombieArlene"/>
DEBUG:Adding: <entity name="DoughsR34_zombieMarleneRadiated" prob="0.66"/>
DEBUG:Adding: <entity name="DoughsR35_zombieJoe"/>
DEBUG:Adding: <entity name="DoughsR51_zombieDarleneFeral" prob="0.7"/>
DEBUG:Adding: <entity name="DoughsR53_zombieJanitorFeral" prob="0.7"/>
DEBUG:Adding: <entity name="DoughsR56_zombieUtilityWorker"/>
DEBUG:Adding: <entity name="DoughsR58_zombieJanitorRadiated" prob="0.66"/>
DEBUG:Adding: <entity name="DoughsR65_zombieJanitor"/>
DEBUG:Adding: <entity name="DoughsR74_zombieMoeFeral" prob="0.7"/>
DEBUG:Adding: <entity name="DoughsR78_zombieSteveFeral" prob="0.7"/>
DEBUG:Adding: <entity name="DoughsR81_zombieSteveRadiated" prob="0.66"/>
DEBUG:Adding: <entity name="DoughsR8_zombieArleneRadiated" prob="0.66"/>
DEBUG:Adding: <entity name="DoughsR90_animalZombieVultureRadiated" prob="0.3"/>
DEBUG:ModletGen_AddZedsToEntityGroupsFile ENTITY GROUP: feralHordeStageGS3672
DEBUG:Adding: <entity name="DoughsR11_zombieBoeFeral" prob="0.7"/>
DEBUG:Adding: <entity name="DoughsR21_zombieSpiderRadiated" prob="0.6"/>
DEBUG:Adding: <entity name="DoughsR24_zombieNurse"/>
DEBUG:Adding: <entity name="DoughsR28_zombieMarlene"/>
DEBUG:Adding: <entity name="DoughsR2_zombieBusinessManFeral" prob="0.7"/>
DEBUG:Adding: <entity name="DoughsR44_zombieBusinessMan"/>
DEBUG:Adding: <entity name="DoughsR50_zombieBoeRadiated" prob="0.66"/>
DEBUG:Adding: <entity name="DoughsR51_zombieDarleneFeral" prob="0.7"/>
DEBUG:Adding: <entity name="DoughsR52_zombieUtilityWorkerFeral" prob="0.7"/>
DEBUG:Adding: <entity name="DoughsR57_zombieSpiderFeral" prob="0.5"/>
DEBUG:Adding: <entity name="DoughsR66_zombieDarleneRadiated" prob="0.66"/>
DEBUG:Adding: <entity name="DoughsR79_zombieYoFeral" prob="0.7"/>
DEBUG:Adding: <entity name="DoughsR7_zombieWightFeral" prob="0.6"/>
DEBUG:Adding: <entity name="DoughsR8_zombieArleneRadiated" prob="0.66"/>
DEBUG:Adding: <entity name="DoughsR90_animalZombieVultureRadiated" prob="0.3"/>
DEBUG:ModletGen_AddZedsToEntityGroupsFile ENTITY GROUP: feralHordeStageGS3690
DEBUG:Adding: <entity name="DoughsR10_zombieFemaleFatFeral" prob="0.6"/>
DEBUG:Adding: <entity name="DoughsR12_zombieJoeFeral" prob="0.7"/>
DEBUG:Adding: <entity name="DoughsR16_zombieFemaleFat" prob="1"/>
DEBUG:Adding: <entity name="DoughsR21_zombieSpiderRadiated" prob="0.6"/>
DEBUG:Adding: <entity name="DoughsR29_zombieBoe"/>
DEBUG:Adding: <entity name="DoughsR32_zombieMoeRadiated" prob="0.66"/>
DEBUG:Adding: <entity name="DoughsR37_zombieMarleneFeral" prob="0.7"/>
DEBUG:Adding: <entity name="DoughsR48_zombieCheerleaderRadiated" prob="0.66"/>
DEBUG:Adding: <entity name="DoughsR49_zombieMoe"/>
DEBUG:Adding: <entity name="DoughsR58_zombieJanitorRadiated" prob="0.66"/>
DEBUG:Adding: <entity name="DoughsR59_zombieArleneFeral" prob="0.7"/>
DEBUG:Adding: <entity name="DoughsR69_zombieOldTimerRadiated" prob="0.66"/>
DEBUG:Adding: <entity name="DoughsR76_zombieDemolition" prob="0.4"/>
DEBUG:Adding: <entity name="DoughsR79_zombieYoFeral" prob="0.7"/>
DEBUG:Adding: <entity name="DoughsR86_zombieBikerRadiated" prob="0.6"/>
DEBUG:ModletGen_AddZedsToEntityGroupsFile ENTITY GROUP: feralHordeStageGS3707
DEBUG:Adding: <entity name="DoughsR10_zombieFemaleFatFeral" prob="0.6"/>
DEBUG:Adding: <entity name="DoughsR13_zombieSteve"/>
DEBUG:Adding: <entity name="DoughsR31_zombieArlene"/>
DEBUG:Adding: <entity name="DoughsR36_zombieYoRadiated" prob="0.66"/>
DEBUG:Adding: <entity name="DoughsR48_zombieCheerleaderRadiated" prob="0.66"/>
DEBUG:Adding: <entity name="DoughsR52_zombieUtilityWorkerFeral" prob="0.7"/>
DEBUG:Adding: <entity name="DoughsR53_zombieJanitorFeral" prob="0.7"/>
DEBUG:Adding: <entity name="DoughsR62_zombieDarlene"/>
DEBUG:Adding: <entity name="DoughsR65_zombieJanitor"/>
DEBUG:Adding: <entity name="DoughsR69_zombieOldTimerRadiated" prob="0.66"/>
DEBUG:Adding: <entity name="DoughsR71_zombieNurseFeral" prob="0.7"/>
DEBUG:Adding: <entity name="DoughsR78_zombieSteveFeral" prob="0.7"/>
DEBUG:Adding: <entity name="DoughsR79_zombieYoFeral" prob="0.7"/>
DEBUG:Adding: <entity name="DoughsR7_zombieWightFeral" prob="0.6"/>
DEBUG:Adding: <entity name="DoughsR81_zombieSteveRadiated" prob="0.66"/>
DEBUG:ModletGen_AddZedsToEntityGroupsFile ENTITY GROUP: feralHordeStageGS372
DEBUG:Adding: <entity name="DoughsR24_zombieNurse"/>
DEBUG:Adding: <entity name="DoughsR28_zombieMarlene"/>
DEBUG:Adding: <entity name="DoughsR32_zombieMoeRadiated" prob="0.66"/>
DEBUG:Adding: <entity name="DoughsR34_zombieMarleneRadiated" prob="0.66"/>
DEBUG:Adding: <entity name="DoughsR44_zombieBusinessMan"/>
DEBUG:Adding: <entity name="DoughsR45_zombieSpider" prob="0.7"/>
DEBUG:Adding: <entity name="DoughsR50_zombieBoeRadiated" prob="0.66"/>
DEBUG:Adding: <entity name="DoughsR57_zombieSpiderFeral" prob="0.5"/>
DEBUG:Adding: <entity name="DoughsR58_zombieJanitorRadiated" prob="0.66"/>
DEBUG:Adding: <entity name="DoughsR61_zombieSkateboarder"/>
DEBUG:Adding: <entity name="DoughsR65_zombieJanitor"/>
DEBUG:Adding: <entity name="DoughsR69_zombieOldTimerRadiated" prob="0.66"/>
DEBUG:Adding: <entity name="DoughsR71_zombieNurseFeral" prob="0.7"/>
DEBUG:Adding: <entity name="DoughsR81_zombieSteveRadiated" prob="0.66"/>
DEBUG:ModletGen_AddZedsToEntityGroupsFile ENTITY GROUP: feralHordeStageGS3725
DEBUG:Adding: <entity name="DoughsR10_zombieFemaleFatFeral" prob="0.6"/>
DEBUG:Adding: <entity name="DoughsR14_zombieSoldier" prob="1"/>
DEBUG:Adding: <entity name="DoughsR20_zombieSoldierRadiated" prob="0.5"/>
DEBUG:Adding: <entity name="DoughsR28_zombieMarlene"/>
DEBUG:Adding: <entity name="DoughsR31_zombieArlene"/>
DEBUG:Adding: <entity name="DoughsR32_zombieMoeRadiated" prob="0.66"/>
DEBUG:Adding: <entity name="DoughsR44_zombieBusinessMan"/>
DEBUG:Adding: <entity name="DoughsR45_zombieSpider" prob="0.7"/>
DEBUG:Adding: <entity name="DoughsR49_zombieMoe"/>
DEBUG:Adding: <entity name="DoughsR54_zombieFemaleFatRadiated" prob="0.6"/>
DEBUG:Adding: <entity name="DoughsR56_zombieUtilityWorker"/>
DEBUG:Adding: <entity name="DoughsR59_zombieArleneFeral" prob="0.7"/>
DEBUG:Adding: <entity name="DoughsR62_zombieDarlene"/>
DEBUG:Adding: <entity name="DoughsR63_zombieFatCopFeral" prob="0.6"/>
DEBUG:Adding: <entity name="DoughsR69_zombieOldTimerRadiated" prob="0.66"/>
DEBUG:ModletGen_AddZedsToEntityGroupsFile ENTITY GROUP: feralHordeStageGS3743
DEBUG:Adding: <entity name="DoughsR27_zombieFatCop" prob="0.7"/>
DEBUG:Adding: <entity name="DoughsR2_zombieBusinessManFeral" prob="0.7"/>
DEBUG:Adding: <entity name="DoughsR32_zombieMoeRadiated" prob="0.66"/>
DEBUG:Adding: <entity name="DoughsR3_zombieFatCopRadiated" prob="0.5"/>
DEBUG:Adding: <entity name="DoughsR54_zombieFemaleFatRadiated" prob="0.6"/>
DEBUG:Adding: <entity name="DoughsR62_zombieDarlene"/>
DEBUG:Adding: <entity name="DoughsR65_zombieJanitor"/>
DEBUG:Adding: <entity name="DoughsR66_zombieDarleneRadiated" prob="0.66"/>
DEBUG:Adding: <entity name="DoughsR69_zombieOldTimerRadiated" prob="0.66"/>
DEBUG:Adding: <entity name="DoughsR71_zombieNurseFeral" prob="0.7"/>
DEBUG:Adding: <entity name="DoughsR75_zombieSkateboarderRadiated" prob="0.66"/>
DEBUG:Adding: <entity name="DoughsR76_zombieDemolition" prob="0.4"/>
DEBUG:Adding: <entity name="DoughsR7_zombieWightFeral" prob="0.6"/>
DEBUG:Adding: <entity name="DoughsR88_animalZombieVulture" prob="0.3"/>
DEBUG:Adding: <entity name="DoughsR90_animalZombieVultureRadiated" prob="0.3"/>
DEBUG:ModletGen_AddZedsToEntityGroupsFile ENTITY GROUP: feralHordeStageGS3761
DEBUG:Adding: <entity name="DoughsR11_zombieBoeFeral" prob="0.7"/>
DEBUG:Adding: <entity name="DoughsR13_zombieSteve"/>
DEBUG:Adding: <entity name="DoughsR22_zombieWightRadiated" prob="0.5"/>
DEBUG:Adding: <entity name="DoughsR39_zombieSkateboarderFeral" prob="0.7"/>
DEBUG:Adding: <entity name="DoughsR3_zombieFatCopRadiated" prob="0.5"/>
DEBUG:Adding: <entity name="DoughsR45_zombieSpider" prob="0.7"/>
DEBUG:Adding: <entity name="DoughsR48_zombieCheerleaderRadiated" prob="0.66"/>
DEBUG:Adding: <entity name="DoughsR56_zombieUtilityWorker"/>
DEBUG:Adding: <entity name="DoughsR57_zombieSpiderFeral" prob="0.5"/>
DEBUG:Adding: <entity name="DoughsR61_zombieSkateboarder"/>
DEBUG:Adding: <entity name="DoughsR66_zombieDarleneRadiated" prob="0.66"/>
DEBUG:Adding: <entity name="DoughsR74_zombieMoeFeral" prob="0.7"/>
DEBUG:Adding: <entity name="DoughsR81_zombieSteveRadiated" prob="0.66"/>
DEBUG:Adding: <entity name="DoughsR8_zombieArleneRadiated" prob="0.66"/>
DEBUG:Adding: <entity name="DoughsR90_animalZombieVultureRadiated" prob="0.3"/>
DEBUG:ModletGen_AddZedsToEntityGroupsFile ENTITY GROUP: feralHordeStageGS3779
DEBUG:Adding: <entity name="DoughsR24_zombieNurse"/>
DEBUG:Adding: <entity name="DoughsR28_zombieMarlene"/>
DEBUG:Adding: <entity name="DoughsR36_zombieYoRadiated" prob="0.66"/>
DEBUG:Adding: <entity name="DoughsR39_zombieSkateboarderFeral" prob="0.7"/>
DEBUG:Adding: <entity name="DoughsR3_zombieFatCopRadiated" prob="0.5"/>
DEBUG:Adding: <entity name="DoughsR45_zombieSpider" prob="0.7"/>
DEBUG:Adding: <entity name="DoughsR48_zombieCheerleaderRadiated" prob="0.66"/>
DEBUG:Adding: <entity name="DoughsR50_zombieBoeRadiated" prob="0.66"/>
DEBUG:Adding: <entity name="DoughsR52_zombieUtilityWorkerFeral" prob="0.7"/>
DEBUG:Adding: <entity name="DoughsR53_zombieJanitorFeral" prob="0.7"/>
DEBUG:Adding: <entity name="DoughsR54_zombieFemaleFatRadiated" prob="0.6"/>
DEBUG:Adding: <entity name="DoughsR65_zombieJanitor"/>
DEBUG:Adding: <entity name="DoughsR66_zombieDarleneRadiated" prob="0.66"/>
DEBUG:Adding: <entity name="DoughsR76_zombieDemolition" prob="0.4"/>
DEBUG:Adding: <entity name="DoughsR76_zombieDemolition" prob="0.4"/>
DEBUG:ModletGen_AddZedsToEntityGroupsFile ENTITY GROUP: feralHordeStageGS3796
DEBUG:Adding: <entity name="DoughsR14_zombieSoldier" prob="1"/>
DEBUG:Adding: <entity name="DoughsR21_zombieSpiderRadiated" prob="0.6"/>
DEBUG:Adding: <entity name="DoughsR29_zombieBoe"/>
DEBUG:Adding: <entity name="DoughsR31_zombieArlene"/>
DEBUG:Adding: <entity name="DoughsR34_zombieMarleneRadiated" prob="0.66"/>
DEBUG:Adding: <entity name="DoughsR35_zombieJoe"/>
DEBUG:Adding: <entity name="DoughsR39_zombieSkateboarderFeral" prob="0.7"/>
DEBUG:Adding: <entity name="DoughsR3_zombieFatCopRadiated" prob="0.5"/>
DEBUG:Adding: <entity name="DoughsR44_zombieBusinessMan"/>
DEBUG:Adding: <entity name="DoughsR49_zombieMoe"/>
DEBUG:Adding: <entity name="DoughsR57_zombieSpiderFeral" prob="0.5"/>
DEBUG:Adding: <entity name="DoughsR59_zombieArleneFeral" prob="0.7"/>
DEBUG:Adding: <entity name="DoughsR74_zombieMoeFeral" prob="0.7"/>
DEBUG:Adding: <entity name="DoughsR79_zombieYoFeral" prob="0.7"/>
DEBUG:Adding: <entity name="DoughsR81_zombieSteveRadiated" prob="0.66"/>
DEBUG:ModletGen_AddZedsToEntityGroupsFile ENTITY GROUP: feralHordeStageGS381
DEBUG:Adding: <entity name="DoughsR12_zombieJoeFeral" prob="0.7"/>
DEBUG:Adding: <entity name="DoughsR16_zombieFemaleFat" prob="1"/>
DEBUG:Adding: <entity name="DoughsR28_zombieMarlene"/>
DEBUG:Adding: <entity name="DoughsR31_zombieArlene"/>
DEBUG:Adding: <entity name="DoughsR32_zombieMoeRadiated" prob="0.66"/>
DEBUG:Adding: <entity name="DoughsR34_zombieMarleneRadiated" prob="0.66"/>
DEBUG:Adding: <entity name="DoughsR3_zombieFatCopRadiated" prob="0.5"/>
DEBUG:Adding: <entity name="DoughsR3_zombieFatCopRadiated" prob="0.5"/>
DEBUG:Adding: <entity name="DoughsR56_zombieUtilityWorker"/>
DEBUG:Adding: <entity name="DoughsR62_zombieDarlene"/>
DEBUG:Adding: <entity name="DoughsR74_zombieMoeFeral" prob="0.7"/>
DEBUG:Adding: <entity name="DoughsR75_zombieSkateboarderRadiated" prob="0.66"/>
DEBUG:Adding: <entity name="DoughsR76_zombieDemolition" prob="0.4"/>
DEBUG:Adding: <entity name="DoughsR98_animalZombieDog"/>
DEBUG:ModletGen_AddZedsToEntityGroupsFile ENTITY GROUP: feralHordeStageGS3814
DEBUG:Adding: <entity name="DoughsR14_zombieSoldier" prob="1"/>
DEBUG:Adding: <entity name="DoughsR21_zombieSpiderRadiated" prob="0.6"/>
DEBUG:Adding: <entity name="DoughsR22_zombieWightRadiated" prob="0.5"/>
DEBUG:Adding: <entity name="DoughsR24_zombieNurse"/>
DEBUG:Adding: <entity name="DoughsR32_zombieMoeRadiated" prob="0.66"/>
DEBUG:Adding: <entity name="DoughsR49_zombieMoe"/>
DEBUG:Adding: <entity name="DoughsR50_zombieBoeRadiated" prob="0.66"/>
DEBUG:Adding: <entity name="DoughsR52_zombieUtilityWorkerFeral" prob="0.7"/>
DEBUG:Adding: <entity name="DoughsR54_zombieFemaleFatRadiated" prob="0.6"/>
DEBUG:Adding: <entity name="DoughsR76_zombieDemolition" prob="0.4"/>
DEBUG:Adding: <entity name="DoughsR78_zombieSteveFeral" prob="0.7"/>
DEBUG:Adding: <entity name="DoughsR79_zombieYoFeral" prob="0.7"/>
DEBUG:Adding: <entity name="DoughsR7_zombieWightFeral" prob="0.6"/>
DEBUG:Adding: <entity name="DoughsR81_zombieSteveRadiated" prob="0.66"/>
DEBUG:Adding: <entity name="DoughsR98_animalZombieDog"/>
DEBUG:ModletGen_AddZedsToEntityGroupsFile ENTITY GROUP: feralHordeStageGS3832
DEBUG:Adding: <entity name="DoughsR16_zombieFemaleFat" prob="1"/>
DEBUG:Adding: <entity name="DoughsR20_zombieSoldierRadiated" prob="0.5"/>
DEBUG:Adding: <entity name="DoughsR27_zombieFatCop" prob="0.7"/>
DEBUG:Adding: <entity name="DoughsR28_zombieMarlene"/>
DEBUG:Adding: <entity name="DoughsR2_zombieBusinessManFeral" prob="0.7"/>
DEBUG:Adding: <entity name="DoughsR37_zombieMarleneFeral" prob="0.7"/>
DEBUG:Adding: <entity name="DoughsR45_zombieSpider" prob="0.7"/>
DEBUG:Adding: <entity name="DoughsR49_zombieMoe"/>
DEBUG:Adding: <entity name="DoughsR54_zombieFemaleFatRadiated" prob="0.6"/>
DEBUG:Adding: <entity name="DoughsR56_zombieUtilityWorker"/>
DEBUG:Adding: <entity name="DoughsR59_zombieArleneFeral" prob="0.7"/>
DEBUG:Adding: <entity name="DoughsR74_zombieMoeFeral" prob="0.7"/>
DEBUG:Adding: <entity name="DoughsR76_zombieDemolition" prob="0.4"/>
DEBUG:Adding: <entity name="DoughsR79_zombieYoFeral" prob="0.7"/>
DEBUG:Adding: <entity name="DoughsR88_animalZombieVulture" prob="0.3"/>
DEBUG:ModletGen_AddZedsToEntityGroupsFile ENTITY GROUP: feralHordeStageGS3850
DEBUG:Adding: <entity name="DoughsR14_zombieSoldier" prob="1"/>
DEBUG:Adding: <entity name="DoughsR21_zombieSpiderRadiated" prob="0.6"/>
DEBUG:Adding: <entity name="DoughsR22_zombieWightRadiated" prob="0.6"/>
DEBUG:Adding: <entity name="DoughsR27_zombieFatCop" prob="0.7"/>
DEBUG:Adding: <entity name="DoughsR2_zombieBusinessManFeral" prob="0.7"/>
DEBUG:Adding: <entity name="DoughsR50_zombieBoeRadiated" prob="0.66"/>
DEBUG:Adding: <entity name="DoughsR55_zombieJoeRadiated" prob="0.66"/>
DEBUG:Adding: <entity name="DoughsR56_zombieUtilityWorker"/>
DEBUG:Adding: <entity name="DoughsR57_zombieSpiderFeral" prob="0.5"/>
DEBUG:Adding: <entity name="DoughsR61_zombieSkateboarder"/>
DEBUG:Adding: <entity name="DoughsR75_zombieSkateboarderRadiated" prob="0.66"/>
DEBUG:Adding: <entity name="DoughsR78_zombieSteveFeral" prob="0.7"/>
DEBUG:Adding: <entity name="DoughsR7_zombieWightFeral" prob="0.6"/>
DEBUG:Adding: <entity name="DoughsR8_zombieArleneRadiated" prob="0.66"/>
DEBUG:Adding: <entity name="DoughsR90_animalZombieVultureRadiated" prob="0.3"/>
DEBUG:ModletGen_AddZedsToEntityGroupsFile ENTITY GROUP: feralHordeStageGS3868
DEBUG:Adding: <entity name="DoughsR20_zombieSoldierRadiated" prob="0.5"/>
DEBUG:Adding: <entity name="DoughsR22_zombieWightRadiated" prob="0.6"/>
DEBUG:Adding: <entity name="DoughsR28_zombieMarlene"/>
DEBUG:Adding: <entity name="DoughsR31_zombieArlene"/>
DEBUG:Adding: <entity name="DoughsR32_zombieMoeRadiated" prob="0.66"/>
DEBUG:Adding: <entity name="DoughsR34_zombieMarleneRadiated" prob="0.66"/>
DEBUG:Adding: <entity name="DoughsR3_zombieFatCopRadiated" prob="0.5"/>
DEBUG:Adding: <entity name="DoughsR41_zombieYo"/>
DEBUG:Adding: <entity name="DoughsR53_zombieJanitorFeral" prob="0.7"/>
DEBUG:Adding: <entity name="DoughsR56_zombieUtilityWorker"/>
DEBUG:Adding: <entity name="DoughsR58_zombieJanitorRadiated" prob="0.66"/>
DEBUG:Adding: <entity name="DoughsR61_zombieSkateboarder"/>
DEBUG:Adding: <entity name="DoughsR7_zombieWightFeral" prob="0.6"/>
DEBUG:Adding: <entity name="DoughsR8_zombieArleneRadiated" prob="0.66"/>
DEBUG:Adding: <entity name="DoughsR98_animalZombieDog"/>
DEBUG:ModletGen_AddZedsToEntityGroupsFile ENTITY GROUP: feralHordeStageGS3886
DEBUG:Adding: <entity name="DoughsR12_zombieJoeFeral" prob="0.7"/>
DEBUG:Adding: <entity name="DoughsR21_zombieSpiderRadiated" prob="0.6"/>
DEBUG:Adding: <entity name="DoughsR22_zombieWightRadiated" prob="0.5"/>
DEBUG:Adding: <entity name="DoughsR22_zombieWightRadiated" prob="0.6"/>
DEBUG:Adding: <entity name="DoughsR27_zombieFatCop" prob="0.7"/>
DEBUG:Adding: <entity name="DoughsR39_zombieSkateboarderFeral" prob="0.7"/>
DEBUG:Adding: <entity name="DoughsR50_zombieBoeRadiated" prob="0.66"/>
DEBUG:Adding: <entity name="DoughsR54_zombieFemaleFatRadiated" prob="0.6"/>
DEBUG:Adding: <entity name="DoughsR58_zombieJanitorRadiated" prob="0.66"/>
DEBUG:Adding: <entity name="DoughsR62_zombieDarlene"/>
DEBUG:Adding: <entity name="DoughsR66_zombieDarleneRadiated" prob="0.66"/>
DEBUG:Adding: <entity name="DoughsR69_zombieOldTimerRadiated" prob="0.66"/>
DEBUG:Adding: <entity name="DoughsR76_zombieDemolition" prob="0.4"/>
DEBUG:Adding: <entity name="DoughsR88_animalZombieVulture" prob="0.3"/>
DEBUG:Adding: <entity name="DoughsR8_zombieArleneRadiated" prob="0.66"/>
DEBUG:ModletGen_AddZedsToEntityGroupsFile ENTITY GROUP: feralHordeStageGS389
DEBUG:Adding: <entity name="DoughsR16_zombieFemaleFat" prob="1"/>
DEBUG:Adding: <entity name="DoughsR21_zombieSpiderRadiated" prob="0.6"/>
DEBUG:Adding: <entity name="DoughsR22_zombieWightRadiated" prob="0.5"/>
DEBUG:Adding: <entity name="DoughsR31_zombieArlene"/>
DEBUG:Adding: <entity name="DoughsR32_zombieMoeRadiated" prob="0.66"/>
DEBUG:Adding: <entity name="DoughsR53_zombieJanitorFeral" prob="0.7"/>
DEBUG:Adding: <entity name="DoughsR57_zombieSpiderFeral" prob="0.5"/>
DEBUG:Adding: <entity name="DoughsR59_zombieArleneFeral" prob="0.7"/>
DEBUG:Adding: <entity name="DoughsR63_zombieFatCopFeral" prob="0.6"/>
DEBUG:Adding: <entity name="DoughsR69_zombieOldTimerRadiated" prob="0.66"/>
DEBUG:Adding: <entity name="DoughsR71_zombieNurseFeral" prob="0.7"/>
DEBUG:Adding: <entity name="DoughsR75_zombieSkateboarderRadiated" prob="0.66"/>
DEBUG:Adding: <entity name="DoughsR76_zombieDemolition" prob="0.4"/>
DEBUG:Adding: <entity name="DoughsR79_zombieYoFeral" prob="0.7"/>
DEBUG:ModletGen_AddZedsToEntityGroupsFile ENTITY GROUP: feralHordeStageGS3904
DEBUG:Adding: <entity name="DoughsR11_zombieBoeFeral" prob="0.7"/>
DEBUG:Adding: <entity name="DoughsR24_zombieNurse"/>
DEBUG:Adding: <entity name="DoughsR27_zombieFatCop" prob="0.7"/>
DEBUG:Adding: <entity name="DoughsR28_zombieMarlene"/>
DEBUG:Adding: <entity name="DoughsR32_zombieMoeRadiated" prob="0.66"/>
DEBUG:Adding: <entity name="DoughsR35_zombieJoe"/>
DEBUG:Adding: <entity name="DoughsR44_zombieBusinessMan"/>
DEBUG:Adding: <entity name="DoughsR52_zombieUtilityWorkerFeral" prob="0.7"/>
DEBUG:Adding: <entity name="DoughsR56_zombieUtilityWorker"/>
DEBUG:Adding: <entity name="DoughsR62_zombieDarlene"/>
DEBUG:Adding: <entity name="DoughsR69_zombieOldTimerRadiated" prob="0.66"/>
DEBUG:Adding: <entity name="DoughsR75_zombieSkateboarderRadiated" prob="0.66"/>
DEBUG:Adding: <entity name="DoughsR81_zombieSteveRadiated" prob="0.66"/>
DEBUG:Adding: <entity name="DoughsR8_zombieArleneRadiated" prob="0.66"/>
DEBUG:Adding: <entity name="DoughsR90_animalZombieVultureRadiated" prob="0.3"/>
DEBUG:ModletGen_AddZedsToEntityGroupsFile ENTITY GROUP: feralHordeStageGS3922
DEBUG:Adding: <entity name="DoughsR10_zombieFemaleFatFeral" prob="0.6"/>
DEBUG:Adding: <entity name="DoughsR11_zombieBoeFeral" prob="0.7"/>
DEBUG:Adding: <entity name="DoughsR22_zombieWightRadiated" prob="0.6"/>
DEBUG:Adding: <entity name="DoughsR22_zombieWightRadiated" prob="0.5"/>
DEBUG:Adding: <entity name="DoughsR27_zombieFatCop" prob="0.7"/>
DEBUG:Adding: <entity name="DoughsR29_zombieBoe"/>
DEBUG:Adding: <entity name="DoughsR34_zombieMarleneRadiated" prob="0.66"/>
DEBUG:Adding: <entity name="DoughsR36_zombieYoRadiated" prob="0.66"/>
DEBUG:Adding: <entity name="DoughsR3_zombieFatCopRadiated" prob="0.5"/>
DEBUG:Adding: <entity name="DoughsR52_zombieUtilityWorkerFeral" prob="0.7"/>
DEBUG:Adding: <entity name="DoughsR56_zombieUtilityWorker"/>
DEBUG:Adding: <entity name="DoughsR65_zombieJanitor"/>
DEBUG:Adding: <entity name="DoughsR74_zombieMoeFeral" prob="0.7"/>
DEBUG:Adding: <entity name="DoughsR76_zombieDemolition" prob="0.4"/>
DEBUG:Adding: <entity name="DoughsR78_zombieSteveFeral" prob="0.7"/>
DEBUG:ModletGen_AddZedsToEntityGroupsFile ENTITY GROUP: feralHordeStageGS3940
DEBUG:Adding: <entity name="DoughsR11_zombieBoeFeral" prob="0.7"/>
DEBUG:Adding: <entity name="DoughsR13_zombieSteve"/>
DEBUG:Adding: <entity name="DoughsR20_zombieSoldierRadiated" prob="0.5"/>
DEBUG:Adding: <entity name="DoughsR29_zombieBoe"/>
DEBUG:Adding: <entity name="DoughsR3_zombieFatCopRadiated" prob="0.5"/>
DEBUG:Adding: <entity name="DoughsR48_zombieCheerleaderRadiated" prob="0.66"/>
DEBUG:Adding: <entity name="DoughsR50_zombieBoeRadiated" prob="0.66"/>
DEBUG:Adding: <entity name="DoughsR57_zombieSpiderFeral" prob="0.5"/>
DEBUG:Adding: <entity name="DoughsR58_zombieJanitorRadiated" prob="0.66"/>
DEBUG:Adding: <entity name="DoughsR61_zombieSkateboarder"/>
DEBUG:Adding: <entity name="DoughsR69_zombieOldTimerRadiated" prob="0.66"/>
DEBUG:Adding: <entity name="DoughsR76_zombieDemolition" prob="0.4"/>
DEBUG:Adding: <entity name="DoughsR7_zombieWightFeral" prob="0.6"/>
DEBUG:Adding: <entity name="DoughsR8_zombieArleneRadiated" prob="0.66"/>
DEBUG:Adding: <entity name="DoughsR98_animalZombieDog"/>
DEBUG:ModletGen_AddZedsToEntityGroupsFile ENTITY GROUP: feralHordeStageGS3958
DEBUG:Adding: <entity name="DoughsR10_zombieFemaleFatFeral" prob="0.6"/>
DEBUG:Adding: <entity name="DoughsR13_zombieSteve"/>
DEBUG:Adding: <entity name="DoughsR16_zombieFemaleFat" prob="1"/>
DEBUG:Adding: <entity name="DoughsR24_zombieNurse"/>
DEBUG:Adding: <entity name="DoughsR29_zombieBoe"/>
DEBUG:Adding: <entity name="DoughsR35_zombieJoe"/>
DEBUG:Adding: <entity name="DoughsR36_zombieYoRadiated" prob="0.66"/>
DEBUG:Adding: <entity name="DoughsR48_zombieCheerleaderRadiated" prob="0.66"/>
DEBUG:Adding: <entity name="DoughsR52_zombieUtilityWorkerFeral" prob="0.7"/>
DEBUG:Adding: <entity name="DoughsR57_zombieSpiderFeral" prob="0.5"/>
DEBUG:Adding: <entity name="DoughsR61_zombieSkateboarder"/>
DEBUG:Adding: <entity name="DoughsR69_zombieOldTimerRadiated" prob="0.66"/>
DEBUG:Adding: <entity name="DoughsR75_zombieSkateboarderRadiated" prob="0.66"/>
DEBUG:Adding: <entity name="DoughsR78_zombieSteveFeral" prob="0.7"/>
DEBUG:ModletGen_AddZedsToEntityGroupsFile ENTITY GROUP: feralHordeStageGS3976
DEBUG:Adding: <entity name="DoughsR11_zombieBoeFeral" prob="0.7"/>
DEBUG:Adding: <entity name="DoughsR14_zombieSoldier" prob="1"/>
DEBUG:Adding: <entity name="DoughsR21_zombieSpiderRadiated" prob="0.6"/>
DEBUG:Adding: <entity name="DoughsR22_zombieWightRadiated" prob="0.6"/>
DEBUG:Adding: <entity name="DoughsR29_zombieBoe"/>
DEBUG:Adding: <entity name="DoughsR3_zombieFatCopRadiated" prob="0.5"/>
DEBUG:Adding: <entity name="DoughsR45_zombieSpider" prob="0.7"/>
DEBUG:Adding: <entity name="DoughsR49_zombieMoe"/>
DEBUG:Adding: <entity name="DoughsR51_zombieDarleneFeral" prob="0.7"/>
DEBUG:Adding: <entity name="DoughsR53_zombieJanitorFeral" prob="0.7"/>
DEBUG:Adding: <entity name="DoughsR55_zombieJoeRadiated" prob="0.66"/>
DEBUG:Adding: <entity name="DoughsR59_zombieArleneFeral" prob="0.7"/>
DEBUG:Adding: <entity name="DoughsR76_zombieDemolition" prob="0.4"/>
DEBUG:Adding: <entity name="DoughsR81_zombieSteveRadiated" prob="0.66"/>
DEBUG:Adding: <entity name="DoughsR98_animalZombieDog"/>
DEBUG:ModletGen_AddZedsToEntityGroupsFile ENTITY GROUP: feralHordeStageGS398
DEBUG:Adding: <entity name="DoughsR10_zombieFemaleFatFeral" prob="0.6"/>
DEBUG:Adding: <entity name="DoughsR11_zombieBoeFeral" prob="0.7"/>
DEBUG:Adding: <entity name="DoughsR12_zombieJoeFeral" prob="0.7"/>
DEBUG:Adding: <entity name="DoughsR13_zombieSteve"/>
DEBUG:Adding: <entity name="DoughsR22_zombieWightRadiated" prob="0.5"/>
DEBUG:Adding: <entity name="DoughsR28_zombieMarlene"/>
DEBUG:Adding: <entity name="DoughsR32_zombieMoeRadiated" prob="0.66"/>
DEBUG:Adding: <entity name="DoughsR34_zombieMarleneRadiated" prob="0.66"/>
DEBUG:Adding: <entity name="DoughsR41_zombieYo"/>
DEBUG:Adding: <entity name="DoughsR65_zombieJanitor"/>
DEBUG:Adding: <entity name="DoughsR66_zombieDarleneRadiated" prob="0.66"/>
DEBUG:Adding: <entity name="DoughsR71_zombieNurseFeral" prob="0.7"/>
DEBUG:Adding: <entity name="DoughsR79_zombieYoFeral" prob="0.7"/>
DEBUG:Adding: <entity name="DoughsR90_animalZombieVultureRadiated" prob="0.3"/>
DEBUG:ModletGen_AddZedsToEntityGroupsFile ENTITY GROUP: feralHordeStageGS3995
DEBUG:Adding: <entity name="DoughsR14_zombieSoldier" prob="1"/>
DEBUG:Adding: <entity name="DoughsR16_zombieFemaleFat" prob="1"/>
DEBUG:Adding: <entity name="DoughsR22_zombieWightRadiated" prob="0.5"/>
DEBUG:Adding: <entity name="DoughsR28_zombieMarlene"/>
DEBUG:Adding: <entity name="DoughsR31_zombieArlene"/>
DEBUG:Adding: <entity name="DoughsR3_zombieFatCopRadiated" prob="0.5"/>
DEBUG:Adding: <entity name="DoughsR50_zombieBoeRadiated" prob="0.66"/>
DEBUG:Adding: <entity name="DoughsR51_zombieDarleneFeral" prob="0.7"/>
DEBUG:Adding: <entity name="DoughsR52_zombieUtilityWorkerFeral" prob="0.7"/>
DEBUG:Adding: <entity name="DoughsR53_zombieJanitorFeral" prob="0.7"/>
DEBUG:Adding: <entity name="DoughsR57_zombieSpiderFeral" prob="0.5"/>
DEBUG:Adding: <entity name="DoughsR76_zombieDemolition" prob="0.5"/>
DEBUG:Adding: <entity name="DoughsR78_zombieSteveFeral" prob="0.7"/>
DEBUG:Adding: <entity name="DoughsR81_zombieSteveRadiated" prob="0.66"/>
DEBUG:Adding: <entity name="DoughsR86_zombieBikerRadiated" prob="0.6"/>
DEBUG:ModletGen_AddZedsToEntityGroupsFile ENTITY GROUP: feralHordeStageGS4
DEBUG:Adding: <entity name="DoughsR13_zombieSteve"/>
DEBUG:Adding: <entity name="DoughsR16_zombieFemaleFat" prob="0.71"/>
DEBUG:Adding: <entity name="DoughsR24_zombieNurse"/>
DEBUG:Adding: <entity name="DoughsR28_zombieMarlene"/>
DEBUG:Adding: <entity name="DoughsR29_zombieBoe"/>
DEBUG:Adding: <entity name="DoughsR31_zombieArlene"/>
DEBUG:Adding: <entity name="DoughsR35_zombieJoe"/>
DEBUG:Adding: <entity name="DoughsR44_zombieBusinessMan"/>
DEBUG:Adding: <entity name="DoughsR49_zombieMoe"/>
DEBUG:Adding: <entity name="DoughsR61_zombieSkateboarder"/>
DEBUG:Adding: <entity name="DoughsR62_zombieDarlene"/>
DEBUG:Adding: <entity name="DoughsR65_zombieJanitor"/>
DEBUG:ModletGen_AddZedsToEntityGroupsFile ENTITY GROUP: feralHordeStageGS40
DEBUG:Adding: <entity name="DoughsR13_zombieSteve"/>
DEBUG:Adding: <entity name="DoughsR24_zombieNurse"/>
DEBUG:Adding: <entity name="DoughsR28_zombieMarlene"/>
DEBUG:Adding: <entity name="DoughsR29_zombieBoe"/>
DEBUG:Adding: <entity name="DoughsR37_zombieMarleneFeral" prob="0.2"/>
DEBUG:Adding: <entity name="DoughsR45_zombieSpider" prob="0.29"/>
DEBUG:Adding: <entity name="DoughsR49_zombieMoe"/>
DEBUG:Adding: <entity name="DoughsR51_zombieDarleneFeral" prob="0.22"/>
DEBUG:Adding: <entity name="DoughsR59_zombieArleneFeral" prob="0.24"/>
DEBUG:Adding: <entity name="DoughsR65_zombieJanitor"/>
DEBUG:Adding: <entity name="DoughsR88_animalZombieVulture" prob="0.15"/>
DEBUG:Adding: <entity name="DoughsR98_animalZombieDog"/>
DEBUG:ModletGen_AddZedsToEntityGroupsFile ENTITY GROUP: feralHordeStageGS4013
DEBUG:Adding: <entity name="DoughsR11_zombieBoeFeral" prob="0.7"/>
DEBUG:Adding: <entity name="DoughsR13_zombieSteve"/>
DEBUG:Adding: <entity name="DoughsR14_zombieSoldier" prob="1"/>
DEBUG:Adding: <entity name="DoughsR20_zombieSoldierRadiated" prob="0.5"/>
DEBUG:Adding: <entity name="DoughsR29_zombieBoe"/>
DEBUG:Adding: <entity name="DoughsR2_zombieBusinessManFeral" prob="0.7"/>
DEBUG:Adding: <entity name="DoughsR35_zombieJoe"/>
DEBUG:Adding: <entity name="DoughsR36_zombieYoRadiated" prob="0.66"/>
DEBUG:Adding: <entity name="DoughsR50_zombieBoeRadiated" prob="0.66"/>
DEBUG:Adding: <entity name="DoughsR56_zombieUtilityWorker"/>
DEBUG:Adding: <entity name="DoughsR59_zombieArleneFeral" prob="0.7"/>
DEBUG:Adding: <entity name="DoughsR74_zombieMoeFeral" prob="0.7"/>
DEBUG:Adding: <entity name="DoughsR75_zombieSkateboarderRadiated" prob="0.66"/>
DEBUG:Adding: <entity name="DoughsR76_zombieDemolition" prob="0.5"/>
DEBUG:Adding: <entity name="DoughsR78_zombieSteveFeral" prob="0.7"/>
DEBUG:ModletGen_AddZedsToEntityGroupsFile ENTITY GROUP: feralHordeStageGS4031
DEBUG:Adding: <entity name="DoughsR12_zombieJoeFeral" prob="0.7"/>
DEBUG:Adding: <entity name="DoughsR14_zombieSoldier" prob="1"/>
DEBUG:Adding: <entity name="DoughsR22_zombieWightRadiated" prob="0.5"/>
DEBUG:Adding: <entity name="DoughsR34_zombieMarleneRadiated" prob="0.66"/>
DEBUG:Adding: <entity name="DoughsR48_zombieCheerleaderRadiated" prob="0.66"/>
DEBUG:Adding: <entity name="DoughsR58_zombieJanitorRadiated" prob="0.66"/>
DEBUG:Adding: <entity name="DoughsR62_zombieDarlene"/>
DEBUG:Adding: <entity name="DoughsR65_zombieJanitor"/>
DEBUG:Adding: <entity name="DoughsR71_zombieNurseFeral" prob="0.7"/>
DEBUG:Adding: <entity name="DoughsR76_zombieDemolition" prob="0.5"/>
DEBUG:Adding: <entity name="DoughsR78_zombieSteveFeral" prob="0.7"/>
DEBUG:Adding: <entity name="DoughsR79_zombieYoFeral" prob="0.7"/>
DEBUG:Adding: <entity name="DoughsR7_zombieWightFeral" prob="0.6"/>
DEBUG:Adding: <entity name="DoughsR8_zombieArleneRadiated" prob="0.66"/>
DEBUG:Adding: <entity name="DoughsR90_animalZombieVultureRadiated" prob="0.3"/>
DEBUG:ModletGen_AddZedsToEntityGroupsFile ENTITY GROUP: feralHordeStageGS4049
DEBUG:Adding: <entity name="DoughsR12_zombieJoeFeral" prob="0.7"/>
DEBUG:Adding: <entity name="DoughsR20_zombieSoldierRadiated" prob="0.5"/>
DEBUG:Adding: <entity name="DoughsR21_zombieSpiderRadiated" prob="0.6"/>
DEBUG:Adding: <entity name="DoughsR22_zombieWightRadiated" prob="0.6"/>
DEBUG:Adding: <entity name="DoughsR28_zombieMarlene"/>
DEBUG:Adding: <entity name="DoughsR34_zombieMarleneRadiated" prob="0.66"/>
DEBUG:Adding: <entity name="DoughsR36_zombieYoRadiated" prob="0.66"/>
DEBUG:Adding: <entity name="DoughsR3_zombieFatCopRadiated" prob="0.5"/>
DEBUG:Adding: <entity name="DoughsR44_zombieBusinessMan"/>
DEBUG:Adding: <entity name="DoughsR48_zombieCheerleaderRadiated" prob="0.66"/>
DEBUG:Adding: <entity name="DoughsR56_zombieUtilityWorker"/>
DEBUG:Adding: <entity name="DoughsR59_zombieArleneFeral" prob="0.7"/>
DEBUG:Adding: <entity name="DoughsR76_zombieDemolition" prob="0.5"/>
DEBUG:Adding: <entity name="DoughsR81_zombieSteveRadiated" prob="0.66"/>
DEBUG:Adding: <entity name="DoughsR98_animalZombieDog"/>
DEBUG:ModletGen_AddZedsToEntityGroupsFile ENTITY GROUP: feralHordeStageGS4067
DEBUG:Adding: <entity name="DoughsR11_zombieBoeFeral" prob="0.7"/>
DEBUG:Adding: <entity name="DoughsR13_zombieSteve"/>
DEBUG:Adding: <entity name="DoughsR20_zombieSoldierRadiated" prob="0.5"/>
DEBUG:Adding: <entity name="DoughsR2_zombieBusinessManFeral" prob="0.7"/>
DEBUG:Adding: <entity name="DoughsR31_zombieArlene"/>
DEBUG:Adding: <entity name="DoughsR36_zombieYoRadiated" prob="0.66"/>
DEBUG:Adding: <entity name="DoughsR39_zombieSkateboarderFeral" prob="0.7"/>
DEBUG:Adding: <entity name="DoughsR48_zombieCheerleaderRadiated" prob="0.66"/>
DEBUG:Adding: <entity name="DoughsR50_zombieBoeRadiated" prob="0.66"/>
DEBUG:Adding: <entity name="DoughsR51_zombieDarleneFeral" prob="0.7"/>
DEBUG:Adding: <entity name="DoughsR54_zombieFemaleFatRadiated" prob="0.6"/>
DEBUG:Adding: <entity name="DoughsR62_zombieDarlene"/>
DEBUG:Adding: <entity name="DoughsR69_zombieOldTimerRadiated" prob="0.66"/>
DEBUG:Adding: <entity name="DoughsR76_zombieDemolition" prob="0.5"/>
DEBUG:Adding: <entity name="DoughsR90_animalZombieVultureRadiated" prob="0.3"/>
DEBUG:ModletGen_AddZedsToEntityGroupsFile ENTITY GROUP: feralHordeStageGS407
DEBUG:Adding: <entity name="DoughsR16_zombieFemaleFat" prob="1"/>
DEBUG:Adding: <entity name="DoughsR20_zombieSoldierRadiated" prob="0.5"/>
DEBUG:Adding: <entity name="DoughsR27_zombieFatCop" prob="0.7"/>
DEBUG:Adding: <entity name="DoughsR2_zombieBusinessManFeral" prob="0.7"/>
DEBUG:Adding: <entity name="DoughsR34_zombieMarleneRadiated" prob="0.66"/>
DEBUG:Adding: <entity name="DoughsR54_zombieFemaleFatRadiated" prob="0.6"/>
DEBUG:Adding: <entity name="DoughsR59_zombieArleneFeral" prob="0.7"/>
DEBUG:Adding: <entity name="DoughsR61_zombieSkateboarder"/>
DEBUG:Adding: <entity name="DoughsR76_zombieDemolition" prob="0.4"/>
DEBUG:Adding: <entity name="DoughsR78_zombieSteveFeral" prob="0.7"/>
DEBUG:Adding: <entity name="DoughsR81_zombieSteveRadiated" prob="0.66"/>
DEBUG:Adding: <entity name="DoughsR86_zombieBikerRadiated" prob="0.6"/>
DEBUG:Adding: <entity name="DoughsR8_zombieArleneRadiated" prob="0.66"/>
DEBUG:Adding: <entity name="DoughsR90_animalZombieVultureRadiated" prob="0.3"/>
DEBUG:ModletGen_AddZedsToEntityGroupsFile ENTITY GROUP: feralHordeStageGS4086
DEBUG:Adding: <entity name="DoughsR22_zombieWightRadiated" prob="0.6"/>
DEBUG:Adding: <entity name="DoughsR29_zombieBoe"/>
DEBUG:Adding: <entity name="DoughsR2_zombieBusinessManFeral" prob="0.7"/>
DEBUG:Adding: <entity name="DoughsR34_zombieMarleneRadiated" prob="0.66"/>
DEBUG:Adding: <entity name="DoughsR35_zombieJoe"/>
DEBUG:Adding: <entity name="DoughsR36_zombieYoRadiated" prob="0.66"/>
DEBUG:Adding: <entity name="DoughsR3_zombieFatCopRadiated" prob="0.5"/>
DEBUG:Adding: <entity name="DoughsR52_zombieUtilityWorkerFeral" prob="0.7"/>
DEBUG:Adding: <entity name="DoughsR54_zombieFemaleFatRadiated" prob="0.6"/>
DEBUG:Adding: <entity name="DoughsR59_zombieArleneFeral" prob="0.7"/>
DEBUG:Adding: <entity name="DoughsR65_zombieJanitor"/>
DEBUG:Adding: <entity name="DoughsR66_zombieDarleneRadiated" prob="0.66"/>
DEBUG:Adding: <entity name="DoughsR76_zombieDemolition" prob="0.5"/>
DEBUG:Adding: <entity name="DoughsR86_zombieBikerRadiated" prob="0.6"/>
DEBUG:Adding: <entity name="DoughsR88_animalZombieVulture" prob="0.3"/>
DEBUG:ModletGen_AddZedsToEntityGroupsFile ENTITY GROUP: feralHordeStageGS417
DEBUG:Adding: <entity name="DoughsR12_zombieJoeFeral" prob="0.7"/>
DEBUG:Adding: <entity name="DoughsR13_zombieSteve"/>
DEBUG:Adding: <entity name="DoughsR20_zombieSoldierRadiated" prob="0.5"/>
DEBUG:Adding: <entity name="DoughsR27_zombieFatCop" prob="0.7"/>
DEBUG:Adding: <entity name="DoughsR31_zombieArlene"/>
DEBUG:Adding: <entity name="DoughsR41_zombieYo"/>
DEBUG:Adding: <entity name="DoughsR49_zombieMoe"/>
DEBUG:Adding: <entity name="DoughsR50_zombieBoeRadiated" prob="0.66"/>
DEBUG:Adding: <entity name="DoughsR56_zombieUtilityWorker"/>
DEBUG:Adding: <entity name="DoughsR59_zombieArleneFeral" prob="0.7"/>
DEBUG:Adding: <entity name="DoughsR63_zombieFatCopFeral" prob="0.6"/>
DEBUG:Adding: <entity name="DoughsR69_zombieOldTimerRadiated" prob="0.66"/>
DEBUG:Adding: <entity name="DoughsR76_zombieDemolition" prob="0.4"/>
DEBUG:Adding: <entity name="DoughsR98_animalZombieDog"/>
DEBUG:ModletGen_AddZedsToEntityGroupsFile ENTITY GROUP: feralHordeStageGS426
DEBUG:Adding: <entity name="DoughsR14_zombieSoldier" prob="1"/>
DEBUG:Adding: <entity name="DoughsR20_zombieSoldierRadiated" prob="0.5"/>
DEBUG:Adding: <entity name="DoughsR21_zombieSpiderRadiated" prob="0.6"/>
DEBUG:Adding: <entity name="DoughsR22_zombieWightRadiated" prob="0.5"/>
DEBUG:Adding: <entity name="DoughsR28_zombieMarlene"/>
DEBUG:Adding: <entity name="DoughsR41_zombieYo"/>
DEBUG:Adding: <entity name="DoughsR48_zombieCheerleaderRadiated" prob="0.66"/>
DEBUG:Adding: <entity name="DoughsR54_zombieFemaleFatRadiated" prob="0.6"/>
DEBUG:Adding: <entity name="DoughsR57_zombieSpiderFeral" prob="0.5"/>
DEBUG:Adding: <entity name="DoughsR58_zombieJanitorRadiated" prob="0.66"/>
DEBUG:Adding: <entity name="DoughsR74_zombieMoeFeral" prob="0.7"/>
DEBUG:Adding: <entity name="DoughsR7_zombieWightFeral" prob="0.6"/>
DEBUG:Adding: <entity name="DoughsR86_zombieBikerRadiated" prob="0.6"/>
DEBUG:Adding: <entity name="DoughsR8_zombieArleneRadiated" prob="0.66"/>
DEBUG:ModletGen_AddZedsToEntityGroupsFile ENTITY GROUP: feralHordeStageGS435
DEBUG:Adding: <entity name="DoughsR10_zombieFemaleFatFeral" prob="0.6"/>
DEBUG:Adding: <entity name="DoughsR24_zombieNurse"/>
DEBUG:Adding: <entity name="DoughsR31_zombieArlene"/>
DEBUG:Adding: <entity name="DoughsR32_zombieMoeRadiated" prob="0.66"/>
DEBUG:Adding: <entity name="DoughsR34_zombieMarleneRadiated" prob="0.66"/>
DEBUG:Adding: <entity name="DoughsR35_zombieJoe"/>
DEBUG:Adding: <entity name="DoughsR3_zombieFatCopRadiated" prob="0.5"/>
DEBUG:Adding: <entity name="DoughsR41_zombieYo"/>
DEBUG:Adding: <entity name="DoughsR49_zombieMoe"/>
DEBUG:Adding: <entity name="DoughsR55_zombieJoeRadiated" prob="0.66"/>
DEBUG:Adding: <entity name="DoughsR69_zombieOldTimerRadiated" prob="0.66"/>
DEBUG:Adding: <entity name="DoughsR74_zombieMoeFeral" prob="0.7"/>
DEBUG:Adding: <entity name="DoughsR79_zombieYoFeral" prob="0.7"/>
DEBUG:Adding: <entity name="DoughsR7_zombieWightFeral" prob="0.6"/>
DEBUG:Adding: <entity name="DoughsR90_animalZombieVultureRadiated" prob="0.3"/>
DEBUG:ModletGen_AddZedsToEntityGroupsFile ENTITY GROUP: feralHordeStageGS44
DEBUG:Adding: <entity name="DoughsR16_zombieFemaleFat" prob="0.88"/>
DEBUG:Adding: <entity name="DoughsR24_zombieNurse"/>
DEBUG:Adding: <entity name="DoughsR28_zombieMarlene"/>
DEBUG:Adding: <entity name="DoughsR35_zombieJoe"/>
DEBUG:Adding: <entity name="DoughsR41_zombieYo"/>
DEBUG:Adding: <entity name="DoughsR44_zombieBusinessMan"/>
DEBUG:Adding: <entity name="DoughsR49_zombieMoe"/>
DEBUG:Adding: <entity name="DoughsR59_zombieArleneFeral" prob="0.26"/>
DEBUG:Adding: <entity name="DoughsR61_zombieSkateboarder"/>
DEBUG:Adding: <entity name="DoughsR62_zombieDarlene"/>
DEBUG:Adding: <entity name="DoughsR65_zombieJanitor"/>
DEBUG:Adding: <entity name="DoughsR79_zombieYoFeral" prob="0.21"/>
DEBUG:ModletGen_AddZedsToEntityGroupsFile ENTITY GROUP: feralHordeStageGS444
DEBUG:Adding: <entity name="DoughsR11_zombieBoeFeral" prob="0.7"/>
DEBUG:Adding: <entity name="DoughsR20_zombieSoldierRadiated" prob="0.5"/>
DEBUG:Adding: <entity name="DoughsR21_zombieSpiderRadiated" prob="0.6"/>
DEBUG:Adding: <entity name="DoughsR28_zombieMarlene"/>
DEBUG:Adding: <entity name="DoughsR35_zombieJoe"/>
DEBUG:Adding: <entity name="DoughsR3_zombieFatCopRadiated" prob="0.5"/>
DEBUG:Adding: <entity name="DoughsR49_zombieMoe"/>
DEBUG:Adding: <entity name="DoughsR50_zombieBoeRadiated" prob="0.66"/>
DEBUG:Adding: <entity name="DoughsR53_zombieJanitorFeral" prob="0.7"/>
DEBUG:Adding: <entity name="DoughsR62_zombieDarlene"/>
DEBUG:Adding: <entity name="DoughsR63_zombieFatCopFeral" prob="0.6"/>
DEBUG:Adding: <entity name="DoughsR65_zombieJanitor"/>
DEBUG:Adding: <entity name="DoughsR76_zombieDemolition" prob="0.4"/>
DEBUG:Adding: <entity name="DoughsR90_animalZombieVultureRadiated" prob="0.3"/>
DEBUG:Adding: <entity name="DoughsR98_animalZombieDog"/>
DEBUG:ModletGen_AddZedsToEntityGroupsFile ENTITY GROUP: feralHordeStageGS453
DEBUG:Adding: <entity name="DoughsR10_zombieFemaleFatFeral" prob="0.6"/>
DEBUG:Adding: <entity name="DoughsR16_zombieFemaleFat" prob="1"/>
DEBUG:Adding: <entity name="DoughsR20_zombieSoldierRadiated" prob="0.5"/>
DEBUG:Adding: <entity name="DoughsR22_zombieWightRadiated" prob="0.6"/>
DEBUG:Adding: <entity name="DoughsR24_zombieNurse"/>
DEBUG:Adding: <entity name="DoughsR28_zombieMarlene"/>
DEBUG:Adding: <entity name="DoughsR39_zombieSkateboarderFeral" prob="0.7"/>
DEBUG:Adding: <entity name="DoughsR3_zombieFatCopRadiated" prob="0.5"/>
DEBUG:Adding: <entity name="DoughsR49_zombieMoe"/>
DEBUG:Adding: <entity name="DoughsR55_zombieJoeRadiated" prob="0.66"/>
DEBUG:Adding: <entity name="DoughsR56_zombieUtilityWorker"/>
DEBUG:Adding: <entity name="DoughsR71_zombieNurseFeral" prob="0.7"/>
DEBUG:Adding: <entity name="DoughsR75_zombieSkateboarderRadiated" prob="0.66"/>
DEBUG:Adding: <entity name="DoughsR8_zombieArleneRadiated" prob="0.66"/>
DEBUG:Adding: <entity name="DoughsR98_animalZombieDog"/>
DEBUG:ModletGen_AddZedsToEntityGroupsFile ENTITY GROUP: feralHordeStageGS463
DEBUG:Adding: <entity name="DoughsR11_zombieBoeFeral" prob="0.7"/>
DEBUG:Adding: <entity name="DoughsR12_zombieJoeFeral" prob="0.7"/>
DEBUG:Adding: <entity name="DoughsR13_zombieSteve"/>
DEBUG:Adding: <entity name="DoughsR21_zombieSpiderRadiated" prob="0.6"/>
DEBUG:Adding: <entity name="DoughsR22_zombieWightRadiated" prob="0.5"/>
DEBUG:Adding: <entity name="DoughsR29_zombieBoe"/>
DEBUG:Adding: <entity name="DoughsR34_zombieMarleneRadiated" prob="0.66"/>
DEBUG:Adding: <entity name="DoughsR36_zombieYoRadiated" prob="0.66"/>
DEBUG:Adding: <entity name="DoughsR39_zombieSkateboarderFeral" prob="0.7"/>
DEBUG:Adding: <entity name="DoughsR48_zombieCheerleaderRadiated" prob="0.66"/>
DEBUG:Adding: <entity name="DoughsR51_zombieDarleneFeral" prob="0.7"/>
DEBUG:Adding: <entity name="DoughsR52_zombieUtilityWorkerFeral" prob="0.7"/>
DEBUG:Adding: <entity name="DoughsR54_zombieFemaleFatRadiated" prob="0.6"/>
DEBUG:Adding: <entity name="DoughsR78_zombieSteveFeral" prob="0.7"/>
DEBUG:Adding: <entity name="DoughsR86_zombieBikerRadiated" prob="0.6"/>
DEBUG:ModletGen_AddZedsToEntityGroupsFile ENTITY GROUP: feralHordeStageGS472
DEBUG:Adding: <entity name="DoughsR12_zombieJoeFeral" prob="0.7"/>
DEBUG:Adding: <entity name="DoughsR16_zombieFemaleFat" prob="1"/>
DEBUG:Adding: <entity name="DoughsR29_zombieBoe"/>
DEBUG:Adding: <entity name="DoughsR31_zombieArlene"/>
DEBUG:Adding: <entity name="DoughsR32_zombieMoeRadiated" prob="0.66"/>
DEBUG:Adding: <entity name="DoughsR34_zombieMarleneRadiated" prob="0.66"/>
DEBUG:Adding: <entity name="DoughsR37_zombieMarleneFeral" prob="0.7"/>
DEBUG:Adding: <entity name="DoughsR39_zombieSkateboarderFeral" prob="0.7"/>
DEBUG:Adding: <entity name="DoughsR3_zombieFatCopRadiated" prob="0.5"/>
DEBUG:Adding: <entity name="DoughsR3_zombieFatCopRadiated" prob="0.5"/>
DEBUG:Adding: <entity name="DoughsR50_zombieBoeRadiated" prob="0.66"/>
DEBUG:Adding: <entity name="DoughsR52_zombieUtilityWorkerFeral" prob="0.7"/>
DEBUG:Adding: <entity name="DoughsR55_zombieJoeRadiated" prob="0.66"/>
DEBUG:Adding: <entity name="DoughsR59_zombieArleneFeral" prob="0.7"/>
DEBUG:Adding: <entity name="DoughsR71_zombieNurseFeral" prob="0.7"/>
DEBUG:ModletGen_AddZedsToEntityGroupsFile ENTITY GROUP: feralHordeStageGS482
DEBUG:Adding: <entity name="DoughsR24_zombieNurse"/>
DEBUG:Adding: <entity name="DoughsR31_zombieArlene"/>
DEBUG:Adding: <entity name="DoughsR39_zombieSkateboarderFeral" prob="0.7"/>
DEBUG:Adding: <entity name="DoughsR3_zombieFatCopRadiated" prob="0.5"/>
DEBUG:Adding: <entity name="DoughsR53_zombieJanitorFeral" prob="0.7"/>
DEBUG:Adding: <entity name="DoughsR54_zombieFemaleFatRadiated" prob="0.6"/>
DEBUG:Adding: <entity name="DoughsR55_zombieJoeRadiated" prob="0.66"/>
DEBUG:Adding: <entity name="DoughsR59_zombieArleneFeral" prob="0.7"/>
DEBUG:Adding: <entity name="DoughsR62_zombieDarlene"/>
DEBUG:Adding: <entity name="DoughsR69_zombieOldTimerRadiated" prob="0.66"/>
DEBUG:Adding: <entity name="DoughsR74_zombieMoeFeral" prob="0.7"/>
DEBUG:Adding: <entity name="DoughsR76_zombieDemolition" prob="0.4"/>
DEBUG:Adding: <entity name="DoughsR86_zombieBikerRadiated" prob="0.6"/>
DEBUG:Adding: <entity name="DoughsR90_animalZombieVultureRadiated" prob="0.3"/>
DEBUG:Adding: <entity name="DoughsR98_animalZombieDog"/>
DEBUG:ModletGen_AddZedsToEntityGroupsFile ENTITY GROUP: feralHordeStageGS49
DEBUG:Adding: <entity name="DoughsR16_zombieFemaleFat" prob="0.91"/>
DEBUG:Adding: <entity name="DoughsR24_zombieNurse"/>
DEBUG:Adding: <entity name="DoughsR28_zombieMarlene"/>
DEBUG:Adding: <entity name="DoughsR29_zombieBoe"/>
DEBUG:Adding: <entity name="DoughsR31_zombieArlene"/>
DEBUG:Adding: <entity name="DoughsR37_zombieMarleneFeral" prob="0.26"/>
DEBUG:Adding: <entity name="DoughsR41_zombieYo"/>
DEBUG:Adding: <entity name="DoughsR45_zombieSpider" prob="0.35"/>
DEBUG:Adding: <entity name="DoughsR49_zombieMoe"/>
DEBUG:Adding: <entity name="DoughsR62_zombieDarlene"/>
DEBUG:Adding: <entity name="DoughsR71_zombieNurseFeral" prob="0.21"/>
DEBUG:Adding: <entity name="DoughsR79_zombieYoFeral" prob="0.25"/>
DEBUG:ModletGen_AddZedsToEntityGroupsFile ENTITY GROUP: feralHordeStageGS491
DEBUG:Adding: <entity name="DoughsR11_zombieBoeFeral" prob="0.7"/>
DEBUG:Adding: <entity name="DoughsR12_zombieJoeFeral" prob="0.7"/>
DEBUG:Adding: <entity name="DoughsR14_zombieSoldier" prob="1"/>
DEBUG:Adding: <entity name="DoughsR16_zombieFemaleFat" prob="1"/>
DEBUG:Adding: <entity name="DoughsR24_zombieNurse"/>
DEBUG:Adding: <entity name="DoughsR2_zombieBusinessManFeral" prob="0.7"/>
DEBUG:Adding: <entity name="DoughsR32_zombieMoeRadiated" prob="0.66"/>
DEBUG:Adding: <entity name="DoughsR34_zombieMarleneRadiated" prob="0.66"/>
DEBUG:Adding: <entity name="DoughsR39_zombieSkateboarderFeral" prob="0.7"/>
DEBUG:Adding: <entity name="DoughsR3_zombieFatCopRadiated" prob="0.5"/>
DEBUG:Adding: <entity name="DoughsR54_zombieFemaleFatRadiated" prob="0.6"/>
DEBUG:Adding: <entity name="DoughsR66_zombieDarleneRadiated" prob="0.66"/>
DEBUG:Adding: <entity name="DoughsR75_zombieSkateboarderRadiated" prob="0.66"/>
DEBUG:Adding: <entity name="DoughsR86_zombieBikerRadiated" prob="0.6"/>
DEBUG:Adding: <entity name="DoughsR90_animalZombieVultureRadiated" prob="0.3"/>
DEBUG:ModletGen_AddZedsToEntityGroupsFile ENTITY GROUP: feralHordeStageGS501
DEBUG:Adding: <entity name="DoughsR11_zombieBoeFeral" prob="0.7"/>
DEBUG:Adding: <entity name="DoughsR14_zombieSoldier" prob="1"/>
DEBUG:Adding: <entity name="DoughsR27_zombieFatCop" prob="0.7"/>
DEBUG:Adding: <entity name="DoughsR29_zombieBoe"/>
DEBUG:Adding: <entity name="DoughsR31_zombieArlene"/>
DEBUG:Adding: <entity name="DoughsR37_zombieMarleneFeral" prob="0.7"/>
DEBUG:Adding: <entity name="DoughsR3_zombieFatCopRadiated" prob="0.5"/>
DEBUG:Adding: <entity name="DoughsR48_zombieCheerleaderRadiated" prob="0.66"/>
DEBUG:Adding: <entity name="DoughsR55_zombieJoeRadiated" prob="0.66"/>
DEBUG:Adding: <entity name="DoughsR56_zombieUtilityWorker"/>
DEBUG:Adding: <entity name="DoughsR76_zombieDemolition" prob="0.4"/>
DEBUG:Adding: <entity name="DoughsR86_zombieBikerRadiated" prob="0.6"/>
DEBUG:Adding: <entity name="DoughsR88_animalZombieVulture" prob="0.3"/>
DEBUG:Adding: <entity name="DoughsR8_zombieArleneRadiated" prob="0.66"/>
DEBUG:Adding: <entity name="DoughsR98_animalZombieDog"/>
DEBUG:ModletGen_AddZedsToEntityGroupsFile ENTITY GROUP: feralHordeStageGS510
DEBUG:Adding: <entity name="DoughsR10_zombieFemaleFatFeral" prob="0.6"/>
DEBUG:Adding: <entity name="DoughsR13_zombieSteve"/>
DEBUG:Adding: <entity name="DoughsR27_zombieFatCop" prob="0.7"/>
DEBUG:Adding: <entity name="DoughsR29_zombieBoe"/>
DEBUG:Adding: <entity name="DoughsR2_zombieBusinessManFeral" prob="0.7"/>
DEBUG:Adding: <entity name="DoughsR32_zombieMoeRadiated" prob="0.66"/>
DEBUG:Adding: <entity name="DoughsR34_zombieMarleneRadiated" prob="0.66"/>
DEBUG:Adding: <entity name="DoughsR3_zombieFatCopRadiated" prob="0.5"/>
DEBUG:Adding: <entity name="DoughsR52_zombieUtilityWorkerFeral" prob="0.7"/>
DEBUG:Adding: <entity name="DoughsR58_zombieJanitorRadiated" prob="0.66"/>
DEBUG:Adding: <entity name="DoughsR62_zombieDarlene"/>
DEBUG:Adding: <entity name="DoughsR66_zombieDarleneRadiated" prob="0.66"/>
DEBUG:Adding: <entity name="DoughsR69_zombieOldTimerRadiated" prob="0.66"/>
DEBUG:Adding: <entity name="DoughsR79_zombieYoFeral" prob="0.7"/>
DEBUG:Adding: <entity name="DoughsR8_zombieArleneRadiated" prob="0.66"/>
DEBUG:ModletGen_AddZedsToEntityGroupsFile ENTITY GROUP: feralHordeStageGS520
DEBUG:Adding: <entity name="DoughsR11_zombieBoeFeral" prob="0.7"/>
DEBUG:Adding: <entity name="DoughsR12_zombieJoeFeral" prob="0.7"/>
DEBUG:Adding: <entity name="DoughsR20_zombieSoldierRadiated" prob="0.5"/>
DEBUG:Adding: <entity name="DoughsR24_zombieNurse"/>
DEBUG:Adding: <entity name="DoughsR34_zombieMarleneRadiated" prob="0.66"/>
DEBUG:Adding: <entity name="DoughsR35_zombieJoe"/>
DEBUG:Adding: <entity name="DoughsR36_zombieYoRadiated" prob="0.66"/>
DEBUG:Adding: <entity name="DoughsR39_zombieSkateboarderFeral" prob="0.7"/>
DEBUG:Adding: <entity name="DoughsR3_zombieFatCopRadiated" prob="0.5"/>
DEBUG:Adding: <entity name="DoughsR58_zombieJanitorRadiated" prob="0.66"/>
DEBUG:Adding: <entity name="DoughsR66_zombieDarleneRadiated" prob="0.66"/>
DEBUG:Adding: <entity name="DoughsR75_zombieSkateboarderRadiated" prob="0.66"/>
DEBUG:Adding: <entity name="DoughsR78_zombieSteveFeral" prob="0.7"/>
DEBUG:Adding: <entity name="DoughsR86_zombieBikerRadiated" prob="0.6"/>
DEBUG:Adding: <entity name="DoughsR90_animalZombieVultureRadiated" prob="0.3"/>
DEBUG:ModletGen_AddZedsToEntityGroupsFile ENTITY GROUP: feralHordeStageGS530
DEBUG:Adding: <entity name="DoughsR11_zombieBoeFeral" prob="0.7"/>
DEBUG:Adding: <entity name="DoughsR2_zombieBusinessManFeral" prob="0.7"/>
DEBUG:Adding: <entity name="DoughsR31_zombieArlene"/>
DEBUG:Adding: <entity name="DoughsR37_zombieMarleneFeral" prob="0.7"/>
DEBUG:Adding: <entity name="DoughsR48_zombieCheerleaderRadiated" prob="0.66"/>
DEBUG:Adding: <entity name="DoughsR51_zombieDarleneFeral" prob="0.7"/>
DEBUG:Adding: <entity name="DoughsR52_zombieUtilityWorkerFeral" prob="0.7"/>
DEBUG:Adding: <entity name="DoughsR56_zombieUtilityWorker"/>
DEBUG:Adding: <entity name="DoughsR58_zombieJanitorRadiated" prob="0.66"/>
DEBUG:Adding: <entity name="DoughsR66_zombieDarleneRadiated" prob="0.66"/>
DEBUG:Adding: <entity name="DoughsR71_zombieNurseFeral" prob="0.7"/>
DEBUG:Adding: <entity name="DoughsR76_zombieDemolition" prob="0.4"/>
DEBUG:Adding: <entity name="DoughsR78_zombieSteveFeral" prob="0.7"/>
DEBUG:Adding: <entity name="DoughsR7_zombieWightFeral" prob="0.6"/>
DEBUG:Adding: <entity name="DoughsR8_zombieArleneRadiated" prob="0.66"/>
DEBUG:ModletGen_AddZedsToEntityGroupsFile ENTITY GROUP: feralHordeStageGS54
DEBUG:Adding: <entity name="DoughsR13_zombieSteve"/>
DEBUG:Adding: <entity name="DoughsR16_zombieFemaleFat" prob="0.93"/>
DEBUG:Adding: <entity name="DoughsR27_zombieFatCop" prob="0.23"/>
DEBUG:Adding: <entity name="DoughsR28_zombieMarlene"/>
DEBUG:Adding: <entity name="DoughsR29_zombieBoe"/>
DEBUG:Adding: <entity name="DoughsR35_zombieJoe"/>
DEBUG:Adding: <entity name="DoughsR37_zombieMarleneFeral" prob="0.3"/>
DEBUG:Adding: <entity name="DoughsR45_zombieSpider" prob="0.39"/>
DEBUG:Adding: <entity name="DoughsR56_zombieUtilityWorker"/>
DEBUG:Adding: <entity name="DoughsR59_zombieArleneFeral" prob="0.34"/>
DEBUG:Adding: <entity name="DoughsR62_zombieDarlene"/>
DEBUG:Adding: <entity name="DoughsR79_zombieYoFeral" prob="0.28"/>
DEBUG:ModletGen_AddZedsToEntityGroupsFile ENTITY GROUP: feralHordeStageGS540
DEBUG:Adding: <entity name="DoughsR11_zombieBoeFeral" prob="0.7"/>
DEBUG:Adding: <entity name="DoughsR22_zombieWightRadiated" prob="0.5"/>
DEBUG:Adding: <entity name="DoughsR22_zombieWightRadiated" prob="0.6"/>
DEBUG:Adding: <entity name="DoughsR29_zombieBoe"/>
DEBUG:Adding: <entity name="DoughsR37_zombieMarleneFeral" prob="0.7"/>
DEBUG:Adding: <entity name="DoughsR3_zombieFatCopRadiated" prob="0.5"/>
DEBUG:Adding: <entity name="DoughsR44_zombieBusinessMan"/>
DEBUG:Adding: <entity name="DoughsR53_zombieJanitorFeral" prob="0.7"/>
DEBUG:Adding: <entity name="DoughsR56_zombieUtilityWorker"/>
DEBUG:Adding: <entity name="DoughsR69_zombieOldTimerRadiated" prob="0.66"/>
DEBUG:Adding: <entity name="DoughsR71_zombieNurseFeral" prob="0.7"/>
DEBUG:Adding: <entity name="DoughsR76_zombieDemolition" prob="0.4"/>
DEBUG:Adding: <entity name="DoughsR79_zombieYoFeral" prob="0.7"/>
DEBUG:Adding: <entity name="DoughsR7_zombieWightFeral" prob="0.6"/>
DEBUG:Adding: <entity name="DoughsR86_zombieBikerRadiated" prob="0.6"/>
DEBUG:ModletGen_AddZedsToEntityGroupsFile ENTITY GROUP: feralHordeStageGS550
DEBUG:Adding: <entity name="DoughsR13_zombieSteve"/>
DEBUG:Adding: <entity name="DoughsR21_zombieSpiderRadiated" prob="0.6"/>
DEBUG:Adding: <entity name="DoughsR24_zombieNurse"/>
DEBUG:Adding: <entity name="DoughsR28_zombieMarlene"/>
DEBUG:Adding: <entity name="DoughsR2_zombieBusinessManFeral" prob="0.7"/>
DEBUG:Adding: <entity name="DoughsR32_zombieMoeRadiated" prob="0.66"/>
DEBUG:Adding: <entity name="DoughsR34_zombieMarleneRadiated" prob="0.66"/>
DEBUG:Adding: <entity name="DoughsR49_zombieMoe"/>
DEBUG:Adding: <entity name="DoughsR57_zombieSpiderFeral" prob="0.5"/>
DEBUG:Adding: <entity name="DoughsR58_zombieJanitorRadiated" prob="0.66"/>
DEBUG:Adding: <entity name="DoughsR59_zombieArleneFeral" prob="0.7"/>
DEBUG:Adding: <entity name="DoughsR62_zombieDarlene"/>
DEBUG:Adding: <entity name="DoughsR63_zombieFatCopFeral" prob="0.6"/>
DEBUG:Adding: <entity name="DoughsR65_zombieJanitor"/>
DEBUG:Adding: <entity name="DoughsR88_animalZombieVulture" prob="0.3"/>
DEBUG:ModletGen_AddZedsToEntityGroupsFile ENTITY GROUP: feralHordeStageGS560
DEBUG:Adding: <entity name="DoughsR11_zombieBoeFeral" prob="0.7"/>
DEBUG:Adding: <entity name="DoughsR12_zombieJoeFeral" prob="0.7"/>
DEBUG:Adding: <entity name="DoughsR24_zombieNurse"/>
DEBUG:Adding: <entity name="DoughsR27_zombieFatCop" prob="0.7"/>
DEBUG:Adding: <entity name="DoughsR28_zombieMarlene"/>
DEBUG:Adding: <entity name="DoughsR2_zombieBusinessManFeral" prob="0.7"/>
DEBUG:Adding: <entity name="DoughsR41_zombieYo"/>
DEBUG:Adding: <entity name="DoughsR54_zombieFemaleFatRadiated" prob="0.6"/>
DEBUG:Adding: <entity name="DoughsR57_zombieSpiderFeral" prob="0.5"/>
DEBUG:Adding: <entity name="DoughsR66_zombieDarleneRadiated" prob="0.66"/>
DEBUG:Adding: <entity name="DoughsR79_zombieYoFeral" prob="0.7"/>
DEBUG:Adding: <entity name="DoughsR7_zombieWightFeral" prob="0.6"/>
DEBUG:Adding: <entity name="DoughsR86_zombieBikerRadiated" prob="0.6"/>
DEBUG:Adding: <entity name="DoughsR90_animalZombieVultureRadiated" prob="0.3"/>
DEBUG:Adding: <entity name="DoughsR98_animalZombieDog"/>
DEBUG:ModletGen_AddZedsToEntityGroupsFile ENTITY GROUP: feralHordeStageGS570
DEBUG:Adding: <entity name="DoughsR21_zombieSpiderRadiated" prob="0.6"/>
DEBUG:Adding: <entity name="DoughsR32_zombieMoeRadiated" prob="0.66"/>
DEBUG:Adding: <entity name="DoughsR3_zombieFatCopRadiated" prob="0.5"/>
DEBUG:Adding: <entity name="DoughsR49_zombieMoe"/>
DEBUG:Adding: <entity name="DoughsR50_zombieBoeRadiated" prob="0.66"/>
DEBUG:Adding: <entity name="DoughsR51_zombieDarleneFeral" prob="0.7"/>
DEBUG:Adding: <entity name="DoughsR54_zombieFemaleFatRadiated" prob="0.6"/>
DEBUG:Adding: <entity name="DoughsR56_zombieUtilityWorker"/>
DEBUG:Adding: <entity name="DoughsR58_zombieJanitorRadiated" prob="0.66"/>
DEBUG:Adding: <entity name="DoughsR61_zombieSkateboarder"/>
DEBUG:Adding: <entity name="DoughsR63_zombieFatCopFeral" prob="0.6"/>
DEBUG:Adding: <entity name="DoughsR76_zombieDemolition" prob="0.4"/>
DEBUG:Adding: <entity name="DoughsR7_zombieWightFeral" prob="0.6"/>
DEBUG:Adding: <entity name="DoughsR8_zombieArleneRadiated" prob="0.66"/>
DEBUG:Adding: <entity name="DoughsR98_animalZombieDog"/>
DEBUG:ModletGen_AddZedsToEntityGroupsFile ENTITY GROUP: feralHordeStageGS580
DEBUG:Adding: <entity name="DoughsR10_zombieFemaleFatFeral" prob="0.6"/>
DEBUG:Adding: <entity name="DoughsR11_zombieBoeFeral" prob="0.7"/>
DEBUG:Adding: <entity name="DoughsR24_zombieNurse"/>
DEBUG:Adding: <entity name="DoughsR36_zombieYoRadiated" prob="0.66"/>
DEBUG:Adding: <entity name="DoughsR37_zombieMarleneFeral" prob="0.7"/>
DEBUG:Adding: <entity name="DoughsR44_zombieBusinessMan"/>
DEBUG:Adding: <entity name="DoughsR45_zombieSpider" prob="0.7"/>
DEBUG:Adding: <entity name="DoughsR54_zombieFemaleFatRadiated" prob="0.6"/>
DEBUG:Adding: <entity name="DoughsR63_zombieFatCopFeral" prob="0.6"/>
DEBUG:Adding: <entity name="DoughsR65_zombieJanitor"/>
DEBUG:Adding: <entity name="DoughsR66_zombieDarleneRadiated" prob="0.66"/>
DEBUG:Adding: <entity name="DoughsR74_zombieMoeFeral" prob="0.7"/>
DEBUG:Adding: <entity name="DoughsR76_zombieDemolition" prob="0.4"/>
DEBUG:Adding: <entity name="DoughsR79_zombieYoFeral" prob="0.7"/>
DEBUG:Adding: <entity name="DoughsR8_zombieArleneRadiated" prob="0.66"/>
DEBUG:ModletGen_AddZedsToEntityGroupsFile ENTITY GROUP: feralHordeStageGS59
DEBUG:Adding: <entity name="DoughsR16_zombieFemaleFat" prob="0.95"/>
DEBUG:Adding: <entity name="DoughsR27_zombieFatCop" prob="0.26"/>
DEBUG:Adding: <entity name="DoughsR39_zombieSkateboarderFeral" prob="0.21"/>
DEBUG:Adding: <entity name="DoughsR45_zombieSpider" prob="0.43"/>
DEBUG:Adding: <entity name="DoughsR49_zombieMoe"/>
DEBUG:Adding: <entity name="DoughsR61_zombieSkateboarder"/>
DEBUG:Adding: <entity name="DoughsR62_zombieDarlene"/>
DEBUG:Adding: <entity name="DoughsR65_zombieJanitor"/>
DEBUG:Adding: <entity name="DoughsR71_zombieNurseFeral" prob="0.28"/>
DEBUG:Adding: <entity name="DoughsR78_zombieSteveFeral" prob="0.3"/>
DEBUG:Adding: <entity name="DoughsR88_animalZombieVulture" prob="0.2"/>
DEBUG:Adding: <entity name="DoughsR98_animalZombieDog"/>
DEBUG:ModletGen_AddZedsToEntityGroupsFile ENTITY GROUP: feralHordeStageGS590
DEBUG:Adding: <entity name="DoughsR10_zombieFemaleFatFeral" prob="0.6"/>
DEBUG:Adding: <entity name="DoughsR12_zombieJoeFeral" prob="0.7"/>
DEBUG:Adding: <entity name="DoughsR16_zombieFemaleFat" prob="1"/>
DEBUG:Adding: <entity name="DoughsR22_zombieWightRadiated" prob="0.5"/>
DEBUG:Adding: <entity name="DoughsR24_zombieNurse"/>
DEBUG:Adding: <entity name="DoughsR29_zombieBoe"/>
DEBUG:Adding: <entity name="DoughsR36_zombieYoRadiated" prob="0.66"/>
DEBUG:Adding: <entity name="DoughsR44_zombieBusinessMan"/>
DEBUG:Adding: <entity name="DoughsR54_zombieFemaleFatRadiated" prob="0.6"/>
DEBUG:Adding: <entity name="DoughsR59_zombieArleneFeral" prob="0.7"/>
DEBUG:Adding: <entity name="DoughsR63_zombieFatCopFeral" prob="0.6"/>
DEBUG:Adding: <entity name="DoughsR66_zombieDarleneRadiated" prob="0.66"/>
DEBUG:Adding: <entity name="DoughsR69_zombieOldTimerRadiated" prob="0.66"/>
DEBUG:Adding: <entity name="DoughsR7_zombieWightFeral" prob="0.6"/>
DEBUG:Adding: <entity name="DoughsR81_zombieSteveRadiated" prob="0.66"/>
DEBUG:ModletGen_AddZedsToEntityGroupsFile ENTITY GROUP: feralHordeStageGS600
DEBUG:Adding: <entity name="DoughsR13_zombieSteve"/>
DEBUG:Adding: <entity name="DoughsR14_zombieSoldier" prob="1"/>
DEBUG:Adding: <entity name="DoughsR20_zombieSoldierRadiated" prob="0.5"/>
DEBUG:Adding: <entity name="DoughsR24_zombieNurse"/>
DEBUG:Adding: <entity name="DoughsR31_zombieArlene"/>
DEBUG:Adding: <entity name="DoughsR32_zombieMoeRadiated" prob="0.66"/>
DEBUG:Adding: <entity name="DoughsR3_zombieFatCopRadiated" prob="0.5"/>
DEBUG:Adding: <entity name="DoughsR41_zombieYo"/>
DEBUG:Adding: <entity name="DoughsR48_zombieCheerleaderRadiated" prob="0.66"/>
DEBUG:Adding: <entity name="DoughsR49_zombieMoe"/>
DEBUG:Adding: <entity name="DoughsR50_zombieBoeRadiated" prob="0.66"/>
DEBUG:Adding: <entity name="DoughsR56_zombieUtilityWorker"/>
DEBUG:Adding: <entity name="DoughsR61_zombieSkateboarder"/>
DEBUG:Adding: <entity name="DoughsR69_zombieOldTimerRadiated" prob="0.66"/>
DEBUG:Adding: <entity name="DoughsR81_zombieSteveRadiated" prob="0.66"/>
DEBUG:ModletGen_AddZedsToEntityGroupsFile ENTITY GROUP: feralHordeStageGS610
DEBUG:Adding: <entity name="DoughsR11_zombieBoeFeral" prob="0.7"/>
DEBUG:Adding: <entity name="DoughsR13_zombieSteve"/>
DEBUG:Adding: <entity name="DoughsR20_zombieSoldierRadiated" prob="0.5"/>
DEBUG:Adding: <entity name="DoughsR21_zombieSpiderRadiated" prob="0.6"/>
DEBUG:Adding: <entity name="DoughsR41_zombieYo"/>
DEBUG:Adding: <entity name="DoughsR48_zombieCheerleaderRadiated" prob="0.66"/>
DEBUG:Adding: <entity name="DoughsR50_zombieBoeRadiated" prob="0.66"/>
DEBUG:Adding: <entity name="DoughsR57_zombieSpiderFeral" prob="0.5"/>
DEBUG:Adding: <entity name="DoughsR58_zombieJanitorRadiated" prob="0.66"/>
DEBUG:Adding: <entity name="DoughsR71_zombieNurseFeral" prob="0.7"/>
DEBUG:Adding: <entity name="DoughsR74_zombieMoeFeral" prob="0.7"/>
DEBUG:Adding: <entity name="DoughsR76_zombieDemolition" prob="0.4"/>
DEBUG:Adding: <entity name="DoughsR78_zombieSteveFeral" prob="0.7"/>
DEBUG:Adding: <entity name="DoughsR86_zombieBikerRadiated" prob="0.6"/>
DEBUG:Adding: <entity name="DoughsR98_animalZombieDog"/>
DEBUG:ModletGen_AddZedsToEntityGroupsFile ENTITY GROUP: feralHordeStageGS620
DEBUG:Adding: <entity name="DoughsR28_zombieMarlene"/>
DEBUG:Adding: <entity name="DoughsR29_zombieBoe"/>
DEBUG:Adding: <entity name="DoughsR32_zombieMoeRadiated" prob="0.66"/>
DEBUG:Adding: <entity name="DoughsR34_zombieMarleneRadiated" prob="0.66"/>
DEBUG:Adding: <entity name="DoughsR3_zombieFatCopRadiated" prob="0.5"/>
DEBUG:Adding: <entity name="DoughsR44_zombieBusinessMan"/>
DEBUG:Adding: <entity name="DoughsR50_zombieBoeRadiated" prob="0.66"/>
DEBUG:Adding: <entity name="DoughsR56_zombieUtilityWorker"/>
DEBUG:Adding: <entity name="DoughsR58_zombieJanitorRadiated" prob="0.66"/>
DEBUG:Adding: <entity name="DoughsR59_zombieArleneFeral" prob="0.7"/>
DEBUG:Adding: <entity name="DoughsR63_zombieFatCopFeral" prob="0.6"/>
DEBUG:Adding: <entity name="DoughsR76_zombieDemolition" prob="0.4"/>
DEBUG:Adding: <entity name="DoughsR78_zombieSteveFeral" prob="0.7"/>
DEBUG:Adding: <entity name="DoughsR7_zombieWightFeral" prob="0.6"/>
DEBUG:Adding: <entity name="DoughsR98_animalZombieDog"/>
DEBUG:ModletGen_AddZedsToEntityGroupsFile ENTITY GROUP: feralHordeStageGS631
DEBUG:Adding: <entity name="DoughsR10_zombieFemaleFatFeral" prob="0.6"/>
DEBUG:Adding: <entity name="DoughsR16_zombieFemaleFat" prob="1"/>
DEBUG:Adding: <entity name="DoughsR32_zombieMoeRadiated" prob="0.66"/>
DEBUG:Adding: <entity name="DoughsR37_zombieMarleneFeral" prob="0.7"/>
DEBUG:Adding: <entity name="DoughsR39_zombieSkateboarderFeral" prob="0.7"/>
DEBUG:Adding: <entity name="DoughsR3_zombieFatCopRadiated" prob="0.5"/>
DEBUG:Adding: <entity name="DoughsR48_zombieCheerleaderRadiated" prob="0.66"/>
DEBUG:Adding: <entity name="DoughsR51_zombieDarleneFeral" prob="0.7"/>
DEBUG:Adding: <entity name="DoughsR57_zombieSpiderFeral" prob="0.5"/>
DEBUG:Adding: <entity name="DoughsR61_zombieSkateboarder"/>
DEBUG:Adding: <entity name="DoughsR69_zombieOldTimerRadiated" prob="0.66"/>
DEBUG:Adding: <entity name="DoughsR71_zombieNurseFeral" prob="0.7"/>
DEBUG:Adding: <entity name="DoughsR75_zombieSkateboarderRadiated" prob="0.66"/>
DEBUG:Adding: <entity name="DoughsR81_zombieSteveRadiated" prob="0.66"/>
DEBUG:Adding: <entity name="DoughsR8_zombieArleneRadiated" prob="0.66"/>
DEBUG:ModletGen_AddZedsToEntityGroupsFile ENTITY GROUP: feralHordeStageGS64
DEBUG:Adding: <entity name="DoughsR12_zombieJoeFeral" prob="0.23"/>
DEBUG:Adding: <entity name="DoughsR24_zombieNurse"/>
DEBUG:Adding: <entity name="DoughsR29_zombieBoe"/>
DEBUG:Adding: <entity name="DoughsR31_zombieArlene"/>
DEBUG:Adding: <entity name="DoughsR35_zombieJoe"/>
DEBUG:Adding: <entity name="DoughsR41_zombieYo"/>
DEBUG:Adding: <entity name="DoughsR45_zombieSpider" prob="0.46"/>
DEBUG:Adding: <entity name="DoughsR49_zombieMoe"/>
DEBUG:Adding: <entity name="DoughsR51_zombieDarleneFeral" prob="0.39"/>
DEBUG:Adding: <entity name="DoughsR52_zombieUtilityWorkerFeral" prob="0.3"/>
DEBUG:Adding: <entity name="DoughsR78_zombieSteveFeral" prob="0.34"/>
DEBUG:Adding: <entity name="DoughsR79_zombieYoFeral" prob="0.35"/>
DEBUG:ModletGen_AddZedsToEntityGroupsFile ENTITY GROUP: feralHordeStageGS641
DEBUG:Adding: <entity name="DoughsR12_zombieJoeFeral" prob="0.7"/>
DEBUG:Adding: <entity name="DoughsR13_zombieSteve"/>
DEBUG:Adding: <entity name="DoughsR16_zombieFemaleFat" prob="1"/>
DEBUG:Adding: <entity name="DoughsR21_zombieSpiderRadiated" prob="0.6"/>
DEBUG:Adding: <entity name="DoughsR2_zombieBusinessManFeral" prob="0.7"/>
DEBUG:Adding: <entity name="DoughsR32_zombieMoeRadiated" prob="0.66"/>
DEBUG:Adding: <entity name="DoughsR34_zombieMarleneRadiated" prob="0.66"/>
DEBUG:Adding: <entity name="DoughsR35_zombieJoe"/>
DEBUG:Adding: <entity name="DoughsR50_zombieBoeRadiated" prob="0.66"/>
DEBUG:Adding: <entity name="DoughsR61_zombieSkateboarder"/>
DEBUG:Adding: <entity name="DoughsR63_zombieFatCopFeral" prob="0.6"/>
DEBUG:Adding: <entity name="DoughsR66_zombieDarleneRadiated" prob="0.66"/>
DEBUG:Adding: <entity name="DoughsR79_zombieYoFeral" prob="0.7"/>
DEBUG:Adding: <entity name="DoughsR7_zombieWightFeral" prob="0.6"/>
DEBUG:Adding: <entity name="DoughsR86_zombieBikerRadiated" prob="0.6"/>
DEBUG:ModletGen_AddZedsToEntityGroupsFile ENTITY GROUP: feralHordeStageGS651
DEBUG:Adding: <entity name="DoughsR11_zombieBoeFeral" prob="0.7"/>
DEBUG:Adding: <entity name="DoughsR20_zombieSoldierRadiated" prob="0.5"/>
DEBUG:Adding: <entity name="DoughsR28_zombieMarlene"/>
DEBUG:Adding: <entity name="DoughsR31_zombieArlene"/>
DEBUG:Adding: <entity name="DoughsR32_zombieMoeRadiated" prob="0.66"/>
DEBUG:Adding: <entity name="DoughsR39_zombieSkateboarderFeral" prob="0.7"/>
DEBUG:Adding: <entity name="DoughsR56_zombieUtilityWorker"/>
DEBUG:Adding: <entity name="DoughsR58_zombieJanitorRadiated" prob="0.66"/>
DEBUG:Adding: <entity name="DoughsR62_zombieDarlene"/>
DEBUG:Adding: <entity name="DoughsR63_zombieFatCopFeral" prob="0.6"/>
DEBUG:Adding: <entity name="DoughsR74_zombieMoeFeral" prob="0.7"/>
DEBUG:Adding: <entity name="DoughsR76_zombieDemolition" prob="0.5"/>
DEBUG:Adding: <entity name="DoughsR86_zombieBikerRadiated" prob="0.6"/>
DEBUG:Adding: <entity name="DoughsR8_zombieArleneRadiated" prob="0.66"/>
DEBUG:Adding: <entity name="DoughsR90_animalZombieVultureRadiated" prob="0.3"/>
DEBUG:ModletGen_AddZedsToEntityGroupsFile ENTITY GROUP: feralHordeStageGS662
DEBUG:Adding: <entity name="DoughsR12_zombieJoeFeral" prob="0.7"/>
DEBUG:Adding: <entity name="DoughsR13_zombieSteve"/>
DEBUG:Adding: <entity name="DoughsR16_zombieFemaleFat" prob="1"/>
DEBUG:Adding: <entity name="DoughsR22_zombieWightRadiated" prob="0.6"/>
DEBUG:Adding: <entity name="DoughsR29_zombieBoe"/>
DEBUG:Adding: <entity name="DoughsR2_zombieBusinessManFeral" prob="0.7"/>
DEBUG:Adding: <entity name="DoughsR31_zombieArlene"/>
DEBUG:Adding: <entity name="DoughsR44_zombieBusinessMan"/>
DEBUG:Adding: <entity name="DoughsR49_zombieMoe"/>
DEBUG:Adding: <entity name="DoughsR51_zombieDarleneFeral" prob="0.7"/>
DEBUG:Adding: <entity name="DoughsR55_zombieJoeRadiated" prob="0.66"/>
DEBUG:Adding: <entity name="DoughsR59_zombieArleneFeral" prob="0.7"/>
DEBUG:Adding: <entity name="DoughsR69_zombieOldTimerRadiated" prob="0.66"/>
DEBUG:Adding: <entity name="DoughsR71_zombieNurseFeral" prob="0.7"/>
DEBUG:Adding: <entity name="DoughsR78_zombieSteveFeral" prob="0.7"/>
DEBUG:ModletGen_AddZedsToEntityGroupsFile ENTITY GROUP: feralHordeStageGS672
DEBUG:Adding: <entity name="DoughsR10_zombieFemaleFatFeral" prob="0.6"/>
DEBUG:Adding: <entity name="DoughsR11_zombieBoeFeral" prob="0.7"/>
DEBUG:Adding: <entity name="DoughsR14_zombieSoldier" prob="1"/>
DEBUG:Adding: <entity name="DoughsR21_zombieSpiderRadiated" prob="0.6"/>
DEBUG:Adding: <entity name="DoughsR22_zombieWightRadiated" prob="0.6"/>
DEBUG:Adding: <entity name="DoughsR28_zombieMarlene"/>
DEBUG:Adding: <entity name="DoughsR41_zombieYo"/>
DEBUG:Adding: <entity name="DoughsR44_zombieBusinessMan"/>
DEBUG:Adding: <entity name="DoughsR56_zombieUtilityWorker"/>
DEBUG:Adding: <entity name="DoughsR63_zombieFatCopFeral" prob="0.6"/>
DEBUG:Adding: <entity name="DoughsR75_zombieSkateboarderRadiated" prob="0.66"/>
DEBUG:Adding: <entity name="DoughsR76_zombieDemolition" prob="0.6"/>
DEBUG:Adding: <entity name="DoughsR88_animalZombieVulture" prob="0.3"/>
DEBUG:Adding: <entity name="DoughsR8_zombieArleneRadiated" prob="0.66"/>
DEBUG:ModletGen_AddZedsToEntityGroupsFile ENTITY GROUP: feralHordeStageGS683
DEBUG:Adding: <entity name="DoughsR13_zombieSteve"/>
DEBUG:Adding: <entity name="DoughsR24_zombieNurse"/>
DEBUG:Adding: <entity name="DoughsR37_zombieMarleneFeral" prob="0.7"/>
DEBUG:Adding: <entity name="DoughsR41_zombieYo"/>
DEBUG:Adding: <entity name="DoughsR48_zombieCheerleaderRadiated" prob="0.66"/>
DEBUG:Adding: <entity name="DoughsR50_zombieBoeRadiated" prob="0.66"/>
DEBUG:Adding: <entity name="DoughsR51_zombieDarleneFeral" prob="0.7"/>
DEBUG:Adding: <entity name="DoughsR52_zombieUtilityWorkerFeral" prob="0.7"/>
DEBUG:Adding: <entity name="DoughsR56_zombieUtilityWorker"/>
DEBUG:Adding: <entity name="DoughsR62_zombieDarlene"/>
DEBUG:Adding: <entity name="DoughsR65_zombieJanitor"/>
DEBUG:Adding: <entity name="DoughsR66_zombieDarleneRadiated" prob="0.66"/>
DEBUG:Adding: <entity name="DoughsR71_zombieNurseFeral" prob="0.7"/>
DEBUG:Adding: <entity name="DoughsR78_zombieSteveFeral" prob="0.7"/>
DEBUG:Adding: <entity name="DoughsR90_animalZombieVultureRadiated" prob="0.3"/>
DEBUG:ModletGen_AddZedsToEntityGroupsFile ENTITY GROUP: feralHordeStageGS69
DEBUG:Adding: <entity name="DoughsR11_zombieBoeFeral" prob="0.21"/>
DEBUG:Adding: <entity name="DoughsR12_zombieJoeFeral" prob="0.26"/>
DEBUG:Adding: <entity name="DoughsR24_zombieNurse"/>
DEBUG:Adding: <entity name="DoughsR28_zombieMarlene"/>
DEBUG:Adding: <entity name="DoughsR35_zombieJoe"/>
DEBUG:Adding: <entity name="DoughsR39_zombieSkateboarderFeral" prob="0.28"/>
DEBUG:Adding: <entity name="DoughsR44_zombieBusinessMan"/>
DEBUG:Adding: <entity name="DoughsR57_zombieSpiderFeral" prob="0.23"/>
DEBUG:Adding: <entity name="DoughsR71_zombieNurseFeral" prob="0.35"/>
DEBUG:Adding: <entity name="DoughsR88_animalZombieVulture" prob="0.23"/>
DEBUG:Adding: <entity name="DoughsR90_animalZombieVultureRadiated" prob="0.1"/>
DEBUG:Adding: <entity name="DoughsR98_animalZombieDog"/>
DEBUG:ModletGen_AddZedsToEntityGroupsFile ENTITY GROUP: feralHordeStageGS693
DEBUG:Adding: <entity name="DoughsR11_zombieBoeFeral" prob="0.7"/>
DEBUG:Adding: <entity name="DoughsR14_zombieSoldier" prob="1"/>
DEBUG:Adding: <entity name="DoughsR20_zombieSoldierRadiated" prob="0.5"/>
DEBUG:Adding: <entity name="DoughsR29_zombieBoe"/>
DEBUG:Adding: <entity name="DoughsR2_zombieBusinessManFeral" prob="0.7"/>
DEBUG:Adding: <entity name="DoughsR31_zombieArlene"/>
DEBUG:Adding: <entity name="DoughsR36_zombieYoRadiated" prob="0.66"/>
DEBUG:Adding: <entity name="DoughsR44_zombieBusinessMan"/>
DEBUG:Adding: <entity name="DoughsR62_zombieDarlene"/>
DEBUG:Adding: <entity name="DoughsR74_zombieMoeFeral" prob="0.7"/>
DEBUG:Adding: <entity name="DoughsR76_zombieDemolition" prob="0.4"/>
DEBUG:Adding: <entity name="DoughsR78_zombieSteveFeral" prob="0.7"/>
DEBUG:Adding: <entity name="DoughsR79_zombieYoFeral" prob="0.7"/>
DEBUG:Adding: <entity name="DoughsR7_zombieWightFeral" prob="0.6"/>
DEBUG:Adding: <entity name="DoughsR88_animalZombieVulture" prob="0.3"/>
DEBUG:ModletGen_AddZedsToEntityGroupsFile ENTITY GROUP: feralHordeStageGS7
DEBUG:Adding: <entity name="DoughsR13_zombieSteve"/>
DEBUG:Adding: <entity name="DoughsR16_zombieFemaleFat" prob="0.73"/>
DEBUG:Adding: <entity name="DoughsR24_zombieNurse"/>
DEBUG:Adding: <entity name="DoughsR28_zombieMarlene"/>
DEBUG:Adding: <entity name="DoughsR29_zombieBoe"/>
DEBUG:Adding: <entity name="DoughsR31_zombieArlene"/>
DEBUG:Adding: <entity name="DoughsR35_zombieJoe"/>
DEBUG:Adding: <entity name="DoughsR41_zombieYo"/>
DEBUG:Adding: <entity name="DoughsR44_zombieBusinessMan"/>
DEBUG:Adding: <entity name="DoughsR49_zombieMoe"/>
DEBUG:Adding: <entity name="DoughsR61_zombieSkateboarder"/>
DEBUG:Adding: <entity name="DoughsR65_zombieJanitor"/>
DEBUG:ModletGen_AddZedsToEntityGroupsFile ENTITY GROUP: feralHordeStageGS704
DEBUG:Adding: <entity name="DoughsR11_zombieBoeFeral" prob="0.7"/>
DEBUG:Adding: <entity name="DoughsR13_zombieSteve"/>
DEBUG:Adding: <entity name="DoughsR28_zombieMarlene"/>
DEBUG:Adding: <entity name="DoughsR3_zombieFatCopRadiated" prob="0.5"/>
DEBUG:Adding: <entity name="DoughsR44_zombieBusinessMan"/>
DEBUG:Adding: <entity name="DoughsR54_zombieFemaleFatRadiated" prob="0.6"/>
DEBUG:Adding: <entity name="DoughsR57_zombieSpiderFeral" prob="0.5"/>
DEBUG:Adding: <entity name="DoughsR58_zombieJanitorRadiated" prob="0.66"/>
DEBUG:Adding: <entity name="DoughsR59_zombieArleneFeral" prob="0.7"/>
DEBUG:Adding: <entity name="DoughsR65_zombieJanitor"/>
DEBUG:Adding: <entity name="DoughsR69_zombieOldTimerRadiated" prob="0.66"/>
DEBUG:Adding: <entity name="DoughsR71_zombieNurseFeral" prob="0.7"/>
DEBUG:Adding: <entity name="DoughsR75_zombieSkateboarderRadiated" prob="0.66"/>
DEBUG:Adding: <entity name="DoughsR79_zombieYoFeral" prob="0.7"/>
DEBUG:Adding: <entity name="DoughsR98_animalZombieDog"/>
DEBUG:ModletGen_AddZedsToEntityGroupsFile ENTITY GROUP: feralHordeStageGS715
DEBUG:Adding: <entity name="DoughsR10_zombieFemaleFatFeral" prob="0.6"/>
DEBUG:Adding: <entity name="DoughsR14_zombieSoldier" prob="1"/>
DEBUG:Adding: <entity name="DoughsR21_zombieSpiderRadiated" prob="0.6"/>
DEBUG:Adding: <entity name="DoughsR22_zombieWightRadiated" prob="0.5"/>
DEBUG:Adding: <entity name="DoughsR22_zombieWightRadiated" prob="0.6"/>
DEBUG:Adding: <entity name="DoughsR27_zombieFatCop" prob="0.7"/>
DEBUG:Adding: <entity name="DoughsR37_zombieMarleneFeral" prob="0.7"/>
DEBUG:Adding: <entity name="DoughsR39_zombieSkateboarderFeral" prob="0.7"/>
DEBUG:Adding: <entity name="DoughsR41_zombieYo"/>
DEBUG:Adding: <entity name="DoughsR44_zombieBusinessMan"/>
DEBUG:Adding: <entity name="DoughsR63_zombieFatCopFeral" prob="0.6"/>
DEBUG:Adding: <entity name="DoughsR65_zombieJanitor"/>
DEBUG:Adding: <entity name="DoughsR66_zombieDarleneRadiated" prob="0.66"/>
DEBUG:Adding: <entity name="DoughsR78_zombieSteveFeral" prob="0.7"/>
DEBUG:Adding: <entity name="DoughsR98_animalZombieDog"/>
DEBUG:ModletGen_AddZedsToEntityGroupsFile ENTITY GROUP: feralHordeStageGS726
DEBUG:Adding: <entity name="DoughsR16_zombieFemaleFat" prob="1"/>
DEBUG:Adding: <entity name="DoughsR21_zombieSpiderRadiated" prob="0.6"/>
DEBUG:Adding: <entity name="DoughsR28_zombieMarlene"/>
DEBUG:Adding: <entity name="DoughsR31_zombieArlene"/>
DEBUG:Adding: <entity name="DoughsR32_zombieMoeRadiated" prob="0.66"/>
DEBUG:Adding: <entity name="DoughsR34_zombieMarleneRadiated" prob="0.66"/>
DEBUG:Adding: <entity name="DoughsR39_zombieSkateboarderFeral" prob="0.7"/>
DEBUG:Adding: <entity name="DoughsR3_zombieFatCopRadiated" prob="0.5"/>
DEBUG:Adding: <entity name="DoughsR53_zombieJanitorFeral" prob="0.7"/>
DEBUG:Adding: <entity name="DoughsR66_zombieDarleneRadiated" prob="0.66"/>
DEBUG:Adding: <entity name="DoughsR71_zombieNurseFeral" prob="0.7"/>
DEBUG:Adding: <entity name="DoughsR75_zombieSkateboarderRadiated" prob="0.66"/>
DEBUG:Adding: <entity name="DoughsR76_zombieDemolition" prob="0.4"/>
DEBUG:Adding: <entity name="DoughsR78_zombieSteveFeral" prob="0.7"/>
DEBUG:Adding: <entity name="DoughsR8_zombieArleneRadiated" prob="0.66"/>
DEBUG:ModletGen_AddZedsToEntityGroupsFile ENTITY GROUP: feralHordeStageGS736
DEBUG:Adding: <entity name="DoughsR10_zombieFemaleFatFeral" prob="0.6"/>
DEBUG:Adding: <entity name="DoughsR11_zombieBoeFeral" prob="0.7"/>
DEBUG:Adding: <entity name="DoughsR14_zombieSoldier" prob="1"/>
DEBUG:Adding: <entity name="DoughsR16_zombieFemaleFat" prob="1"/>
DEBUG:Adding: <entity name="DoughsR21_zombieSpiderRadiated" prob="0.6"/>
DEBUG:Adding: <entity name="DoughsR2_zombieBusinessManFeral" prob="0.7"/>
DEBUG:Adding: <entity name="DoughsR36_zombieYoRadiated" prob="0.66"/>
DEBUG:Adding: <entity name="DoughsR52_zombieUtilityWorkerFeral" prob="0.7"/>
DEBUG:Adding: <entity name="DoughsR53_zombieJanitorFeral" prob="0.7"/>
DEBUG:Adding: <entity name="DoughsR55_zombieJoeRadiated" prob="0.66"/>
DEBUG:Adding: <entity name="DoughsR59_zombieArleneFeral" prob="0.7"/>
DEBUG:Adding: <entity name="DoughsR63_zombieFatCopFeral" prob="0.6"/>
DEBUG:Adding: <entity name="DoughsR66_zombieDarleneRadiated" prob="0.66"/>
DEBUG:Adding: <entity name="DoughsR7_zombieWightFeral" prob="0.6"/>
DEBUG:Adding: <entity name="DoughsR90_animalZombieVultureRadiated" prob="0.3"/>
DEBUG:ModletGen_AddZedsToEntityGroupsFile ENTITY GROUP: feralHordeStageGS74
DEBUG:Adding: <entity name="DoughsR12_zombieJoeFeral" prob="0.3"/>
DEBUG:Adding: <entity name="DoughsR14_zombieSoldier" prob="0.53"/>
DEBUG:Adding: <entity name="DoughsR16_zombieFemaleFat" prob="1"/>
DEBUG:Adding: <entity name="DoughsR24_zombieNurse"/>
DEBUG:Adding: <entity name="DoughsR27_zombieFatCop" prob="0.37"/>
DEBUG:Adding: <entity name="DoughsR31_zombieArlene"/>
DEBUG:Adding: <entity name="DoughsR37_zombieMarleneFeral" prob="0.44"/>
DEBUG:Adding: <entity name="DoughsR57_zombieSpiderFeral" prob="0.25"/>
DEBUG:Adding: <entity name="DoughsR59_zombieArleneFeral" prob="0.48"/>
DEBUG:Adding: <entity name="DoughsR61_zombieSkateboarder"/>
DEBUG:Adding: <entity name="DoughsR62_zombieDarlene"/>
DEBUG:Adding: <entity name="DoughsR65_zombieJanitor"/>
DEBUG:ModletGen_AddZedsToEntityGroupsFile ENTITY GROUP: feralHordeStageGS747
DEBUG:Adding: <entity name="DoughsR12_zombieJoeFeral" prob="0.7"/>
DEBUG:Adding: <entity name="DoughsR16_zombieFemaleFat" prob="1"/>
DEBUG:Adding: <entity name="DoughsR20_zombieSoldierRadiated" prob="0.5"/>
DEBUG:Adding: <entity name="DoughsR50_zombieBoeRadiated" prob="0.66"/>
DEBUG:Adding: <entity name="DoughsR53_zombieJanitorFeral" prob="0.7"/>
DEBUG:Adding: <entity name="DoughsR55_zombieJoeRadiated" prob="0.66"/>
DEBUG:Adding: <entity name="DoughsR57_zombieSpiderFeral" prob="0.5"/>
DEBUG:Adding: <entity name="DoughsR61_zombieSkateboarder"/>
DEBUG:Adding: <entity name="DoughsR62_zombieDarlene"/>
DEBUG:Adding: <entity name="DoughsR69_zombieOldTimerRadiated" prob="0.66"/>
DEBUG:Adding: <entity name="DoughsR71_zombieNurseFeral" prob="0.7"/>
DEBUG:Adding: <entity name="DoughsR74_zombieMoeFeral" prob="0.7"/>
DEBUG:Adding: <entity name="DoughsR7_zombieWightFeral" prob="0.6"/>
DEBUG:Adding: <entity name="DoughsR88_animalZombieVulture" prob="0.3"/>
DEBUG:Adding: <entity name="DoughsR98_animalZombieDog"/>
DEBUG:ModletGen_AddZedsToEntityGroupsFile ENTITY GROUP: feralHordeStageGS758
DEBUG:Adding: <entity name="DoughsR13_zombieSteve"/>
DEBUG:Adding: <entity name="DoughsR22_zombieWightRadiated" prob="0.5"/>
DEBUG:Adding: <entity name="DoughsR29_zombieBoe"/>
DEBUG:Adding: <entity name="DoughsR2_zombieBusinessManFeral" prob="0.7"/>
DEBUG:Adding: <entity name="DoughsR32_zombieMoeRadiated" prob="0.66"/>
DEBUG:Adding: <entity name="DoughsR45_zombieSpider" prob="0.7"/>
DEBUG:Adding: <entity name="DoughsR49_zombieMoe"/>
DEBUG:Adding: <entity name="DoughsR52_zombieUtilityWorkerFeral" prob="0.7"/>
DEBUG:Adding: <entity name="DoughsR54_zombieFemaleFatRadiated" prob="0.6"/>
DEBUG:Adding: <entity name="DoughsR55_zombieJoeRadiated" prob="0.66"/>
DEBUG:Adding: <entity name="DoughsR57_zombieSpiderFeral" prob="0.5"/>
DEBUG:Adding: <entity name="DoughsR62_zombieDarlene"/>
DEBUG:Adding: <entity name="DoughsR76_zombieDemolition" prob=".4"/>
DEBUG:Adding: <entity name="DoughsR7_zombieWightFeral" prob="0.6"/>
DEBUG:Adding: <entity name="DoughsR8_zombieArleneRadiated" prob="0.66"/>
DEBUG:ModletGen_AddZedsToEntityGroupsFile ENTITY GROUP: feralHordeStageGS769
DEBUG:Adding: <entity name="DoughsR11_zombieBoeFeral" prob="0.7"/>
DEBUG:Adding: <entity name="DoughsR16_zombieFemaleFat" prob="1"/>
DEBUG:Adding: <entity name="DoughsR22_zombieWightRadiated" prob="0.6"/>
DEBUG:Adding: <entity name="DoughsR24_zombieNurse"/>
DEBUG:Adding: <entity name="DoughsR36_zombieYoRadiated" prob="0.66"/>
DEBUG:Adding: <entity name="DoughsR37_zombieMarleneFeral" prob="0.7"/>
DEBUG:Adding: <entity name="DoughsR3_zombieFatCopRadiated" prob="0.5"/>
DEBUG:Adding: <entity name="DoughsR44_zombieBusinessMan"/>
DEBUG:Adding: <entity name="DoughsR48_zombieCheerleaderRadiated" prob="0.66"/>
DEBUG:Adding: <entity name="DoughsR54_zombieFemaleFatRadiated" prob="0.6"/>
DEBUG:Adding: <entity name="DoughsR61_zombieSkateboarder"/>
DEBUG:Adding: <entity name="DoughsR74_zombieMoeFeral" prob="0.7"/>
DEBUG:Adding: <entity name="DoughsR81_zombieSteveRadiated" prob="0.66"/>
DEBUG:Adding: <entity name="DoughsR86_zombieBikerRadiated" prob="0.6"/>
DEBUG:Adding: <entity name="DoughsR8_zombieArleneRadiated" prob="0.66"/>
DEBUG:ModletGen_AddZedsToEntityGroupsFile ENTITY GROUP: feralHordeStageGS780
DEBUG:Adding: <entity name="DoughsR11_zombieBoeFeral" prob="0.7"/>
DEBUG:Adding: <entity name="DoughsR27_zombieFatCop" prob="0.7"/>
DEBUG:Adding: <entity name="DoughsR29_zombieBoe"/>
DEBUG:Adding: <entity name="DoughsR32_zombieMoeRadiated" prob="0.66"/>
DEBUG:Adding: <entity name="DoughsR34_zombieMarleneRadiated" prob="0.66"/>
DEBUG:Adding: <entity name="DoughsR35_zombieJoe"/>
DEBUG:Adding: <entity name="DoughsR48_zombieCheerleaderRadiated" prob="0.66"/>
DEBUG:Adding: <entity name="DoughsR53_zombieJanitorFeral" prob="0.7"/>
DEBUG:Adding: <entity name="DoughsR54_zombieFemaleFatRadiated" prob="0.6"/>
DEBUG:Adding: <entity name="DoughsR57_zombieSpiderFeral" prob="0.5"/>
DEBUG:Adding: <entity name="DoughsR62_zombieDarlene"/>
DEBUG:Adding: <entity name="DoughsR66_zombieDarleneRadiated" prob="0.66"/>
DEBUG:Adding: <entity name="DoughsR71_zombieNurseFeral" prob="0.7"/>
DEBUG:Adding: <entity name="DoughsR74_zombieMoeFeral" prob="0.7"/>
DEBUG:Adding: <entity name="DoughsR98_animalZombieDog"/>
DEBUG:ModletGen_AddZedsToEntityGroupsFile ENTITY GROUP: feralHordeStageGS791
DEBUG:Adding: <entity name="DoughsR12_zombieJoeFeral" prob="0.7"/>
DEBUG:Adding: <entity name="DoughsR14_zombieSoldier" prob="1"/>
DEBUG:Adding: <entity name="DoughsR24_zombieNurse"/>
DEBUG:Adding: <entity name="DoughsR34_zombieMarleneRadiated" prob="0.66"/>
DEBUG:Adding: <entity name="DoughsR39_zombieSkateboarderFeral" prob="0.7"/>
DEBUG:Adding: <entity name="DoughsR3_zombieFatCopRadiated" prob="0.5"/>
DEBUG:Adding: <entity name="DoughsR49_zombieMoe"/>
DEBUG:Adding: <entity name="DoughsR56_zombieUtilityWorker"/>
DEBUG:Adding: <entity name="DoughsR57_zombieSpiderFeral" prob="0.5"/>
DEBUG:Adding: <entity name="DoughsR63_zombieFatCopFeral" prob="0.6"/>
DEBUG:Adding: <entity name="DoughsR66_zombieDarleneRadiated" prob="0.66"/>
DEBUG:Adding: <entity name="DoughsR71_zombieNurseFeral" prob="0.7"/>
DEBUG:Adding: <entity name="DoughsR75_zombieSkateboarderRadiated" prob="0.66"/>
DEBUG:Adding: <entity name="DoughsR76_zombieDemolition" prob="0.4"/>
DEBUG:Adding: <entity name="DoughsR98_animalZombieDog"/>
DEBUG:ModletGen_AddZedsToEntityGroupsFile ENTITY GROUP: feralHordeStageGS80
DEBUG:Adding: <entity name="DoughsR12_zombieJoeFeral" prob="0.34"/>
DEBUG:Adding: <entity name="DoughsR14_zombieSoldier" prob="0.57"/>
DEBUG:Adding: <entity name="DoughsR28_zombieMarlene"/>
DEBUG:Adding: <entity name="DoughsR31_zombieArlene"/>
DEBUG:Adding: <entity name="DoughsR51_zombieDarleneFeral" prob="0.5"/>
DEBUG:Adding: <entity name="DoughsR52_zombieUtilityWorkerFeral" prob="0.41"/>
DEBUG:Adding: <entity name="DoughsR56_zombieUtilityWorker"/>
DEBUG:Adding: <entity name="DoughsR57_zombieSpiderFeral" prob="0.28"/>
DEBUG:Adding: <entity name="DoughsR62_zombieDarlene"/>
DEBUG:Adding: <entity name="DoughsR65_zombieJanitor"/>
DEBUG:Adding: <entity name="DoughsR74_zombieMoeFeral" prob="0.24"/>
DEBUG:Adding: <entity name="DoughsR79_zombieYoFeral" prob="0.47"/>
DEBUG:ModletGen_AddZedsToEntityGroupsFile ENTITY GROUP: feralHordeStageGS802
DEBUG:Adding: <entity name="DoughsR12_zombieJoeFeral" prob="0.7"/>
DEBUG:Adding: <entity name="DoughsR21_zombieSpiderRadiated" prob="0.6"/>
DEBUG:Adding: <entity name="DoughsR22_zombieWightRadiated" prob="0.6"/>
DEBUG:Adding: <entity name="DoughsR24_zombieNurse"/>
DEBUG:Adding: <entity name="DoughsR36_zombieYoRadiated" prob="0.66"/>
DEBUG:Adding: <entity name="DoughsR3_zombieFatCopRadiated" prob="0.5"/>
DEBUG:Adding: <entity name="DoughsR49_zombieMoe"/>
DEBUG:Adding: <entity name="DoughsR50_zombieBoeRadiated" prob="0.66"/>
DEBUG:Adding: <entity name="DoughsR52_zombieUtilityWorkerFeral" prob="0.7"/>
DEBUG:Adding: <entity name="DoughsR55_zombieJoeRadiated" prob="0.66"/>
DEBUG:Adding: <entity name="DoughsR66_zombieDarleneRadiated" prob="0.66"/>
DEBUG:Adding: <entity name="DoughsR74_zombieMoeFeral" prob="0.7"/>
DEBUG:Adding: <entity name="DoughsR76_zombieDemolition" prob="0.4"/>
DEBUG:Adding: <entity name="DoughsR78_zombieSteveFeral" prob="0.7"/>
DEBUG:Adding: <entity name="DoughsR90_animalZombieVultureRadiated" prob="0.3"/>
DEBUG:ModletGen_AddZedsToEntityGroupsFile ENTITY GROUP: feralHordeStageGS813
DEBUG:Adding: <entity name="DoughsR12_zombieJoeFeral" prob="0.7"/>
DEBUG:Adding: <entity name="DoughsR22_zombieWightRadiated" prob="0.5"/>
DEBUG:Adding: <entity name="DoughsR28_zombieMarlene"/>
DEBUG:Adding: <entity name="DoughsR35_zombieJoe"/>
DEBUG:Adding: <entity name="DoughsR36_zombieYoRadiated" prob="0.66"/>
DEBUG:Adding: <entity name="DoughsR39_zombieSkateboarderFeral" prob="0.7"/>
DEBUG:Adding: <entity name="DoughsR44_zombieBusinessMan"/>
DEBUG:Adding: <entity name="DoughsR55_zombieJoeRadiated" prob="0.66"/>
DEBUG:Adding: <entity name="DoughsR56_zombieUtilityWorker"/>
DEBUG:Adding: <entity name="DoughsR58_zombieJanitorRadiated" prob="0.66"/>
DEBUG:Adding: <entity name="DoughsR61_zombieSkateboarder"/>
DEBUG:Adding: <entity name="DoughsR74_zombieMoeFeral" prob="0.7"/>
DEBUG:Adding: <entity name="DoughsR78_zombieSteveFeral" prob="0.7"/>
DEBUG:Adding: <entity name="DoughsR88_animalZombieVulture" prob="0.3"/>
DEBUG:ModletGen_AddZedsToEntityGroupsFile ENTITY GROUP: feralHordeStageGS824
DEBUG:Adding: <entity name="DoughsR13_zombieSteve"/>
DEBUG:Adding: <entity name="DoughsR41_zombieYo"/>
DEBUG:Adding: <entity name="DoughsR49_zombieMoe"/>
DEBUG:Adding: <entity name="DoughsR53_zombieJanitorFeral" prob="0.7"/>
DEBUG:Adding: <entity name="DoughsR54_zombieFemaleFatRadiated" prob="0.6"/>
DEBUG:Adding: <entity name="DoughsR56_zombieUtilityWorker"/>
DEBUG:Adding: <entity name="DoughsR57_zombieSpiderFeral" prob="0.5"/>
DEBUG:Adding: <entity name="DoughsR62_zombieDarlene"/>
DEBUG:Adding: <entity name="DoughsR66_zombieDarleneRadiated" prob="0.66"/>
DEBUG:Adding: <entity name="DoughsR74_zombieMoeFeral" prob="0.7"/>
DEBUG:Adding: <entity name="DoughsR76_zombieDemolition" prob="0.4"/>
DEBUG:Adding: <entity name="DoughsR79_zombieYoFeral" prob="0.7"/>
DEBUG:Adding: <entity name="DoughsR7_zombieWightFeral" prob="0.6"/>
DEBUG:Adding: <entity name="DoughsR90_animalZombieVultureRadiated" prob="0.3"/>
DEBUG:Adding: <entity name="DoughsR98_animalZombieDog"/>
DEBUG:ModletGen_AddZedsToEntityGroupsFile ENTITY GROUP: feralHordeStageGS836
DEBUG:Adding: <entity name="DoughsR10_zombieFemaleFatFeral" prob="0.6"/>
DEBUG:Adding: <entity name="DoughsR16_zombieFemaleFat" prob="1"/>
DEBUG:Adding: <entity name="DoughsR20_zombieSoldierRadiated" prob="0.5"/>
DEBUG:Adding: <entity name="DoughsR28_zombieMarlene"/>
DEBUG:Adding: <entity name="DoughsR35_zombieJoe"/>
DEBUG:Adding: <entity name="DoughsR44_zombieBusinessMan"/>
DEBUG:Adding: <entity name="DoughsR49_zombieMoe"/>
DEBUG:Adding: <entity name="DoughsR53_zombieJanitorFeral" prob="0.7"/>
DEBUG:Adding: <entity name="DoughsR58_zombieJanitorRadiated" prob="0.66"/>
DEBUG:Adding: <entity name="DoughsR61_zombieSkateboarder"/>
DEBUG:Adding: <entity name="DoughsR65_zombieJanitor"/>
DEBUG:Adding: <entity name="DoughsR79_zombieYoFeral" prob="0.7"/>
DEBUG:Adding: <entity name="DoughsR81_zombieSteveRadiated" prob="0.66"/>
DEBUG:Adding: <entity name="DoughsR86_zombieBikerRadiated" prob="0.6"/>
DEBUG:Adding: <entity name="DoughsR90_animalZombieVultureRadiated" prob="0.3"/>
DEBUG:ModletGen_AddZedsToEntityGroupsFile ENTITY GROUP: feralHordeStageGS847
DEBUG:Adding: <entity name="DoughsR11_zombieBoeFeral" prob="0.7"/>
DEBUG:Adding: <entity name="DoughsR16_zombieFemaleFat" prob="1"/>
DEBUG:Adding: <entity name="DoughsR21_zombieSpiderRadiated" prob="0.6"/>
DEBUG:Adding: <entity name="DoughsR22_zombieWightRadiated" prob="0.6"/>
DEBUG:Adding: <entity name="DoughsR27_zombieFatCop" prob="0.7"/>
DEBUG:Adding: <entity name="DoughsR28_zombieMarlene"/>
DEBUG:Adding: <entity name="DoughsR3_zombieFatCopRadiated" prob="0.5"/>
DEBUG:Adding: <entity name="DoughsR53_zombieJanitorFeral" prob="0.7"/>
DEBUG:Adding: <entity name="DoughsR62_zombieDarlene"/>
DEBUG:Adding: <entity name="DoughsR65_zombieJanitor"/>
DEBUG:Adding: <entity name="DoughsR71_zombieNurseFeral" prob="0.7"/>
DEBUG:Adding: <entity name="DoughsR74_zombieMoeFeral" prob="0.7"/>
DEBUG:Adding: <entity name="DoughsR86_zombieBikerRadiated" prob="0.6"/>
DEBUG:Adding: <entity name="DoughsR88_animalZombieVulture" prob="0.3"/>
DEBUG:Adding: <entity name="DoughsR8_zombieArleneRadiated" prob="0.66"/>
DEBUG:ModletGen_AddZedsToEntityGroupsFile ENTITY GROUP: feralHordeStageGS85
DEBUG:Adding: <entity name="DoughsR10_zombieFemaleFatFeral" prob="0.27"/>
DEBUG:Adding: <entity name="DoughsR11_zombieBoeFeral" prob="0.33"/>
DEBUG:Adding: <entity name="DoughsR12_zombieJoeFeral" prob="0.38"/>
DEBUG:Adding: <entity name="DoughsR29_zombieBoe"/>
DEBUG:Adding: <entity name="DoughsR39_zombieSkateboarderFeral" prob="0.4"/>
DEBUG:Adding: <entity name="DoughsR41_zombieYo"/>
DEBUG:Adding: <entity name="DoughsR52_zombieUtilityWorkerFeral" prob="0.45"/>
DEBUG:Adding: <entity name="DoughsR62_zombieDarlene"/>
DEBUG:Adding: <entity name="DoughsR74_zombieMoeFeral" prob="0.27"/>
DEBUG:Adding: <entity name="DoughsR78_zombieSteveFeral" prob="0.49"/>
DEBUG:Adding: <entity name="DoughsR79_zombieYoFeral" prob="0.5"/>
DEBUG:Adding: <entity name="DoughsR98_animalZombieDog"/>
DEBUG:ModletGen_AddZedsToEntityGroupsFile ENTITY GROUP: feralHordeStageGS858
DEBUG:Adding: <entity name="DoughsR12_zombieJoeFeral" prob="0.7"/>
DEBUG:Adding: <entity name="DoughsR21_zombieSpiderRadiated" prob="0.6"/>
DEBUG:Adding: <entity name="DoughsR22_zombieWightRadiated" prob="0.5"/>
DEBUG:Adding: <entity name="DoughsR3_zombieFatCopRadiated" prob="0.5"/>
DEBUG:Adding: <entity name="DoughsR41_zombieYo"/>
DEBUG:Adding: <entity name="DoughsR44_zombieBusinessMan"/>
DEBUG:Adding: <entity name="DoughsR51_zombieDarleneFeral" prob="0.7"/>
DEBUG:Adding: <entity name="DoughsR55_zombieJoeRadiated" prob="0.66"/>
DEBUG:Adding: <entity name="DoughsR58_zombieJanitorRadiated" prob="0.66"/>
DEBUG:Adding: <entity name="DoughsR59_zombieArleneFeral" prob="0.7"/>
DEBUG:Adding: <entity name="DoughsR74_zombieMoeFeral" prob="0.7"/>
DEBUG:Adding: <entity name="DoughsR76_zombieDemolition" prob="0.4"/>
DEBUG:Adding: <entity name="DoughsR7_zombieWightFeral" prob="0.6"/>
DEBUG:Adding: <entity name="DoughsR86_zombieBikerRadiated" prob="0.6"/>
DEBUG:Adding: <entity name="DoughsR88_animalZombieVulture" prob="0.3"/>
DEBUG:ModletGen_AddZedsToEntityGroupsFile ENTITY GROUP: feralHordeStageGS870
DEBUG:Adding: <entity name="DoughsR10_zombieFemaleFatFeral" prob="0.6"/>
DEBUG:Adding: <entity name="DoughsR11_zombieBoeFeral" prob="0.7"/>
DEBUG:Adding: <entity name="DoughsR12_zombieJoeFeral" prob="0.7"/>
DEBUG:Adding: <entity name="DoughsR27_zombieFatCop" prob="0.7"/>
DEBUG:Adding: <entity name="DoughsR28_zombieMarlene"/>
DEBUG:Adding: <entity name="DoughsR29_zombieBoe"/>
DEBUG:Adding: <entity name="DoughsR32_zombieMoeRadiated" prob="0.66"/>
DEBUG:Adding: <entity name="DoughsR35_zombieJoe"/>
DEBUG:Adding: <entity name="DoughsR36_zombieYoRadiated" prob="0.66"/>
DEBUG:Adding: <entity name="DoughsR39_zombieSkateboarderFeral" prob="0.7"/>
DEBUG:Adding: <entity name="DoughsR48_zombieCheerleaderRadiated" prob="0.66"/>
DEBUG:Adding: <entity name="DoughsR54_zombieFemaleFatRadiated" prob="0.6"/>
DEBUG:Adding: <entity name="DoughsR59_zombieArleneFeral" prob="0.7"/>
DEBUG:Adding: <entity name="DoughsR63_zombieFatCopFeral" prob="0.6"/>
DEBUG:Adding: <entity name="DoughsR90_animalZombieVultureRadiated" prob="0.3"/>
DEBUG:ModletGen_AddZedsToEntityGroupsFile ENTITY GROUP: feralHordeStageGS881
DEBUG:Adding: <entity name="DoughsR12_zombieJoeFeral" prob="0.7"/>
DEBUG:Adding: <entity name="DoughsR14_zombieSoldier" prob="1"/>
DEBUG:Adding: <entity name="DoughsR16_zombieFemaleFat" prob="1"/>
DEBUG:Adding: <entity name="DoughsR20_zombieSoldierRadiated" prob="0.5"/>
DEBUG:Adding: <entity name="DoughsR22_zombieWightRadiated" prob="0.6"/>
DEBUG:Adding: <entity name="DoughsR27_zombieFatCop" prob="0.7"/>
DEBUG:Adding: <entity name="DoughsR32_zombieMoeRadiated" prob="0.66"/>
DEBUG:Adding: <entity name="DoughsR3_zombieFatCopRadiated" prob="0.5"/>
DEBUG:Adding: <entity name="DoughsR45_zombieSpider" prob="0.7"/>
DEBUG:Adding: <entity name="DoughsR56_zombieUtilityWorker"/>
DEBUG:Adding: <entity name="DoughsR59_zombieArleneFeral" prob="0.7"/>
DEBUG:Adding: <entity name="DoughsR71_zombieNurseFeral" prob="0.7"/>
DEBUG:Adding: <entity name="DoughsR79_zombieYoFeral" prob="0.7"/>
DEBUG:Adding: <entity name="DoughsR81_zombieSteveRadiated" prob="0.66"/>
DEBUG:Adding: <entity name="DoughsR90_animalZombieVultureRadiated" prob="0.3"/>
DEBUG:ModletGen_AddZedsToEntityGroupsFile ENTITY GROUP: feralHordeStageGS893
DEBUG:Adding: <entity name="DoughsR29_zombieBoe"/>
DEBUG:Adding: <entity name="DoughsR31_zombieArlene"/>
DEBUG:Adding: <entity name="DoughsR32_zombieMoeRadiated" prob="0.66"/>
DEBUG:Adding: <entity name="DoughsR34_zombieMarleneRadiated" prob="0.66"/>
DEBUG:Adding: <entity name="DoughsR3_zombieFatCopRadiated" prob="0.5"/>
DEBUG:Adding: <entity name="DoughsR49_zombieMoe"/>
DEBUG:Adding: <entity name="DoughsR50_zombieBoeRadiated" prob="0.66"/>
DEBUG:Adding: <entity name="DoughsR54_zombieFemaleFatRadiated" prob="0.6"/>
DEBUG:Adding: <entity name="DoughsR55_zombieJoeRadiated" prob="0.66"/>
DEBUG:Adding: <entity name="DoughsR58_zombieJanitorRadiated" prob="0.66"/>
DEBUG:Adding: <entity name="DoughsR63_zombieFatCopFeral" prob="0.6"/>
DEBUG:Adding: <entity name="DoughsR65_zombieJanitor"/>
DEBUG:Adding: <entity name="DoughsR76_zombieDemolition" prob="0.4"/>
DEBUG:Adding: <entity name="DoughsR7_zombieWightFeral" prob="0.6"/>
DEBUG:Adding: <entity name="DoughsR88_animalZombieVulture" prob="0.3"/>
DEBUG:ModletGen_AddZedsToEntityGroupsFile ENTITY GROUP: feralHordeStageGS904
DEBUG:Adding: <entity name="DoughsR11_zombieBoeFeral" prob="0.7"/>
DEBUG:Adding: <entity name="DoughsR12_zombieJoeFeral" prob="0.7"/>
DEBUG:Adding: <entity name="DoughsR13_zombieSteve"/>
DEBUG:Adding: <entity name="DoughsR21_zombieSpiderRadiated" prob="0.6"/>
DEBUG:Adding: <entity name="DoughsR29_zombieBoe"/>
DEBUG:Adding: <entity name="DoughsR2_zombieBusinessManFeral" prob="0.7"/>
DEBUG:Adding: <entity name="DoughsR31_zombieArlene"/>
DEBUG:Adding: <entity name="DoughsR32_zombieMoeRadiated" prob="0.66"/>
DEBUG:Adding: <entity name="DoughsR36_zombieYoRadiated" prob="0.66"/>
DEBUG:Adding: <entity name="DoughsR39_zombieSkateboarderFeral" prob="0.7"/>
DEBUG:Adding: <entity name="DoughsR3_zombieFatCopRadiated" prob="0.5"/>
DEBUG:Adding: <entity name="DoughsR59_zombieArleneFeral" prob="0.7"/>
DEBUG:Adding: <entity name="DoughsR65_zombieJanitor"/>
DEBUG:Adding: <entity name="DoughsR66_zombieDarleneRadiated" prob="0.66"/>
DEBUG:Adding: <entity name="DoughsR76_zombieDemolition" prob="0.4"/>
DEBUG:ModletGen_AddZedsToEntityGroupsFile ENTITY GROUP: feralHordeStageGS91
DEBUG:Adding: <entity name="DoughsR11_zombieBoeFeral" prob="0.37"/>
DEBUG:Adding: <entity name="DoughsR14_zombieSoldier" prob="0.65"/>
DEBUG:Adding: <entity name="DoughsR29_zombieBoe"/>
DEBUG:Adding: <entity name="DoughsR31_zombieArlene"/>
DEBUG:Adding: <entity name="DoughsR37_zombieMarleneFeral" prob="0.56"/>
DEBUG:Adding: <entity name="DoughsR39_zombieSkateboarderFeral" prob="0.44"/>
DEBUG:Adding: <entity name="DoughsR41_zombieYo"/>
DEBUG:Adding: <entity name="DoughsR49_zombieMoe"/>
DEBUG:Adding: <entity name="DoughsR61_zombieSkateboarder"/>
DEBUG:Adding: <entity name="DoughsR71_zombieNurseFeral" prob="0.51"/>
DEBUG:Adding: <entity name="DoughsR79_zombieYoFeral" prob="0.55"/>
DEBUG:Adding: <entity name="DoughsR90_animalZombieVultureRadiated" prob="0.16"/>
DEBUG:ModletGen_AddZedsToEntityGroupsFile ENTITY GROUP: feralHordeStageGS916
DEBUG:Adding: <entity name="DoughsR12_zombieJoeFeral" prob="0.7"/>
DEBUG:Adding: <entity name="DoughsR29_zombieBoe"/>
DEBUG:Adding: <entity name="DoughsR31_zombieArlene"/>
DEBUG:Adding: <entity name="DoughsR36_zombieYoRadiated" prob="0.66"/>
DEBUG:Adding: <entity name="DoughsR37_zombieMarleneFeral" prob="0.7"/>
DEBUG:Adding: <entity name="DoughsR39_zombieSkateboarderFeral" prob="0.7"/>
DEBUG:Adding: <entity name="DoughsR3_zombieFatCopRadiated" prob="0.5"/>
DEBUG:Adding: <entity name="DoughsR45_zombieSpider" prob="0.7"/>
DEBUG:Adding: <entity name="DoughsR49_zombieMoe"/>
DEBUG:Adding: <entity name="DoughsR54_zombieFemaleFatRadiated" prob="0.6"/>
DEBUG:Adding: <entity name="DoughsR58_zombieJanitorRadiated" prob="0.66"/>
DEBUG:Adding: <entity name="DoughsR59_zombieArleneFeral" prob="0.7"/>
DEBUG:Adding: <entity name="DoughsR63_zombieFatCopFeral" prob="0.6"/>
DEBUG:Adding: <entity name="DoughsR8_zombieArleneRadiated" prob="0.66"/>
DEBUG:ModletGen_AddZedsToEntityGroupsFile ENTITY GROUP: feralHordeStageGS927
DEBUG:Adding: <entity name="DoughsR14_zombieSoldier" prob="1"/>
DEBUG:Adding: <entity name="DoughsR22_zombieWightRadiated" prob="0.5"/>
DEBUG:Adding: <entity name="DoughsR29_zombieBoe"/>
DEBUG:Adding: <entity name="DoughsR3_zombieFatCopRadiated" prob="0.5"/>
DEBUG:Adding: <entity name="DoughsR50_zombieBoeRadiated" prob="0.66"/>
DEBUG:Adding: <entity name="DoughsR54_zombieFemaleFatRadiated" prob="0.6"/>
DEBUG:Adding: <entity name="DoughsR55_zombieJoeRadiated" prob="0.66"/>
DEBUG:Adding: <entity name="DoughsR56_zombieUtilityWorker"/>
DEBUG:Adding: <entity name="DoughsR75_zombieSkateboarderRadiated" prob="0.66"/>
DEBUG:Adding: <entity name="DoughsR76_zombieDemolition" prob="0.4"/>
DEBUG:Adding: <entity name="DoughsR78_zombieSteveFeral" prob="0.7"/>
DEBUG:Adding: <entity name="DoughsR81_zombieSteveRadiated" prob="0.66"/>
DEBUG:Adding: <entity name="DoughsR86_zombieBikerRadiated" prob="0.6"/>
DEBUG:Adding: <entity name="DoughsR8_zombieArleneRadiated" prob="0.66"/>
DEBUG:Adding: <entity name="DoughsR98_animalZombieDog"/>
DEBUG:ModletGen_AddZedsToEntityGroupsFile ENTITY GROUP: feralHordeStageGS939
DEBUG:Adding: <entity name="DoughsR10_zombieFemaleFatFeral" prob="0.6"/>
DEBUG:Adding: <entity name="DoughsR11_zombieBoeFeral" prob="0.7"/>
DEBUG:Adding: <entity name="DoughsR13_zombieSteve"/>
DEBUG:Adding: <entity name="DoughsR14_zombieSoldier" prob="1"/>
DEBUG:Adding: <entity name="DoughsR22_zombieWightRadiated" prob="0.5"/>
DEBUG:Adding: <entity name="DoughsR3_zombieFatCopRadiated" prob="0.5"/>
DEBUG:Adding: <entity name="DoughsR41_zombieYo"/>
DEBUG:Adding: <entity name="DoughsR51_zombieDarleneFeral" prob="0.7"/>
DEBUG:Adding: <entity name="DoughsR59_zombieArleneFeral" prob="0.7"/>
DEBUG:Adding: <entity name="DoughsR63_zombieFatCopFeral" prob="0.6"/>
DEBUG:Adding: <entity name="DoughsR75_zombieSkateboarderRadiated" prob="0.66"/>
DEBUG:Adding: <entity name="DoughsR76_zombieDemolition" prob="0.4"/>
DEBUG:Adding: <entity name="DoughsR7_zombieWightFeral" prob="0.6"/>
DEBUG:Adding: <entity name="DoughsR81_zombieSteveRadiated" prob="0.66"/>
DEBUG:Adding: <entity name="DoughsR98_animalZombieDog"/>
DEBUG:ModletGen_AddZedsToEntityGroupsFile ENTITY GROUP: feralHordeStageGS951
DEBUG:Adding: <entity name="DoughsR14_zombieSoldier" prob="1"/>
DEBUG:Adding: <entity name="DoughsR20_zombieSoldierRadiated" prob="0.5"/>
DEBUG:Adding: <entity name="DoughsR22_zombieWightRadiated" prob="0.6"/>
DEBUG:Adding: <entity name="DoughsR2_zombieBusinessManFeral" prob="0.7"/>
DEBUG:Adding: <entity name="DoughsR32_zombieMoeRadiated" prob="0.66"/>
DEBUG:Adding: <entity name="DoughsR45_zombieSpider" prob="0.7"/>
DEBUG:Adding: <entity name="DoughsR49_zombieMoe"/>
DEBUG:Adding: <entity name="DoughsR51_zombieDarleneFeral" prob="0.7"/>
DEBUG:Adding: <entity name="DoughsR55_zombieJoeRadiated" prob="0.66"/>
DEBUG:Adding: <entity name="DoughsR59_zombieArleneFeral" prob="0.7"/>
DEBUG:Adding: <entity name="DoughsR65_zombieJanitor"/>
DEBUG:Adding: <entity name="DoughsR75_zombieSkateboarderRadiated" prob="0.66"/>
DEBUG:Adding: <entity name="DoughsR79_zombieYoFeral" prob="0.7"/>
DEBUG:Adding: <entity name="DoughsR81_zombieSteveRadiated" prob="0.66"/>
DEBUG:Adding: <entity name="DoughsR88_animalZombieVulture" prob="0.3"/>
DEBUG:ModletGen_AddZedsToEntityGroupsFile ENTITY GROUP: feralHordeStageGS962
DEBUG:Adding: <entity name="DoughsR10_zombieFemaleFatFeral" prob="0.6"/>
DEBUG:Adding: <entity name="DoughsR14_zombieSoldier" prob="1"/>
DEBUG:Adding: <entity name="DoughsR16_zombieFemaleFat" prob="1"/>
DEBUG:Adding: <entity name="DoughsR32_zombieMoeRadiated" prob="0.66"/>
DEBUG:Adding: <entity name="DoughsR37_zombieMarleneFeral" prob="0.7"/>
DEBUG:Adding: <entity name="DoughsR39_zombieSkateboarderFeral" prob="0.7"/>
DEBUG:Adding: <entity name="DoughsR3_zombieFatCopRadiated" prob="0.5"/>
DEBUG:Adding: <entity name="DoughsR44_zombieBusinessMan"/>
DEBUG:Adding: <entity name="DoughsR48_zombieCheerleaderRadiated" prob="0.66"/>
DEBUG:Adding: <entity name="DoughsR50_zombieBoeRadiated" prob="0.66"/>
DEBUG:Adding: <entity name="DoughsR63_zombieFatCopFeral" prob="0.6"/>
DEBUG:Adding: <entity name="DoughsR74_zombieMoeFeral" prob="0.7"/>
DEBUG:Adding: <entity name="DoughsR75_zombieSkateboarderRadiated" prob="0.66"/>
DEBUG:Adding: <entity name="DoughsR78_zombieSteveFeral" prob="0.7"/>
DEBUG:Adding: <entity name="DoughsR7_zombieWightFeral" prob="0.6"/>
DEBUG:ModletGen_AddZedsToEntityGroupsFile ENTITY GROUP: feralHordeStageGS97
DEBUG:Adding: <entity name="DoughsR12_zombieJoeFeral" prob="0.46"/>
DEBUG:Adding: <entity name="DoughsR14_zombieSoldier" prob="0.69"/>
DEBUG:Adding: <entity name="DoughsR21_zombieSpiderRadiated" prob="0.09"/>
DEBUG:Adding: <entity name="DoughsR35_zombieJoe"/>
DEBUG:Adding: <entity name="DoughsR39_zombieSkateboarderFeral" prob="0.48"/>
DEBUG:Adding: <entity name="DoughsR51_zombieDarleneFeral" prob="0.63"/>
DEBUG:Adding: <entity name="DoughsR56_zombieUtilityWorker"/>
DEBUG:Adding: <entity name="DoughsR59_zombieArleneFeral" prob="0.64"/>
DEBUG:Adding: <entity name="DoughsR65_zombieJanitor"/>
DEBUG:Adding: <entity name="DoughsR74_zombieMoeFeral" prob="0.36"/>
DEBUG:Adding: <entity name="DoughsR88_animalZombieVulture" prob="0.3"/>
DEBUG:Adding: <entity name="DoughsR90_animalZombieVultureRadiated" prob="0.18"/>
DEBUG:ModletGen_AddZedsToEntityGroupsFile ENTITY GROUP: feralHordeStageGS974
DEBUG:Adding: <entity name="DoughsR11_zombieBoeFeral" prob="0.7"/>
DEBUG:Adding: <entity name="DoughsR13_zombieSteve"/>
DEBUG:Adding: <entity name="DoughsR16_zombieFemaleFat" prob="1"/>
DEBUG:Adding: <entity name="DoughsR22_zombieWightRadiated" prob="0.6"/>
DEBUG:Adding: <entity name="DoughsR35_zombieJoe"/>
DEBUG:Adding: <entity name="DoughsR3_zombieFatCopRadiated" prob="0.5"/>
DEBUG:Adding: <entity name="DoughsR52_zombieUtilityWorkerFeral" prob="0.7"/>
DEBUG:Adding: <entity name="DoughsR55_zombieJoeRadiated" prob="0.66"/>
DEBUG:Adding: <entity name="DoughsR58_zombieJanitorRadiated" prob="0.66"/>
DEBUG:Adding: <entity name="DoughsR69_zombieOldTimerRadiated" prob="0.66"/>
DEBUG:Adding: <entity name="DoughsR71_zombieNurseFeral" prob="0.7"/>
DEBUG:Adding: <entity name="DoughsR76_zombieDemolition" prob="0.4"/>
DEBUG:Adding: <entity name="DoughsR7_zombieWightFeral" prob="0.6"/>
DEBUG:Adding: <entity name="DoughsR90_animalZombieVultureRadiated" prob="0.3"/>
DEBUG:Adding: <entity name="DoughsR98_animalZombieDog"/>
DEBUG:ModletGen_AddZedsToEntityGroupsFile ENTITY GROUP: feralHordeStageGS986
DEBUG:Adding: <entity name="DoughsR10_zombieFemaleFatFeral" prob="0.6"/>
DEBUG:Adding: <entity name="DoughsR11_zombieBoeFeral" prob="0.7"/>
DEBUG:Adding: <entity name="DoughsR20_zombieSoldierRadiated" prob="0.5"/>
DEBUG:Adding: <entity name="DoughsR22_zombieWightRadiated" prob="0.6"/>
DEBUG:Adding: <entity name="DoughsR44_zombieBusinessMan"/>
DEBUG:Adding: <entity name="DoughsR52_zombieUtilityWorkerFeral" prob="0.7"/>
DEBUG:Adding: <entity name="DoughsR53_zombieJanitorFeral" prob="0.7"/>
DEBUG:Adding: <entity name="DoughsR61_zombieSkateboarder"/>
DEBUG:Adding: <entity name="DoughsR69_zombieOldTimerRadiated" prob="0.66"/>
DEBUG:Adding: <entity name="DoughsR71_zombieNurseFeral" prob="0.7"/>
DEBUG:Adding: <entity name="DoughsR74_zombieMoeFeral" prob="0.7"/>
DEBUG:Adding: <entity name="DoughsR75_zombieSkateboarderRadiated" prob="0.66"/>
DEBUG:Adding: <entity name="DoughsR88_animalZombieVulture" prob="0.3"/>
DEBUG:Adding: <entity name="DoughsR8_zombieArleneRadiated" prob="0.66"/>
DEBUG:Adding: <entity name="DoughsR98_animalZombieDog"/>
DEBUG:ModletGen_AddZedsToEntityGroupsFile ENTITY GROUP: feralHordeStageGS998
DEBUG:Adding: <entity name="DoughsR11_zombieBoeFeral" prob="0.7"/>
DEBUG:Adding: <entity name="DoughsR16_zombieFemaleFat" prob="1"/>
DEBUG:Adding: <entity name="DoughsR22_zombieWightRadiated" prob="0.6"/>
DEBUG:Adding: <entity name="DoughsR31_zombieArlene"/>
DEBUG:Adding: <entity name="DoughsR35_zombieJoe"/>
DEBUG:Adding: <entity name="DoughsR3_zombieFatCopRadiated" prob="0.5"/>
DEBUG:Adding: <entity name="DoughsR3_zombieFatCopRadiated" prob="0.5"/>
DEBUG:Adding: <entity name="DoughsR44_zombieBusinessMan"/>
DEBUG:Adding: <entity name="DoughsR52_zombieUtilityWorkerFeral" prob="0.7"/>
DEBUG:Adding: <entity name="DoughsR53_zombieJanitorFeral" prob="0.7"/>
DEBUG:Adding: <entity name="DoughsR66_zombieDarleneRadiated" prob="0.66"/>
DEBUG:Adding: <entity name="DoughsR75_zombieSkateboarderRadiated" prob="0.66"/>
DEBUG:Adding: <entity name="DoughsR76_zombieDemolition" prob="0.4"/>
DEBUG:Adding: <entity name="DoughsR78_zombieSteveFeral" prob="0.7"/>
DEBUG:Adding: <entity name="DoughsR98_animalZombieDog"/>
DEBUG:ModletGen_AddZedsToEntityGroupsFile ENTITY GROUP: scoutHordeStageGS1
DEBUG:Adding: <entity name="DoughsR13_zombieSteve"/>
DEBUG:Adding: <entity name="DoughsR16_zombieFemaleFat"/>
DEBUG:Adding: <entity name="DoughsR28_zombieMarlene"/>
DEBUG:Adding: <entity name="DoughsR29_zombieBoe"/>
DEBUG:Adding: <entity name="DoughsR31_zombieArlene"/>
DEBUG:Adding: <entity name="DoughsR35_zombieJoe"/>
DEBUG:Adding: <entity name="DoughsR41_zombieYo"/>
DEBUG:Adding: <entity name="DoughsR49_zombieMoe"/>
DEBUG:Adding: <entity name="DoughsR62_zombieDarlene"/>
DEBUG:Adding: <entity name="DoughsR64_zombieCheerleader"/>
DEBUG:Adding: <entity name="DoughsR65_zombieJanitor"/>
DEBUG:ModletGen_AddZedsToEntityGroupsFile ENTITY GROUP: scoutHordeStageGS1000
DEBUG:Adding: <entity name="DoughsR11_zombieBoeFeral" prob="0.7"/>
DEBUG:Adding: <entity name="DoughsR13_zombieSteve"/>
DEBUG:Adding: <entity name="DoughsR31_zombieArlene"/>
DEBUG:Adding: <entity name="DoughsR39_zombieSkateboarderFeral" prob="0.7"/>
DEBUG:Adding: <entity name="DoughsR53_zombieJanitorFeral" prob="0.7"/>
DEBUG:Adding: <entity name="DoughsR56_zombieUtilityWorker"/>
DEBUG:Adding: <entity name="DoughsR57_zombieSpiderFeral" prob="0.6"/>
DEBUG:Adding: <entity name="DoughsR58_zombieJanitorRadiated" prob="0.66"/>
DEBUG:Adding: <entity name="DoughsR61_zombieSkateboarder"/>
DEBUG:Adding: <entity name="DoughsR63_zombieFatCopFeral" prob="0.5"/>
DEBUG:Adding: <entity name="DoughsR68_zombieScreamer" prob="0.5"/>
DEBUG:ModletGen_AddZedsToEntityGroupsFile ENTITY GROUP: scoutHordeStageGS1015
DEBUG:Adding: <entity name="DoughsR27_zombieFatCop" prob="0.7"/>
DEBUG:Adding: <entity name="DoughsR31_zombieArlene"/>
DEBUG:Adding: <entity name="DoughsR35_zombieJoe"/>
DEBUG:Adding: <entity name="DoughsR55_zombieJoeRadiated" prob="0.66"/>
DEBUG:Adding: <entity name="DoughsR61_zombieSkateboarder"/>
DEBUG:Adding: <entity name="DoughsR63_zombieFatCopFeral" prob="0.5"/>
DEBUG:Adding: <entity name="DoughsR78_zombieSteveFeral" prob="0.7"/>
DEBUG:Adding: <entity name="DoughsR7_zombieWightFeral" prob="0.5"/>
DEBUG:Adding: <entity name="DoughsR88_animalZombieVulture" prob="0.3"/>
DEBUG:Adding: <entity name="DoughsR8_zombieArleneRadiated" prob="0.66"/>
DEBUG:Adding: <entity name="DoughsR98_animalZombieDog"/>
DEBUG:ModletGen_AddZedsToEntityGroupsFile ENTITY GROUP: scoutHordeStageGS103
DEBUG:Adding: <entity name="DoughsR19_zombieScreamerFeral" prob="0.35"/>
DEBUG:Adding: <entity name="DoughsR21_zombieSpiderRadiated" prob="0.02"/>
DEBUG:Adding: <entity name="DoughsR2_zombieBusinessManFeral" prob="0.44"/>
DEBUG:Adding: <entity name="DoughsR44_zombieBusinessMan"/>
DEBUG:Adding: <entity name="DoughsR45_zombieSpider" prob="0.65"/>
DEBUG:Adding: <entity name="DoughsR46_zombieFootballPlayer"/>
DEBUG:Adding: <entity name="DoughsR56_zombieUtilityWorker"/>
DEBUG:Adding: <entity name="DoughsR61_zombieSkateboarder"/>
DEBUG:Adding: <entity name="DoughsR62_zombieDarlene"/>
DEBUG:Adding: <entity name="DoughsR68_zombieScreamer" prob="0.5"/>
DEBUG:Adding: <entity name="DoughsR78_zombieSteveFeral" prob="0.51"/>
DEBUG:ModletGen_AddZedsToEntityGroupsFile ENTITY GROUP: scoutHordeStageGS1030
DEBUG:Adding: <entity name="DoughsR25_zombieBiker"/>
DEBUG:Adding: <entity name="DoughsR2_zombieBusinessManFeral" prob="0.7"/>
DEBUG:Adding: <entity name="DoughsR35_zombieJoe"/>
DEBUG:Adding: <entity name="DoughsR48_zombieCheerleaderRadiated" prob="0.66"/>
DEBUG:Adding: <entity name="DoughsR49_zombieMoe"/>
DEBUG:Adding: <entity name="DoughsR54_zombieFemaleFatRadiated" prob="0.6"/>
DEBUG:Adding: <entity name="DoughsR63_zombieFatCopFeral" prob="0.5"/>
DEBUG:Adding: <entity name="DoughsR69_zombieOldTimerRadiated" prob="0.66"/>
DEBUG:Adding: <entity name="DoughsR7_zombieWightFeral" prob="0.5"/>
DEBUG:Adding: <entity name="DoughsR88_animalZombieVulture" prob="0.3"/>
DEBUG:Adding: <entity name="DoughsR98_animalZombieDog"/>
DEBUG:ModletGen_AddZedsToEntityGroupsFile ENTITY GROUP: scoutHordeStageGS1045
DEBUG:Adding: <entity name="DoughsR16_zombieFemaleFat"/>
DEBUG:Adding: <entity name="DoughsR21_zombieSpiderRadiated" prob="0.5"/>
DEBUG:Adding: <entity name="DoughsR25_zombieBiker"/>
DEBUG:Adding: <entity name="DoughsR29_zombieBoe"/>
DEBUG:Adding: <entity name="DoughsR35_zombieJoe"/>
DEBUG:Adding: <entity name="DoughsR36_zombieYoRadiated" prob="0.66"/>
DEBUG:Adding: <entity name="DoughsR46_zombieFootballPlayer"/>
DEBUG:Adding: <entity name="DoughsR50_zombieBoeRadiated" prob="0.66"/>
DEBUG:Adding: <entity name="DoughsR54_zombieFemaleFatRadiated" prob="0.6"/>
DEBUG:Adding: <entity name="DoughsR57_zombieSpiderFeral" prob="0.6"/>
DEBUG:Adding: <entity name="DoughsR61_zombieSkateboarder"/>
DEBUG:ModletGen_AddZedsToEntityGroupsFile ENTITY GROUP: scoutHordeStageGS1060
DEBUG:Adding: <entity name="DoughsR21_zombieSpiderRadiated" prob="0.5"/>
DEBUG:Adding: <entity name="DoughsR24_zombieNurse"/>
DEBUG:Adding: <entity name="DoughsR2_zombieBusinessManFeral" prob="0.7"/>
DEBUG:Adding: <entity name="DoughsR41_zombieYo"/>
DEBUG:Adding: <entity name="DoughsR50_zombieBoeRadiated" prob="0.66"/>
DEBUG:Adding: <entity name="DoughsR55_zombieJoeRadiated" prob="0.66"/>
DEBUG:Adding: <entity name="DoughsR56_zombieUtilityWorker"/>
DEBUG:Adding: <entity name="DoughsR64_zombieCheerleader"/>
DEBUG:Adding: <entity name="DoughsR74_zombieMoeFeral" prob="0.7"/>
DEBUG:Adding: <entity name="DoughsR7_zombieWightFeral" prob="0.5"/>
DEBUG:Adding: <entity name="DoughsR98_animalZombieDog"/>
DEBUG:ModletGen_AddZedsToEntityGroupsFile ENTITY GROUP: scoutHordeStageGS1075
DEBUG:Adding: <entity name="DoughsR13_zombieSteve"/>
DEBUG:Adding: <entity name="DoughsR25_zombieBiker"/>
DEBUG:Adding: <entity name="DoughsR31_zombieArlene"/>
DEBUG:Adding: <entity name="DoughsR35_zombieJoe"/>
DEBUG:Adding: <entity name="DoughsR41_zombieYo"/>
DEBUG:Adding: <entity name="DoughsR49_zombieMoe"/>
DEBUG:Adding: <entity name="DoughsR53_zombieJanitorFeral" prob="0.7"/>
DEBUG:Adding: <entity name="DoughsR78_zombieSteveFeral" prob="0.7"/>
DEBUG:Adding: <entity name="DoughsR81_zombieSteveRadiated" prob="0.66"/>
DEBUG:Adding: <entity name="DoughsR86_zombieBikerRadiated" prob="0.6"/>
DEBUG:Adding: <entity name="DoughsR88_animalZombieVulture" prob="0.3"/>
DEBUG:ModletGen_AddZedsToEntityGroupsFile ENTITY GROUP: scoutHordeStageGS1091
DEBUG:Adding: <entity name="DoughsR12_zombieJoeFeral" prob="0.7"/>
DEBUG:Adding: <entity name="DoughsR16_zombieFemaleFat"/>
DEBUG:Adding: <entity name="DoughsR24_zombieNurse"/>
DEBUG:Adding: <entity name="DoughsR32_zombieMoeRadiated" prob="0.66"/>
DEBUG:Adding: <entity name="DoughsR42_zombieMaleHazmat"/>
DEBUG:Adding: <entity name="DoughsR44_zombieBusinessMan"/>
DEBUG:Adding: <entity name="DoughsR56_zombieUtilityWorker"/>
DEBUG:Adding: <entity name="DoughsR63_zombieFatCopFeral" prob="0.5"/>
DEBUG:Adding: <entity name="DoughsR75_zombieSkateboarderRadiated" prob="0.66"/>
DEBUG:Adding: <entity name="DoughsR86_zombieBikerRadiated" prob="0.6"/>
DEBUG:Adding: <entity name="DoughsR8_zombieArleneRadiated" prob="0.66"/>
DEBUG:ModletGen_AddZedsToEntityGroupsFile ENTITY GROUP: scoutHordeStageGS11
DEBUG:Adding: <entity name="DoughsR16_zombieFemaleFat"/>
DEBUG:Adding: <entity name="DoughsR24_zombieNurse"/>
DEBUG:Adding: <entity name="DoughsR28_zombieMarlene"/>
DEBUG:Adding: <entity name="DoughsR29_zombieBoe"/>
DEBUG:Adding: <entity name="DoughsR31_zombieArlene"/>
DEBUG:Adding: <entity name="DoughsR41_zombieYo"/>
DEBUG:Adding: <entity name="DoughsR44_zombieBusinessMan"/>
DEBUG:Adding: <entity name="DoughsR49_zombieMoe"/>
DEBUG:Adding: <entity name="DoughsR62_zombieDarlene"/>
DEBUG:Adding: <entity name="DoughsR64_zombieCheerleader"/>
DEBUG:Adding: <entity name="DoughsR65_zombieJanitor"/>
DEBUG:ModletGen_AddZedsToEntityGroupsFile ENTITY GROUP: scoutHordeStageGS110
DEBUG:Adding: <entity name="DoughsR12_zombieJoeFeral" prob="0.45"/>
DEBUG:Adding: <entity name="DoughsR19_zombieScreamerFeral" prob="0.37"/>
DEBUG:Adding: <entity name="DoughsR29_zombieBoe"/>
DEBUG:Adding: <entity name="DoughsR35_zombieJoe"/>
DEBUG:Adding: <entity name="DoughsR37_zombieMarleneFeral" prob="0.59"/>
DEBUG:Adding: <entity name="DoughsR48_zombieCheerleaderRadiated" prob="0.07"/>
DEBUG:Adding: <entity name="DoughsR55_zombieJoeRadiated" prob="0"/>
DEBUG:Adding: <entity name="DoughsR65_zombieJanitor"/>
DEBUG:Adding: <entity name="DoughsR74_zombieMoeFeral" prob="0.34"/>
DEBUG:Adding: <entity name="DoughsR79_zombieYoFeral" prob="0.58"/>
DEBUG:Adding: <entity name="DoughsR88_animalZombieVulture" prob="0.3"/>
DEBUG:ModletGen_AddZedsToEntityGroupsFile ENTITY GROUP: scoutHordeStageGS1106
DEBUG:Adding: <entity name="DoughsR12_zombieJoeFeral" prob="0.7"/>
DEBUG:Adding: <entity name="DoughsR24_zombieNurse"/>
DEBUG:Adding: <entity name="DoughsR2_zombieBusinessManFeral" prob="0.7"/>
DEBUG:Adding: <entity name="DoughsR30_zombieFatHawaiianFeral" prob="0.6"/>
DEBUG:Adding: <entity name="DoughsR35_zombieJoe"/>
DEBUG:Adding: <entity name="DoughsR46_zombieFootballPlayer"/>
DEBUG:Adding: <entity name="DoughsR50_zombieBoeRadiated" prob="0.66"/>
DEBUG:Adding: <entity name="DoughsR51_zombieDarleneFeral" prob="0.7"/>
DEBUG:Adding: <entity name="DoughsR57_zombieSpiderFeral" prob="0.6"/>
DEBUG:Adding: <entity name="DoughsR64_zombieCheerleader"/>
DEBUG:Adding: <entity name="DoughsR7_zombieWightFeral" prob="0.5"/>
DEBUG:ModletGen_AddZedsToEntityGroupsFile ENTITY GROUP: scoutHordeStageGS1122
DEBUG:Adding: <entity name="DoughsR13_zombieSteve"/>
DEBUG:Adding: <entity name="DoughsR25_zombieBiker"/>
DEBUG:Adding: <entity name="DoughsR27_zombieFatCop" prob="0.7"/>
DEBUG:Adding: <entity name="DoughsR28_zombieMarlene"/>
DEBUG:Adding: <entity name="DoughsR29_zombieBoe"/>
DEBUG:Adding: <entity name="DoughsR39_zombieSkateboarderFeral" prob="0.7"/>
DEBUG:Adding: <entity name="DoughsR46_zombieFootballPlayer"/>
DEBUG:Adding: <entity name="DoughsR49_zombieMoe"/>
DEBUG:Adding: <entity name="DoughsR63_zombieFatCopFeral" prob="0.5"/>
DEBUG:Adding: <entity name="DoughsR64_zombieCheerleader"/>
DEBUG:Adding: <entity name="DoughsR79_zombieYoFeral" prob="0.7"/>
DEBUG:ModletGen_AddZedsToEntityGroupsFile ENTITY GROUP: scoutHordeStageGS1137
DEBUG:Adding: <entity name="DoughsR12_zombieJoeFeral" prob="0.7"/>
DEBUG:Adding: <entity name="DoughsR25_zombieBiker"/>
DEBUG:Adding: <entity name="DoughsR29_zombieBoe"/>
DEBUG:Adding: <entity name="DoughsR30_zombieFatHawaiianFeral" prob="0.6"/>
DEBUG:Adding: <entity name="DoughsR31_zombieArlene"/>
DEBUG:Adding: <entity name="DoughsR42_zombieMaleHazmat"/>
DEBUG:Adding: <entity name="DoughsR71_zombieNurseFeral" prob="0.7"/>
DEBUG:Adding: <entity name="DoughsR78_zombieSteveFeral" prob="0.7"/>
DEBUG:Adding: <entity name="DoughsR79_zombieYoFeral" prob="0.7"/>
DEBUG:Adding: <entity name="DoughsR81_zombieSteveRadiated" prob="0.66"/>
DEBUG:Adding: <entity name="DoughsR86_zombieBikerRadiated" prob="0.6"/>
DEBUG:ModletGen_AddZedsToEntityGroupsFile ENTITY GROUP: scoutHordeStageGS1153
DEBUG:Adding: <entity name="DoughsR25_zombieBiker"/>
DEBUG:Adding: <entity name="DoughsR3_zombieFatCopRadiated" prob="0.5"/>
DEBUG:Adding: <entity name="DoughsR42_zombieMaleHazmat"/>
DEBUG:Adding: <entity name="DoughsR44_zombieBusinessMan"/>
DEBUG:Adding: <entity name="DoughsR55_zombieJoeRadiated" prob="0.66"/>
DEBUG:Adding: <entity name="DoughsR57_zombieSpiderFeral" prob="0.6"/>
DEBUG:Adding: <entity name="DoughsR62_zombieDarlene"/>
DEBUG:Adding: <entity name="DoughsR71_zombieNurseFeral" prob="0.7"/>
DEBUG:Adding: <entity name="DoughsR74_zombieMoeFeral" prob="0.7"/>
DEBUG:Adding: <entity name="DoughsR78_zombieSteveFeral" prob="0.7"/>
DEBUG:Adding: <entity name="DoughsR98_animalZombieDog"/>
DEBUG:ModletGen_AddZedsToEntityGroupsFile ENTITY GROUP: scoutHordeStageGS1169
DEBUG:Adding: <entity name="DoughsR13_zombieSteve"/>
DEBUG:Adding: <entity name="DoughsR31_zombieArlene"/>
DEBUG:Adding: <entity name="DoughsR51_zombieDarleneFeral" prob="0.7"/>
DEBUG:Adding: <entity name="DoughsR56_zombieUtilityWorker"/>
DEBUG:Adding: <entity name="DoughsR61_zombieSkateboarder"/>
DEBUG:Adding: <entity name="DoughsR62_zombieDarlene"/>
DEBUG:Adding: <entity name="DoughsR65_zombieJanitor"/>
DEBUG:Adding: <entity name="DoughsR66_zombieDarleneRadiated" prob="0.66"/>
DEBUG:Adding: <entity name="DoughsR69_zombieOldTimerRadiated" prob="0.66"/>
DEBUG:Adding: <entity name="DoughsR74_zombieMoeFeral" prob="0.7"/>
DEBUG:Adding: <entity name="DoughsR81_zombieSteveRadiated" prob="0.66"/>
DEBUG:ModletGen_AddZedsToEntityGroupsFile ENTITY GROUP: scoutHordeStageGS117
DEBUG:Adding: <entity name="DoughsR12_zombieJoeFeral" prob="0.5"/>
DEBUG:Adding: <entity name="DoughsR19_zombieScreamerFeral" prob="0.39"/>
DEBUG:Adding: <entity name="DoughsR26_zombieFatHawaiian" prob="0.7"/>
DEBUG:Adding: <entity name="DoughsR29_zombieBoe"/>
DEBUG:Adding: <entity name="DoughsR31_zombieArlene"/>
DEBUG:Adding: <entity name="DoughsR37_zombieMarleneFeral" prob="0.64"/>
DEBUG:Adding: <entity name="DoughsR53_zombieJanitorFeral" prob="0.5"/>
DEBUG:Adding: <entity name="DoughsR59_zombieArleneFeral" prob="0.7"/>
DEBUG:Adding: <entity name="DoughsR65_zombieJanitor"/>
DEBUG:Adding: <entity name="DoughsR68_zombieScreamer" prob="0.5"/>
DEBUG:Adding: <entity name="DoughsR8_zombieArleneRadiated" prob="0.02"/>
DEBUG:ModletGen_AddZedsToEntityGroupsFile ENTITY GROUP: scoutHordeStageGS1185
DEBUG:Adding: <entity name="DoughsR10_zombieFemaleFatFeral" prob="0.6"/>
DEBUG:Adding: <entity name="DoughsR13_zombieSteve"/>
DEBUG:Adding: <entity name="DoughsR16_zombieFemaleFat"/>
DEBUG:Adding: <entity name="DoughsR24_zombieNurse"/>
DEBUG:Adding: <entity name="DoughsR2_zombieBusinessManFeral" prob="0.7"/>
DEBUG:Adding: <entity name="DoughsR42_zombieMaleHazmat"/>
DEBUG:Adding: <entity name="DoughsR49_zombieMoe"/>
DEBUG:Adding: <entity name="DoughsR54_zombieFemaleFatRadiated" prob="0.6"/>
DEBUG:Adding: <entity name="DoughsR56_zombieUtilityWorker"/>
DEBUG:Adding: <entity name="DoughsR59_zombieArleneFeral" prob="0.7"/>
DEBUG:Adding: <entity name="DoughsR86_zombieBikerRadiated" prob="0.6"/>
DEBUG:ModletGen_AddZedsToEntityGroupsFile ENTITY GROUP: scoutHordeStageGS1201
DEBUG:Adding: <entity name="DoughsR3_zombieFatCopRadiated" prob="0.5"/>
DEBUG:Adding: <entity name="DoughsR42_zombieMaleHazmat"/>
DEBUG:Adding: <entity name="DoughsR46_zombieFootballPlayer"/>
DEBUG:Adding: <entity name="DoughsR57_zombieSpiderFeral" prob="0.6"/>
DEBUG:Adding: <entity name="DoughsR63_zombieFatCopFeral" prob="0.5"/>
DEBUG:Adding: <entity name="DoughsR65_zombieJanitor"/>
DEBUG:Adding: <entity name="DoughsR69_zombieOldTimerRadiated" prob="0.66"/>
DEBUG:Adding: <entity name="DoughsR75_zombieSkateboarderRadiated" prob="0.66"/>
DEBUG:Adding: <entity name="DoughsR78_zombieSteveFeral" prob="0.7"/>
DEBUG:Adding: <entity name="DoughsR81_zombieSteveRadiated" prob="0.66"/>
DEBUG:Adding: <entity name="DoughsR88_animalZombieVulture" prob="0.3"/>
DEBUG:ModletGen_AddZedsToEntityGroupsFile ENTITY GROUP: scoutHordeStageGS1217
DEBUG:Adding: <entity name="DoughsR14_zombieSoldier" prob="1"/>
DEBUG:Adding: <entity name="DoughsR26_zombieFatHawaiian" prob="0.7"/>
DEBUG:Adding: <entity name="DoughsR27_zombieFatCop" prob="0.7"/>
DEBUG:Adding: <entity name="DoughsR2_zombieBusinessManFeral" prob="0.7"/>
DEBUG:Adding: <entity name="DoughsR31_zombieArlene"/>
DEBUG:Adding: <entity name="DoughsR41_zombieYo"/>
DEBUG:Adding: <entity name="DoughsR42_zombieMaleHazmat"/>
DEBUG:Adding: <entity name="DoughsR46_zombieFootballPlayer"/>
DEBUG:Adding: <entity name="DoughsR62_zombieDarlene"/>
DEBUG:Adding: <entity name="DoughsR81_zombieSteveRadiated" prob="0.66"/>
DEBUG:Adding: <entity name="DoughsR98_animalZombieDog"/>
DEBUG:ModletGen_AddZedsToEntityGroupsFile ENTITY GROUP: scoutHordeStageGS1233
DEBUG:Adding: <entity name="DoughsR27_zombieFatCop" prob="0.7"/>
DEBUG:Adding: <entity name="DoughsR39_zombieSkateboarderFeral" prob="0.7"/>
DEBUG:Adding: <entity name="DoughsR46_zombieFootballPlayer"/>
DEBUG:Adding: <entity name="DoughsR49_zombieMoe"/>
DEBUG:Adding: <entity name="DoughsR50_zombieBoeRadiated" prob="0.66"/>
DEBUG:Adding: <entity name="DoughsR51_zombieDarleneFeral" prob="0.7"/>
DEBUG:Adding: <entity name="DoughsR54_zombieFemaleFatRadiated" prob="0.6"/>
DEBUG:Adding: <entity name="DoughsR57_zombieSpiderFeral" prob="0.6"/>
DEBUG:Adding: <entity name="DoughsR64_zombieCheerleader"/>
DEBUG:Adding: <entity name="DoughsR69_zombieOldTimerRadiated" prob="0.66"/>
DEBUG:Adding: <entity name="DoughsR74_zombieMoeFeral" prob="0.7"/>
DEBUG:ModletGen_AddZedsToEntityGroupsFile ENTITY GROUP: scoutHordeStageGS1249
DEBUG:Adding: <entity name="DoughsR26_zombieFatHawaiian" prob="0.7"/>
DEBUG:Adding: <entity name="DoughsR34_zombieMarleneRadiated" prob="0.66"/>
DEBUG:Adding: <entity name="DoughsR37_zombieMarleneFeral" prob="0.7"/>
DEBUG:Adding: <entity name="DoughsR41_zombieYo"/>
DEBUG:Adding: <entity name="DoughsR45_zombieSpider" prob="0.7"/>
DEBUG:Adding: <entity name="DoughsR46_zombieFootballPlayer"/>
DEBUG:Adding: <entity name="DoughsR48_zombieCheerleaderRadiated" prob="0.66"/>
DEBUG:Adding: <entity name="DoughsR57_zombieSpiderFeral" prob="0.6"/>
DEBUG:Adding: <entity name="DoughsR58_zombieJanitorRadiated" prob="0.66"/>
DEBUG:Adding: <entity name="DoughsR74_zombieMoeFeral" prob="0.7"/>
DEBUG:Adding: <entity name="DoughsR88_animalZombieVulture" prob="0.3"/>
DEBUG:ModletGen_AddZedsToEntityGroupsFile ENTITY GROUP: scoutHordeStageGS125
DEBUG:Adding: <entity name="DoughsR12_zombieJoeFeral" prob="0.56"/>
DEBUG:Adding: <entity name="DoughsR19_zombieScreamerFeral" prob="0.4"/>
DEBUG:Adding: <entity name="DoughsR24_zombieNurse"/>
DEBUG:Adding: <entity name="DoughsR30_zombieFatHawaiianFeral" prob="0.39"/>
DEBUG:Adding: <entity name="DoughsR41_zombieYo"/>
DEBUG:Adding: <entity name="DoughsR50_zombieBoeRadiated" prob="0.19"/>
DEBUG:Adding: <entity name="DoughsR54_zombieFemaleFatRadiated" prob="0.15"/>
DEBUG:Adding: <entity name="DoughsR59_zombieArleneFeral" prob="0.7"/>
DEBUG:Adding: <entity name="DoughsR65_zombieJanitor"/>
DEBUG:Adding: <entity name="DoughsR71_zombieNurseFeral" prob="0.65"/>
DEBUG:Adding: <entity name="DoughsR98_animalZombieDog"/>
DEBUG:ModletGen_AddZedsToEntityGroupsFile ENTITY GROUP: scoutHordeStageGS1265
DEBUG:Adding: <entity name="DoughsR10_zombieFemaleFatFeral" prob="0.6"/>
DEBUG:Adding: <entity name="DoughsR11_zombieBoeFeral" prob="0.7"/>
DEBUG:Adding: <entity name="DoughsR20_zombieSoldierRadiated" prob="0.66"/>
DEBUG:Adding: <entity name="DoughsR24_zombieNurse"/>
DEBUG:Adding: <entity name="DoughsR3_zombieFatCopRadiated" prob="0.5"/>
DEBUG:Adding: <entity name="DoughsR46_zombieFootballPlayer"/>
DEBUG:Adding: <entity name="DoughsR48_zombieCheerleaderRadiated" prob="0.66"/>
DEBUG:Adding: <entity name="DoughsR50_zombieBoeRadiated" prob="0.66"/>
DEBUG:Adding: <entity name="DoughsR62_zombieDarlene"/>
DEBUG:Adding: <entity name="DoughsR64_zombieCheerleader"/>
DEBUG:Adding: <entity name="DoughsR8_zombieArleneRadiated" prob="0.66"/>
DEBUG:ModletGen_AddZedsToEntityGroupsFile ENTITY GROUP: scoutHordeStageGS1281
DEBUG:Adding: <entity name="DoughsR11_zombieBoeFeral" prob="0.7"/>
DEBUG:Adding: <entity name="DoughsR19_zombieScreamerFeral" prob="0.4"/>
DEBUG:Adding: <entity name="DoughsR20_zombieSoldierRadiated" prob="0.66"/>
DEBUG:Adding: <entity name="DoughsR29_zombieBoe"/>
DEBUG:Adding: <entity name="DoughsR49_zombieMoe"/>
DEBUG:Adding: <entity name="DoughsR51_zombieDarleneFeral" prob="0.7"/>
DEBUG:Adding: <entity name="DoughsR54_zombieFemaleFatRadiated" prob="0.6"/>
DEBUG:Adding: <entity name="DoughsR69_zombieOldTimerRadiated" prob="0.66"/>
DEBUG:Adding: <entity name="DoughsR75_zombieSkateboarderRadiated" prob="0.66"/>
DEBUG:Adding: <entity name="DoughsR78_zombieSteveFeral" prob="0.7"/>
DEBUG:Adding: <entity name="DoughsR81_zombieSteveRadiated" prob="0.66"/>
DEBUG:ModletGen_AddZedsToEntityGroupsFile ENTITY GROUP: scoutHordeStageGS1298
DEBUG:Adding: <entity name="DoughsR20_zombieSoldierRadiated" prob="0.66"/>
DEBUG:Adding: <entity name="DoughsR31_zombieArlene"/>
DEBUG:Adding: <entity name="DoughsR42_zombieMaleHazmat"/>
DEBUG:Adding: <entity name="DoughsR53_zombieJanitorFeral" prob="0.7"/>
DEBUG:Adding: <entity name="DoughsR58_zombieJanitorRadiated" prob="0.66"/>
DEBUG:Adding: <entity name="DoughsR65_zombieJanitor"/>
DEBUG:Adding: <entity name="DoughsR66_zombieDarleneRadiated" prob="0.66"/>
DEBUG:Adding: <entity name="DoughsR71_zombieNurseFeral" prob="0.7"/>
DEBUG:Adding: <entity name="DoughsR74_zombieMoeFeral" prob="0.7"/>
DEBUG:Adding: <entity name="DoughsR78_zombieSteveFeral" prob="0.7"/>
DEBUG:Adding: <entity name="DoughsR81_zombieSteveRadiated" prob="0.66"/>
DEBUG:ModletGen_AddZedsToEntityGroupsFile ENTITY GROUP: scoutHordeStageGS1314
DEBUG:Adding: <entity name="DoughsR14_zombieSoldier" prob="1"/>
DEBUG:Adding: <entity name="DoughsR24_zombieNurse"/>
DEBUG:Adding: <entity name="DoughsR31_zombieArlene"/>
DEBUG:Adding: <entity name="DoughsR34_zombieMarleneRadiated" prob="0.66"/>
DEBUG:Adding: <entity name="DoughsR36_zombieYoRadiated" prob="0.66"/>
DEBUG:Adding: <entity name="DoughsR45_zombieSpider" prob="0.7"/>
DEBUG:Adding: <entity name="DoughsR49_zombieMoe"/>
DEBUG:Adding: <entity name="DoughsR59_zombieArleneFeral" prob="0.7"/>
DEBUG:Adding: <entity name="DoughsR66_zombieDarleneRadiated" prob="0.66"/>
DEBUG:Adding: <entity name="DoughsR75_zombieSkateboarderRadiated" prob="0.66"/>
DEBUG:Adding: <entity name="DoughsR88_animalZombieVulture" prob="0.3"/>
DEBUG:ModletGen_AddZedsToEntityGroupsFile ENTITY GROUP: scoutHordeStageGS132
DEBUG:Adding: <entity name="DoughsR12_zombieJoeFeral" prob="0.61"/>
DEBUG:Adding: <entity name="DoughsR13_zombieSteve"/>
DEBUG:Adding: <entity name="DoughsR16_zombieFemaleFat"/>
DEBUG:Adding: <entity name="DoughsR19_zombieScreamerFeral" prob="0.4"/>
DEBUG:Adding: <entity name="DoughsR28_zombieMarlene"/>
DEBUG:Adding: <entity name="DoughsR29_zombieBoe"/>
DEBUG:Adding: <entity name="DoughsR30_zombieFatHawaiianFeral" prob="0.43"/>
DEBUG:Adding: <entity name="DoughsR39_zombieSkateboarderFeral" prob="0.63"/>
DEBUG:Adding: <entity name="DoughsR41_zombieYo"/>
DEBUG:Adding: <entity name="DoughsR54_zombieFemaleFatRadiated" prob="0.21"/>
DEBUG:Adding: <entity name="DoughsR98_animalZombieDog"/>
DEBUG:ModletGen_AddZedsToEntityGroupsFile ENTITY GROUP: scoutHordeStageGS1331
DEBUG:Adding: <entity name="DoughsR13_zombieSteve"/>
DEBUG:Adding: <entity name="DoughsR34_zombieMarleneRadiated" prob="0.66"/>
DEBUG:Adding: <entity name="DoughsR53_zombieJanitorFeral" prob="0.7"/>
DEBUG:Adding: <entity name="DoughsR55_zombieJoeRadiated" prob="0.66"/>
DEBUG:Adding: <entity name="DoughsR62_zombieDarlene"/>
DEBUG:Adding: <entity name="DoughsR68_zombieScreamer" prob="0.5"/>
DEBUG:Adding: <entity name="DoughsR79_zombieYoFeral" prob="0.7"/>
DEBUG:Adding: <entity name="DoughsR81_zombieSteveRadiated" prob="0.66"/>
DEBUG:Adding: <entity name="DoughsR86_zombieBikerRadiated" prob="0.6"/>
DEBUG:Adding: <entity name="DoughsR88_animalZombieVulture" prob="0.3"/>
DEBUG:Adding: <entity name="DoughsR8_zombieArleneRadiated" prob="0.66"/>
DEBUG:ModletGen_AddZedsToEntityGroupsFile ENTITY GROUP: scoutHordeStageGS1347
DEBUG:Adding: <entity name="DoughsR10_zombieFemaleFatFeral" prob="0.6"/>
DEBUG:Adding: <entity name="DoughsR19_zombieScreamerFeral" prob="0.4"/>
DEBUG:Adding: <entity name="DoughsR25_zombieBiker"/>
DEBUG:Adding: <entity name="DoughsR29_zombieBoe"/>
DEBUG:Adding: <entity name="DoughsR42_zombieMaleHazmat"/>
DEBUG:Adding: <entity name="DoughsR46_zombieFootballPlayer"/>
DEBUG:Adding: <entity name="DoughsR50_zombieBoeRadiated" prob="0.66"/>
DEBUG:Adding: <entity name="DoughsR53_zombieJanitorFeral" prob="0.7"/>
DEBUG:Adding: <entity name="DoughsR71_zombieNurseFeral" prob="0.7"/>
DEBUG:Adding: <entity name="DoughsR74_zombieMoeFeral" prob="0.7"/>
DEBUG:Adding: <entity name="DoughsR8_zombieArleneRadiated" prob="0.66"/>
DEBUG:ModletGen_AddZedsToEntityGroupsFile ENTITY GROUP: scoutHordeStageGS1364
DEBUG:Adding: <entity name="DoughsR10_zombieFemaleFatFeral" prob="0.6"/>
DEBUG:Adding: <entity name="DoughsR12_zombieJoeFeral" prob="0.7"/>
DEBUG:Adding: <entity name="DoughsR21_zombieSpiderRadiated" prob="0.5"/>
DEBUG:Adding: <entity name="DoughsR31_zombieArlene"/>
DEBUG:Adding: <entity name="DoughsR37_zombieMarleneFeral" prob="0.7"/>
DEBUG:Adding: <entity name="DoughsR53_zombieJanitorFeral" prob="0.7"/>
DEBUG:Adding: <entity name="DoughsR58_zombieJanitorRadiated" prob="0.66"/>
DEBUG:Adding: <entity name="DoughsR59_zombieArleneFeral" prob="0.7"/>
DEBUG:Adding: <entity name="DoughsR62_zombieDarlene"/>
DEBUG:Adding: <entity name="DoughsR79_zombieYoFeral" prob="0.7"/>
DEBUG:Adding: <entity name="DoughsR86_zombieBikerRadiated" prob="0.6"/>
DEBUG:ModletGen_AddZedsToEntityGroupsFile ENTITY GROUP: scoutHordeStageGS1380
DEBUG:Adding: <entity name="DoughsR10_zombieFemaleFatFeral" prob="0.6"/>
DEBUG:Adding: <entity name="DoughsR12_zombieJoeFeral" prob="0.7"/>
DEBUG:Adding: <entity name="DoughsR37_zombieMarleneFeral" prob="0.7"/>
DEBUG:Adding: <entity name="DoughsR39_zombieSkateboarderFeral" prob="0.7"/>
DEBUG:Adding: <entity name="DoughsR50_zombieBoeRadiated" prob="0.66"/>
DEBUG:Adding: <entity name="DoughsR51_zombieDarleneFeral" prob="0.7"/>
DEBUG:Adding: <entity name="DoughsR55_zombieJoeRadiated" prob="0.66"/>
DEBUG:Adding: <entity name="DoughsR56_zombieUtilityWorker"/>
DEBUG:Adding: <entity name="DoughsR64_zombieCheerleader"/>
DEBUG:Adding: <entity name="DoughsR8_zombieArleneRadiated" prob="0.66"/>
DEBUG:Adding: <entity name="DoughsR98_animalZombieDog"/>
DEBUG:ModletGen_AddZedsToEntityGroupsFile ENTITY GROUP: scoutHordeStageGS1397
DEBUG:Adding: <entity name="DoughsR12_zombieJoeFeral" prob="0.7"/>
DEBUG:Adding: <entity name="DoughsR16_zombieFemaleFat"/>
DEBUG:Adding: <entity name="DoughsR19_zombieScreamerFeral" prob="0.4"/>
DEBUG:Adding: <entity name="DoughsR24_zombieNurse"/>
DEBUG:Adding: <entity name="DoughsR25_zombieBiker"/>
DEBUG:Adding: <entity name="DoughsR26_zombieFatHawaiian" prob="0.7"/>
DEBUG:Adding: <entity name="DoughsR28_zombieMarlene"/>
DEBUG:Adding: <entity name="DoughsR49_zombieMoe"/>
DEBUG:Adding: <entity name="DoughsR54_zombieFemaleFatRadiated" prob="0.6"/>
DEBUG:Adding: <entity name="DoughsR71_zombieNurseFeral" prob="0.7"/>
DEBUG:Adding: <entity name="DoughsR88_animalZombieVulture" prob="0.3"/>
DEBUG:ModletGen_AddZedsToEntityGroupsFile ENTITY GROUP: scoutHordeStageGS14
DEBUG:Adding: <entity name="DoughsR13_zombieSteve"/>
DEBUG:Adding: <entity name="DoughsR16_zombieFemaleFat"/>
DEBUG:Adding: <entity name="DoughsR28_zombieMarlene"/>
DEBUG:Adding: <entity name="DoughsR29_zombieBoe"/>
DEBUG:Adding: <entity name="DoughsR31_zombieArlene"/>
DEBUG:Adding: <entity name="DoughsR35_zombieJoe"/>
DEBUG:Adding: <entity name="DoughsR49_zombieMoe"/>
DEBUG:Adding: <entity name="DoughsR61_zombieSkateboarder"/>
DEBUG:Adding: <entity name="DoughsR62_zombieDarlene"/>
DEBUG:Adding: <entity name="DoughsR64_zombieCheerleader"/>
DEBUG:Adding: <entity name="DoughsR65_zombieJanitor"/>
DEBUG:ModletGen_AddZedsToEntityGroupsFile ENTITY GROUP: scoutHordeStageGS140
DEBUG:Adding: <entity name="DoughsR11_zombieBoeFeral" prob="0.61"/>
DEBUG:Adding: <entity name="DoughsR12_zombieJoeFeral" prob="0.66"/>
DEBUG:Adding: <entity name="DoughsR20_zombieSoldierRadiated" prob="0.12"/>
DEBUG:Adding: <entity name="DoughsR2_zombieBusinessManFeral" prob="0.7"/>
DEBUG:Adding: <entity name="DoughsR32_zombieMoeRadiated" prob="0.26"/>
DEBUG:Adding: <entity name="DoughsR57_zombieSpiderFeral" prob="0.56"/>
DEBUG:Adding: <entity name="DoughsR66_zombieDarleneRadiated" prob="0.21"/>
DEBUG:Adding: <entity name="DoughsR68_zombieScreamer" prob="0.5"/>
DEBUG:Adding: <entity name="DoughsR79_zombieYoFeral" prob="0.7"/>
DEBUG:Adding: <entity name="DoughsR86_zombieBikerRadiated" prob="0.04"/>
DEBUG:Adding: <entity name="DoughsR88_animalZombieVulture" prob="0.3"/>
DEBUG:ModletGen_AddZedsToEntityGroupsFile ENTITY GROUP: scoutHordeStageGS1414
DEBUG:Adding: <entity name="DoughsR13_zombieSteve"/>
DEBUG:Adding: <entity name="DoughsR14_zombieSoldier" prob="1"/>
DEBUG:Adding: <entity name="DoughsR21_zombieSpiderRadiated" prob="0.5"/>
DEBUG:Adding: <entity name="DoughsR24_zombieNurse"/>
DEBUG:Adding: <entity name="DoughsR2_zombieBusinessManFeral" prob="0.7"/>
DEBUG:Adding: <entity name="DoughsR31_zombieArlene"/>
DEBUG:Adding: <entity name="DoughsR34_zombieMarleneRadiated" prob="0.66"/>
DEBUG:Adding: <entity name="DoughsR41_zombieYo"/>
DEBUG:Adding: <entity name="DoughsR45_zombieSpider" prob="0.7"/>
DEBUG:Adding: <entity name="DoughsR51_zombieDarleneFeral" prob="0.7"/>
DEBUG:Adding: <entity name="DoughsR79_zombieYoFeral" prob="0.7"/>
DEBUG:ModletGen_AddZedsToEntityGroupsFile ENTITY GROUP: scoutHordeStageGS1431
DEBUG:Adding: <entity name="DoughsR25_zombieBiker"/>
DEBUG:Adding: <entity name="DoughsR2_zombieBusinessManFeral" prob="0.7"/>
DEBUG:Adding: <entity name="DoughsR30_zombieFatHawaiianFeral" prob="0.6"/>
DEBUG:Adding: <entity name="DoughsR36_zombieYoRadiated" prob="0.66"/>
DEBUG:Adding: <entity name="DoughsR39_zombieSkateboarderFeral" prob="0.7"/>
DEBUG:Adding: <entity name="DoughsR42_zombieMaleHazmat"/>
DEBUG:Adding: <entity name="DoughsR48_zombieCheerleaderRadiated" prob="0.66"/>
DEBUG:Adding: <entity name="DoughsR50_zombieBoeRadiated" prob="0.66"/>
DEBUG:Adding: <entity name="DoughsR53_zombieJanitorFeral" prob="0.7"/>
DEBUG:Adding: <entity name="DoughsR63_zombieFatCopFeral" prob="0.5"/>
DEBUG:Adding: <entity name="DoughsR68_zombieScreamer" prob="0.5"/>
DEBUG:ModletGen_AddZedsToEntityGroupsFile ENTITY GROUP: scoutHordeStageGS1448
DEBUG:Adding: <entity name="DoughsR13_zombieSteve"/>
DEBUG:Adding: <entity name="DoughsR20_zombieSoldierRadiated" prob="0.66"/>
DEBUG:Adding: <entity name="DoughsR21_zombieSpiderRadiated" prob="0.5"/>
DEBUG:Adding: <entity name="DoughsR25_zombieBiker"/>
DEBUG:Adding: <entity name="DoughsR26_zombieFatHawaiian" prob="0.7"/>
DEBUG:Adding: <entity name="DoughsR31_zombieArlene"/>
DEBUG:Adding: <entity name="DoughsR32_zombieMoeRadiated" prob="0.66"/>
DEBUG:Adding: <entity name="DoughsR42_zombieMaleHazmat"/>
DEBUG:Adding: <entity name="DoughsR45_zombieSpider" prob="0.7"/>
DEBUG:Adding: <entity name="DoughsR64_zombieCheerleader"/>
DEBUG:Adding: <entity name="DoughsR65_zombieJanitor"/>
DEBUG:ModletGen_AddZedsToEntityGroupsFile ENTITY GROUP: scoutHordeStageGS1465
DEBUG:Adding: <entity name="DoughsR21_zombieSpiderRadiated" prob="0.5"/>
DEBUG:Adding: <entity name="DoughsR29_zombieBoe"/>
DEBUG:Adding: <entity name="DoughsR2_zombieBusinessManFeral" prob="0.7"/>
DEBUG:Adding: <entity name="DoughsR34_zombieMarleneRadiated" prob="0.66"/>
DEBUG:Adding: <entity name="DoughsR49_zombieMoe"/>
DEBUG:Adding: <entity name="DoughsR53_zombieJanitorFeral" prob="0.7"/>
DEBUG:Adding: <entity name="DoughsR54_zombieFemaleFatRadiated" prob="0.6"/>
DEBUG:Adding: <entity name="DoughsR58_zombieJanitorRadiated" prob="0.66"/>
DEBUG:Adding: <entity name="DoughsR66_zombieDarleneRadiated" prob="0.66"/>
DEBUG:Adding: <entity name="DoughsR78_zombieSteveFeral" prob="0.7"/>
DEBUG:Adding: <entity name="DoughsR81_zombieSteveRadiated" prob="0.66"/>
DEBUG:ModletGen_AddZedsToEntityGroupsFile ENTITY GROUP: scoutHordeStageGS148
DEBUG:Adding: <entity name="DoughsR11_zombieBoeFeral" prob="0.67"/>
DEBUG:Adding: <entity name="DoughsR12_zombieJoeFeral" prob="0.7"/>
DEBUG:Adding: <entity name="DoughsR16_zombieFemaleFat"/>
DEBUG:Adding: <entity name="DoughsR19_zombieScreamerFeral" prob="0.4"/>
DEBUG:Adding: <entity name="DoughsR30_zombieFatHawaiianFeral" prob="0.52"/>
DEBUG:Adding: <entity name="DoughsR37_zombieMarleneFeral" prob="0.7"/>
DEBUG:Adding: <entity name="DoughsR46_zombieFootballPlayer"/>
DEBUG:Adding: <entity name="DoughsR61_zombieSkateboarder"/>
DEBUG:Adding: <entity name="DoughsR64_zombieCheerleader"/>
DEBUG:Adding: <entity name="DoughsR78_zombieSteveFeral" prob="0.7"/>
DEBUG:Adding: <entity name="DoughsR8_zombieArleneRadiated" prob="0.31"/>
DEBUG:ModletGen_AddZedsToEntityGroupsFile ENTITY GROUP: scoutHordeStageGS1482
DEBUG:Adding: <entity name="DoughsR11_zombieBoeFeral" prob="0.7"/>
DEBUG:Adding: <entity name="DoughsR13_zombieSteve"/>
DEBUG:Adding: <entity name="DoughsR19_zombieScreamerFeral" prob="0.4"/>
DEBUG:Adding: <entity name="DoughsR27_zombieFatCop" prob="0.7"/>
DEBUG:Adding: <entity name="DoughsR30_zombieFatHawaiianFeral" prob="0.6"/>
DEBUG:Adding: <entity name="DoughsR3_zombieFatCopRadiated" prob="0.5"/>
DEBUG:Adding: <entity name="DoughsR48_zombieCheerleaderRadiated" prob="0.66"/>
DEBUG:Adding: <entity name="DoughsR65_zombieJanitor"/>
DEBUG:Adding: <entity name="DoughsR74_zombieMoeFeral" prob="0.7"/>
DEBUG:Adding: <entity name="DoughsR75_zombieSkateboarderRadiated" prob="0.66"/>
DEBUG:Adding: <entity name="DoughsR86_zombieBikerRadiated" prob="0.6"/>
DEBUG:ModletGen_AddZedsToEntityGroupsFile ENTITY GROUP: scoutHordeStageGS1499
DEBUG:Adding: <entity name="DoughsR11_zombieBoeFeral" prob="0.7"/>
DEBUG:Adding: <entity name="DoughsR21_zombieSpiderRadiated" prob="0.5"/>
DEBUG:Adding: <entity name="DoughsR27_zombieFatCop" prob="0.7"/>
DEBUG:Adding: <entity name="DoughsR3_zombieFatCopRadiated" prob="0.5"/>
DEBUG:Adding: <entity name="DoughsR48_zombieCheerleaderRadiated" prob="0.66"/>
DEBUG:Adding: <entity name="DoughsR53_zombieJanitorFeral" prob="0.7"/>
DEBUG:Adding: <entity name="DoughsR65_zombieJanitor"/>
DEBUG:Adding: <entity name="DoughsR66_zombieDarleneRadiated" prob="0.66"/>
DEBUG:Adding: <entity name="DoughsR71_zombieNurseFeral" prob="0.7"/>
DEBUG:Adding: <entity name="DoughsR74_zombieMoeFeral" prob="0.7"/>
DEBUG:Adding: <entity name="DoughsR79_zombieYoFeral" prob="0.7"/>
DEBUG:ModletGen_AddZedsToEntityGroupsFile ENTITY GROUP: scoutHordeStageGS1516
DEBUG:Adding: <entity name="DoughsR16_zombieFemaleFat"/>
DEBUG:Adding: <entity name="DoughsR36_zombieYoRadiated" prob="0.66"/>
DEBUG:Adding: <entity name="DoughsR42_zombieMaleHazmat"/>
DEBUG:Adding: <entity name="DoughsR57_zombieSpiderFeral" prob="0.6"/>
DEBUG:Adding: <entity name="DoughsR59_zombieArleneFeral" prob="0.7"/>
DEBUG:Adding: <entity name="DoughsR63_zombieFatCopFeral" prob="0.5"/>
DEBUG:Adding: <entity name="DoughsR66_zombieDarleneRadiated" prob="0.66"/>
DEBUG:Adding: <entity name="DoughsR68_zombieScreamer" prob="0.5"/>
DEBUG:Adding: <entity name="DoughsR71_zombieNurseFeral" prob="0.7"/>
DEBUG:Adding: <entity name="DoughsR79_zombieYoFeral" prob="0.7"/>
DEBUG:Adding: <entity name="DoughsR8_zombieArleneRadiated" prob="0.66"/>
DEBUG:ModletGen_AddZedsToEntityGroupsFile ENTITY GROUP: scoutHordeStageGS1533
DEBUG:Adding: <entity name="DoughsR11_zombieBoeFeral" prob="0.7"/>
DEBUG:Adding: <entity name="DoughsR12_zombieJoeFeral" prob="0.7"/>
DEBUG:Adding: <entity name="DoughsR14_zombieSoldier" prob="1"/>
DEBUG:Adding: <entity name="DoughsR16_zombieFemaleFat"/>
DEBUG:Adding: <entity name="DoughsR19_zombieScreamerFeral" prob="0.4"/>
DEBUG:Adding: <entity name="DoughsR25_zombieBiker"/>
DEBUG:Adding: <entity name="DoughsR30_zombieFatHawaiianFeral" prob="0.6"/>
DEBUG:Adding: <entity name="DoughsR51_zombieDarleneFeral" prob="0.7"/>
DEBUG:Adding: <entity name="DoughsR62_zombieDarlene"/>
DEBUG:Adding: <entity name="DoughsR63_zombieFatCopFeral" prob="0.5"/>
DEBUG:Adding: <entity name="DoughsR71_zombieNurseFeral" prob="0.7"/>
DEBUG:ModletGen_AddZedsToEntityGroupsFile ENTITY GROUP: scoutHordeStageGS1551
DEBUG:Adding: <entity name="DoughsR11_zombieBoeFeral" prob="0.7"/>
DEBUG:Adding: <entity name="DoughsR29_zombieBoe"/>
DEBUG:Adding: <entity name="DoughsR32_zombieMoeRadiated" prob="0.66"/>
DEBUG:Adding: <entity name="DoughsR35_zombieJoe"/>
DEBUG:Adding: <entity name="DoughsR46_zombieFootballPlayer"/>
DEBUG:Adding: <entity name="DoughsR51_zombieDarleneFeral" prob="0.7"/>
DEBUG:Adding: <entity name="DoughsR55_zombieJoeRadiated" prob="0.66"/>
DEBUG:Adding: <entity name="DoughsR63_zombieFatCopFeral" prob="0.5"/>
DEBUG:Adding: <entity name="DoughsR65_zombieJanitor"/>
DEBUG:Adding: <entity name="DoughsR7_zombieWightFeral" prob="0.5"/>
DEBUG:Adding: <entity name="DoughsR88_animalZombieVulture" prob="0.3"/>
DEBUG:ModletGen_AddZedsToEntityGroupsFile ENTITY GROUP: scoutHordeStageGS156
DEBUG:Adding: <entity name="DoughsR19_zombieScreamerFeral" prob="0.4"/>
DEBUG:Adding: <entity name="DoughsR24_zombieNurse"/>
DEBUG:Adding: <entity name="DoughsR3_zombieFatCopRadiated" prob="0.13"/>
DEBUG:Adding: <entity name="DoughsR45_zombieSpider" prob="0.7"/>
DEBUG:Adding: <entity name="DoughsR46_zombieFootballPlayer"/>
DEBUG:Adding: <entity name="DoughsR57_zombieSpiderFeral" prob="0.6"/>
DEBUG:Adding: <entity name="DoughsR62_zombieDarlene"/>
DEBUG:Adding: <entity name="DoughsR63_zombieFatCopFeral" prob="0.45"/>
DEBUG:Adding: <entity name="DoughsR74_zombieMoeFeral" prob="0.67"/>
DEBUG:Adding: <entity name="DoughsR86_zombieBikerRadiated" prob="0.18"/>
DEBUG:Adding: <entity name="DoughsR8_zombieArleneRadiated" prob="0.39"/>
DEBUG:ModletGen_AddZedsToEntityGroupsFile ENTITY GROUP: scoutHordeStageGS1568
DEBUG:Adding: <entity name="DoughsR16_zombieFemaleFat"/>
DEBUG:Adding: <entity name="DoughsR42_zombieMaleHazmat"/>
DEBUG:Adding: <entity name="DoughsR45_zombieSpider" prob="0.7"/>
DEBUG:Adding: <entity name="DoughsR46_zombieFootballPlayer"/>
DEBUG:Adding: <entity name="DoughsR49_zombieMoe"/>
DEBUG:Adding: <entity name="DoughsR53_zombieJanitorFeral" prob="0.7"/>
DEBUG:Adding: <entity name="DoughsR54_zombieFemaleFatRadiated" prob="0.6"/>
DEBUG:Adding: <entity name="DoughsR65_zombieJanitor"/>
DEBUG:Adding: <entity name="DoughsR68_zombieScreamer" prob="0.5"/>
DEBUG:Adding: <entity name="DoughsR75_zombieSkateboarderRadiated" prob="0.66"/>
DEBUG:Adding: <entity name="DoughsR79_zombieYoFeral" prob="0.7"/>
DEBUG:ModletGen_AddZedsToEntityGroupsFile ENTITY GROUP: scoutHordeStageGS1586
DEBUG:Adding: <entity name="DoughsR12_zombieJoeFeral" prob="0.7"/>
DEBUG:Adding: <entity name="DoughsR28_zombieMarlene"/>
DEBUG:Adding: <entity name="DoughsR29_zombieBoe"/>
DEBUG:Adding: <entity name="DoughsR3_zombieFatCopRadiated" prob="0.5"/>
DEBUG:Adding: <entity name="DoughsR41_zombieYo"/>
DEBUG:Adding: <entity name="DoughsR49_zombieMoe"/>
DEBUG:Adding: <entity name="DoughsR54_zombieFemaleFatRadiated" prob="0.6"/>
DEBUG:Adding: <entity name="DoughsR57_zombieSpiderFeral" prob="0.6"/>
DEBUG:Adding: <entity name="DoughsR63_zombieFatCopFeral" prob="0.5"/>
DEBUG:Adding: <entity name="DoughsR74_zombieMoeFeral" prob="0.7"/>
DEBUG:Adding: <entity name="DoughsR75_zombieSkateboarderRadiated" prob="0.66"/>
DEBUG:ModletGen_AddZedsToEntityGroupsFile ENTITY GROUP: scoutHordeStageGS1603
DEBUG:Adding: <entity name="DoughsR11_zombieBoeFeral" prob="0.7"/>
DEBUG:Adding: <entity name="DoughsR12_zombieJoeFeral" prob="0.7"/>
DEBUG:Adding: <entity name="DoughsR24_zombieNurse"/>
DEBUG:Adding: <entity name="DoughsR25_zombieBiker"/>
DEBUG:Adding: <entity name="DoughsR29_zombieBoe"/>
DEBUG:Adding: <entity name="DoughsR35_zombieJoe"/>
DEBUG:Adding: <entity name="DoughsR56_zombieUtilityWorker"/>
DEBUG:Adding: <entity name="DoughsR57_zombieSpiderFeral" prob="0.6"/>
DEBUG:Adding: <entity name="DoughsR79_zombieYoFeral" prob="0.7"/>
DEBUG:Adding: <entity name="DoughsR88_animalZombieVulture" prob="0.3"/>
DEBUG:Adding: <entity name="DoughsR8_zombieArleneRadiated" prob="0.66"/>
DEBUG:ModletGen_AddZedsToEntityGroupsFile ENTITY GROUP: scoutHordeStageGS1621
DEBUG:Adding: <entity name="DoughsR12_zombieJoeFeral" prob="0.7"/>
DEBUG:Adding: <entity name="DoughsR24_zombieNurse"/>
DEBUG:Adding: <entity name="DoughsR28_zombieMarlene"/>
DEBUG:Adding: <entity name="DoughsR2_zombieBusinessManFeral" prob="0.7"/>
DEBUG:Adding: <entity name="DoughsR45_zombieSpider" prob="0.7"/>
DEBUG:Adding: <entity name="DoughsR61_zombieSkateboarder"/>
DEBUG:Adding: <entity name="DoughsR65_zombieJanitor"/>
DEBUG:Adding: <entity name="DoughsR66_zombieDarleneRadiated" prob="0.66"/>
DEBUG:Adding: <entity name="DoughsR79_zombieYoFeral" prob="0.7"/>
DEBUG:Adding: <entity name="DoughsR7_zombieWightFeral" prob="0.5"/>
DEBUG:Adding: <entity name="DoughsR81_zombieSteveRadiated" prob="0.66"/>
DEBUG:ModletGen_AddZedsToEntityGroupsFile ENTITY GROUP: scoutHordeStageGS1638
DEBUG:Adding: <entity name="DoughsR14_zombieSoldier" prob="1"/>
DEBUG:Adding: <entity name="DoughsR21_zombieSpiderRadiated" prob="0.5"/>
DEBUG:Adding: <entity name="DoughsR25_zombieBiker"/>
DEBUG:Adding: <entity name="DoughsR27_zombieFatCop" prob="0.7"/>
DEBUG:Adding: <entity name="DoughsR28_zombieMarlene"/>
DEBUG:Adding: <entity name="DoughsR30_zombieFatHawaiianFeral" prob="0.6"/>
DEBUG:Adding: <entity name="DoughsR46_zombieFootballPlayer"/>
DEBUG:Adding: <entity name="DoughsR56_zombieUtilityWorker"/>
DEBUG:Adding: <entity name="DoughsR57_zombieSpiderFeral" prob="0.6"/>
DEBUG:Adding: <entity name="DoughsR65_zombieJanitor"/>
DEBUG:Adding: <entity name="DoughsR69_zombieOldTimerRadiated" prob="0.66"/>
DEBUG:ModletGen_AddZedsToEntityGroupsFile ENTITY GROUP: scoutHordeStageGS164
DEBUG:Adding: <entity name="DoughsR26_zombieFatHawaiian" prob="0.7"/>
DEBUG:Adding: <entity name="DoughsR27_zombieFatCop" prob="0.7"/>
DEBUG:Adding: <entity name="DoughsR2_zombieBusinessManFeral" prob="0.7"/>
DEBUG:Adding: <entity name="DoughsR31_zombieArlene"/>
DEBUG:Adding: <entity name="DoughsR41_zombieYo"/>
DEBUG:Adding: <entity name="DoughsR42_zombieMaleHazmat"/>
DEBUG:Adding: <entity name="DoughsR48_zombieCheerleaderRadiated" prob="0.58"/>
DEBUG:Adding: <entity name="DoughsR49_zombieMoe"/>
DEBUG:Adding: <entity name="DoughsR53_zombieJanitorFeral" prob="0.7"/>
DEBUG:Adding: <entity name="DoughsR54_zombieFemaleFatRadiated" prob="0.48"/>
DEBUG:Adding: <entity name="DoughsR81_zombieSteveRadiated" prob="0.37"/>
DEBUG:ModletGen_AddZedsToEntityGroupsFile ENTITY GROUP: scoutHordeStageGS1656
DEBUG:Adding: <entity name="DoughsR13_zombieSteve"/>
DEBUG:Adding: <entity name="DoughsR26_zombieFatHawaiian" prob="0.7"/>
DEBUG:Adding: <entity name="DoughsR28_zombieMarlene"/>
DEBUG:Adding: <entity name="DoughsR34_zombieMarleneRadiated" prob="0.66"/>
DEBUG:Adding: <entity name="DoughsR39_zombieSkateboarderFeral" prob="0.7"/>
DEBUG:Adding: <entity name="DoughsR42_zombieMaleHazmat"/>
DEBUG:Adding: <entity name="DoughsR49_zombieMoe"/>
DEBUG:Adding: <entity name="DoughsR53_zombieJanitorFeral" prob="0.7"/>
DEBUG:Adding: <entity name="DoughsR75_zombieSkateboarderRadiated" prob="0.66"/>
DEBUG:Adding: <entity name="DoughsR86_zombieBikerRadiated" prob="0.6"/>
DEBUG:Adding: <entity name="DoughsR88_animalZombieVulture" prob="0.3"/>
DEBUG:ModletGen_AddZedsToEntityGroupsFile ENTITY GROUP: scoutHordeStageGS1674
DEBUG:Adding: <entity name="DoughsR12_zombieJoeFeral" prob="0.7"/>
DEBUG:Adding: <entity name="DoughsR13_zombieSteve"/>
DEBUG:Adding: <entity name="DoughsR14_zombieSoldier" prob="1"/>
DEBUG:Adding: <entity name="DoughsR20_zombieSoldierRadiated" prob="0.66"/>
DEBUG:Adding: <entity name="DoughsR27_zombieFatCop" prob="0.7"/>
DEBUG:Adding: <entity name="DoughsR28_zombieMarlene"/>
DEBUG:Adding: <entity name="DoughsR46_zombieFootballPlayer"/>
DEBUG:Adding: <entity name="DoughsR48_zombieCheerleaderRadiated" prob="0.66"/>
DEBUG:Adding: <entity name="DoughsR57_zombieSpiderFeral" prob="0.6"/>
DEBUG:Adding: <entity name="DoughsR66_zombieDarleneRadiated" prob="0.66"/>
DEBUG:Adding: <entity name="DoughsR86_zombieBikerRadiated" prob="0.6"/>
DEBUG:ModletGen_AddZedsToEntityGroupsFile ENTITY GROUP: scoutHordeStageGS1692
DEBUG:Adding: <entity name="DoughsR12_zombieJoeFeral" prob="0.7"/>
DEBUG:Adding: <entity name="DoughsR27_zombieFatCop" prob="0.7"/>
DEBUG:Adding: <entity name="DoughsR32_zombieMoeRadiated" prob="0.66"/>
DEBUG:Adding: <entity name="DoughsR34_zombieMarleneRadiated" prob="0.66"/>
DEBUG:Adding: <entity name="DoughsR39_zombieSkateboarderFeral" prob="0.7"/>
DEBUG:Adding: <entity name="DoughsR45_zombieSpider" prob="0.7"/>
DEBUG:Adding: <entity name="DoughsR51_zombieDarleneFeral" prob="0.7"/>
DEBUG:Adding: <entity name="DoughsR53_zombieJanitorFeral" prob="0.7"/>
DEBUG:Adding: <entity name="DoughsR56_zombieUtilityWorker"/>
DEBUG:Adding: <entity name="DoughsR66_zombieDarleneRadiated" prob="0.66"/>
DEBUG:Adding: <entity name="DoughsR71_zombieNurseFeral" prob="0.7"/>
DEBUG:ModletGen_AddZedsToEntityGroupsFile ENTITY GROUP: scoutHordeStageGS1710
DEBUG:Adding: <entity name="DoughsR30_zombieFatHawaiianFeral" prob="0.6"/>
DEBUG:Adding: <entity name="DoughsR34_zombieMarleneRadiated" prob="0.66"/>
DEBUG:Adding: <entity name="DoughsR35_zombieJoe"/>
DEBUG:Adding: <entity name="DoughsR55_zombieJoeRadiated" prob="0.66"/>
DEBUG:Adding: <entity name="DoughsR58_zombieJanitorRadiated" prob="0.66"/>
DEBUG:Adding: <entity name="DoughsR63_zombieFatCopFeral" prob="0.5"/>
DEBUG:Adding: <entity name="DoughsR65_zombieJanitor"/>
DEBUG:Adding: <entity name="DoughsR68_zombieScreamer" prob="0.5"/>
DEBUG:Adding: <entity name="DoughsR74_zombieMoeFeral" prob="0.7"/>
DEBUG:Adding: <entity name="DoughsR79_zombieYoFeral" prob="0.7"/>
DEBUG:Adding: <entity name="DoughsR8_zombieArleneRadiated" prob="0.66"/>
DEBUG:ModletGen_AddZedsToEntityGroupsFile ENTITY GROUP: scoutHordeStageGS172
DEBUG:Adding: <entity name="DoughsR11_zombieBoeFeral" prob="0.7"/>
DEBUG:Adding: <entity name="DoughsR13_zombieSteve"/>
DEBUG:Adding: <entity name="DoughsR35_zombieJoe"/>
DEBUG:Adding: <entity name="DoughsR45_zombieSpider" prob="0.7"/>
DEBUG:Adding: <entity name="DoughsR51_zombieDarleneFeral" prob="0.7"/>
DEBUG:Adding: <entity name="DoughsR56_zombieUtilityWorker"/>
DEBUG:Adding: <entity name="DoughsR57_zombieSpiderFeral" prob="0.6"/>
DEBUG:Adding: <entity name="DoughsR68_zombieScreamer" prob="0.5"/>
DEBUG:Adding: <entity name="DoughsR74_zombieMoeFeral" prob="0.7"/>
DEBUG:Adding: <entity name="DoughsR79_zombieYoFeral" prob="0.7"/>
DEBUG:Adding: <entity name="DoughsR7_zombieWightFeral" prob="0.5"/>
DEBUG:ModletGen_AddZedsToEntityGroupsFile ENTITY GROUP: scoutHordeStageGS1728
DEBUG:Adding: <entity name="DoughsR11_zombieBoeFeral" prob="0.7"/>
DEBUG:Adding: <entity name="DoughsR29_zombieBoe"/>
DEBUG:Adding: <entity name="DoughsR2_zombieBusinessManFeral" prob="0.7"/>
DEBUG:Adding: <entity name="DoughsR42_zombieMaleHazmat"/>
DEBUG:Adding: <entity name="DoughsR54_zombieFemaleFatRadiated" prob="0.6"/>
DEBUG:Adding: <entity name="DoughsR58_zombieJanitorRadiated" prob="0.66"/>
DEBUG:Adding: <entity name="DoughsR63_zombieFatCopFeral" prob="0.5"/>
DEBUG:Adding: <entity name="DoughsR64_zombieCheerleader"/>
DEBUG:Adding: <entity name="DoughsR79_zombieYoFeral" prob="0.7"/>
DEBUG:Adding: <entity name="DoughsR86_zombieBikerRadiated" prob="0.6"/>
DEBUG:Adding: <entity name="DoughsR98_animalZombieDog"/>
DEBUG:ModletGen_AddZedsToEntityGroupsFile ENTITY GROUP: scoutHordeStageGS1746
DEBUG:Adding: <entity name="DoughsR20_zombieSoldierRadiated" prob="0.66"/>
DEBUG:Adding: <entity name="DoughsR24_zombieNurse"/>
DEBUG:Adding: <entity name="DoughsR28_zombieMarlene"/>
DEBUG:Adding: <entity name="DoughsR34_zombieMarleneRadiated" prob="0.66"/>
DEBUG:Adding: <entity name="DoughsR37_zombieMarleneFeral" prob="0.7"/>
DEBUG:Adding: <entity name="DoughsR44_zombieBusinessMan"/>
DEBUG:Adding: <entity name="DoughsR48_zombieCheerleaderRadiated" prob="0.66"/>
DEBUG:Adding: <entity name="DoughsR53_zombieJanitorFeral" prob="0.7"/>
DEBUG:Adding: <entity name="DoughsR55_zombieJoeRadiated" prob="0.66"/>
DEBUG:Adding: <entity name="DoughsR63_zombieFatCopFeral" prob="0.5"/>
DEBUG:Adding: <entity name="DoughsR64_zombieCheerleader"/>
DEBUG:ModletGen_AddZedsToEntityGroupsFile ENTITY GROUP: scoutHordeStageGS1764
DEBUG:Adding: <entity name="DoughsR11_zombieBoeFeral" prob="0.7"/>
DEBUG:Adding: <entity name="DoughsR13_zombieSteve"/>
DEBUG:Adding: <entity name="DoughsR36_zombieYoRadiated" prob="0.66"/>
DEBUG:Adding: <entity name="DoughsR3_zombieFatCopRadiated" prob="0.5"/>
DEBUG:Adding: <entity name="DoughsR41_zombieYo"/>
DEBUG:Adding: <entity name="DoughsR48_zombieCheerleaderRadiated" prob="0.66"/>
DEBUG:Adding: <entity name="DoughsR58_zombieJanitorRadiated" prob="0.66"/>
DEBUG:Adding: <entity name="DoughsR66_zombieDarleneRadiated" prob="0.66"/>
DEBUG:Adding: <entity name="DoughsR79_zombieYoFeral" prob="0.7"/>
DEBUG:Adding: <entity name="DoughsR81_zombieSteveRadiated" prob="0.66"/>
DEBUG:Adding: <entity name="DoughsR86_zombieBikerRadiated" prob="0.6"/>
DEBUG:ModletGen_AddZedsToEntityGroupsFile ENTITY GROUP: scoutHordeStageGS1782
DEBUG:Adding: <entity name="DoughsR21_zombieSpiderRadiated" prob="0.5"/>
DEBUG:Adding: <entity name="DoughsR24_zombieNurse"/>
DEBUG:Adding: <entity name="DoughsR26_zombieFatHawaiian" prob="0.7"/>
DEBUG:Adding: <entity name="DoughsR30_zombieFatHawaiianFeral" prob="0.6"/>
DEBUG:Adding: <entity name="DoughsR41_zombieYo"/>
DEBUG:Adding: <entity name="DoughsR42_zombieMaleHazmat"/>
DEBUG:Adding: <entity name="DoughsR48_zombieCheerleaderRadiated" prob="0.66"/>
DEBUG:Adding: <entity name="DoughsR62_zombieDarlene"/>
DEBUG:Adding: <entity name="DoughsR68_zombieScreamer" prob="0.5"/>
DEBUG:Adding: <entity name="DoughsR81_zombieSteveRadiated" prob="0.66"/>
DEBUG:Adding: <entity name="DoughsR98_animalZombieDog"/>
DEBUG:ModletGen_AddZedsToEntityGroupsFile ENTITY GROUP: scoutHordeStageGS18
DEBUG:Adding: <entity name="DoughsR13_zombieSteve"/>
DEBUG:Adding: <entity name="DoughsR24_zombieNurse"/>
DEBUG:Adding: <entity name="DoughsR28_zombieMarlene"/>
DEBUG:Adding: <entity name="DoughsR29_zombieBoe"/>
DEBUG:Adding: <entity name="DoughsR31_zombieArlene"/>
DEBUG:Adding: <entity name="DoughsR35_zombieJoe"/>
DEBUG:Adding: <entity name="DoughsR41_zombieYo"/>
DEBUG:Adding: <entity name="DoughsR49_zombieMoe"/>
DEBUG:Adding: <entity name="DoughsR61_zombieSkateboarder"/>
DEBUG:Adding: <entity name="DoughsR62_zombieDarlene"/>
DEBUG:Adding: <entity name="DoughsR64_zombieCheerleader"/>
DEBUG:ModletGen_AddZedsToEntityGroupsFile ENTITY GROUP: scoutHordeStageGS1800
DEBUG:Adding: <entity name="DoughsR12_zombieJoeFeral" prob="0.7"/>
DEBUG:Adding: <entity name="DoughsR16_zombieFemaleFat"/>
DEBUG:Adding: <entity name="DoughsR31_zombieArlene"/>
DEBUG:Adding: <entity name="DoughsR35_zombieJoe"/>
DEBUG:Adding: <entity name="DoughsR37_zombieMarleneFeral" prob="0.7"/>
DEBUG:Adding: <entity name="DoughsR41_zombieYo"/>
DEBUG:Adding: <entity name="DoughsR44_zombieBusinessMan"/>
DEBUG:Adding: <entity name="DoughsR53_zombieJanitorFeral" prob="0.7"/>
DEBUG:Adding: <entity name="DoughsR61_zombieSkateboarder"/>
DEBUG:Adding: <entity name="DoughsR65_zombieJanitor"/>
DEBUG:Adding: <entity name="DoughsR7_zombieWightFeral" prob="0.5"/>
DEBUG:ModletGen_AddZedsToEntityGroupsFile ENTITY GROUP: scoutHordeStageGS181
DEBUG:Adding: <entity name="DoughsR11_zombieBoeFeral" prob="0.7"/>
DEBUG:Adding: <entity name="DoughsR28_zombieMarlene"/>
DEBUG:Adding: <entity name="DoughsR35_zombieJoe"/>
DEBUG:Adding: <entity name="DoughsR36_zombieYoRadiated" prob="0.55"/>
DEBUG:Adding: <entity name="DoughsR49_zombieMoe"/>
DEBUG:Adding: <entity name="DoughsR63_zombieFatCopFeral" prob="0.5"/>
DEBUG:Adding: <entity name="DoughsR68_zombieScreamer" prob="0.5"/>
DEBUG:Adding: <entity name="DoughsR71_zombieNurseFeral" prob="0.7"/>
DEBUG:Adding: <entity name="DoughsR81_zombieSteveRadiated" prob="0.53"/>
DEBUG:Adding: <entity name="DoughsR8_zombieArleneRadiated" prob="0.62"/>
DEBUG:Adding: <entity name="DoughsR98_animalZombieDog"/>
DEBUG:ModletGen_AddZedsToEntityGroupsFile ENTITY GROUP: scoutHordeStageGS1818
DEBUG:Adding: <entity name="DoughsR13_zombieSteve"/>
DEBUG:Adding: <entity name="DoughsR21_zombieSpiderRadiated" prob="0.5"/>
DEBUG:Adding: <entity name="DoughsR28_zombieMarlene"/>
DEBUG:Adding: <entity name="DoughsR37_zombieMarleneFeral" prob="0.7"/>
DEBUG:Adding: <entity name="DoughsR3_zombieFatCopRadiated" prob="0.5"/>
DEBUG:Adding: <entity name="DoughsR51_zombieDarleneFeral" prob="0.7"/>
DEBUG:Adding: <entity name="DoughsR55_zombieJoeRadiated" prob="0.66"/>
DEBUG:Adding: <entity name="DoughsR59_zombieArleneFeral" prob="0.7"/>
DEBUG:Adding: <entity name="DoughsR65_zombieJanitor"/>
DEBUG:Adding: <entity name="DoughsR71_zombieNurseFeral" prob="0.7"/>
DEBUG:Adding: <entity name="DoughsR8_zombieArleneRadiated" prob="0.66"/>
DEBUG:ModletGen_AddZedsToEntityGroupsFile ENTITY GROUP: scoutHordeStageGS1837
DEBUG:Adding: <entity name="DoughsR13_zombieSteve"/>
DEBUG:Adding: <entity name="DoughsR36_zombieYoRadiated" prob="0.66"/>
DEBUG:Adding: <entity name="DoughsR41_zombieYo"/>
DEBUG:Adding: <entity name="DoughsR44_zombieBusinessMan"/>
DEBUG:Adding: <entity name="DoughsR50_zombieBoeRadiated" prob="0.66"/>
DEBUG:Adding: <entity name="DoughsR55_zombieJoeRadiated" prob="0.66"/>
DEBUG:Adding: <entity name="DoughsR57_zombieSpiderFeral" prob="0.6"/>
DEBUG:Adding: <entity name="DoughsR65_zombieJanitor"/>
DEBUG:Adding: <entity name="DoughsR68_zombieScreamer" prob="0.5"/>
DEBUG:Adding: <entity name="DoughsR69_zombieOldTimerRadiated" prob="0.66"/>
DEBUG:Adding: <entity name="DoughsR71_zombieNurseFeral" prob="0.7"/>
DEBUG:ModletGen_AddZedsToEntityGroupsFile ENTITY GROUP: scoutHordeStageGS1855
DEBUG:Adding: <entity name="DoughsR16_zombieFemaleFat"/>
DEBUG:Adding: <entity name="DoughsR24_zombieNurse"/>
DEBUG:Adding: <entity name="DoughsR25_zombieBiker"/>
DEBUG:Adding: <entity name="DoughsR30_zombieFatHawaiianFeral" prob="0.6"/>
DEBUG:Adding: <entity name="DoughsR35_zombieJoe"/>
DEBUG:Adding: <entity name="DoughsR3_zombieFatCopRadiated" prob="0.5"/>
DEBUG:Adding: <entity name="DoughsR49_zombieMoe"/>
DEBUG:Adding: <entity name="DoughsR50_zombieBoeRadiated" prob="0.66"/>
DEBUG:Adding: <entity name="DoughsR53_zombieJanitorFeral" prob="0.7"/>
DEBUG:Adding: <entity name="DoughsR66_zombieDarleneRadiated" prob="0.66"/>
DEBUG:Adding: <entity name="DoughsR8_zombieArleneRadiated" prob="0.66"/>
DEBUG:ModletGen_AddZedsToEntityGroupsFile ENTITY GROUP: scoutHordeStageGS1873
DEBUG:Adding: <entity name="DoughsR26_zombieFatHawaiian" prob="0.7"/>
DEBUG:Adding: <entity name="DoughsR37_zombieMarleneFeral" prob="0.7"/>
DEBUG:Adding: <entity name="DoughsR42_zombieMaleHazmat"/>
DEBUG:Adding: <entity name="DoughsR49_zombieMoe"/>
DEBUG:Adding: <entity name="DoughsR53_zombieJanitorFeral" prob="0.7"/>
DEBUG:Adding: <entity name="DoughsR54_zombieFemaleFatRadiated" prob="0.6"/>
DEBUG:Adding: <entity name="DoughsR55_zombieJoeRadiated" prob="0.66"/>
DEBUG:Adding: <entity name="DoughsR56_zombieUtilityWorker"/>
DEBUG:Adding: <entity name="DoughsR58_zombieJanitorRadiated" prob="0.66"/>
DEBUG:Adding: <entity name="DoughsR62_zombieDarlene"/>
DEBUG:Adding: <entity name="DoughsR71_zombieNurseFeral" prob="0.7"/>
DEBUG:ModletGen_AddZedsToEntityGroupsFile ENTITY GROUP: scoutHordeStageGS189
DEBUG:Adding: <entity name="DoughsR10_zombieFemaleFatFeral" prob="0.6"/>
DEBUG:Adding: <entity name="DoughsR11_zombieBoeFeral" prob="0.7"/>
DEBUG:Adding: <entity name="DoughsR16_zombieFemaleFat"/>
DEBUG:Adding: <entity name="DoughsR20_zombieSoldierRadiated" prob="0.58"/>
DEBUG:Adding: <entity name="DoughsR2_zombieBusinessManFeral" prob="0.7"/>
DEBUG:Adding: <entity name="DoughsR39_zombieSkateboarderFeral" prob="0.7"/>
DEBUG:Adding: <entity name="DoughsR45_zombieSpider" prob="0.7"/>
DEBUG:Adding: <entity name="DoughsR65_zombieJanitor"/>
DEBUG:Adding: <entity name="DoughsR86_zombieBikerRadiated" prob="0.46"/>
DEBUG:Adding: <entity name="DoughsR88_animalZombieVulture" prob="0.3"/>
DEBUG:Adding: <entity name="DoughsR8_zombieArleneRadiated" prob="0.66"/>
DEBUG:ModletGen_AddZedsToEntityGroupsFile ENTITY GROUP: scoutHordeStageGS1892
DEBUG:Adding: <entity name="DoughsR10_zombieFemaleFatFeral" prob="0.6"/>
DEBUG:Adding: <entity name="DoughsR11_zombieBoeFeral" prob="0.7"/>
DEBUG:Adding: <entity name="DoughsR19_zombieScreamerFeral" prob="0.4"/>
DEBUG:Adding: <entity name="DoughsR28_zombieMarlene"/>
DEBUG:Adding: <entity name="DoughsR2_zombieBusinessManFeral" prob="0.7"/>
DEBUG:Adding: <entity name="DoughsR34_zombieMarleneRadiated" prob="0.66"/>
DEBUG:Adding: <entity name="DoughsR46_zombieFootballPlayer"/>
DEBUG:Adding: <entity name="DoughsR48_zombieCheerleaderRadiated" prob="0.66"/>
DEBUG:Adding: <entity name="DoughsR51_zombieDarleneFeral" prob="0.7"/>
DEBUG:Adding: <entity name="DoughsR59_zombieArleneFeral" prob="0.7"/>
DEBUG:Adding: <entity name="DoughsR61_zombieSkateboarder"/>
DEBUG:ModletGen_AddZedsToEntityGroupsFile ENTITY GROUP: scoutHordeStageGS1911
DEBUG:Adding: <entity name="DoughsR28_zombieMarlene"/>
DEBUG:Adding: <entity name="DoughsR29_zombieBoe"/>
DEBUG:Adding: <entity name="DoughsR32_zombieMoeRadiated" prob="0.66"/>
DEBUG:Adding: <entity name="DoughsR45_zombieSpider" prob="0.7"/>
DEBUG:Adding: <entity name="DoughsR49_zombieMoe"/>
DEBUG:Adding: <entity name="DoughsR50_zombieBoeRadiated" prob="0.66"/>
DEBUG:Adding: <entity name="DoughsR61_zombieSkateboarder"/>
DEBUG:Adding: <entity name="DoughsR68_zombieScreamer" prob="0.5"/>
DEBUG:Adding: <entity name="DoughsR81_zombieSteveRadiated" prob="0.66"/>
DEBUG:Adding: <entity name="DoughsR88_animalZombieVulture" prob="0.3"/>
DEBUG:Adding: <entity name="DoughsR98_animalZombieDog"/>
DEBUG:ModletGen_AddZedsToEntityGroupsFile ENTITY GROUP: scoutHordeStageGS1929
DEBUG:Adding: <entity name="DoughsR10_zombieFemaleFatFeral" prob="0.6"/>
DEBUG:Adding: <entity name="DoughsR19_zombieScreamerFeral" prob="0.4"/>
DEBUG:Adding: <entity name="DoughsR21_zombieSpiderRadiated" prob="0.5"/>
DEBUG:Adding: <entity name="DoughsR35_zombieJoe"/>
DEBUG:Adding: <entity name="DoughsR42_zombieMaleHazmat"/>
DEBUG:Adding: <entity name="DoughsR45_zombieSpider" prob="0.7"/>
DEBUG:Adding: <entity name="DoughsR59_zombieArleneFeral" prob="0.7"/>
DEBUG:Adding: <entity name="DoughsR69_zombieOldTimerRadiated" prob="0.66"/>
DEBUG:Adding: <entity name="DoughsR74_zombieMoeFeral" prob="0.7"/>
DEBUG:Adding: <entity name="DoughsR75_zombieSkateboarderRadiated" prob="0.66"/>
DEBUG:Adding: <entity name="DoughsR78_zombieSteveFeral" prob="0.7"/>
DEBUG:ModletGen_AddZedsToEntityGroupsFile ENTITY GROUP: scoutHordeStageGS1948
DEBUG:Adding: <entity name="DoughsR13_zombieSteve"/>
DEBUG:Adding: <entity name="DoughsR21_zombieSpiderRadiated" prob="0.5"/>
DEBUG:Adding: <entity name="DoughsR26_zombieFatHawaiian" prob="0.7"/>
DEBUG:Adding: <entity name="DoughsR51_zombieDarleneFeral" prob="0.7"/>
DEBUG:Adding: <entity name="DoughsR53_zombieJanitorFeral" prob="0.7"/>
DEBUG:Adding: <entity name="DoughsR58_zombieJanitorRadiated" prob="0.66"/>
DEBUG:Adding: <entity name="DoughsR62_zombieDarlene"/>
DEBUG:Adding: <entity name="DoughsR69_zombieOldTimerRadiated" prob="0.66"/>
DEBUG:Adding: <entity name="DoughsR71_zombieNurseFeral" prob="0.7"/>
DEBUG:Adding: <entity name="DoughsR7_zombieWightFeral" prob="0.5"/>
DEBUG:Adding: <entity name="DoughsR8_zombieArleneRadiated" prob="0.66"/>
DEBUG:ModletGen_AddZedsToEntityGroupsFile ENTITY GROUP: scoutHordeStageGS1967
DEBUG:Adding: <entity name="DoughsR12_zombieJoeFeral" prob="0.7"/>
DEBUG:Adding: <entity name="DoughsR13_zombieSteve"/>
DEBUG:Adding: <entity name="DoughsR26_zombieFatHawaiian" prob="0.7"/>
DEBUG:Adding: <entity name="DoughsR27_zombieFatCop" prob="0.7"/>
DEBUG:Adding: <entity name="DoughsR2_zombieBusinessManFeral" prob="0.7"/>
DEBUG:Adding: <entity name="DoughsR30_zombieFatHawaiianFeral" prob="0.6"/>
DEBUG:Adding: <entity name="DoughsR37_zombieMarleneFeral" prob="0.7"/>
DEBUG:Adding: <entity name="DoughsR39_zombieSkateboarderFeral" prob="0.7"/>
DEBUG:Adding: <entity name="DoughsR44_zombieBusinessMan"/>
DEBUG:Adding: <entity name="DoughsR68_zombieScreamer" prob="0.5"/>
DEBUG:Adding: <entity name="DoughsR78_zombieSteveFeral" prob="0.7"/>
DEBUG:ModletGen_AddZedsToEntityGroupsFile ENTITY GROUP: scoutHordeStageGS198
DEBUG:Adding: <entity name="DoughsR13_zombieSteve"/>
DEBUG:Adding: <entity name="DoughsR25_zombieBiker"/>
DEBUG:Adding: <entity name="DoughsR30_zombieFatHawaiianFeral" prob="0.6"/>
DEBUG:Adding: <entity name="DoughsR32_zombieMoeRadiated" prob="0.66"/>
DEBUG:Adding: <entity name="DoughsR37_zombieMarleneFeral" prob="0.7"/>
DEBUG:Adding: <entity name="DoughsR48_zombieCheerleaderRadiated" prob="0.66"/>
DEBUG:Adding: <entity name="DoughsR50_zombieBoeRadiated" prob="0.66"/>
DEBUG:Adding: <entity name="DoughsR58_zombieJanitorRadiated" prob="0.66"/>
DEBUG:Adding: <entity name="DoughsR63_zombieFatCopFeral" prob="0.5"/>
DEBUG:Adding: <entity name="DoughsR74_zombieMoeFeral" prob="0.7"/>
DEBUG:Adding: <entity name="DoughsR78_zombieSteveFeral" prob="0.7"/>
DEBUG:ModletGen_AddZedsToEntityGroupsFile ENTITY GROUP: scoutHordeStageGS1986
DEBUG:Adding: <entity name="DoughsR10_zombieFemaleFatFeral" prob="0.6"/>
DEBUG:Adding: <entity name="DoughsR11_zombieBoeFeral" prob="0.7"/>
DEBUG:Adding: <entity name="DoughsR19_zombieScreamerFeral" prob="0.4"/>
DEBUG:Adding: <entity name="DoughsR32_zombieMoeRadiated" prob="0.66"/>
DEBUG:Adding: <entity name="DoughsR41_zombieYo"/>
DEBUG:Adding: <entity name="DoughsR42_zombieMaleHazmat"/>
DEBUG:Adding: <entity name="DoughsR45_zombieSpider" prob="0.7"/>
DEBUG:Adding: <entity name="DoughsR50_zombieBoeRadiated" prob="0.66"/>
DEBUG:Adding: <entity name="DoughsR54_zombieFemaleFatRadiated" prob="0.6"/>
DEBUG:Adding: <entity name="DoughsR62_zombieDarlene"/>
DEBUG:Adding: <entity name="DoughsR88_animalZombieVulture" prob="0.3"/>
DEBUG:ModletGen_AddZedsToEntityGroupsFile ENTITY GROUP: scoutHordeStageGS2
DEBUG:Adding: <entity name="DoughsR13_zombieSteve"/>
DEBUG:Adding: <entity name="DoughsR24_zombieNurse"/>
DEBUG:Adding: <entity name="DoughsR28_zombieMarlene"/>
DEBUG:Adding: <entity name="DoughsR29_zombieBoe"/>
DEBUG:Adding: <entity name="DoughsR31_zombieArlene"/>
DEBUG:Adding: <entity name="DoughsR35_zombieJoe"/>
DEBUG:Adding: <entity name="DoughsR41_zombieYo"/>
DEBUG:Adding: <entity name="DoughsR44_zombieBusinessMan"/>
DEBUG:Adding: <entity name="DoughsR49_zombieMoe"/>
DEBUG:Adding: <entity name="DoughsR61_zombieSkateboarder"/>
DEBUG:Adding: <entity name="DoughsR64_zombieCheerleader"/>
DEBUG:ModletGen_AddZedsToEntityGroupsFile ENTITY GROUP: scoutHordeStageGS2004
DEBUG:Adding: <entity name="DoughsR27_zombieFatCop" prob="0.7"/>
DEBUG:Adding: <entity name="DoughsR31_zombieArlene"/>
DEBUG:Adding: <entity name="DoughsR32_zombieMoeRadiated" prob="0.66"/>
DEBUG:Adding: <entity name="DoughsR39_zombieSkateboarderFeral" prob="0.7"/>
DEBUG:Adding: <entity name="DoughsR55_zombieJoeRadiated" prob="0.66"/>
DEBUG:Adding: <entity name="DoughsR56_zombieUtilityWorker"/>
DEBUG:Adding: <entity name="DoughsR66_zombieDarleneRadiated" prob="0.66"/>
DEBUG:Adding: <entity name="DoughsR69_zombieOldTimerRadiated" prob="0.66"/>
DEBUG:Adding: <entity name="DoughsR7_zombieWightFeral" prob="0.5"/>
DEBUG:Adding: <entity name="DoughsR86_zombieBikerRadiated" prob="0.6"/>
DEBUG:Adding: <entity name="DoughsR98_animalZombieDog"/>
DEBUG:ModletGen_AddZedsToEntityGroupsFile ENTITY GROUP: scoutHordeStageGS2023
DEBUG:Adding: <entity name="DoughsR13_zombieSteve"/>
DEBUG:Adding: <entity name="DoughsR24_zombieNurse"/>
DEBUG:Adding: <entity name="DoughsR31_zombieArlene"/>
DEBUG:Adding: <entity name="DoughsR3_zombieFatCopRadiated" prob="0.5"/>
DEBUG:Adding: <entity name="DoughsR41_zombieYo"/>
DEBUG:Adding: <entity name="DoughsR42_zombieMaleHazmat"/>
DEBUG:Adding: <entity name="DoughsR48_zombieCheerleaderRadiated" prob="0.66"/>
DEBUG:Adding: <entity name="DoughsR57_zombieSpiderFeral" prob="0.6"/>
DEBUG:Adding: <entity name="DoughsR64_zombieCheerleader"/>
DEBUG:Adding: <entity name="DoughsR71_zombieNurseFeral" prob="0.7"/>
DEBUG:Adding: <entity name="DoughsR8_zombieArleneRadiated" prob="0.66"/>
DEBUG:ModletGen_AddZedsToEntityGroupsFile ENTITY GROUP: scoutHordeStageGS2042
DEBUG:Adding: <entity name="DoughsR10_zombieFemaleFatFeral" prob="0.6"/>
DEBUG:Adding: <entity name="DoughsR20_zombieSoldierRadiated" prob="0.66"/>
DEBUG:Adding: <entity name="DoughsR21_zombieSpiderRadiated" prob="0.5"/>
DEBUG:Adding: <entity name="DoughsR29_zombieBoe"/>
DEBUG:Adding: <entity name="DoughsR44_zombieBusinessMan"/>
DEBUG:Adding: <entity name="DoughsR54_zombieFemaleFatRadiated" prob="0.6"/>
DEBUG:Adding: <entity name="DoughsR61_zombieSkateboarder"/>
DEBUG:Adding: <entity name="DoughsR65_zombieJanitor"/>
DEBUG:Adding: <entity name="DoughsR68_zombieScreamer" prob="0.5"/>
DEBUG:Adding: <entity name="DoughsR86_zombieBikerRadiated" prob="0.6"/>
DEBUG:Adding: <entity name="DoughsR98_animalZombieDog"/>
DEBUG:ModletGen_AddZedsToEntityGroupsFile ENTITY GROUP: scoutHordeStageGS2061
DEBUG:Adding: <entity name="DoughsR10_zombieFemaleFatFeral" prob="0.6"/>
DEBUG:Adding: <entity name="DoughsR11_zombieBoeFeral" prob="0.7"/>
DEBUG:Adding: <entity name="DoughsR14_zombieSoldier" prob="1"/>
DEBUG:Adding: <entity name="DoughsR24_zombieNurse"/>
DEBUG:Adding: <entity name="DoughsR28_zombieMarlene"/>
DEBUG:Adding: <entity name="DoughsR30_zombieFatHawaiianFeral" prob="0.6"/>
DEBUG:Adding: <entity name="DoughsR42_zombieMaleHazmat"/>
DEBUG:Adding: <entity name="DoughsR57_zombieSpiderFeral" prob="0.6"/>
DEBUG:Adding: <entity name="DoughsR68_zombieScreamer" prob="0.5"/>
DEBUG:Adding: <entity name="DoughsR81_zombieSteveRadiated" prob="0.66"/>
DEBUG:Adding: <entity name="DoughsR88_animalZombieVulture" prob="0.3"/>
DEBUG:ModletGen_AddZedsToEntityGroupsFile ENTITY GROUP: scoutHordeStageGS207
DEBUG:Adding: <entity name="DoughsR11_zombieBoeFeral" prob="0.7"/>
DEBUG:Adding: <entity name="DoughsR12_zombieJoeFeral" prob="0.7"/>
DEBUG:Adding: <entity name="DoughsR24_zombieNurse"/>
DEBUG:Adding: <entity name="DoughsR30_zombieFatHawaiianFeral" prob="0.6"/>
DEBUG:Adding: <entity name="DoughsR32_zombieMoeRadiated" prob="0.66"/>
DEBUG:Adding: <entity name="DoughsR35_zombieJoe"/>
DEBUG:Adding: <entity name="DoughsR44_zombieBusinessMan"/>
DEBUG:Adding: <entity name="DoughsR45_zombieSpider" prob="0.7"/>
DEBUG:Adding: <entity name="DoughsR54_zombieFemaleFatRadiated" prob="0.6"/>
DEBUG:Adding: <entity name="DoughsR74_zombieMoeFeral" prob="0.7"/>
DEBUG:Adding: <entity name="DoughsR98_animalZombieDog"/>
DEBUG:ModletGen_AddZedsToEntityGroupsFile ENTITY GROUP: scoutHordeStageGS2081
DEBUG:Adding: <entity name="DoughsR24_zombieNurse"/>
DEBUG:Adding: <entity name="DoughsR25_zombieBiker"/>
DEBUG:Adding: <entity name="DoughsR26_zombieFatHawaiian" prob="0.7"/>
DEBUG:Adding: <entity name="DoughsR27_zombieFatCop" prob="0.7"/>
DEBUG:Adding: <entity name="DoughsR45_zombieSpider" prob="0.7"/>
DEBUG:Adding: <entity name="DoughsR48_zombieCheerleaderRadiated" prob="0.66"/>
DEBUG:Adding: <entity name="DoughsR51_zombieDarleneFeral" prob="0.7"/>
DEBUG:Adding: <entity name="DoughsR54_zombieFemaleFatRadiated" prob="0.6"/>
DEBUG:Adding: <entity name="DoughsR69_zombieOldTimerRadiated" prob="0.66"/>
DEBUG:Adding: <entity name="DoughsR71_zombieNurseFeral" prob="0.7"/>
DEBUG:Adding: <entity name="DoughsR86_zombieBikerRadiated" prob="0.6"/>
DEBUG:ModletGen_AddZedsToEntityGroupsFile ENTITY GROUP: scoutHordeStageGS2100
DEBUG:Adding: <entity name="DoughsR12_zombieJoeFeral" prob="0.7"/>
DEBUG:Adding: <entity name="DoughsR13_zombieSteve"/>
DEBUG:Adding: <entity name="DoughsR21_zombieSpiderRadiated" prob="0.5"/>
DEBUG:Adding: <entity name="DoughsR27_zombieFatCop" prob="0.7"/>
DEBUG:Adding: <entity name="DoughsR2_zombieBusinessManFeral" prob="0.7"/>
DEBUG:Adding: <entity name="DoughsR53_zombieJanitorFeral" prob="0.7"/>
DEBUG:Adding: <entity name="DoughsR58_zombieJanitorRadiated" prob="0.66"/>
DEBUG:Adding: <entity name="DoughsR65_zombieJanitor"/>
DEBUG:Adding: <entity name="DoughsR78_zombieSteveFeral" prob="0.7"/>
DEBUG:Adding: <entity name="DoughsR7_zombieWightFeral" prob="0.5"/>
DEBUG:Adding: <entity name="DoughsR98_animalZombieDog"/>
DEBUG:ModletGen_AddZedsToEntityGroupsFile ENTITY GROUP: scoutHordeStageGS2119
DEBUG:Adding: <entity name="DoughsR11_zombieBoeFeral" prob="0.7"/>
DEBUG:Adding: <entity name="DoughsR26_zombieFatHawaiian" prob="0.7"/>
DEBUG:Adding: <entity name="DoughsR34_zombieMarleneRadiated" prob="0.66"/>
DEBUG:Adding: <entity name="DoughsR35_zombieJoe"/>
DEBUG:Adding: <entity name="DoughsR48_zombieCheerleaderRadiated" prob="0.66"/>
DEBUG:Adding: <entity name="DoughsR50_zombieBoeRadiated" prob="0.66"/>
DEBUG:Adding: <entity name="DoughsR51_zombieDarleneFeral" prob="0.7"/>
DEBUG:Adding: <entity name="DoughsR58_zombieJanitorRadiated" prob="0.66"/>
DEBUG:Adding: <entity name="DoughsR61_zombieSkateboarder"/>
DEBUG:Adding: <entity name="DoughsR69_zombieOldTimerRadiated" prob="0.66"/>
DEBUG:Adding: <entity name="DoughsR74_zombieMoeFeral" prob="0.7"/>
DEBUG:ModletGen_AddZedsToEntityGroupsFile ENTITY GROUP: scoutHordeStageGS2138
DEBUG:Adding: <entity name="DoughsR14_zombieSoldier" prob="1"/>
DEBUG:Adding: <entity name="DoughsR30_zombieFatHawaiianFeral" prob="0.6"/>
DEBUG:Adding: <entity name="DoughsR31_zombieArlene"/>
DEBUG:Adding: <entity name="DoughsR48_zombieCheerleaderRadiated" prob="0.66"/>
DEBUG:Adding: <entity name="DoughsR54_zombieFemaleFatRadiated" prob="0.6"/>
DEBUG:Adding: <entity name="DoughsR56_zombieUtilityWorker"/>
DEBUG:Adding: <entity name="DoughsR59_zombieArleneFeral" prob="0.7"/>
DEBUG:Adding: <entity name="DoughsR63_zombieFatCopFeral" prob="0.5"/>
DEBUG:Adding: <entity name="DoughsR66_zombieDarleneRadiated" prob="0.66"/>
DEBUG:Adding: <entity name="DoughsR71_zombieNurseFeral" prob="0.7"/>
DEBUG:Adding: <entity name="DoughsR78_zombieSteveFeral" prob="0.7"/>
DEBUG:ModletGen_AddZedsToEntityGroupsFile ENTITY GROUP: scoutHordeStageGS2158
DEBUG:Adding: <entity name="DoughsR10_zombieFemaleFatFeral" prob="0.6"/>
DEBUG:Adding: <entity name="DoughsR11_zombieBoeFeral" prob="0.7"/>
DEBUG:Adding: <entity name="DoughsR20_zombieSoldierRadiated" prob="0.66"/>
DEBUG:Adding: <entity name="DoughsR24_zombieNurse"/>
DEBUG:Adding: <entity name="DoughsR26_zombieFatHawaiian" prob="0.7"/>
DEBUG:Adding: <entity name="DoughsR35_zombieJoe"/>
DEBUG:Adding: <entity name="DoughsR46_zombieFootballPlayer"/>
DEBUG:Adding: <entity name="DoughsR61_zombieSkateboarder"/>
DEBUG:Adding: <entity name="DoughsR66_zombieDarleneRadiated" prob="0.66"/>
DEBUG:Adding: <entity name="DoughsR75_zombieSkateboarderRadiated" prob="0.66"/>
DEBUG:Adding: <entity name="DoughsR88_animalZombieVulture" prob="0.3"/>
DEBUG:ModletGen_AddZedsToEntityGroupsFile ENTITY GROUP: scoutHordeStageGS216
DEBUG:Adding: <entity name="DoughsR13_zombieSteve"/>
DEBUG:Adding: <entity name="DoughsR16_zombieFemaleFat"/>
DEBUG:Adding: <entity name="DoughsR26_zombieFatHawaiian" prob="0.7"/>
DEBUG:Adding: <entity name="DoughsR27_zombieFatCop" prob="0.7"/>
DEBUG:Adding: <entity name="DoughsR28_zombieMarlene"/>
DEBUG:Adding: <entity name="DoughsR45_zombieSpider" prob="0.7"/>
DEBUG:Adding: <entity name="DoughsR48_zombieCheerleaderRadiated" prob="0.66"/>
DEBUG:Adding: <entity name="DoughsR51_zombieDarleneFeral" prob="0.7"/>
DEBUG:Adding: <entity name="DoughsR65_zombieJanitor"/>
DEBUG:Adding: <entity name="DoughsR66_zombieDarleneRadiated" prob="0.66"/>
DEBUG:Adding: <entity name="DoughsR98_animalZombieDog"/>
DEBUG:ModletGen_AddZedsToEntityGroupsFile ENTITY GROUP: scoutHordeStageGS2177
DEBUG:Adding: <entity name="DoughsR16_zombieFemaleFat"/>
DEBUG:Adding: <entity name="DoughsR25_zombieBiker"/>
DEBUG:Adding: <entity name="DoughsR34_zombieMarleneRadiated" prob="0.66"/>
DEBUG:Adding: <entity name="DoughsR36_zombieYoRadiated" prob="0.66"/>
DEBUG:Adding: <entity name="DoughsR46_zombieFootballPlayer"/>
DEBUG:Adding: <entity name="DoughsR53_zombieJanitorFeral" prob="0.7"/>
DEBUG:Adding: <entity name="DoughsR54_zombieFemaleFatRadiated" prob="0.6"/>
DEBUG:Adding: <entity name="DoughsR63_zombieFatCopFeral" prob="0.5"/>
DEBUG:Adding: <entity name="DoughsR79_zombieYoFeral" prob="0.7"/>
DEBUG:Adding: <entity name="DoughsR81_zombieSteveRadiated" prob="0.66"/>
DEBUG:Adding: <entity name="DoughsR86_zombieBikerRadiated" prob="0.6"/>
DEBUG:ModletGen_AddZedsToEntityGroupsFile ENTITY GROUP: scoutHordeStageGS2197
DEBUG:Adding: <entity name="DoughsR11_zombieBoeFeral" prob="0.7"/>
DEBUG:Adding: <entity name="DoughsR26_zombieFatHawaiian" prob="0.7"/>
DEBUG:Adding: <entity name="DoughsR2_zombieBusinessManFeral" prob="0.7"/>
DEBUG:Adding: <entity name="DoughsR31_zombieArlene"/>
DEBUG:Adding: <entity name="DoughsR36_zombieYoRadiated" prob="0.66"/>
DEBUG:Adding: <entity name="DoughsR42_zombieMaleHazmat"/>
DEBUG:Adding: <entity name="DoughsR45_zombieSpider" prob="0.7"/>
DEBUG:Adding: <entity name="DoughsR50_zombieBoeRadiated" prob="0.66"/>
DEBUG:Adding: <entity name="DoughsR61_zombieSkateboarder"/>
DEBUG:Adding: <entity name="DoughsR62_zombieDarlene"/>
DEBUG:Adding: <entity name="DoughsR64_zombieCheerleader"/>
DEBUG:ModletGen_AddZedsToEntityGroupsFile ENTITY GROUP: scoutHordeStageGS22
DEBUG:Adding: <entity name="DoughsR13_zombieSteve"/>
DEBUG:Adding: <entity name="DoughsR16_zombieFemaleFat"/>
DEBUG:Adding: <entity name="DoughsR24_zombieNurse"/>
DEBUG:Adding: <entity name="DoughsR28_zombieMarlene"/>
DEBUG:Adding: <entity name="DoughsR29_zombieBoe"/>
DEBUG:Adding: <entity name="DoughsR31_zombieArlene"/>
DEBUG:Adding: <entity name="DoughsR35_zombieJoe"/>
DEBUG:Adding: <entity name="DoughsR41_zombieYo"/>
DEBUG:Adding: <entity name="DoughsR44_zombieBusinessMan"/>
DEBUG:Adding: <entity name="DoughsR49_zombieMoe"/>
DEBUG:Adding: <entity name="DoughsR62_zombieDarlene"/>
DEBUG:ModletGen_AddZedsToEntityGroupsFile ENTITY GROUP: scoutHordeStageGS2216
DEBUG:Adding: <entity name="DoughsR13_zombieSteve"/>
DEBUG:Adding: <entity name="DoughsR20_zombieSoldierRadiated" prob="0.66"/>
DEBUG:Adding: <entity name="DoughsR2_zombieBusinessManFeral" prob="0.7"/>
DEBUG:Adding: <entity name="DoughsR58_zombieJanitorRadiated" prob="0.66"/>
DEBUG:Adding: <entity name="DoughsR59_zombieArleneFeral" prob="0.7"/>
DEBUG:Adding: <entity name="DoughsR61_zombieSkateboarder"/>
DEBUG:Adding: <entity name="DoughsR62_zombieDarlene"/>
DEBUG:Adding: <entity name="DoughsR65_zombieJanitor"/>
DEBUG:Adding: <entity name="DoughsR69_zombieOldTimerRadiated" prob="0.66"/>
DEBUG:Adding: <entity name="DoughsR74_zombieMoeFeral" prob="0.7"/>
DEBUG:Adding: <entity name="DoughsR88_animalZombieVulture" prob="0.3"/>
DEBUG:ModletGen_AddZedsToEntityGroupsFile ENTITY GROUP: scoutHordeStageGS2236
DEBUG:Adding: <entity name="DoughsR13_zombieSteve"/>
DEBUG:Adding: <entity name="DoughsR20_zombieSoldierRadiated" prob="0.66"/>
DEBUG:Adding: <entity name="DoughsR29_zombieBoe"/>
DEBUG:Adding: <entity name="DoughsR32_zombieMoeRadiated" prob="0.66"/>
DEBUG:Adding: <entity name="DoughsR36_zombieYoRadiated" prob="0.66"/>
DEBUG:Adding: <entity name="DoughsR48_zombieCheerleaderRadiated" prob="0.66"/>
DEBUG:Adding: <entity name="DoughsR58_zombieJanitorRadiated" prob="0.66"/>
DEBUG:Adding: <entity name="DoughsR63_zombieFatCopFeral" prob="0.5"/>
DEBUG:Adding: <entity name="DoughsR65_zombieJanitor"/>
DEBUG:Adding: <entity name="DoughsR66_zombieDarleneRadiated" prob="0.66"/>
DEBUG:Adding: <entity name="DoughsR81_zombieSteveRadiated" prob="0.66"/>
DEBUG:ModletGen_AddZedsToEntityGroupsFile ENTITY GROUP: scoutHordeStageGS225
DEBUG:Adding: <entity name="DoughsR10_zombieFemaleFatFeral" prob="0.6"/>
DEBUG:Adding: <entity name="DoughsR13_zombieSteve"/>
DEBUG:Adding: <entity name="DoughsR37_zombieMarleneFeral" prob="0.7"/>
DEBUG:Adding: <entity name="DoughsR41_zombieYo"/>
DEBUG:Adding: <entity name="DoughsR54_zombieFemaleFatRadiated" prob="0.6"/>
DEBUG:Adding: <entity name="DoughsR59_zombieArleneFeral" prob="0.7"/>
DEBUG:Adding: <entity name="DoughsR61_zombieSkateboarder"/>
DEBUG:Adding: <entity name="DoughsR69_zombieOldTimerRadiated" prob="0.66"/>
DEBUG:Adding: <entity name="DoughsR71_zombieNurseFeral" prob="0.7"/>
DEBUG:Adding: <entity name="DoughsR86_zombieBikerRadiated" prob="0.6"/>
DEBUG:Adding: <entity name="DoughsR8_zombieArleneRadiated" prob="0.66"/>
DEBUG:ModletGen_AddZedsToEntityGroupsFile ENTITY GROUP: scoutHordeStageGS2255
DEBUG:Adding: <entity name="DoughsR10_zombieFemaleFatFeral" prob="0.6"/>
DEBUG:Adding: <entity name="DoughsR16_zombieFemaleFat"/>
DEBUG:Adding: <entity name="DoughsR32_zombieMoeRadiated" prob="0.66"/>
DEBUG:Adding: <entity name="DoughsR45_zombieSpider" prob="0.7"/>
DEBUG:Adding: <entity name="DoughsR49_zombieMoe"/>
DEBUG:Adding: <entity name="DoughsR56_zombieUtilityWorker"/>
DEBUG:Adding: <entity name="DoughsR64_zombieCheerleader"/>
DEBUG:Adding: <entity name="DoughsR65_zombieJanitor"/>
DEBUG:Adding: <entity name="DoughsR75_zombieSkateboarderRadiated" prob="0.66"/>
DEBUG:Adding: <entity name="DoughsR79_zombieYoFeral" prob="0.7"/>
DEBUG:Adding: <entity name="DoughsR88_animalZombieVulture" prob="0.3"/>
DEBUG:ModletGen_AddZedsToEntityGroupsFile ENTITY GROUP: scoutHordeStageGS2275
DEBUG:Adding: <entity name="DoughsR16_zombieFemaleFat"/>
DEBUG:Adding: <entity name="DoughsR3_zombieFatCopRadiated" prob="0.5"/>
DEBUG:Adding: <entity name="DoughsR44_zombieBusinessMan"/>
DEBUG:Adding: <entity name="DoughsR45_zombieSpider" prob="0.7"/>
DEBUG:Adding: <entity name="DoughsR48_zombieCheerleaderRadiated" prob="0.66"/>
DEBUG:Adding: <entity name="DoughsR54_zombieFemaleFatRadiated" prob="0.6"/>
DEBUG:Adding: <entity name="DoughsR56_zombieUtilityWorker"/>
DEBUG:Adding: <entity name="DoughsR58_zombieJanitorRadiated" prob="0.66"/>
DEBUG:Adding: <entity name="DoughsR63_zombieFatCopFeral" prob="0.5"/>
DEBUG:Adding: <entity name="DoughsR64_zombieCheerleader"/>
DEBUG:Adding: <entity name="DoughsR68_zombieScreamer" prob="0.5"/>
DEBUG:ModletGen_AddZedsToEntityGroupsFile ENTITY GROUP: scoutHordeStageGS2295
DEBUG:Adding: <entity name="DoughsR11_zombieBoeFeral" prob="0.7"/>
DEBUG:Adding: <entity name="DoughsR29_zombieBoe"/>
DEBUG:Adding: <entity name="DoughsR32_zombieMoeRadiated" prob="0.66"/>
DEBUG:Adding: <entity name="DoughsR35_zombieJoe"/>
DEBUG:Adding: <entity name="DoughsR46_zombieFootballPlayer"/>
DEBUG:Adding: <entity name="DoughsR49_zombieMoe"/>
DEBUG:Adding: <entity name="DoughsR54_zombieFemaleFatRadiated" prob="0.6"/>
DEBUG:Adding: <entity name="DoughsR59_zombieArleneFeral" prob="0.7"/>
DEBUG:Adding: <entity name="DoughsR63_zombieFatCopFeral" prob="0.5"/>
DEBUG:Adding: <entity name="DoughsR65_zombieJanitor"/>
DEBUG:Adding: <entity name="DoughsR69_zombieOldTimerRadiated" prob="0.66"/>
DEBUG:ModletGen_AddZedsToEntityGroupsFile ENTITY GROUP: scoutHordeStageGS2315
DEBUG:Adding: <entity name="DoughsR10_zombieFemaleFatFeral" prob="0.6"/>
DEBUG:Adding: <entity name="DoughsR11_zombieBoeFeral" prob="0.7"/>
DEBUG:Adding: <entity name="DoughsR13_zombieSteve"/>
DEBUG:Adding: <entity name="DoughsR14_zombieSoldier" prob="1"/>
DEBUG:Adding: <entity name="DoughsR20_zombieSoldierRadiated" prob="0.66"/>
DEBUG:Adding: <entity name="DoughsR37_zombieMarleneFeral" prob="0.7"/>
DEBUG:Adding: <entity name="DoughsR39_zombieSkateboarderFeral" prob="0.7"/>
DEBUG:Adding: <entity name="DoughsR51_zombieDarleneFeral" prob="0.7"/>
DEBUG:Adding: <entity name="DoughsR53_zombieJanitorFeral" prob="0.7"/>
DEBUG:Adding: <entity name="DoughsR74_zombieMoeFeral" prob="0.7"/>
DEBUG:Adding: <entity name="DoughsR88_animalZombieVulture" prob="0.3"/>
DEBUG:ModletGen_AddZedsToEntityGroupsFile ENTITY GROUP: scoutHordeStageGS2334
DEBUG:Adding: <entity name="DoughsR26_zombieFatHawaiian" prob="0.7"/>
DEBUG:Adding: <entity name="DoughsR42_zombieMaleHazmat"/>
DEBUG:Adding: <entity name="DoughsR46_zombieFootballPlayer"/>
DEBUG:Adding: <entity name="DoughsR51_zombieDarleneFeral" prob="0.7"/>
DEBUG:Adding: <entity name="DoughsR57_zombieSpiderFeral" prob="0.6"/>
DEBUG:Adding: <entity name="DoughsR58_zombieJanitorRadiated" prob="0.66"/>
DEBUG:Adding: <entity name="DoughsR61_zombieSkateboarder"/>
DEBUG:Adding: <entity name="DoughsR62_zombieDarlene"/>
DEBUG:Adding: <entity name="DoughsR65_zombieJanitor"/>
DEBUG:Adding: <entity name="DoughsR66_zombieDarleneRadiated" prob="0.66"/>
DEBUG:Adding: <entity name="DoughsR81_zombieSteveRadiated" prob="0.66"/>
DEBUG:ModletGen_AddZedsToEntityGroupsFile ENTITY GROUP: scoutHordeStageGS234
DEBUG:Adding: <entity name="DoughsR10_zombieFemaleFatFeral" prob="0.6"/>
DEBUG:Adding: <entity name="DoughsR12_zombieJoeFeral" prob="0.7"/>
DEBUG:Adding: <entity name="DoughsR19_zombieScreamerFeral" prob="0.4"/>
DEBUG:Adding: <entity name="DoughsR32_zombieMoeRadiated" prob="0.66"/>
DEBUG:Adding: <entity name="DoughsR34_zombieMarleneRadiated" prob="0.66"/>
DEBUG:Adding: <entity name="DoughsR37_zombieMarleneFeral" prob="0.7"/>
DEBUG:Adding: <entity name="DoughsR41_zombieYo"/>
DEBUG:Adding: <entity name="DoughsR51_zombieDarleneFeral" prob="0.7"/>
DEBUG:Adding: <entity name="DoughsR68_zombieScreamer" prob="0.5"/>
DEBUG:Adding: <entity name="DoughsR69_zombieOldTimerRadiated" prob="0.66"/>
DEBUG:Adding: <entity name="DoughsR74_zombieMoeFeral" prob="0.7"/>
DEBUG:ModletGen_AddZedsToEntityGroupsFile ENTITY GROUP: scoutHordeStageGS2354
DEBUG:Adding: <entity name="DoughsR12_zombieJoeFeral" prob="0.7"/>
DEBUG:Adding: <entity name="DoughsR21_zombieSpiderRadiated" prob="0.5"/>
DEBUG:Adding: <entity name="DoughsR28_zombieMarlene"/>
DEBUG:Adding: <entity name="DoughsR2_zombieBusinessManFeral" prob="0.7"/>
DEBUG:Adding: <entity name="DoughsR31_zombieArlene"/>
DEBUG:Adding: <entity name="DoughsR34_zombieMarleneRadiated" prob="0.66"/>
DEBUG:Adding: <entity name="DoughsR36_zombieYoRadiated" prob="0.66"/>
DEBUG:Adding: <entity name="DoughsR42_zombieMaleHazmat"/>
DEBUG:Adding: <entity name="DoughsR71_zombieNurseFeral" prob="0.7"/>
DEBUG:Adding: <entity name="DoughsR81_zombieSteveRadiated" prob="0.66"/>
DEBUG:Adding: <entity name="DoughsR98_animalZombieDog"/>
DEBUG:ModletGen_AddZedsToEntityGroupsFile ENTITY GROUP: scoutHordeStageGS2374
DEBUG:Adding: <entity name="DoughsR11_zombieBoeFeral" prob="0.7"/>
DEBUG:Adding: <entity name="DoughsR14_zombieSoldier" prob="1"/>
DEBUG:Adding: <entity name="DoughsR19_zombieScreamerFeral" prob="0.4"/>
DEBUG:Adding: <entity name="DoughsR20_zombieSoldierRadiated" prob="0.66"/>
DEBUG:Adding: <entity name="DoughsR42_zombieMaleHazmat"/>
DEBUG:Adding: <entity name="DoughsR46_zombieFootballPlayer"/>
DEBUG:Adding: <entity name="DoughsR57_zombieSpiderFeral" prob="0.6"/>
DEBUG:Adding: <entity name="DoughsR61_zombieSkateboarder"/>
DEBUG:Adding: <entity name="DoughsR62_zombieDarlene"/>
DEBUG:Adding: <entity name="DoughsR63_zombieFatCopFeral" prob="0.5"/>
DEBUG:Adding: <entity name="DoughsR88_animalZombieVulture" prob="0.3"/>
DEBUG:ModletGen_AddZedsToEntityGroupsFile ENTITY GROUP: scoutHordeStageGS2394
DEBUG:Adding: <entity name="DoughsR14_zombieSoldier" prob="1"/>
DEBUG:Adding: <entity name="DoughsR20_zombieSoldierRadiated" prob="0.66"/>
DEBUG:Adding: <entity name="DoughsR21_zombieSpiderRadiated" prob="0.5"/>
DEBUG:Adding: <entity name="DoughsR45_zombieSpider" prob="0.7"/>
DEBUG:Adding: <entity name="DoughsR51_zombieDarleneFeral" prob="0.7"/>
DEBUG:Adding: <entity name="DoughsR54_zombieFemaleFatRadiated" prob="0.6"/>
DEBUG:Adding: <entity name="DoughsR57_zombieSpiderFeral" prob="0.6"/>
DEBUG:Adding: <entity name="DoughsR63_zombieFatCopFeral" prob="0.5"/>
DEBUG:Adding: <entity name="DoughsR66_zombieDarleneRadiated" prob="0.66"/>
DEBUG:Adding: <entity name="DoughsR75_zombieSkateboarderRadiated" prob="0.66"/>
DEBUG:Adding: <entity name="DoughsR98_animalZombieDog"/>
DEBUG:ModletGen_AddZedsToEntityGroupsFile ENTITY GROUP: scoutHordeStageGS2414
DEBUG:Adding: <entity name="DoughsR11_zombieBoeFeral" prob="0.7"/>
DEBUG:Adding: <entity name="DoughsR16_zombieFemaleFat"/>
DEBUG:Adding: <entity name="DoughsR19_zombieScreamerFeral" prob="0.4"/>
DEBUG:Adding: <entity name="DoughsR27_zombieFatCop" prob="0.7"/>
DEBUG:Adding: <entity name="DoughsR29_zombieBoe"/>
DEBUG:Adding: <entity name="DoughsR41_zombieYo"/>
DEBUG:Adding: <entity name="DoughsR49_zombieMoe"/>
DEBUG:Adding: <entity name="DoughsR55_zombieJoeRadiated" prob="0.66"/>
DEBUG:Adding: <entity name="DoughsR74_zombieMoeFeral" prob="0.7"/>
DEBUG:Adding: <entity name="DoughsR79_zombieYoFeral" prob="0.7"/>
DEBUG:Adding: <entity name="DoughsR98_animalZombieDog"/>
DEBUG:ModletGen_AddZedsToEntityGroupsFile ENTITY GROUP: scoutHordeStageGS243
DEBUG:Adding: <entity name="DoughsR13_zombieSteve"/>
DEBUG:Adding: <entity name="DoughsR19_zombieScreamerFeral" prob="0.4"/>
DEBUG:Adding: <entity name="DoughsR26_zombieFatHawaiian" prob="0.7"/>
DEBUG:Adding: <entity name="DoughsR39_zombieSkateboarderFeral" prob="0.7"/>
DEBUG:Adding: <entity name="DoughsR46_zombieFootballPlayer"/>
DEBUG:Adding: <entity name="DoughsR51_zombieDarleneFeral" prob="0.7"/>
DEBUG:Adding: <entity name="DoughsR53_zombieJanitorFeral" prob="0.7"/>
DEBUG:Adding: <entity name="DoughsR65_zombieJanitor"/>
DEBUG:Adding: <entity name="DoughsR75_zombieSkateboarderRadiated" prob="0.66"/>
DEBUG:Adding: <entity name="DoughsR86_zombieBikerRadiated" prob="0.6"/>
DEBUG:Adding: <entity name="DoughsR88_animalZombieVulture" prob="0.3"/>
DEBUG:ModletGen_AddZedsToEntityGroupsFile ENTITY GROUP: scoutHordeStageGS2435
DEBUG:Adding: <entity name="DoughsR11_zombieBoeFeral" prob="0.7"/>
DEBUG:Adding: <entity name="DoughsR28_zombieMarlene"/>
DEBUG:Adding: <entity name="DoughsR2_zombieBusinessManFeral" prob="0.7"/>
DEBUG:Adding: <entity name="DoughsR30_zombieFatHawaiianFeral" prob="0.6"/>
DEBUG:Adding: <entity name="DoughsR37_zombieMarleneFeral" prob="0.7"/>
DEBUG:Adding: <entity name="DoughsR3_zombieFatCopRadiated" prob="0.5"/>
DEBUG:Adding: <entity name="DoughsR42_zombieMaleHazmat"/>
DEBUG:Adding: <entity name="DoughsR56_zombieUtilityWorker"/>
DEBUG:Adding: <entity name="DoughsR58_zombieJanitorRadiated" prob="0.66"/>
DEBUG:Adding: <entity name="DoughsR63_zombieFatCopFeral" prob="0.5"/>
DEBUG:Adding: <entity name="DoughsR66_zombieDarleneRadiated" prob="0.66"/>
DEBUG:ModletGen_AddZedsToEntityGroupsFile ENTITY GROUP: scoutHordeStageGS2455
DEBUG:Adding: <entity name="DoughsR10_zombieFemaleFatFeral" prob="0.6"/>
DEBUG:Adding: <entity name="DoughsR19_zombieScreamerFeral" prob="0.4"/>
DEBUG:Adding: <entity name="DoughsR28_zombieMarlene"/>
DEBUG:Adding: <entity name="DoughsR32_zombieMoeRadiated" prob="0.66"/>
DEBUG:Adding: <entity name="DoughsR34_zombieMarleneRadiated" prob="0.66"/>
DEBUG:Adding: <entity name="DoughsR39_zombieSkateboarderFeral" prob="0.7"/>
DEBUG:Adding: <entity name="DoughsR3_zombieFatCopRadiated" prob="0.5"/>
DEBUG:Adding: <entity name="DoughsR44_zombieBusinessMan"/>
DEBUG:Adding: <entity name="DoughsR53_zombieJanitorFeral" prob="0.7"/>
DEBUG:Adding: <entity name="DoughsR69_zombieOldTimerRadiated" prob="0.66"/>
DEBUG:Adding: <entity name="DoughsR7_zombieWightFeral" prob="0.5"/>
DEBUG:ModletGen_AddZedsToEntityGroupsFile ENTITY GROUP: scoutHordeStageGS2475
DEBUG:Adding: <entity name="DoughsR14_zombieSoldier" prob="1"/>
DEBUG:Adding: <entity name="DoughsR20_zombieSoldierRadiated" prob="0.66"/>
DEBUG:Adding: <entity name="DoughsR27_zombieFatCop" prob="0.7"/>
DEBUG:Adding: <entity name="DoughsR2_zombieBusinessManFeral" prob="0.7"/>
DEBUG:Adding: <entity name="DoughsR32_zombieMoeRadiated" prob="0.66"/>
DEBUG:Adding: <entity name="DoughsR42_zombieMaleHazmat"/>
DEBUG:Adding: <entity name="DoughsR56_zombieUtilityWorker"/>
DEBUG:Adding: <entity name="DoughsR64_zombieCheerleader"/>
DEBUG:Adding: <entity name="DoughsR66_zombieDarleneRadiated" prob="0.66"/>
DEBUG:Adding: <entity name="DoughsR71_zombieNurseFeral" prob="0.7"/>
DEBUG:Adding: <entity name="DoughsR98_animalZombieDog"/>
DEBUG:ModletGen_AddZedsToEntityGroupsFile ENTITY GROUP: scoutHordeStageGS2495
DEBUG:Adding: <entity name="DoughsR11_zombieBoeFeral" prob="0.7"/>
DEBUG:Adding: <entity name="DoughsR37_zombieMarleneFeral" prob="0.7"/>
DEBUG:Adding: <entity name="DoughsR42_zombieMaleHazmat"/>
DEBUG:Adding: <entity name="DoughsR45_zombieSpider" prob="0.7"/>
DEBUG:Adding: <entity name="DoughsR49_zombieMoe"/>
DEBUG:Adding: <entity name="DoughsR51_zombieDarleneFeral" prob="0.7"/>
DEBUG:Adding: <entity name="DoughsR54_zombieFemaleFatRadiated" prob="0.6"/>
DEBUG:Adding: <entity name="DoughsR55_zombieJoeRadiated" prob="0.66"/>
DEBUG:Adding: <entity name="DoughsR66_zombieDarleneRadiated" prob="0.66"/>
DEBUG:Adding: <entity name="DoughsR81_zombieSteveRadiated" prob="0.66"/>
DEBUG:Adding: <entity name="DoughsR8_zombieArleneRadiated" prob="0.66"/>
DEBUG:ModletGen_AddZedsToEntityGroupsFile ENTITY GROUP: scoutHordeStageGS2516
DEBUG:Adding: <entity name="DoughsR13_zombieSteve"/>
DEBUG:Adding: <entity name="DoughsR16_zombieFemaleFat"/>
DEBUG:Adding: <entity name="DoughsR20_zombieSoldierRadiated" prob="0.66"/>
DEBUG:Adding: <entity name="DoughsR26_zombieFatHawaiian" prob="0.7"/>
DEBUG:Adding: <entity name="DoughsR36_zombieYoRadiated" prob="0.66"/>
DEBUG:Adding: <entity name="DoughsR3_zombieFatCopRadiated" prob="0.5"/>
DEBUG:Adding: <entity name="DoughsR49_zombieMoe"/>
DEBUG:Adding: <entity name="DoughsR56_zombieUtilityWorker"/>
DEBUG:Adding: <entity name="DoughsR62_zombieDarlene"/>
DEBUG:Adding: <entity name="DoughsR69_zombieOldTimerRadiated" prob="0.66"/>
DEBUG:Adding: <entity name="DoughsR71_zombieNurseFeral" prob="0.7"/>
DEBUG:ModletGen_AddZedsToEntityGroupsFile ENTITY GROUP: scoutHordeStageGS252
DEBUG:Adding: <entity name="DoughsR14_zombieSoldier" prob="1"/>
DEBUG:Adding: <entity name="DoughsR29_zombieBoe"/>
DEBUG:Adding: <entity name="DoughsR45_zombieSpider" prob="0.7"/>
DEBUG:Adding: <entity name="DoughsR46_zombieFootballPlayer"/>
DEBUG:Adding: <entity name="DoughsR48_zombieCheerleaderRadiated" prob="0.66"/>
DEBUG:Adding: <entity name="DoughsR55_zombieJoeRadiated" prob="0.66"/>
DEBUG:Adding: <entity name="DoughsR62_zombieDarlene"/>
DEBUG:Adding: <entity name="DoughsR78_zombieSteveFeral" prob="0.7"/>
DEBUG:Adding: <entity name="DoughsR79_zombieYoFeral" prob="0.7"/>
DEBUG:Adding: <entity name="DoughsR81_zombieSteveRadiated" prob="0.66"/>
DEBUG:Adding: <entity name="DoughsR86_zombieBikerRadiated" prob="0.6"/>
DEBUG:ModletGen_AddZedsToEntityGroupsFile ENTITY GROUP: scoutHordeStageGS2536
DEBUG:Adding: <entity name="DoughsR27_zombieFatCop" prob="0.7"/>
DEBUG:Adding: <entity name="DoughsR2_zombieBusinessManFeral" prob="0.7"/>
DEBUG:Adding: <entity name="DoughsR48_zombieCheerleaderRadiated" prob="0.66"/>
DEBUG:Adding: <entity name="DoughsR55_zombieJoeRadiated" prob="0.66"/>
DEBUG:Adding: <entity name="DoughsR56_zombieUtilityWorker"/>
DEBUG:Adding: <entity name="DoughsR57_zombieSpiderFeral" prob="0.6"/>
DEBUG:Adding: <entity name="DoughsR63_zombieFatCopFeral" prob="0.5"/>
DEBUG:Adding: <entity name="DoughsR68_zombieScreamer" prob="0.5"/>
DEBUG:Adding: <entity name="DoughsR71_zombieNurseFeral" prob="0.7"/>
DEBUG:Adding: <entity name="DoughsR7_zombieWightFeral" prob="0.5"/>
DEBUG:Adding: <entity name="DoughsR98_animalZombieDog"/>
DEBUG:ModletGen_AddZedsToEntityGroupsFile ENTITY GROUP: scoutHordeStageGS2557
DEBUG:Adding: <entity name="DoughsR12_zombieJoeFeral" prob="0.7"/>
DEBUG:Adding: <entity name="DoughsR19_zombieScreamerFeral" prob="0.4"/>
DEBUG:Adding: <entity name="DoughsR31_zombieArlene"/>
DEBUG:Adding: <entity name="DoughsR32_zombieMoeRadiated" prob="0.66"/>
DEBUG:Adding: <entity name="DoughsR35_zombieJoe"/>
DEBUG:Adding: <entity name="DoughsR36_zombieYoRadiated" prob="0.66"/>
DEBUG:Adding: <entity name="DoughsR53_zombieJanitorFeral" prob="0.7"/>
DEBUG:Adding: <entity name="DoughsR55_zombieJoeRadiated" prob="0.66"/>
DEBUG:Adding: <entity name="DoughsR58_zombieJanitorRadiated" prob="0.66"/>
DEBUG:Adding: <entity name="DoughsR75_zombieSkateboarderRadiated" prob="0.66"/>
DEBUG:Adding: <entity name="DoughsR79_zombieYoFeral" prob="0.7"/>
DEBUG:ModletGen_AddZedsToEntityGroupsFile ENTITY GROUP: scoutHordeStageGS2577
DEBUG:Adding: <entity name="DoughsR13_zombieSteve"/>
DEBUG:Adding: <entity name="DoughsR20_zombieSoldierRadiated" prob="0.66"/>
DEBUG:Adding: <entity name="DoughsR28_zombieMarlene"/>
DEBUG:Adding: <entity name="DoughsR36_zombieYoRadiated" prob="0.66"/>
DEBUG:Adding: <entity name="DoughsR39_zombieSkateboarderFeral" prob="0.7"/>
DEBUG:Adding: <entity name="DoughsR41_zombieYo"/>
DEBUG:Adding: <entity name="DoughsR42_zombieMaleHazmat"/>
DEBUG:Adding: <entity name="DoughsR63_zombieFatCopFeral" prob="0.5"/>
DEBUG:Adding: <entity name="DoughsR64_zombieCheerleader"/>
DEBUG:Adding: <entity name="DoughsR69_zombieOldTimerRadiated" prob="0.66"/>
DEBUG:Adding: <entity name="DoughsR98_animalZombieDog"/>
DEBUG:ModletGen_AddZedsToEntityGroupsFile ENTITY GROUP: scoutHordeStageGS2598
DEBUG:Adding: <entity name="DoughsR14_zombieSoldier" prob="1"/>
DEBUG:Adding: <entity name="DoughsR25_zombieBiker"/>
DEBUG:Adding: <entity name="DoughsR28_zombieMarlene"/>
DEBUG:Adding: <entity name="DoughsR29_zombieBoe"/>
DEBUG:Adding: <entity name="DoughsR2_zombieBusinessManFeral" prob="0.7"/>
DEBUG:Adding: <entity name="DoughsR42_zombieMaleHazmat"/>
DEBUG:Adding: <entity name="DoughsR46_zombieFootballPlayer"/>
DEBUG:Adding: <entity name="DoughsR66_zombieDarleneRadiated" prob="0.66"/>
DEBUG:Adding: <entity name="DoughsR78_zombieSteveFeral" prob="0.7"/>
DEBUG:Adding: <entity name="DoughsR7_zombieWightFeral" prob="0.5"/>
DEBUG:Adding: <entity name="DoughsR88_animalZombieVulture" prob="0.3"/>
DEBUG:ModletGen_AddZedsToEntityGroupsFile ENTITY GROUP: scoutHordeStageGS2618
DEBUG:Adding: <entity name="DoughsR19_zombieScreamerFeral" prob="0.4"/>
DEBUG:Adding: <entity name="DoughsR31_zombieArlene"/>
DEBUG:Adding: <entity name="DoughsR36_zombieYoRadiated" prob="0.66"/>
DEBUG:Adding: <entity name="DoughsR37_zombieMarleneFeral" prob="0.7"/>
DEBUG:Adding: <entity name="DoughsR42_zombieMaleHazmat"/>
DEBUG:Adding: <entity name="DoughsR54_zombieFemaleFatRadiated" prob="0.6"/>
DEBUG:Adding: <entity name="DoughsR57_zombieSpiderFeral" prob="0.6"/>
DEBUG:Adding: <entity name="DoughsR68_zombieScreamer" prob="0.5"/>
DEBUG:Adding: <entity name="DoughsR78_zombieSteveFeral" prob="0.7"/>
DEBUG:Adding: <entity name="DoughsR86_zombieBikerRadiated" prob="0.6"/>
DEBUG:Adding: <entity name="DoughsR98_animalZombieDog"/>
DEBUG:ModletGen_AddZedsToEntityGroupsFile ENTITY GROUP: scoutHordeStageGS262
DEBUG:Adding: <entity name="DoughsR34_zombieMarleneRadiated" prob="0.66"/>
DEBUG:Adding: <entity name="DoughsR36_zombieYoRadiated" prob="0.66"/>
DEBUG:Adding: <entity name="DoughsR39_zombieSkateboarderFeral" prob="0.7"/>
DEBUG:Adding: <entity name="DoughsR50_zombieBoeRadiated" prob="0.66"/>
DEBUG:Adding: <entity name="DoughsR51_zombieDarleneFeral" prob="0.7"/>
DEBUG:Adding: <entity name="DoughsR53_zombieJanitorFeral" prob="0.7"/>
DEBUG:Adding: <entity name="DoughsR58_zombieJanitorRadiated" prob="0.66"/>
DEBUG:Adding: <entity name="DoughsR63_zombieFatCopFeral" prob="0.5"/>
DEBUG:Adding: <entity name="DoughsR66_zombieDarleneRadiated" prob="0.66"/>
DEBUG:Adding: <entity name="DoughsR75_zombieSkateboarderRadiated" prob="0.66"/>
DEBUG:Adding: <entity name="DoughsR7_zombieWightFeral" prob="0.5"/>
DEBUG:ModletGen_AddZedsToEntityGroupsFile ENTITY GROUP: scoutHordeStageGS2639
DEBUG:Adding: <entity name="DoughsR13_zombieSteve"/>
DEBUG:Adding: <entity name="DoughsR14_zombieSoldier" prob="1"/>
DEBUG:Adding: <entity name="DoughsR25_zombieBiker"/>
DEBUG:Adding: <entity name="DoughsR35_zombieJoe"/>
DEBUG:Adding: <entity name="DoughsR36_zombieYoRadiated" prob="0.66"/>
DEBUG:Adding: <entity name="DoughsR42_zombieMaleHazmat"/>
DEBUG:Adding: <entity name="DoughsR49_zombieMoe"/>
DEBUG:Adding: <entity name="DoughsR57_zombieSpiderFeral" prob="0.6"/>
DEBUG:Adding: <entity name="DoughsR62_zombieDarlene"/>
DEBUG:Adding: <entity name="DoughsR66_zombieDarleneRadiated" prob="0.66"/>
DEBUG:Adding: <entity name="DoughsR8_zombieArleneRadiated" prob="0.66"/>
DEBUG:ModletGen_AddZedsToEntityGroupsFile ENTITY GROUP: scoutHordeStageGS2660
DEBUG:Adding: <entity name="DoughsR16_zombieFemaleFat"/>
DEBUG:Adding: <entity name="DoughsR31_zombieArlene"/>
DEBUG:Adding: <entity name="DoughsR32_zombieMoeRadiated" prob="0.66"/>
DEBUG:Adding: <entity name="DoughsR3_zombieFatCopRadiated" prob="0.5"/>
DEBUG:Adding: <entity name="DoughsR42_zombieMaleHazmat"/>
DEBUG:Adding: <entity name="DoughsR44_zombieBusinessMan"/>
DEBUG:Adding: <entity name="DoughsR50_zombieBoeRadiated" prob="0.66"/>
DEBUG:Adding: <entity name="DoughsR68_zombieScreamer" prob="0.5"/>
DEBUG:Adding: <entity name="DoughsR69_zombieOldTimerRadiated" prob="0.66"/>
DEBUG:Adding: <entity name="DoughsR79_zombieYoFeral" prob="0.7"/>
DEBUG:Adding: <entity name="DoughsR81_zombieSteveRadiated" prob="0.66"/>
DEBUG:ModletGen_AddZedsToEntityGroupsFile ENTITY GROUP: scoutHordeStageGS2681
DEBUG:Adding: <entity name="DoughsR10_zombieFemaleFatFeral" prob="0.6"/>
DEBUG:Adding: <entity name="DoughsR12_zombieJoeFeral" prob="0.7"/>
DEBUG:Adding: <entity name="DoughsR14_zombieSoldier" prob="1"/>
DEBUG:Adding: <entity name="DoughsR21_zombieSpiderRadiated" prob="0.5"/>
DEBUG:Adding: <entity name="DoughsR2_zombieBusinessManFeral" prob="0.7"/>
DEBUG:Adding: <entity name="DoughsR37_zombieMarleneFeral" prob="0.7"/>
DEBUG:Adding: <entity name="DoughsR54_zombieFemaleFatRadiated" prob="0.6"/>
DEBUG:Adding: <entity name="DoughsR66_zombieDarleneRadiated" prob="0.66"/>
DEBUG:Adding: <entity name="DoughsR78_zombieSteveFeral" prob="0.7"/>
DEBUG:Adding: <entity name="DoughsR79_zombieYoFeral" prob="0.7"/>
DEBUG:Adding: <entity name="DoughsR98_animalZombieDog"/>
DEBUG:ModletGen_AddZedsToEntityGroupsFile ENTITY GROUP: scoutHordeStageGS27
DEBUG:Adding: <entity name="DoughsR13_zombieSteve"/>
DEBUG:Adding: <entity name="DoughsR16_zombieFemaleFat"/>
DEBUG:Adding: <entity name="DoughsR24_zombieNurse"/>
DEBUG:Adding: <entity name="DoughsR28_zombieMarlene"/>
DEBUG:Adding: <entity name="DoughsR29_zombieBoe"/>
DEBUG:Adding: <entity name="DoughsR31_zombieArlene"/>
DEBUG:Adding: <entity name="DoughsR35_zombieJoe"/>
DEBUG:Adding: <entity name="DoughsR41_zombieYo"/>
DEBUG:Adding: <entity name="DoughsR44_zombieBusinessMan"/>
DEBUG:Adding: <entity name="DoughsR64_zombieCheerleader"/>
DEBUG:Adding: <entity name="DoughsR65_zombieJanitor"/>
DEBUG:ModletGen_AddZedsToEntityGroupsFile ENTITY GROUP: scoutHordeStageGS2702
DEBUG:Adding: <entity name="DoughsR13_zombieSteve"/>
DEBUG:Adding: <entity name="DoughsR27_zombieFatCop" prob="0.7"/>
DEBUG:Adding: <entity name="DoughsR2_zombieBusinessManFeral" prob="0.7"/>
DEBUG:Adding: <entity name="DoughsR31_zombieArlene"/>
DEBUG:Adding: <entity name="DoughsR37_zombieMarleneFeral" prob="0.7"/>
DEBUG:Adding: <entity name="DoughsR39_zombieSkateboarderFeral" prob="0.7"/>
DEBUG:Adding: <entity name="DoughsR41_zombieYo"/>
DEBUG:Adding: <entity name="DoughsR55_zombieJoeRadiated" prob="0.66"/>
DEBUG:Adding: <entity name="DoughsR61_zombieSkateboarder"/>
DEBUG:Adding: <entity name="DoughsR69_zombieOldTimerRadiated" prob="0.66"/>
DEBUG:Adding: <entity name="DoughsR78_zombieSteveFeral" prob="0.7"/>
DEBUG:ModletGen_AddZedsToEntityGroupsFile ENTITY GROUP: scoutHordeStageGS272
DEBUG:Adding: <entity name="DoughsR13_zombieSteve"/>
DEBUG:Adding: <entity name="DoughsR26_zombieFatHawaiian" prob="0.7"/>
DEBUG:Adding: <entity name="DoughsR2_zombieBusinessManFeral" prob="0.7"/>
DEBUG:Adding: <entity name="DoughsR36_zombieYoRadiated" prob="0.66"/>
DEBUG:Adding: <entity name="DoughsR39_zombieSkateboarderFeral" prob="0.7"/>
DEBUG:Adding: <entity name="DoughsR41_zombieYo"/>
DEBUG:Adding: <entity name="DoughsR50_zombieBoeRadiated" prob="0.66"/>
DEBUG:Adding: <entity name="DoughsR53_zombieJanitorFeral" prob="0.7"/>
DEBUG:Adding: <entity name="DoughsR54_zombieFemaleFatRadiated" prob="0.6"/>
DEBUG:Adding: <entity name="DoughsR69_zombieOldTimerRadiated" prob="0.66"/>
DEBUG:Adding: <entity name="DoughsR74_zombieMoeFeral" prob="0.7"/>
DEBUG:ModletGen_AddZedsToEntityGroupsFile ENTITY GROUP: scoutHordeStageGS2723
DEBUG:Adding: <entity name="DoughsR10_zombieFemaleFatFeral" prob="0.6"/>
DEBUG:Adding: <entity name="DoughsR3_zombieFatCopRadiated" prob="0.5"/>
DEBUG:Adding: <entity name="DoughsR45_zombieSpider" prob="0.7"/>
DEBUG:Adding: <entity name="DoughsR50_zombieBoeRadiated" prob="0.66"/>
DEBUG:Adding: <entity name="DoughsR55_zombieJoeRadiated" prob="0.66"/>
DEBUG:Adding: <entity name="DoughsR57_zombieSpiderFeral" prob="0.6"/>
DEBUG:Adding: <entity name="DoughsR59_zombieArleneFeral" prob="0.7"/>
DEBUG:Adding: <entity name="DoughsR61_zombieSkateboarder"/>
DEBUG:Adding: <entity name="DoughsR75_zombieSkateboarderRadiated" prob="0.66"/>
DEBUG:Adding: <entity name="DoughsR81_zombieSteveRadiated" prob="0.66"/>
DEBUG:Adding: <entity name="DoughsR88_animalZombieVulture" prob="0.3"/>
DEBUG:ModletGen_AddZedsToEntityGroupsFile ENTITY GROUP: scoutHordeStageGS2744
DEBUG:Adding: <entity name="DoughsR11_zombieBoeFeral" prob="0.7"/>
DEBUG:Adding: <entity name="DoughsR14_zombieSoldier" prob="1"/>
DEBUG:Adding: <entity name="DoughsR29_zombieBoe"/>
DEBUG:Adding: <entity name="DoughsR46_zombieFootballPlayer"/>
DEBUG:Adding: <entity name="DoughsR54_zombieFemaleFatRadiated" prob="0.6"/>
DEBUG:Adding: <entity name="DoughsR55_zombieJoeRadiated" prob="0.66"/>
DEBUG:Adding: <entity name="DoughsR58_zombieJanitorRadiated" prob="0.66"/>
DEBUG:Adding: <entity name="DoughsR68_zombieScreamer" prob="0.5"/>
DEBUG:Adding: <entity name="DoughsR71_zombieNurseFeral" prob="0.7"/>
DEBUG:Adding: <entity name="DoughsR74_zombieMoeFeral" prob="0.7"/>
DEBUG:Adding: <entity name="DoughsR78_zombieSteveFeral" prob="0.7"/>
DEBUG:ModletGen_AddZedsToEntityGroupsFile ENTITY GROUP: scoutHordeStageGS2765
DEBUG:Adding: <entity name="DoughsR13_zombieSteve"/>
DEBUG:Adding: <entity name="DoughsR29_zombieBoe"/>
DEBUG:Adding: <entity name="DoughsR2_zombieBusinessManFeral" prob="0.7"/>
DEBUG:Adding: <entity name="DoughsR35_zombieJoe"/>
DEBUG:Adding: <entity name="DoughsR36_zombieYoRadiated" prob="0.66"/>
DEBUG:Adding: <entity name="DoughsR57_zombieSpiderFeral" prob="0.6"/>
DEBUG:Adding: <entity name="DoughsR62_zombieDarlene"/>
DEBUG:Adding: <entity name="DoughsR68_zombieScreamer" prob="0.5"/>
DEBUG:Adding: <entity name="DoughsR78_zombieSteveFeral" prob="0.7"/>
DEBUG:Adding: <entity name="DoughsR79_zombieYoFeral" prob="0.7"/>
DEBUG:Adding: <entity name="DoughsR81_zombieSteveRadiated" prob="0.66"/>
DEBUG:ModletGen_AddZedsToEntityGroupsFile ENTITY GROUP: scoutHordeStageGS2786
DEBUG:Adding: <entity name="DoughsR11_zombieBoeFeral" prob="0.7"/>
DEBUG:Adding: <entity name="DoughsR16_zombieFemaleFat"/>
DEBUG:Adding: <entity name="DoughsR29_zombieBoe"/>
DEBUG:Adding: <entity name="DoughsR48_zombieCheerleaderRadiated" prob="0.66"/>
DEBUG:Adding: <entity name="DoughsR53_zombieJanitorFeral" prob="0.7"/>
DEBUG:Adding: <entity name="DoughsR55_zombieJoeRadiated" prob="0.66"/>
DEBUG:Adding: <entity name="DoughsR63_zombieFatCopFeral" prob="0.5"/>
DEBUG:Adding: <entity name="DoughsR65_zombieJanitor"/>
DEBUG:Adding: <entity name="DoughsR74_zombieMoeFeral" prob="0.7"/>
DEBUG:Adding: <entity name="DoughsR81_zombieSteveRadiated" prob="0.66"/>
DEBUG:Adding: <entity name="DoughsR8_zombieArleneRadiated" prob="0.66"/>
DEBUG:ModletGen_AddZedsToEntityGroupsFile ENTITY GROUP: scoutHordeStageGS2807
DEBUG:Adding: <entity name="DoughsR12_zombieJoeFeral" prob="0.7"/>
DEBUG:Adding: <entity name="DoughsR20_zombieSoldierRadiated" prob="0.66"/>
DEBUG:Adding: <entity name="DoughsR25_zombieBiker"/>
DEBUG:Adding: <entity name="DoughsR26_zombieFatHawaiian" prob="0.7"/>
DEBUG:Adding: <entity name="DoughsR28_zombieMarlene"/>
DEBUG:Adding: <entity name="DoughsR29_zombieBoe"/>
DEBUG:Adding: <entity name="DoughsR35_zombieJoe"/>
DEBUG:Adding: <entity name="DoughsR37_zombieMarleneFeral" prob="0.7"/>
DEBUG:Adding: <entity name="DoughsR44_zombieBusinessMan"/>
DEBUG:Adding: <entity name="DoughsR65_zombieJanitor"/>
DEBUG:Adding: <entity name="DoughsR98_animalZombieDog"/>
DEBUG:ModletGen_AddZedsToEntityGroupsFile ENTITY GROUP: scoutHordeStageGS281
DEBUG:Adding: <entity name="DoughsR12_zombieJoeFeral" prob="0.7"/>
DEBUG:Adding: <entity name="DoughsR13_zombieSteve"/>
DEBUG:Adding: <entity name="DoughsR14_zombieSoldier" prob="1"/>
DEBUG:Adding: <entity name="DoughsR36_zombieYoRadiated" prob="0.66"/>
DEBUG:Adding: <entity name="DoughsR41_zombieYo"/>
DEBUG:Adding: <entity name="DoughsR44_zombieBusinessMan"/>
DEBUG:Adding: <entity name="DoughsR50_zombieBoeRadiated" prob="0.66"/>
DEBUG:Adding: <entity name="DoughsR62_zombieDarlene"/>
DEBUG:Adding: <entity name="DoughsR65_zombieJanitor"/>
DEBUG:Adding: <entity name="DoughsR78_zombieSteveFeral" prob="0.7"/>
DEBUG:Adding: <entity name="DoughsR79_zombieYoFeral" prob="0.7"/>
DEBUG:ModletGen_AddZedsToEntityGroupsFile ENTITY GROUP: scoutHordeStageGS2828
DEBUG:Adding: <entity name="DoughsR14_zombieSoldier" prob="1"/>
DEBUG:Adding: <entity name="DoughsR20_zombieSoldierRadiated" prob="0.66"/>
DEBUG:Adding: <entity name="DoughsR53_zombieJanitorFeral" prob="0.7"/>
DEBUG:Adding: <entity name="DoughsR56_zombieUtilityWorker"/>
DEBUG:Adding: <entity name="DoughsR61_zombieSkateboarder"/>
DEBUG:Adding: <entity name="DoughsR62_zombieDarlene"/>
DEBUG:Adding: <entity name="DoughsR69_zombieOldTimerRadiated" prob="0.66"/>
DEBUG:Adding: <entity name="DoughsR79_zombieYoFeral" prob="0.7"/>
DEBUG:Adding: <entity name="DoughsR7_zombieWightFeral" prob="0.5"/>
DEBUG:Adding: <entity name="DoughsR88_animalZombieVulture" prob="0.3"/>
DEBUG:Adding: <entity name="DoughsR8_zombieArleneRadiated" prob="0.66"/>
DEBUG:ModletGen_AddZedsToEntityGroupsFile ENTITY GROUP: scoutHordeStageGS2849
DEBUG:Adding: <entity name="DoughsR11_zombieBoeFeral" prob="0.7"/>
DEBUG:Adding: <entity name="DoughsR19_zombieScreamerFeral" prob="0.4"/>
DEBUG:Adding: <entity name="DoughsR39_zombieSkateboarderFeral" prob="0.7"/>
DEBUG:Adding: <entity name="DoughsR45_zombieSpider" prob="0.7"/>
DEBUG:Adding: <entity name="DoughsR46_zombieFootballPlayer"/>
DEBUG:Adding: <entity name="DoughsR51_zombieDarleneFeral" prob="0.7"/>
DEBUG:Adding: <entity name="DoughsR53_zombieJanitorFeral" prob="0.7"/>
DEBUG:Adding: <entity name="DoughsR57_zombieSpiderFeral" prob="0.6"/>
DEBUG:Adding: <entity name="DoughsR78_zombieSteveFeral" prob="0.7"/>
DEBUG:Adding: <entity name="DoughsR79_zombieYoFeral" prob="0.7"/>
DEBUG:Adding: <entity name="DoughsR88_animalZombieVulture" prob="0.3"/>
DEBUG:ModletGen_AddZedsToEntityGroupsFile ENTITY GROUP: scoutHordeStageGS2870
DEBUG:Adding: <entity name="DoughsR11_zombieBoeFeral" prob="0.7"/>
DEBUG:Adding: <entity name="DoughsR14_zombieSoldier" prob="1"/>
DEBUG:Adding: <entity name="DoughsR24_zombieNurse"/>
DEBUG:Adding: <entity name="DoughsR26_zombieFatHawaiian" prob="0.7"/>
DEBUG:Adding: <entity name="DoughsR27_zombieFatCop" prob="0.7"/>
DEBUG:Adding: <entity name="DoughsR29_zombieBoe"/>
DEBUG:Adding: <entity name="DoughsR34_zombieMarleneRadiated" prob="0.66"/>
DEBUG:Adding: <entity name="DoughsR36_zombieYoRadiated" prob="0.66"/>
DEBUG:Adding: <entity name="DoughsR44_zombieBusinessMan"/>
DEBUG:Adding: <entity name="DoughsR46_zombieFootballPlayer"/>
DEBUG:Adding: <entity name="DoughsR63_zombieFatCopFeral" prob="0.5"/>
DEBUG:ModletGen_AddZedsToEntityGroupsFile ENTITY GROUP: scoutHordeStageGS2892
DEBUG:Adding: <entity name="DoughsR10_zombieFemaleFatFeral" prob="0.6"/>
DEBUG:Adding: <entity name="DoughsR20_zombieSoldierRadiated" prob="0.66"/>
DEBUG:Adding: <entity name="DoughsR25_zombieBiker"/>
DEBUG:Adding: <entity name="DoughsR36_zombieYoRadiated" prob="0.66"/>
DEBUG:Adding: <entity name="DoughsR39_zombieSkateboarderFeral" prob="0.7"/>
DEBUG:Adding: <entity name="DoughsR45_zombieSpider" prob="0.7"/>
DEBUG:Adding: <entity name="DoughsR53_zombieJanitorFeral" prob="0.7"/>
DEBUG:Adding: <entity name="DoughsR55_zombieJoeRadiated" prob="0.66"/>
DEBUG:Adding: <entity name="DoughsR64_zombieCheerleader"/>
DEBUG:Adding: <entity name="DoughsR66_zombieDarleneRadiated" prob="0.66"/>
DEBUG:Adding: <entity name="DoughsR74_zombieMoeFeral" prob="0.7"/>
DEBUG:ModletGen_AddZedsToEntityGroupsFile ENTITY GROUP: scoutHordeStageGS291
DEBUG:Adding: <entity name="DoughsR13_zombieSteve"/>
DEBUG:Adding: <entity name="DoughsR20_zombieSoldierRadiated" prob="0.66"/>
DEBUG:Adding: <entity name="DoughsR25_zombieBiker"/>
DEBUG:Adding: <entity name="DoughsR34_zombieMarleneRadiated" prob="0.66"/>
DEBUG:Adding: <entity name="DoughsR3_zombieFatCopRadiated" prob="0.5"/>
DEBUG:Adding: <entity name="DoughsR41_zombieYo"/>
DEBUG:Adding: <entity name="DoughsR46_zombieFootballPlayer"/>
DEBUG:Adding: <entity name="DoughsR61_zombieSkateboarder"/>
DEBUG:Adding: <entity name="DoughsR62_zombieDarlene"/>
DEBUG:Adding: <entity name="DoughsR68_zombieScreamer" prob="0.5"/>
DEBUG:Adding: <entity name="DoughsR79_zombieYoFeral" prob="0.7"/>
DEBUG:ModletGen_AddZedsToEntityGroupsFile ENTITY GROUP: scoutHordeStageGS2913
DEBUG:Adding: <entity name="DoughsR13_zombieSteve"/>
DEBUG:Adding: <entity name="DoughsR19_zombieScreamerFeral" prob="0.4"/>
DEBUG:Adding: <entity name="DoughsR20_zombieSoldierRadiated" prob="0.66"/>
DEBUG:Adding: <entity name="DoughsR2_zombieBusinessManFeral" prob="0.7"/>
DEBUG:Adding: <entity name="DoughsR32_zombieMoeRadiated" prob="0.66"/>
DEBUG:Adding: <entity name="DoughsR3_zombieFatCopRadiated" prob="0.5"/>
DEBUG:Adding: <entity name="DoughsR42_zombieMaleHazmat"/>
DEBUG:Adding: <entity name="DoughsR49_zombieMoe"/>
DEBUG:Adding: <entity name="DoughsR75_zombieSkateboarderRadiated" prob="0.66"/>
DEBUG:Adding: <entity name="DoughsR78_zombieSteveFeral" prob="0.7"/>
DEBUG:Adding: <entity name="DoughsR88_animalZombieVulture" prob="0.3"/>
DEBUG:ModletGen_AddZedsToEntityGroupsFile ENTITY GROUP: scoutHordeStageGS2935
DEBUG:Adding: <entity name="DoughsR10_zombieFemaleFatFeral" prob="0.6"/>
DEBUG:Adding: <entity name="DoughsR11_zombieBoeFeral" prob="0.7"/>
DEBUG:Adding: <entity name="DoughsR14_zombieSoldier" prob="1"/>
DEBUG:Adding: <entity name="DoughsR27_zombieFatCop" prob="0.7"/>
DEBUG:Adding: <entity name="DoughsR31_zombieArlene"/>
DEBUG:Adding: <entity name="DoughsR37_zombieMarleneFeral" prob="0.7"/>
DEBUG:Adding: <entity name="DoughsR44_zombieBusinessMan"/>
DEBUG:Adding: <entity name="DoughsR59_zombieArleneFeral" prob="0.7"/>
DEBUG:Adding: <entity name="DoughsR63_zombieFatCopFeral" prob="0.5"/>
DEBUG:Adding: <entity name="DoughsR71_zombieNurseFeral" prob="0.7"/>
DEBUG:Adding: <entity name="DoughsR86_zombieBikerRadiated" prob="0.6"/>
DEBUG:ModletGen_AddZedsToEntityGroupsFile ENTITY GROUP: scoutHordeStageGS2956
DEBUG:Adding: <entity name="DoughsR25_zombieBiker"/>
DEBUG:Adding: <entity name="DoughsR29_zombieBoe"/>
DEBUG:Adding: <entity name="DoughsR30_zombieFatHawaiianFeral" prob="0.6"/>
DEBUG:Adding: <entity name="DoughsR31_zombieArlene"/>
DEBUG:Adding: <entity name="DoughsR35_zombieJoe"/>
DEBUG:Adding: <entity name="DoughsR50_zombieBoeRadiated" prob="0.66"/>
DEBUG:Adding: <entity name="DoughsR54_zombieFemaleFatRadiated" prob="0.6"/>
DEBUG:Adding: <entity name="DoughsR61_zombieSkateboarder"/>
DEBUG:Adding: <entity name="DoughsR65_zombieJanitor"/>
DEBUG:Adding: <entity name="DoughsR71_zombieNurseFeral" prob="0.7"/>
DEBUG:Adding: <entity name="DoughsR74_zombieMoeFeral" prob="0.7"/>
DEBUG:ModletGen_AddZedsToEntityGroupsFile ENTITY GROUP: scoutHordeStageGS2978
DEBUG:Adding: <entity name="DoughsR13_zombieSteve"/>
DEBUG:Adding: <entity name="DoughsR16_zombieFemaleFat"/>
DEBUG:Adding: <entity name="DoughsR24_zombieNurse"/>
DEBUG:Adding: <entity name="DoughsR28_zombieMarlene"/>
DEBUG:Adding: <entity name="DoughsR32_zombieMoeRadiated" prob="0.66"/>
DEBUG:Adding: <entity name="DoughsR39_zombieSkateboarderFeral" prob="0.7"/>
DEBUG:Adding: <entity name="DoughsR53_zombieJanitorFeral" prob="0.7"/>
DEBUG:Adding: <entity name="DoughsR54_zombieFemaleFatRadiated" prob="0.6"/>
DEBUG:Adding: <entity name="DoughsR55_zombieJoeRadiated" prob="0.66"/>
DEBUG:Adding: <entity name="DoughsR66_zombieDarleneRadiated" prob="0.66"/>
DEBUG:Adding: <entity name="DoughsR7_zombieWightFeral" prob="0.5"/>
DEBUG:ModletGen_AddZedsToEntityGroupsFile ENTITY GROUP: scoutHordeStageGS2999
DEBUG:Adding: <entity name="DoughsR10_zombieFemaleFatFeral" prob="0.6"/>
DEBUG:Adding: <entity name="DoughsR11_zombieBoeFeral" prob="0.7"/>
DEBUG:Adding: <entity name="DoughsR12_zombieJoeFeral" prob="0.7"/>
DEBUG:Adding: <entity name="DoughsR19_zombieScreamerFeral" prob="0.4"/>
DEBUG:Adding: <entity name="DoughsR26_zombieFatHawaiian" prob="0.7"/>
DEBUG:Adding: <entity name="DoughsR32_zombieMoeRadiated" prob="0.66"/>
DEBUG:Adding: <entity name="DoughsR39_zombieSkateboarderFeral" prob="0.7"/>
DEBUG:Adding: <entity name="DoughsR53_zombieJanitorFeral" prob="0.7"/>
DEBUG:Adding: <entity name="DoughsR63_zombieFatCopFeral" prob="0.5"/>
DEBUG:Adding: <entity name="DoughsR88_animalZombieVulture" prob="0.3"/>
DEBUG:Adding: <entity name="DoughsR8_zombieArleneRadiated" prob="0.66"/>
DEBUG:ModletGen_AddZedsToEntityGroupsFile ENTITY GROUP: scoutHordeStageGS301
DEBUG:Adding: <entity name="DoughsR26_zombieFatHawaiian" prob="0.7"/>
DEBUG:Adding: <entity name="DoughsR29_zombieBoe"/>
DEBUG:Adding: <entity name="DoughsR36_zombieYoRadiated" prob="0.66"/>
DEBUG:Adding: <entity name="DoughsR48_zombieCheerleaderRadiated" prob="0.66"/>
DEBUG:Adding: <entity name="DoughsR55_zombieJoeRadiated" prob="0.66"/>
DEBUG:Adding: <entity name="DoughsR56_zombieUtilityWorker"/>
DEBUG:Adding: <entity name="DoughsR61_zombieSkateboarder"/>
DEBUG:Adding: <entity name="DoughsR64_zombieCheerleader"/>
DEBUG:Adding: <entity name="DoughsR65_zombieJanitor"/>
DEBUG:Adding: <entity name="DoughsR68_zombieScreamer" prob="0.5"/>
DEBUG:Adding: <entity name="DoughsR69_zombieOldTimerRadiated" prob="0.66"/>
DEBUG:ModletGen_AddZedsToEntityGroupsFile ENTITY GROUP: scoutHordeStageGS3021
DEBUG:Adding: <entity name="DoughsR11_zombieBoeFeral" prob="0.7"/>
DEBUG:Adding: <entity name="DoughsR27_zombieFatCop" prob="0.7"/>
DEBUG:Adding: <entity name="DoughsR45_zombieSpider" prob="0.7"/>
DEBUG:Adding: <entity name="DoughsR48_zombieCheerleaderRadiated" prob="0.66"/>
DEBUG:Adding: <entity name="DoughsR49_zombieMoe"/>
DEBUG:Adding: <entity name="DoughsR53_zombieJanitorFeral" prob="0.7"/>
DEBUG:Adding: <entity name="DoughsR55_zombieJoeRadiated" prob="0.66"/>
DEBUG:Adding: <entity name="DoughsR56_zombieUtilityWorker"/>
DEBUG:Adding: <entity name="DoughsR66_zombieDarleneRadiated" prob="0.66"/>
DEBUG:Adding: <entity name="DoughsR8_zombieArleneRadiated" prob="0.66"/>
DEBUG:Adding: <entity name="DoughsR98_animalZombieDog"/>
DEBUG:ModletGen_AddZedsToEntityGroupsFile ENTITY GROUP: scoutHordeStageGS3043
DEBUG:Adding: <entity name="DoughsR25_zombieBiker"/>
DEBUG:Adding: <entity name="DoughsR26_zombieFatHawaiian" prob="0.7"/>
DEBUG:Adding: <entity name="DoughsR27_zombieFatCop" prob="0.7"/>
DEBUG:Adding: <entity name="DoughsR36_zombieYoRadiated" prob="0.66"/>
DEBUG:Adding: <entity name="DoughsR37_zombieMarleneFeral" prob="0.7"/>
DEBUG:Adding: <entity name="DoughsR45_zombieSpider" prob="0.7"/>
DEBUG:Adding: <entity name="DoughsR46_zombieFootballPlayer"/>
DEBUG:Adding: <entity name="DoughsR50_zombieBoeRadiated" prob="0.66"/>
DEBUG:Adding: <entity name="DoughsR68_zombieScreamer" prob="0.5"/>
DEBUG:Adding: <entity name="DoughsR69_zombieOldTimerRadiated" prob="0.66"/>
DEBUG:Adding: <entity name="DoughsR86_zombieBikerRadiated" prob="0.6"/>
DEBUG:ModletGen_AddZedsToEntityGroupsFile ENTITY GROUP: scoutHordeStageGS3064
DEBUG:Adding: <entity name="DoughsR11_zombieBoeFeral" prob="0.7"/>
DEBUG:Adding: <entity name="DoughsR19_zombieScreamerFeral" prob="0.4"/>
DEBUG:Adding: <entity name="DoughsR21_zombieSpiderRadiated" prob="0.5"/>
DEBUG:Adding: <entity name="DoughsR28_zombieMarlene"/>
DEBUG:Adding: <entity name="DoughsR31_zombieArlene"/>
DEBUG:Adding: <entity name="DoughsR32_zombieMoeRadiated" prob="0.66"/>
DEBUG:Adding: <entity name="DoughsR37_zombieMarleneFeral" prob="0.7"/>
DEBUG:Adding: <entity name="DoughsR65_zombieJanitor"/>
DEBUG:Adding: <entity name="DoughsR79_zombieYoFeral" prob="0.7"/>
DEBUG:Adding: <entity name="DoughsR8_zombieArleneRadiated" prob="0.66"/>
DEBUG:Adding: <entity name="DoughsR98_animalZombieDog"/>
DEBUG:ModletGen_AddZedsToEntityGroupsFile ENTITY GROUP: scoutHordeStageGS3086
DEBUG:Adding: <entity name="DoughsR28_zombieMarlene"/>
DEBUG:Adding: <entity name="DoughsR30_zombieFatHawaiianFeral" prob="0.6"/>
DEBUG:Adding: <entity name="DoughsR32_zombieMoeRadiated" prob="0.66"/>
DEBUG:Adding: <entity name="DoughsR34_zombieMarleneRadiated" prob="0.66"/>
DEBUG:Adding: <entity name="DoughsR44_zombieBusinessMan"/>
DEBUG:Adding: <entity name="DoughsR48_zombieCheerleaderRadiated" prob="0.66"/>
DEBUG:Adding: <entity name="DoughsR61_zombieSkateboarder"/>
DEBUG:Adding: <entity name="DoughsR63_zombieFatCopFeral" prob="0.5"/>
DEBUG:Adding: <entity name="DoughsR65_zombieJanitor"/>
DEBUG:Adding: <entity name="DoughsR78_zombieSteveFeral" prob="0.7"/>
DEBUG:Adding: <entity name="DoughsR86_zombieBikerRadiated" prob="0.6"/>
DEBUG:ModletGen_AddZedsToEntityGroupsFile ENTITY GROUP: scoutHordeStageGS31
DEBUG:Adding: <entity name="DoughsR13_zombieSteve"/>
DEBUG:Adding: <entity name="DoughsR16_zombieFemaleFat"/>
DEBUG:Adding: <entity name="DoughsR24_zombieNurse"/>
DEBUG:Adding: <entity name="DoughsR28_zombieMarlene"/>
DEBUG:Adding: <entity name="DoughsR31_zombieArlene"/>
DEBUG:Adding: <entity name="DoughsR35_zombieJoe"/>
DEBUG:Adding: <entity name="DoughsR41_zombieYo"/>
DEBUG:Adding: <entity name="DoughsR49_zombieMoe"/>
DEBUG:Adding: <entity name="DoughsR62_zombieDarlene"/>
DEBUG:Adding: <entity name="DoughsR65_zombieJanitor"/>
DEBUG:Adding: <entity name="DoughsR98_animalZombieDog"/>
DEBUG:ModletGen_AddZedsToEntityGroupsFile ENTITY GROUP: scoutHordeStageGS3108
DEBUG:Adding: <entity name="DoughsR2_zombieBusinessManFeral" prob="0.7"/>
DEBUG:Adding: <entity name="DoughsR30_zombieFatHawaiianFeral" prob="0.6"/>
DEBUG:Adding: <entity name="DoughsR34_zombieMarleneRadiated" prob="0.66"/>
DEBUG:Adding: <entity name="DoughsR42_zombieMaleHazmat"/>
DEBUG:Adding: <entity name="DoughsR54_zombieFemaleFatRadiated" prob="0.6"/>
DEBUG:Adding: <entity name="DoughsR55_zombieJoeRadiated" prob="0.66"/>
DEBUG:Adding: <entity name="DoughsR56_zombieUtilityWorker"/>
DEBUG:Adding: <entity name="DoughsR59_zombieArleneFeral" prob="0.7"/>
DEBUG:Adding: <entity name="DoughsR66_zombieDarleneRadiated" prob="0.66"/>
DEBUG:Adding: <entity name="DoughsR69_zombieOldTimerRadiated" prob="0.66"/>
DEBUG:Adding: <entity name="DoughsR7_zombieWightFeral" prob="0.5"/>
DEBUG:ModletGen_AddZedsToEntityGroupsFile ENTITY GROUP: scoutHordeStageGS311
DEBUG:Adding: <entity name="DoughsR12_zombieJoeFeral" prob="0.7"/>
DEBUG:Adding: <entity name="DoughsR24_zombieNurse"/>
DEBUG:Adding: <entity name="DoughsR27_zombieFatCop" prob="0.7"/>
DEBUG:Adding: <entity name="DoughsR28_zombieMarlene"/>
DEBUG:Adding: <entity name="DoughsR30_zombieFatHawaiianFeral" prob="0.6"/>
DEBUG:Adding: <entity name="DoughsR35_zombieJoe"/>
DEBUG:Adding: <entity name="DoughsR36_zombieYoRadiated" prob="0.66"/>
DEBUG:Adding: <entity name="DoughsR49_zombieMoe"/>
DEBUG:Adding: <entity name="DoughsR58_zombieJanitorRadiated" prob="0.66"/>
DEBUG:Adding: <entity name="DoughsR74_zombieMoeFeral" prob="0.7"/>
DEBUG:Adding: <entity name="DoughsR98_animalZombieDog"/>
DEBUG:ModletGen_AddZedsToEntityGroupsFile ENTITY GROUP: scoutHordeStageGS3130
DEBUG:Adding: <entity name="DoughsR13_zombieSteve"/>
DEBUG:Adding: <entity name="DoughsR16_zombieFemaleFat"/>
DEBUG:Adding: <entity name="DoughsR28_zombieMarlene"/>
DEBUG:Adding: <entity name="DoughsR37_zombieMarleneFeral" prob="0.7"/>
DEBUG:Adding: <entity name="DoughsR39_zombieSkateboarderFeral" prob="0.7"/>
DEBUG:Adding: <entity name="DoughsR48_zombieCheerleaderRadiated" prob="0.66"/>
DEBUG:Adding: <entity name="DoughsR54_zombieFemaleFatRadiated" prob="0.6"/>
DEBUG:Adding: <entity name="DoughsR57_zombieSpiderFeral" prob="0.6"/>
DEBUG:Adding: <entity name="DoughsR78_zombieSteveFeral" prob="0.7"/>
DEBUG:Adding: <entity name="DoughsR7_zombieWightFeral" prob="0.5"/>
DEBUG:Adding: <entity name="DoughsR81_zombieSteveRadiated" prob="0.66"/>
DEBUG:ModletGen_AddZedsToEntityGroupsFile ENTITY GROUP: scoutHordeStageGS3152
DEBUG:Adding: <entity name="DoughsR10_zombieFemaleFatFeral" prob="0.6"/>
DEBUG:Adding: <entity name="DoughsR20_zombieSoldierRadiated" prob="0.66"/>
DEBUG:Adding: <entity name="DoughsR24_zombieNurse"/>
DEBUG:Adding: <entity name="DoughsR26_zombieFatHawaiian" prob="0.7"/>
DEBUG:Adding: <entity name="DoughsR27_zombieFatCop" prob="0.7"/>
DEBUG:Adding: <entity name="DoughsR2_zombieBusinessManFeral" prob="0.7"/>
DEBUG:Adding: <entity name="DoughsR50_zombieBoeRadiated" prob="0.66"/>
DEBUG:Adding: <entity name="DoughsR53_zombieJanitorFeral" prob="0.7"/>
DEBUG:Adding: <entity name="DoughsR59_zombieArleneFeral" prob="0.7"/>
DEBUG:Adding: <entity name="DoughsR88_animalZombieVulture" prob="0.3"/>
DEBUG:Adding: <entity name="DoughsR98_animalZombieDog"/>
DEBUG:ModletGen_AddZedsToEntityGroupsFile ENTITY GROUP: scoutHordeStageGS3174
DEBUG:Adding: <entity name="DoughsR10_zombieFemaleFatFeral" prob="0.6"/>
DEBUG:Adding: <entity name="DoughsR11_zombieBoeFeral" prob="0.7"/>
DEBUG:Adding: <entity name="DoughsR24_zombieNurse"/>
DEBUG:Adding: <entity name="DoughsR26_zombieFatHawaiian" prob="0.7"/>
DEBUG:Adding: <entity name="DoughsR27_zombieFatCop" prob="0.7"/>
DEBUG:Adding: <entity name="DoughsR30_zombieFatHawaiianFeral" prob="0.6"/>
DEBUG:Adding: <entity name="DoughsR36_zombieYoRadiated" prob="0.66"/>
DEBUG:Adding: <entity name="DoughsR39_zombieSkateboarderFeral" prob="0.7"/>
DEBUG:Adding: <entity name="DoughsR45_zombieSpider" prob="0.7"/>
DEBUG:Adding: <entity name="DoughsR56_zombieUtilityWorker"/>
DEBUG:Adding: <entity name="DoughsR64_zombieCheerleader"/>
DEBUG:ModletGen_AddZedsToEntityGroupsFile ENTITY GROUP: scoutHordeStageGS3196
DEBUG:Adding: <entity name="DoughsR11_zombieBoeFeral" prob="0.7"/>
DEBUG:Adding: <entity name="DoughsR19_zombieScreamerFeral" prob="0.4"/>
DEBUG:Adding: <entity name="DoughsR27_zombieFatCop" prob="0.7"/>
DEBUG:Adding: <entity name="DoughsR32_zombieMoeRadiated" prob="0.66"/>
DEBUG:Adding: <entity name="DoughsR46_zombieFootballPlayer"/>
DEBUG:Adding: <entity name="DoughsR55_zombieJoeRadiated" prob="0.66"/>
DEBUG:Adding: <entity name="DoughsR58_zombieJanitorRadiated" prob="0.66"/>
DEBUG:Adding: <entity name="DoughsR62_zombieDarlene"/>
DEBUG:Adding: <entity name="DoughsR66_zombieDarleneRadiated" prob="0.66"/>
DEBUG:Adding: <entity name="DoughsR68_zombieScreamer" prob="0.5"/>
DEBUG:Adding: <entity name="DoughsR69_zombieOldTimerRadiated" prob="0.66"/>
DEBUG:ModletGen_AddZedsToEntityGroupsFile ENTITY GROUP: scoutHordeStageGS3218
DEBUG:Adding: <entity name="DoughsR14_zombieSoldier" prob="1"/>
DEBUG:Adding: <entity name="DoughsR20_zombieSoldierRadiated" prob="0.66"/>
DEBUG:Adding: <entity name="DoughsR31_zombieArlene"/>
DEBUG:Adding: <entity name="DoughsR41_zombieYo"/>
DEBUG:Adding: <entity name="DoughsR45_zombieSpider" prob="0.7"/>
DEBUG:Adding: <entity name="DoughsR51_zombieDarleneFeral" prob="0.7"/>
DEBUG:Adding: <entity name="DoughsR54_zombieFemaleFatRadiated" prob="0.6"/>
DEBUG:Adding: <entity name="DoughsR57_zombieSpiderFeral" prob="0.6"/>
DEBUG:Adding: <entity name="DoughsR71_zombieNurseFeral" prob="0.7"/>
DEBUG:Adding: <entity name="DoughsR81_zombieSteveRadiated" prob="0.66"/>
DEBUG:Adding: <entity name="DoughsR98_animalZombieDog"/>
DEBUG:ModletGen_AddZedsToEntityGroupsFile ENTITY GROUP: scoutHordeStageGS322
DEBUG:Adding: <entity name="DoughsR14_zombieSoldier" prob="1"/>
DEBUG:Adding: <entity name="DoughsR25_zombieBiker"/>
DEBUG:Adding: <entity name="DoughsR31_zombieArlene"/>
DEBUG:Adding: <entity name="DoughsR36_zombieYoRadiated" prob="0.66"/>
DEBUG:Adding: <entity name="DoughsR39_zombieSkateboarderFeral" prob="0.7"/>
DEBUG:Adding: <entity name="DoughsR42_zombieMaleHazmat"/>
DEBUG:Adding: <entity name="DoughsR48_zombieCheerleaderRadiated" prob="0.66"/>
DEBUG:Adding: <entity name="DoughsR57_zombieSpiderFeral" prob="0.6"/>
DEBUG:Adding: <entity name="DoughsR59_zombieArleneFeral" prob="0.7"/>
DEBUG:Adding: <entity name="DoughsR63_zombieFatCopFeral" prob="0.5"/>
DEBUG:Adding: <entity name="DoughsR75_zombieSkateboarderRadiated" prob="0.66"/>
DEBUG:ModletGen_AddZedsToEntityGroupsFile ENTITY GROUP: scoutHordeStageGS3240
DEBUG:Adding: <entity name="DoughsR12_zombieJoeFeral" prob="0.7"/>
DEBUG:Adding: <entity name="DoughsR16_zombieFemaleFat"/>
DEBUG:Adding: <entity name="DoughsR19_zombieScreamerFeral" prob="0.4"/>
DEBUG:Adding: <entity name="DoughsR21_zombieSpiderRadiated" prob="0.5"/>
DEBUG:Adding: <entity name="DoughsR39_zombieSkateboarderFeral" prob="0.7"/>
DEBUG:Adding: <entity name="DoughsR41_zombieYo"/>
DEBUG:Adding: <entity name="DoughsR68_zombieScreamer" prob="0.5"/>
DEBUG:Adding: <entity name="DoughsR74_zombieMoeFeral" prob="0.7"/>
DEBUG:Adding: <entity name="DoughsR79_zombieYoFeral" prob="0.7"/>
DEBUG:Adding: <entity name="DoughsR7_zombieWightFeral" prob="0.5"/>
DEBUG:Adding: <entity name="DoughsR88_animalZombieVulture" prob="0.3"/>
DEBUG:ModletGen_AddZedsToEntityGroupsFile ENTITY GROUP: scoutHordeStageGS3263
DEBUG:Adding: <entity name="DoughsR16_zombieFemaleFat"/>
DEBUG:Adding: <entity name="DoughsR21_zombieSpiderRadiated" prob="0.5"/>
DEBUG:Adding: <entity name="DoughsR28_zombieMarlene"/>
DEBUG:Adding: <entity name="DoughsR30_zombieFatHawaiianFeral" prob="0.6"/>
DEBUG:Adding: <entity name="DoughsR3_zombieFatCopRadiated" prob="0.5"/>
DEBUG:Adding: <entity name="DoughsR58_zombieJanitorRadiated" prob="0.66"/>
DEBUG:Adding: <entity name="DoughsR59_zombieArleneFeral" prob="0.7"/>
DEBUG:Adding: <entity name="DoughsR69_zombieOldTimerRadiated" prob="0.66"/>
DEBUG:Adding: <entity name="DoughsR78_zombieSteveFeral" prob="0.7"/>
DEBUG:Adding: <entity name="DoughsR88_animalZombieVulture" prob="0.3"/>
DEBUG:Adding: <entity name="DoughsR98_animalZombieDog"/>
DEBUG:ModletGen_AddZedsToEntityGroupsFile ENTITY GROUP: scoutHordeStageGS3285
DEBUG:Adding: <entity name="DoughsR11_zombieBoeFeral" prob="0.7"/>
DEBUG:Adding: <entity name="DoughsR13_zombieSteve"/>
DEBUG:Adding: <entity name="DoughsR32_zombieMoeRadiated" prob="0.66"/>
DEBUG:Adding: <entity name="DoughsR39_zombieSkateboarderFeral" prob="0.7"/>
DEBUG:Adding: <entity name="DoughsR53_zombieJanitorFeral" prob="0.7"/>
DEBUG:Adding: <entity name="DoughsR56_zombieUtilityWorker"/>
DEBUG:Adding: <entity name="DoughsR59_zombieArleneFeral" prob="0.7"/>
DEBUG:Adding: <entity name="DoughsR66_zombieDarleneRadiated" prob="0.66"/>
DEBUG:Adding: <entity name="DoughsR68_zombieScreamer" prob="0.5"/>
DEBUG:Adding: <entity name="DoughsR71_zombieNurseFeral" prob="0.7"/>
DEBUG:Adding: <entity name="DoughsR98_animalZombieDog"/>
DEBUG:ModletGen_AddZedsToEntityGroupsFile ENTITY GROUP: scoutHordeStageGS3307
DEBUG:Adding: <entity name="DoughsR24_zombieNurse"/>
DEBUG:Adding: <entity name="DoughsR26_zombieFatHawaiian" prob="0.7"/>
DEBUG:Adding: <entity name="DoughsR30_zombieFatHawaiianFeral" prob="0.6"/>
DEBUG:Adding: <entity name="DoughsR34_zombieMarleneRadiated" prob="0.66"/>
DEBUG:Adding: <entity name="DoughsR3_zombieFatCopRadiated" prob="0.5"/>
DEBUG:Adding: <entity name="DoughsR61_zombieSkateboarder"/>
DEBUG:Adding: <entity name="DoughsR62_zombieDarlene"/>
DEBUG:Adding: <entity name="DoughsR68_zombieScreamer" prob="0.5"/>
DEBUG:Adding: <entity name="DoughsR71_zombieNurseFeral" prob="0.7"/>
DEBUG:Adding: <entity name="DoughsR74_zombieMoeFeral" prob="0.7"/>
DEBUG:Adding: <entity name="DoughsR7_zombieWightFeral" prob="0.5"/>
DEBUG:ModletGen_AddZedsToEntityGroupsFile ENTITY GROUP: scoutHordeStageGS332
DEBUG:Adding: <entity name="DoughsR14_zombieSoldier" prob="1"/>
DEBUG:Adding: <entity name="DoughsR27_zombieFatCop" prob="0.7"/>
DEBUG:Adding: <entity name="DoughsR29_zombieBoe"/>
DEBUG:Adding: <entity name="DoughsR39_zombieSkateboarderFeral" prob="0.7"/>
DEBUG:Adding: <entity name="DoughsR3_zombieFatCopRadiated" prob="0.5"/>
DEBUG:Adding: <entity name="DoughsR48_zombieCheerleaderRadiated" prob="0.66"/>
DEBUG:Adding: <entity name="DoughsR53_zombieJanitorFeral" prob="0.7"/>
DEBUG:Adding: <entity name="DoughsR54_zombieFemaleFatRadiated" prob="0.6"/>
DEBUG:Adding: <entity name="DoughsR66_zombieDarleneRadiated" prob="0.66"/>
DEBUG:Adding: <entity name="DoughsR75_zombieSkateboarderRadiated" prob="0.66"/>
DEBUG:Adding: <entity name="DoughsR7_zombieWightFeral" prob="0.5"/>
DEBUG:ModletGen_AddZedsToEntityGroupsFile ENTITY GROUP: scoutHordeStageGS3330
DEBUG:Adding: <entity name="DoughsR20_zombieSoldierRadiated" prob="0.66"/>
DEBUG:Adding: <entity name="DoughsR25_zombieBiker"/>
DEBUG:Adding: <entity name="DoughsR34_zombieMarleneRadiated" prob="0.66"/>
DEBUG:Adding: <entity name="DoughsR39_zombieSkateboarderFeral" prob="0.7"/>
DEBUG:Adding: <entity name="DoughsR44_zombieBusinessMan"/>
DEBUG:Adding: <entity name="DoughsR45_zombieSpider" prob="0.7"/>
DEBUG:Adding: <entity name="DoughsR51_zombieDarleneFeral" prob="0.7"/>
DEBUG:Adding: <entity name="DoughsR56_zombieUtilityWorker"/>
DEBUG:Adding: <entity name="DoughsR68_zombieScreamer" prob="0.5"/>
DEBUG:Adding: <entity name="DoughsR71_zombieNurseFeral" prob="0.7"/>
DEBUG:Adding: <entity name="DoughsR8_zombieArleneRadiated" prob="0.66"/>
DEBUG:ModletGen_AddZedsToEntityGroupsFile ENTITY GROUP: scoutHordeStageGS3352
DEBUG:Adding: <entity name="DoughsR10_zombieFemaleFatFeral" prob="0.6"/>
DEBUG:Adding: <entity name="DoughsR27_zombieFatCop" prob="0.7"/>
DEBUG:Adding: <entity name="DoughsR28_zombieMarlene"/>
DEBUG:Adding: <entity name="DoughsR31_zombieArlene"/>
DEBUG:Adding: <entity name="DoughsR44_zombieBusinessMan"/>
DEBUG:Adding: <entity name="DoughsR49_zombieMoe"/>
DEBUG:Adding: <entity name="DoughsR56_zombieUtilityWorker"/>
DEBUG:Adding: <entity name="DoughsR64_zombieCheerleader"/>
DEBUG:Adding: <entity name="DoughsR68_zombieScreamer" prob="0.5"/>
DEBUG:Adding: <entity name="DoughsR71_zombieNurseFeral" prob="0.7"/>
DEBUG:Adding: <entity name="DoughsR81_zombieSteveRadiated" prob="0.66"/>
DEBUG:ModletGen_AddZedsToEntityGroupsFile ENTITY GROUP: scoutHordeStageGS3375
DEBUG:Adding: <entity name="DoughsR10_zombieFemaleFatFeral" prob="0.6"/>
DEBUG:Adding: <entity name="DoughsR12_zombieJoeFeral" prob="0.7"/>
DEBUG:Adding: <entity name="DoughsR21_zombieSpiderRadiated" prob="0.5"/>
DEBUG:Adding: <entity name="DoughsR25_zombieBiker"/>
DEBUG:Adding: <entity name="DoughsR36_zombieYoRadiated" prob="0.66"/>
DEBUG:Adding: <entity name="DoughsR46_zombieFootballPlayer"/>
DEBUG:Adding: <entity name="DoughsR56_zombieUtilityWorker"/>
DEBUG:Adding: <entity name="DoughsR75_zombieSkateboarderRadiated" prob="0.66"/>
DEBUG:Adding: <entity name="DoughsR79_zombieYoFeral" prob="0.7"/>
DEBUG:Adding: <entity name="DoughsR81_zombieSteveRadiated" prob="0.66"/>
DEBUG:Adding: <entity name="DoughsR98_animalZombieDog"/>
DEBUG:ModletGen_AddZedsToEntityGroupsFile ENTITY GROUP: scoutHordeStageGS3397
DEBUG:Adding: <entity name="DoughsR12_zombieJoeFeral" prob="0.7"/>
DEBUG:Adding: <entity name="DoughsR49_zombieMoe"/>
DEBUG:Adding: <entity name="DoughsR50_zombieBoeRadiated" prob="0.66"/>
DEBUG:Adding: <entity name="DoughsR54_zombieFemaleFatRadiated" prob="0.6"/>
DEBUG:Adding: <entity name="DoughsR56_zombieUtilityWorker"/>
DEBUG:Adding: <entity name="DoughsR66_zombieDarleneRadiated" prob="0.66"/>
DEBUG:Adding: <entity name="DoughsR74_zombieMoeFeral" prob="0.7"/>
DEBUG:Adding: <entity name="DoughsR78_zombieSteveFeral" prob="0.7"/>
DEBUG:Adding: <entity name="DoughsR88_animalZombieVulture" prob="0.3"/>
DEBUG:Adding: <entity name="DoughsR8_zombieArleneRadiated" prob="0.66"/>
DEBUG:Adding: <entity name="DoughsR98_animalZombieDog"/>
DEBUG:ModletGen_AddZedsToEntityGroupsFile ENTITY GROUP: scoutHordeStageGS3420
DEBUG:Adding: <entity name="DoughsR13_zombieSteve"/>
DEBUG:Adding: <entity name="DoughsR25_zombieBiker"/>
DEBUG:Adding: <entity name="DoughsR27_zombieFatCop" prob="0.7"/>
DEBUG:Adding: <entity name="DoughsR31_zombieArlene"/>
DEBUG:Adding: <entity name="DoughsR32_zombieMoeRadiated" prob="0.66"/>
DEBUG:Adding: <entity name="DoughsR39_zombieSkateboarderFeral" prob="0.7"/>
DEBUG:Adding: <entity name="DoughsR42_zombieMaleHazmat"/>
DEBUG:Adding: <entity name="DoughsR45_zombieSpider" prob="0.7"/>
DEBUG:Adding: <entity name="DoughsR50_zombieBoeRadiated" prob="0.66"/>
DEBUG:Adding: <entity name="DoughsR61_zombieSkateboarder"/>
DEBUG:Adding: <entity name="DoughsR81_zombieSteveRadiated" prob="0.66"/>
DEBUG:ModletGen_AddZedsToEntityGroupsFile ENTITY GROUP: scoutHordeStageGS343
DEBUG:Adding: <entity name="DoughsR11_zombieBoeFeral" prob="0.7"/>
DEBUG:Adding: <entity name="DoughsR13_zombieSteve"/>
DEBUG:Adding: <entity name="DoughsR20_zombieSoldierRadiated" prob="0.66"/>
DEBUG:Adding: <entity name="DoughsR30_zombieFatHawaiianFeral" prob="0.6"/>
DEBUG:Adding: <entity name="DoughsR31_zombieArlene"/>
DEBUG:Adding: <entity name="DoughsR46_zombieFootballPlayer"/>
DEBUG:Adding: <entity name="DoughsR49_zombieMoe"/>
DEBUG:Adding: <entity name="DoughsR53_zombieJanitorFeral" prob="0.7"/>
DEBUG:Adding: <entity name="DoughsR61_zombieSkateboarder"/>
DEBUG:Adding: <entity name="DoughsR68_zombieScreamer" prob="0.5"/>
DEBUG:Adding: <entity name="DoughsR88_animalZombieVulture" prob="0.3"/>
DEBUG:ModletGen_AddZedsToEntityGroupsFile ENTITY GROUP: scoutHordeStageGS3442
DEBUG:Adding: <entity name="DoughsR14_zombieSoldier" prob="1"/>
DEBUG:Adding: <entity name="DoughsR16_zombieFemaleFat"/>
DEBUG:Adding: <entity name="DoughsR19_zombieScreamerFeral" prob="0.4"/>
DEBUG:Adding: <entity name="DoughsR26_zombieFatHawaiian" prob="0.7"/>
DEBUG:Adding: <entity name="DoughsR27_zombieFatCop" prob="0.7"/>
DEBUG:Adding: <entity name="DoughsR32_zombieMoeRadiated" prob="0.66"/>
DEBUG:Adding: <entity name="DoughsR36_zombieYoRadiated" prob="0.66"/>
DEBUG:Adding: <entity name="DoughsR3_zombieFatCopRadiated" prob="0.5"/>
DEBUG:Adding: <entity name="DoughsR41_zombieYo"/>
DEBUG:Adding: <entity name="DoughsR42_zombieMaleHazmat"/>
DEBUG:Adding: <entity name="DoughsR54_zombieFemaleFatRadiated" prob="0.6"/>
DEBUG:ModletGen_AddZedsToEntityGroupsFile ENTITY GROUP: scoutHordeStageGS3465
DEBUG:Adding: <entity name="DoughsR21_zombieSpiderRadiated" prob="0.5"/>
DEBUG:Adding: <entity name="DoughsR30_zombieFatHawaiianFeral" prob="0.6"/>
DEBUG:Adding: <entity name="DoughsR39_zombieSkateboarderFeral" prob="0.7"/>
DEBUG:Adding: <entity name="DoughsR45_zombieSpider" prob="0.7"/>
DEBUG:Adding: <entity name="DoughsR57_zombieSpiderFeral" prob="0.6"/>
DEBUG:Adding: <entity name="DoughsR58_zombieJanitorRadiated" prob="0.66"/>
DEBUG:Adding: <entity name="DoughsR63_zombieFatCopFeral" prob="0.5"/>
DEBUG:Adding: <entity name="DoughsR68_zombieScreamer" prob="0.5"/>
DEBUG:Adding: <entity name="DoughsR75_zombieSkateboarderRadiated" prob="0.66"/>
DEBUG:Adding: <entity name="DoughsR79_zombieYoFeral" prob="0.7"/>
DEBUG:Adding: <entity name="DoughsR88_animalZombieVulture" prob="0.3"/>
DEBUG:ModletGen_AddZedsToEntityGroupsFile ENTITY GROUP: scoutHordeStageGS3488
DEBUG:Adding: <entity name="DoughsR24_zombieNurse"/>
DEBUG:Adding: <entity name="DoughsR30_zombieFatHawaiianFeral" prob="0.6"/>
DEBUG:Adding: <entity name="DoughsR34_zombieMarleneRadiated" prob="0.66"/>
DEBUG:Adding: <entity name="DoughsR35_zombieJoe"/>
DEBUG:Adding: <entity name="DoughsR42_zombieMaleHazmat"/>
DEBUG:Adding: <entity name="DoughsR44_zombieBusinessMan"/>
DEBUG:Adding: <entity name="DoughsR53_zombieJanitorFeral" prob="0.7"/>
DEBUG:Adding: <entity name="DoughsR69_zombieOldTimerRadiated" prob="0.66"/>
DEBUG:Adding: <entity name="DoughsR75_zombieSkateboarderRadiated" prob="0.66"/>
DEBUG:Adding: <entity name="DoughsR78_zombieSteveFeral" prob="0.7"/>
DEBUG:Adding: <entity name="DoughsR8_zombieArleneRadiated" prob="0.66"/>
DEBUG:ModletGen_AddZedsToEntityGroupsFile ENTITY GROUP: scoutHordeStageGS3510
DEBUG:Adding: <entity name="DoughsR19_zombieScreamerFeral" prob="0.4"/>
DEBUG:Adding: <entity name="DoughsR26_zombieFatHawaiian" prob="0.7"/>
DEBUG:Adding: <entity name="DoughsR28_zombieMarlene"/>
DEBUG:Adding: <entity name="DoughsR30_zombieFatHawaiianFeral" prob="0.6"/>
DEBUG:Adding: <entity name="DoughsR39_zombieSkateboarderFeral" prob="0.7"/>
DEBUG:Adding: <entity name="DoughsR41_zombieYo"/>
DEBUG:Adding: <entity name="DoughsR55_zombieJoeRadiated" prob="0.66"/>
DEBUG:Adding: <entity name="DoughsR65_zombieJanitor"/>
DEBUG:Adding: <entity name="DoughsR7_zombieWightFeral" prob="0.5"/>
DEBUG:Adding: <entity name="DoughsR86_zombieBikerRadiated" prob="0.6"/>
DEBUG:Adding: <entity name="DoughsR88_animalZombieVulture" prob="0.3"/>
DEBUG:ModletGen_AddZedsToEntityGroupsFile ENTITY GROUP: scoutHordeStageGS353
DEBUG:Adding: <entity name="DoughsR14_zombieSoldier" prob="1"/>
DEBUG:Adding: <entity name="DoughsR16_zombieFemaleFat"/>
DEBUG:Adding: <entity name="DoughsR19_zombieScreamerFeral" prob="0.4"/>
DEBUG:Adding: <entity name="DoughsR20_zombieSoldierRadiated" prob="0.66"/>
DEBUG:Adding: <entity name="DoughsR35_zombieJoe"/>
DEBUG:Adding: <entity name="DoughsR41_zombieYo"/>
DEBUG:Adding: <entity name="DoughsR48_zombieCheerleaderRadiated" prob="0.66"/>
DEBUG:Adding: <entity name="DoughsR62_zombieDarlene"/>
DEBUG:Adding: <entity name="DoughsR65_zombieJanitor"/>
DEBUG:Adding: <entity name="DoughsR78_zombieSteveFeral" prob="0.7"/>
DEBUG:Adding: <entity name="DoughsR81_zombieSteveRadiated" prob="0.66"/>
DEBUG:ModletGen_AddZedsToEntityGroupsFile ENTITY GROUP: scoutHordeStageGS3533
DEBUG:Adding: <entity name="DoughsR10_zombieFemaleFatFeral" prob="0.6"/>
DEBUG:Adding: <entity name="DoughsR25_zombieBiker"/>
DEBUG:Adding: <entity name="DoughsR45_zombieSpider" prob="0.7"/>
DEBUG:Adding: <entity name="DoughsR46_zombieFootballPlayer"/>
DEBUG:Adding: <entity name="DoughsR48_zombieCheerleaderRadiated" prob="0.66"/>
DEBUG:Adding: <entity name="DoughsR69_zombieOldTimerRadiated" prob="0.66"/>
DEBUG:Adding: <entity name="DoughsR75_zombieSkateboarderRadiated" prob="0.66"/>
DEBUG:Adding: <entity name="DoughsR81_zombieSteveRadiated" prob="0.66"/>
DEBUG:Adding: <entity name="DoughsR86_zombieBikerRadiated" prob="0.6"/>
DEBUG:Adding: <entity name="DoughsR8_zombieArleneRadiated" prob="0.66"/>
DEBUG:Adding: <entity name="DoughsR98_animalZombieDog"/>
DEBUG:ModletGen_AddZedsToEntityGroupsFile ENTITY GROUP: scoutHordeStageGS3556
DEBUG:Adding: <entity name="DoughsR10_zombieFemaleFatFeral" prob="0.6"/>
DEBUG:Adding: <entity name="DoughsR12_zombieJoeFeral" prob="0.7"/>
DEBUG:Adding: <entity name="DoughsR14_zombieSoldier" prob="1"/>
DEBUG:Adding: <entity name="DoughsR29_zombieBoe"/>
DEBUG:Adding: <entity name="DoughsR44_zombieBusinessMan"/>
DEBUG:Adding: <entity name="DoughsR46_zombieFootballPlayer"/>
DEBUG:Adding: <entity name="DoughsR56_zombieUtilityWorker"/>
DEBUG:Adding: <entity name="DoughsR66_zombieDarleneRadiated" prob="0.66"/>
DEBUG:Adding: <entity name="DoughsR75_zombieSkateboarderRadiated" prob="0.66"/>
DEBUG:Adding: <entity name="DoughsR81_zombieSteveRadiated" prob="0.66"/>
DEBUG:Adding: <entity name="DoughsR98_animalZombieDog"/>
DEBUG:ModletGen_AddZedsToEntityGroupsFile ENTITY GROUP: scoutHordeStageGS3579
DEBUG:Adding: <entity name="DoughsR16_zombieFemaleFat"/>
DEBUG:Adding: <entity name="DoughsR20_zombieSoldierRadiated" prob="0.66"/>
DEBUG:Adding: <entity name="DoughsR21_zombieSpiderRadiated" prob="0.5"/>
DEBUG:Adding: <entity name="DoughsR31_zombieArlene"/>
DEBUG:Adding: <entity name="DoughsR39_zombieSkateboarderFeral" prob="0.7"/>
DEBUG:Adding: <entity name="DoughsR41_zombieYo"/>
DEBUG:Adding: <entity name="DoughsR51_zombieDarleneFeral" prob="0.7"/>
DEBUG:Adding: <entity name="DoughsR56_zombieUtilityWorker"/>
DEBUG:Adding: <entity name="DoughsR59_zombieArleneFeral" prob="0.7"/>
DEBUG:Adding: <entity name="DoughsR71_zombieNurseFeral" prob="0.7"/>
DEBUG:Adding: <entity name="DoughsR98_animalZombieDog"/>
DEBUG:ModletGen_AddZedsToEntityGroupsFile ENTITY GROUP: scoutHordeStageGS36
DEBUG:Adding: <entity name="DoughsR13_zombieSteve"/>
DEBUG:Adding: <entity name="DoughsR16_zombieFemaleFat"/>
DEBUG:Adding: <entity name="DoughsR24_zombieNurse"/>
DEBUG:Adding: <entity name="DoughsR28_zombieMarlene"/>
DEBUG:Adding: <entity name="DoughsR29_zombieBoe"/>
DEBUG:Adding: <entity name="DoughsR61_zombieSkateboarder"/>
DEBUG:Adding: <entity name="DoughsR62_zombieDarlene"/>
DEBUG:Adding: <entity name="DoughsR64_zombieCheerleader"/>
DEBUG:Adding: <entity name="DoughsR65_zombieJanitor"/>
DEBUG:Adding: <entity name="DoughsR88_animalZombieVulture" prob="0.11"/>
DEBUG:Adding: <entity name="DoughsR98_animalZombieDog"/>
DEBUG:ModletGen_AddZedsToEntityGroupsFile ENTITY GROUP: scoutHordeStageGS3602
DEBUG:Adding: <entity name="DoughsR11_zombieBoeFeral" prob="0.7"/>
DEBUG:Adding: <entity name="DoughsR24_zombieNurse"/>
DEBUG:Adding: <entity name="DoughsR25_zombieBiker"/>
DEBUG:Adding: <entity name="DoughsR46_zombieFootballPlayer"/>
DEBUG:Adding: <entity name="DoughsR50_zombieBoeRadiated" prob="0.66"/>
DEBUG:Adding: <entity name="DoughsR63_zombieFatCopFeral" prob="0.5"/>
DEBUG:Adding: <entity name="DoughsR68_zombieScreamer" prob="0.5"/>
DEBUG:Adding: <entity name="DoughsR78_zombieSteveFeral" prob="0.7"/>
DEBUG:Adding: <entity name="DoughsR81_zombieSteveRadiated" prob="0.66"/>
DEBUG:Adding: <entity name="DoughsR88_animalZombieVulture" prob="0.3"/>
DEBUG:Adding: <entity name="DoughsR98_animalZombieDog"/>
DEBUG:ModletGen_AddZedsToEntityGroupsFile ENTITY GROUP: scoutHordeStageGS3625
DEBUG:Adding: <entity name="DoughsR21_zombieSpiderRadiated" prob="0.5"/>
DEBUG:Adding: <entity name="DoughsR25_zombieBiker"/>
DEBUG:Adding: <entity name="DoughsR26_zombieFatHawaiian" prob="0.7"/>
DEBUG:Adding: <entity name="DoughsR32_zombieMoeRadiated" prob="0.66"/>
DEBUG:Adding: <entity name="DoughsR34_zombieMarleneRadiated" prob="0.66"/>
DEBUG:Adding: <entity name="DoughsR46_zombieFootballPlayer"/>
DEBUG:Adding: <entity name="DoughsR53_zombieJanitorFeral" prob="0.7"/>
DEBUG:Adding: <entity name="DoughsR54_zombieFemaleFatRadiated" prob="0.6"/>
DEBUG:Adding: <entity name="DoughsR55_zombieJoeRadiated" prob="0.66"/>
DEBUG:Adding: <entity name="DoughsR63_zombieFatCopFeral" prob="0.5"/>
DEBUG:Adding: <entity name="DoughsR79_zombieYoFeral" prob="0.7"/>
DEBUG:ModletGen_AddZedsToEntityGroupsFile ENTITY GROUP: scoutHordeStageGS364
DEBUG:Adding: <entity name="DoughsR25_zombieBiker"/>
DEBUG:Adding: <entity name="DoughsR28_zombieMarlene"/>
DEBUG:Adding: <entity name="DoughsR2_zombieBusinessManFeral" prob="0.7"/>
DEBUG:Adding: <entity name="DoughsR31_zombieArlene"/>
DEBUG:Adding: <entity name="DoughsR41_zombieYo"/>
DEBUG:Adding: <entity name="DoughsR56_zombieUtilityWorker"/>
DEBUG:Adding: <entity name="DoughsR57_zombieSpiderFeral" prob="0.6"/>
DEBUG:Adding: <entity name="DoughsR63_zombieFatCopFeral" prob="0.5"/>
DEBUG:Adding: <entity name="DoughsR66_zombieDarleneRadiated" prob="0.66"/>
DEBUG:Adding: <entity name="DoughsR68_zombieScreamer" prob="0.5"/>
DEBUG:Adding: <entity name="DoughsR78_zombieSteveFeral" prob="0.7"/>
DEBUG:ModletGen_AddZedsToEntityGroupsFile ENTITY GROUP: scoutHordeStageGS3648
DEBUG:Adding: <entity name="DoughsR32_zombieMoeRadiated" prob="0.66"/>
DEBUG:Adding: <entity name="DoughsR35_zombieJoe"/>
DEBUG:Adding: <entity name="DoughsR41_zombieYo"/>
DEBUG:Adding: <entity name="DoughsR49_zombieMoe"/>
DEBUG:Adding: <entity name="DoughsR57_zombieSpiderFeral" prob="0.6"/>
DEBUG:Adding: <entity name="DoughsR58_zombieJanitorRadiated" prob="0.66"/>
DEBUG:Adding: <entity name="DoughsR63_zombieFatCopFeral" prob="0.5"/>
DEBUG:Adding: <entity name="DoughsR71_zombieNurseFeral" prob="0.7"/>
DEBUG:Adding: <entity name="DoughsR78_zombieSteveFeral" prob="0.7"/>
DEBUG:Adding: <entity name="DoughsR79_zombieYoFeral" prob="0.7"/>
DEBUG:Adding: <entity name="DoughsR86_zombieBikerRadiated" prob="0.6"/>
DEBUG:ModletGen_AddZedsToEntityGroupsFile ENTITY GROUP: scoutHordeStageGS3671
DEBUG:Adding: <entity name="DoughsR12_zombieJoeFeral" prob="0.7"/>
DEBUG:Adding: <entity name="DoughsR26_zombieFatHawaiian" prob="0.7"/>
DEBUG:Adding: <entity name="DoughsR2_zombieBusinessManFeral" prob="0.7"/>
DEBUG:Adding: <entity name="DoughsR37_zombieMarleneFeral" prob="0.7"/>
DEBUG:Adding: <entity name="DoughsR46_zombieFootballPlayer"/>
DEBUG:Adding: <entity name="DoughsR53_zombieJanitorFeral" prob="0.7"/>
DEBUG:Adding: <entity name="DoughsR65_zombieJanitor"/>
DEBUG:Adding: <entity name="DoughsR68_zombieScreamer" prob="0.5"/>
DEBUG:Adding: <entity name="DoughsR79_zombieYoFeral" prob="0.7"/>
DEBUG:Adding: <entity name="DoughsR86_zombieBikerRadiated" prob="0.6"/>
DEBUG:Adding: <entity name="DoughsR8_zombieArleneRadiated" prob="0.66"/>
DEBUG:ModletGen_AddZedsToEntityGroupsFile ENTITY GROUP: scoutHordeStageGS3694
DEBUG:Adding: <entity name="DoughsR13_zombieSteve"/>
DEBUG:Adding: <entity name="DoughsR19_zombieScreamerFeral" prob="0.4"/>
DEBUG:Adding: <entity name="DoughsR24_zombieNurse"/>
DEBUG:Adding: <entity name="DoughsR31_zombieArlene"/>
DEBUG:Adding: <entity name="DoughsR37_zombieMarleneFeral" prob="0.7"/>
DEBUG:Adding: <entity name="DoughsR44_zombieBusinessMan"/>
DEBUG:Adding: <entity name="DoughsR45_zombieSpider" prob="0.7"/>
DEBUG:Adding: <entity name="DoughsR51_zombieDarleneFeral" prob="0.7"/>
DEBUG:Adding: <entity name="DoughsR62_zombieDarlene"/>
DEBUG:Adding: <entity name="DoughsR71_zombieNurseFeral" prob="0.7"/>
DEBUG:Adding: <entity name="DoughsR8_zombieArleneRadiated" prob="0.66"/>
DEBUG:ModletGen_AddZedsToEntityGroupsFile ENTITY GROUP: scoutHordeStageGS3718
DEBUG:Adding: <entity name="DoughsR11_zombieBoeFeral" prob="0.7"/>
DEBUG:Adding: <entity name="DoughsR20_zombieSoldierRadiated" prob="0.66"/>
DEBUG:Adding: <entity name="DoughsR29_zombieBoe"/>
DEBUG:Adding: <entity name="DoughsR34_zombieMarleneRadiated" prob="0.66"/>
DEBUG:Adding: <entity name="DoughsR36_zombieYoRadiated" prob="0.66"/>
DEBUG:Adding: <entity name="DoughsR51_zombieDarleneFeral" prob="0.7"/>
DEBUG:Adding: <entity name="DoughsR53_zombieJanitorFeral" prob="0.7"/>
DEBUG:Adding: <entity name="DoughsR59_zombieArleneFeral" prob="0.7"/>
DEBUG:Adding: <entity name="DoughsR71_zombieNurseFeral" prob="0.7"/>
DEBUG:Adding: <entity name="DoughsR86_zombieBikerRadiated" prob="0.6"/>
DEBUG:Adding: <entity name="DoughsR8_zombieArleneRadiated" prob="0.66"/>
DEBUG:ModletGen_AddZedsToEntityGroupsFile ENTITY GROUP: scoutHordeStageGS374
DEBUG:Adding: <entity name="DoughsR12_zombieJoeFeral" prob="0.7"/>
DEBUG:Adding: <entity name="DoughsR25_zombieBiker"/>
DEBUG:Adding: <entity name="DoughsR30_zombieFatHawaiianFeral" prob="0.6"/>
DEBUG:Adding: <entity name="DoughsR31_zombieArlene"/>
DEBUG:Adding: <entity name="DoughsR41_zombieYo"/>
DEBUG:Adding: <entity name="DoughsR44_zombieBusinessMan"/>
DEBUG:Adding: <entity name="DoughsR45_zombieSpider" prob="0.7"/>
DEBUG:Adding: <entity name="DoughsR64_zombieCheerleader"/>
DEBUG:Adding: <entity name="DoughsR69_zombieOldTimerRadiated" prob="0.66"/>
DEBUG:Adding: <entity name="DoughsR71_zombieNurseFeral" prob="0.7"/>
DEBUG:Adding: <entity name="DoughsR78_zombieSteveFeral" prob="0.7"/>
DEBUG:ModletGen_AddZedsToEntityGroupsFile ENTITY GROUP: scoutHordeStageGS3741
DEBUG:Adding: <entity name="DoughsR19_zombieScreamerFeral" prob="0.4"/>
DEBUG:Adding: <entity name="DoughsR26_zombieFatHawaiian" prob="0.7"/>
DEBUG:Adding: <entity name="DoughsR28_zombieMarlene"/>
DEBUG:Adding: <entity name="DoughsR30_zombieFatHawaiianFeral" prob="0.6"/>
DEBUG:Adding: <entity name="DoughsR42_zombieMaleHazmat"/>
DEBUG:Adding: <entity name="DoughsR44_zombieBusinessMan"/>
DEBUG:Adding: <entity name="DoughsR49_zombieMoe"/>
DEBUG:Adding: <entity name="DoughsR51_zombieDarleneFeral" prob="0.7"/>
DEBUG:Adding: <entity name="DoughsR65_zombieJanitor"/>
DEBUG:Adding: <entity name="DoughsR71_zombieNurseFeral" prob="0.7"/>
DEBUG:Adding: <entity name="DoughsR86_zombieBikerRadiated" prob="0.6"/>
DEBUG:ModletGen_AddZedsToEntityGroupsFile ENTITY GROUP: scoutHordeStageGS3764
DEBUG:Adding: <entity name="DoughsR11_zombieBoeFeral" prob="0.7"/>
DEBUG:Adding: <entity name="DoughsR13_zombieSteve"/>
DEBUG:Adding: <entity name="DoughsR16_zombieFemaleFat"/>
DEBUG:Adding: <entity name="DoughsR21_zombieSpiderRadiated" prob="0.5"/>
DEBUG:Adding: <entity name="DoughsR30_zombieFatHawaiianFeral" prob="0.6"/>
DEBUG:Adding: <entity name="DoughsR51_zombieDarleneFeral" prob="0.7"/>
DEBUG:Adding: <entity name="DoughsR53_zombieJanitorFeral" prob="0.7"/>
DEBUG:Adding: <entity name="DoughsR62_zombieDarlene"/>
DEBUG:Adding: <entity name="DoughsR64_zombieCheerleader"/>
DEBUG:Adding: <entity name="DoughsR7_zombieWightFeral" prob="0.5"/>
DEBUG:Adding: <entity name="DoughsR86_zombieBikerRadiated" prob="0.6"/>
DEBUG:ModletGen_AddZedsToEntityGroupsFile ENTITY GROUP: scoutHordeStageGS3787
DEBUG:Adding: <entity name="DoughsR10_zombieFemaleFatFeral" prob="0.6"/>
DEBUG:Adding: <entity name="DoughsR12_zombieJoeFeral" prob="0.7"/>
DEBUG:Adding: <entity name="DoughsR27_zombieFatCop" prob="0.7"/>
DEBUG:Adding: <entity name="DoughsR37_zombieMarleneFeral" prob="0.7"/>
DEBUG:Adding: <entity name="DoughsR41_zombieYo"/>
DEBUG:Adding: <entity name="DoughsR46_zombieFootballPlayer"/>
DEBUG:Adding: <entity name="DoughsR49_zombieMoe"/>
DEBUG:Adding: <entity name="DoughsR62_zombieDarlene"/>
DEBUG:Adding: <entity name="DoughsR63_zombieFatCopFeral" prob="0.5"/>
DEBUG:Adding: <entity name="DoughsR66_zombieDarleneRadiated" prob="0.66"/>
DEBUG:Adding: <entity name="DoughsR79_zombieYoFeral" prob="0.7"/>
DEBUG:ModletGen_AddZedsToEntityGroupsFile ENTITY GROUP: scoutHordeStageGS3811
DEBUG:Adding: <entity name="DoughsR11_zombieBoeFeral" prob="0.7"/>
DEBUG:Adding: <entity name="DoughsR12_zombieJoeFeral" prob="0.7"/>
DEBUG:Adding: <entity name="DoughsR16_zombieFemaleFat"/>
DEBUG:Adding: <entity name="DoughsR31_zombieArlene"/>
DEBUG:Adding: <entity name="DoughsR35_zombieJoe"/>
DEBUG:Adding: <entity name="DoughsR50_zombieBoeRadiated" prob="0.66"/>
DEBUG:Adding: <entity name="DoughsR64_zombieCheerleader"/>
DEBUG:Adding: <entity name="DoughsR68_zombieScreamer" prob="0.5"/>
DEBUG:Adding: <entity name="DoughsR71_zombieNurseFeral" prob="0.7"/>
DEBUG:Adding: <entity name="DoughsR79_zombieYoFeral" prob="0.7"/>
DEBUG:Adding: <entity name="DoughsR98_animalZombieDog"/>
DEBUG:ModletGen_AddZedsToEntityGroupsFile ENTITY GROUP: scoutHordeStageGS3834
DEBUG:Adding: <entity name="DoughsR16_zombieFemaleFat"/>
DEBUG:Adding: <entity name="DoughsR25_zombieBiker"/>
DEBUG:Adding: <entity name="DoughsR27_zombieFatCop" prob="0.7"/>
DEBUG:Adding: <entity name="DoughsR31_zombieArlene"/>
DEBUG:Adding: <entity name="DoughsR32_zombieMoeRadiated" prob="0.66"/>
DEBUG:Adding: <entity name="DoughsR49_zombieMoe"/>
DEBUG:Adding: <entity name="DoughsR58_zombieJanitorRadiated" prob="0.66"/>
DEBUG:Adding: <entity name="DoughsR64_zombieCheerleader"/>
DEBUG:Adding: <entity name="DoughsR69_zombieOldTimerRadiated" prob="0.66"/>
DEBUG:Adding: <entity name="DoughsR81_zombieSteveRadiated" prob="0.66"/>
DEBUG:Adding: <entity name="DoughsR98_animalZombieDog"/>
DEBUG:ModletGen_AddZedsToEntityGroupsFile ENTITY GROUP: scoutHordeStageGS385
DEBUG:Adding: <entity name="DoughsR21_zombieSpiderRadiated" prob="0.5"/>
DEBUG:Adding: <entity name="DoughsR29_zombieBoe"/>
DEBUG:Adding: <entity name="DoughsR41_zombieYo"/>
DEBUG:Adding: <entity name="DoughsR51_zombieDarleneFeral" prob="0.7"/>
DEBUG:Adding: <entity name="DoughsR54_zombieFemaleFatRadiated" prob="0.6"/>
DEBUG:Adding: <entity name="DoughsR55_zombieJoeRadiated" prob="0.66"/>
DEBUG:Adding: <entity name="DoughsR64_zombieCheerleader"/>
DEBUG:Adding: <entity name="DoughsR65_zombieJanitor"/>
DEBUG:Adding: <entity name="DoughsR79_zombieYoFeral" prob="0.7"/>
DEBUG:Adding: <entity name="DoughsR7_zombieWightFeral" prob="0.5"/>
DEBUG:Adding: <entity name="DoughsR86_zombieBikerRadiated" prob="0.6"/>
DEBUG:ModletGen_AddZedsToEntityGroupsFile ENTITY GROUP: scoutHordeStageGS3858
DEBUG:Adding: <entity name="DoughsR16_zombieFemaleFat"/>
DEBUG:Adding: <entity name="DoughsR21_zombieSpiderRadiated" prob="0.5"/>
DEBUG:Adding: <entity name="DoughsR27_zombieFatCop" prob="0.7"/>
DEBUG:Adding: <entity name="DoughsR35_zombieJoe"/>
DEBUG:Adding: <entity name="DoughsR41_zombieYo"/>
DEBUG:Adding: <entity name="DoughsR45_zombieSpider" prob="0.7"/>
DEBUG:Adding: <entity name="DoughsR49_zombieMoe"/>
DEBUG:Adding: <entity name="DoughsR59_zombieArleneFeral" prob="0.7"/>
DEBUG:Adding: <entity name="DoughsR65_zombieJanitor"/>
DEBUG:Adding: <entity name="DoughsR71_zombieNurseFeral" prob="0.7"/>
DEBUG:Adding: <entity name="DoughsR74_zombieMoeFeral" prob="0.7"/>
DEBUG:ModletGen_AddZedsToEntityGroupsFile ENTITY GROUP: scoutHordeStageGS3881
DEBUG:Adding: <entity name="DoughsR16_zombieFemaleFat"/>
DEBUG:Adding: <entity name="DoughsR21_zombieSpiderRadiated" prob="0.5"/>
DEBUG:Adding: <entity name="DoughsR25_zombieBiker"/>
DEBUG:Adding: <entity name="DoughsR42_zombieMaleHazmat"/>
DEBUG:Adding: <entity name="DoughsR45_zombieSpider" prob="0.7"/>
DEBUG:Adding: <entity name="DoughsR50_zombieBoeRadiated" prob="0.66"/>
DEBUG:Adding: <entity name="DoughsR51_zombieDarleneFeral" prob="0.7"/>
DEBUG:Adding: <entity name="DoughsR59_zombieArleneFeral" prob="0.7"/>
DEBUG:Adding: <entity name="DoughsR66_zombieDarleneRadiated" prob="0.66"/>
DEBUG:Adding: <entity name="DoughsR88_animalZombieVulture" prob="0.3"/>
DEBUG:Adding: <entity name="DoughsR8_zombieArleneRadiated" prob="0.66"/>
DEBUG:ModletGen_AddZedsToEntityGroupsFile ENTITY GROUP: scoutHordeStageGS3905
DEBUG:Adding: <entity name="DoughsR14_zombieSoldier" prob="1"/>
DEBUG:Adding: <entity name="DoughsR16_zombieFemaleFat"/>
DEBUG:Adding: <entity name="DoughsR24_zombieNurse"/>
DEBUG:Adding: <entity name="DoughsR36_zombieYoRadiated" prob="0.66"/>
DEBUG:Adding: <entity name="DoughsR37_zombieMarleneFeral" prob="0.7"/>
DEBUG:Adding: <entity name="DoughsR3_zombieFatCopRadiated" prob="0.5"/>
DEBUG:Adding: <entity name="DoughsR44_zombieBusinessMan"/>
DEBUG:Adding: <entity name="DoughsR48_zombieCheerleaderRadiated" prob="0.66"/>
DEBUG:Adding: <entity name="DoughsR50_zombieBoeRadiated" prob="0.66"/>
DEBUG:Adding: <entity name="DoughsR57_zombieSpiderFeral" prob="0.6"/>
DEBUG:Adding: <entity name="DoughsR7_zombieWightFeral" prob="0.5"/>
DEBUG:ModletGen_AddZedsToEntityGroupsFile ENTITY GROUP: scoutHordeStageGS3929
DEBUG:Adding: <entity name="DoughsR13_zombieSteve"/>
DEBUG:Adding: <entity name="DoughsR14_zombieSoldier" prob="1"/>
DEBUG:Adding: <entity name="DoughsR27_zombieFatCop" prob="0.7"/>
DEBUG:Adding: <entity name="DoughsR2_zombieBusinessManFeral" prob="0.7"/>
DEBUG:Adding: <entity name="DoughsR32_zombieMoeRadiated" prob="0.66"/>
DEBUG:Adding: <entity name="DoughsR39_zombieSkateboarderFeral" prob="0.7"/>
DEBUG:Adding: <entity name="DoughsR42_zombieMaleHazmat"/>
DEBUG:Adding: <entity name="DoughsR54_zombieFemaleFatRadiated" prob="0.6"/>
DEBUG:Adding: <entity name="DoughsR56_zombieUtilityWorker"/>
DEBUG:Adding: <entity name="DoughsR63_zombieFatCopFeral" prob="0.5"/>
DEBUG:Adding: <entity name="DoughsR88_animalZombieVulture" prob="0.3"/>
DEBUG:ModletGen_AddZedsToEntityGroupsFile ENTITY GROUP: scoutHordeStageGS3952
DEBUG:Adding: <entity name="DoughsR11_zombieBoeFeral" prob="0.7"/>
DEBUG:Adding: <entity name="DoughsR16_zombieFemaleFat"/>
DEBUG:Adding: <entity name="DoughsR20_zombieSoldierRadiated" prob="0.66"/>
DEBUG:Adding: <entity name="DoughsR21_zombieSpiderRadiated" prob="0.5"/>
DEBUG:Adding: <entity name="DoughsR24_zombieNurse"/>
DEBUG:Adding: <entity name="DoughsR27_zombieFatCop" prob="0.7"/>
DEBUG:Adding: <entity name="DoughsR30_zombieFatHawaiianFeral" prob="0.6"/>
DEBUG:Adding: <entity name="DoughsR58_zombieJanitorRadiated" prob="0.66"/>
DEBUG:Adding: <entity name="DoughsR61_zombieSkateboarder"/>
DEBUG:Adding: <entity name="DoughsR64_zombieCheerleader"/>
DEBUG:Adding: <entity name="DoughsR88_animalZombieVulture" prob="0.3"/>
DEBUG:ModletGen_AddZedsToEntityGroupsFile ENTITY GROUP: scoutHordeStageGS396
DEBUG:Adding: <entity name="DoughsR21_zombieSpiderRadiated" prob="0.5"/>
DEBUG:Adding: <entity name="DoughsR28_zombieMarlene"/>
DEBUG:Adding: <entity name="DoughsR2_zombieBusinessManFeral" prob="0.7"/>
DEBUG:Adding: <entity name="DoughsR31_zombieArlene"/>
DEBUG:Adding: <entity name="DoughsR36_zombieYoRadiated" prob="0.66"/>
DEBUG:Adding: <entity name="DoughsR39_zombieSkateboarderFeral" prob="0.7"/>
DEBUG:Adding: <entity name="DoughsR56_zombieUtilityWorker"/>
DEBUG:Adding: <entity name="DoughsR57_zombieSpiderFeral" prob="0.6"/>
DEBUG:Adding: <entity name="DoughsR61_zombieSkateboarder"/>
DEBUG:Adding: <entity name="DoughsR78_zombieSteveFeral" prob="0.7"/>
DEBUG:Adding: <entity name="DoughsR98_animalZombieDog"/>
DEBUG:ModletGen_AddZedsToEntityGroupsFile ENTITY GROUP: scoutHordeStageGS3976
DEBUG:Adding: <entity name="DoughsR26_zombieFatHawaiian" prob="0.7"/>
DEBUG:Adding: <entity name="DoughsR28_zombieMarlene"/>
DEBUG:Adding: <entity name="DoughsR41_zombieYo"/>
DEBUG:Adding: <entity name="DoughsR44_zombieBusinessMan"/>
DEBUG:Adding: <entity name="DoughsR48_zombieCheerleaderRadiated" prob="0.66"/>
DEBUG:Adding: <entity name="DoughsR49_zombieMoe"/>
DEBUG:Adding: <entity name="DoughsR53_zombieJanitorFeral" prob="0.7"/>
DEBUG:Adding: <entity name="DoughsR69_zombieOldTimerRadiated" prob="0.66"/>
DEBUG:Adding: <entity name="DoughsR75_zombieSkateboarderRadiated" prob="0.66"/>
DEBUG:Adding: <entity name="DoughsR79_zombieYoFeral" prob="0.7"/>
DEBUG:Adding: <entity name="DoughsR7_zombieWightFeral" prob="0.5"/>
DEBUG:ModletGen_AddZedsToEntityGroupsFile ENTITY GROUP: scoutHordeStageGS4000
DEBUG:Adding: <entity name="DoughsR39_zombieSkateboarderFeral" prob="0.7"/>
DEBUG:Adding: <entity name="DoughsR3_zombieFatCopRadiated" prob="0.5"/>
DEBUG:Adding: <entity name="DoughsR51_zombieDarleneFeral" prob="0.7"/>
DEBUG:Adding: <entity name="DoughsR53_zombieJanitorFeral" prob="0.7"/>
DEBUG:Adding: <entity name="DoughsR59_zombieArleneFeral" prob="0.7"/>
DEBUG:Adding: <entity name="DoughsR61_zombieSkateboarder"/>
DEBUG:Adding: <entity name="DoughsR63_zombieFatCopFeral" prob="0.5"/>
DEBUG:Adding: <entity name="DoughsR64_zombieCheerleader"/>
DEBUG:Adding: <entity name="DoughsR65_zombieJanitor"/>
DEBUG:Adding: <entity name="DoughsR75_zombieSkateboarderRadiated" prob="0.66"/>
DEBUG:Adding: <entity name="DoughsR88_animalZombieVulture" prob="0.3"/>
DEBUG:ModletGen_AddZedsToEntityGroupsFile ENTITY GROUP: scoutHordeStageGS4024
DEBUG:Adding: <entity name="DoughsR20_zombieSoldierRadiated" prob="0.66"/>
DEBUG:Adding: <entity name="DoughsR24_zombieNurse"/>
DEBUG:Adding: <entity name="DoughsR42_zombieMaleHazmat"/>
DEBUG:Adding: <entity name="DoughsR44_zombieBusinessMan"/>
DEBUG:Adding: <entity name="DoughsR48_zombieCheerleaderRadiated" prob="0.66"/>
DEBUG:Adding: <entity name="DoughsR50_zombieBoeRadiated" prob="0.66"/>
DEBUG:Adding: <entity name="DoughsR58_zombieJanitorRadiated" prob="0.66"/>
DEBUG:Adding: <entity name="DoughsR62_zombieDarlene"/>
DEBUG:Adding: <entity name="DoughsR63_zombieFatCopFeral" prob="0.5"/>
DEBUG:Adding: <entity name="DoughsR64_zombieCheerleader"/>
DEBUG:Adding: <entity name="DoughsR75_zombieSkateboarderRadiated" prob="0.66"/>
DEBUG:ModletGen_AddZedsToEntityGroupsFile ENTITY GROUP: scoutHordeStageGS4048
DEBUG:Adding: <entity name="DoughsR11_zombieBoeFeral" prob="0.7"/>
DEBUG:Adding: <entity name="DoughsR21_zombieSpiderRadiated" prob="0.5"/>
DEBUG:Adding: <entity name="DoughsR31_zombieArlene"/>
DEBUG:Adding: <entity name="DoughsR44_zombieBusinessMan"/>
DEBUG:Adding: <entity name="DoughsR49_zombieMoe"/>
DEBUG:Adding: <entity name="DoughsR50_zombieBoeRadiated" prob="0.66"/>
DEBUG:Adding: <entity name="DoughsR65_zombieJanitor"/>
DEBUG:Adding: <entity name="DoughsR66_zombieDarleneRadiated" prob="0.66"/>
DEBUG:Adding: <entity name="DoughsR75_zombieSkateboarderRadiated" prob="0.66"/>
DEBUG:Adding: <entity name="DoughsR79_zombieYoFeral" prob="0.7"/>
DEBUG:Adding: <entity name="DoughsR86_zombieBikerRadiated" prob="0.6"/>
DEBUG:ModletGen_AddZedsToEntityGroupsFile ENTITY GROUP: scoutHordeStageGS407
DEBUG:Adding: <entity name="DoughsR14_zombieSoldier" prob="1"/>
DEBUG:Adding: <entity name="DoughsR20_zombieSoldierRadiated" prob="0.66"/>
DEBUG:Adding: <entity name="DoughsR28_zombieMarlene"/>
DEBUG:Adding: <entity name="DoughsR32_zombieMoeRadiated" prob="0.66"/>
DEBUG:Adding: <entity name="DoughsR34_zombieMarleneRadiated" prob="0.66"/>
DEBUG:Adding: <entity name="DoughsR35_zombieJoe"/>
DEBUG:Adding: <entity name="DoughsR44_zombieBusinessMan"/>
DEBUG:Adding: <entity name="DoughsR49_zombieMoe"/>
DEBUG:Adding: <entity name="DoughsR64_zombieCheerleader"/>
DEBUG:Adding: <entity name="DoughsR66_zombieDarleneRadiated" prob="0.66"/>
DEBUG:Adding: <entity name="DoughsR69_zombieOldTimerRadiated" prob="0.66"/>
DEBUG:ModletGen_AddZedsToEntityGroupsFile ENTITY GROUP: scoutHordeStageGS4072
DEBUG:Adding: <entity name="DoughsR21_zombieSpiderRadiated" prob="0.5"/>
DEBUG:Adding: <entity name="DoughsR42_zombieMaleHazmat"/>
DEBUG:Adding: <entity name="DoughsR51_zombieDarleneFeral" prob="0.7"/>
DEBUG:Adding: <entity name="DoughsR55_zombieJoeRadiated" prob="0.66"/>
DEBUG:Adding: <entity name="DoughsR57_zombieSpiderFeral" prob="0.6"/>
DEBUG:Adding: <entity name="DoughsR65_zombieJanitor"/>
DEBUG:Adding: <entity name="DoughsR68_zombieScreamer" prob="0.5"/>
DEBUG:Adding: <entity name="DoughsR69_zombieOldTimerRadiated" prob="0.66"/>
DEBUG:Adding: <entity name="DoughsR71_zombieNurseFeral" prob="0.7"/>
DEBUG:Adding: <entity name="DoughsR86_zombieBikerRadiated" prob="0.6"/>
DEBUG:Adding: <entity name="DoughsR8_zombieArleneRadiated" prob="0.66"/>
DEBUG:ModletGen_AddZedsToEntityGroupsFile ENTITY GROUP: scoutHordeStageGS4096
DEBUG:Adding: <entity name="DoughsR10_zombieFemaleFatFeral" prob="0.6"/>
DEBUG:Adding: <entity name="DoughsR14_zombieSoldier" prob="1"/>
DEBUG:Adding: <entity name="DoughsR25_zombieBiker"/>
DEBUG:Adding: <entity name="DoughsR26_zombieFatHawaiian" prob="0.7"/>
DEBUG:Adding: <entity name="DoughsR3_zombieFatCopRadiated" prob="0.5"/>
DEBUG:Adding: <entity name="DoughsR46_zombieFootballPlayer"/>
DEBUG:Adding: <entity name="DoughsR56_zombieUtilityWorker"/>
DEBUG:Adding: <entity name="DoughsR69_zombieOldTimerRadiated" prob="0.66"/>
DEBUG:Adding: <entity name="DoughsR75_zombieSkateboarderRadiated" prob="0.66"/>
DEBUG:Adding: <entity name="DoughsR7_zombieWightFeral" prob="0.5"/>
DEBUG:Adding: <entity name="DoughsR86_zombieBikerRadiated" prob="0.6"/>
DEBUG:ModletGen_AddZedsToEntityGroupsFile ENTITY GROUP: scoutHordeStageGS41
DEBUG:Adding: <entity name="DoughsR13_zombieSteve"/>
DEBUG:Adding: <entity name="DoughsR28_zombieMarlene"/>
DEBUG:Adding: <entity name="DoughsR29_zombieBoe"/>
DEBUG:Adding: <entity name="DoughsR35_zombieJoe"/>
DEBUG:Adding: <entity name="DoughsR41_zombieYo"/>
DEBUG:Adding: <entity name="DoughsR42_zombieMaleHazmat"/>
DEBUG:Adding: <entity name="DoughsR44_zombieBusinessMan"/>
DEBUG:Adding: <entity name="DoughsR45_zombieSpider" prob="0.21"/>
DEBUG:Adding: <entity name="DoughsR49_zombieMoe"/>
DEBUG:Adding: <entity name="DoughsR64_zombieCheerleader"/>
DEBUG:Adding: <entity name="DoughsR65_zombieJanitor"/>
DEBUG:ModletGen_AddZedsToEntityGroupsFile ENTITY GROUP: scoutHordeStageGS4120
DEBUG:Adding: <entity name="DoughsR10_zombieFemaleFatFeral" prob="0.6"/>
DEBUG:Adding: <entity name="DoughsR12_zombieJoeFeral" prob="0.7"/>
DEBUG:Adding: <entity name="DoughsR16_zombieFemaleFat"/>
DEBUG:Adding: <entity name="DoughsR30_zombieFatHawaiianFeral" prob="0.6"/>
DEBUG:Adding: <entity name="DoughsR42_zombieMaleHazmat"/>
DEBUG:Adding: <entity name="DoughsR61_zombieSkateboarder"/>
DEBUG:Adding: <entity name="DoughsR62_zombieDarlene"/>
DEBUG:Adding: <entity name="DoughsR64_zombieCheerleader"/>
DEBUG:Adding: <entity name="DoughsR69_zombieOldTimerRadiated" prob="0.66"/>
DEBUG:Adding: <entity name="DoughsR8_zombieArleneRadiated" prob="0.66"/>
DEBUG:Adding: <entity name="DoughsR98_animalZombieDog"/>
DEBUG:ModletGen_AddZedsToEntityGroupsFile ENTITY GROUP: scoutHordeStageGS4144
DEBUG:Adding: <entity name="DoughsR10_zombieFemaleFatFeral" prob="0.6"/>
DEBUG:Adding: <entity name="DoughsR12_zombieJoeFeral" prob="0.7"/>
DEBUG:Adding: <entity name="DoughsR20_zombieSoldierRadiated" prob="0.66"/>
DEBUG:Adding: <entity name="DoughsR24_zombieNurse"/>
DEBUG:Adding: <entity name="DoughsR25_zombieBiker"/>
DEBUG:Adding: <entity name="DoughsR34_zombieMarleneRadiated" prob="0.66"/>
DEBUG:Adding: <entity name="DoughsR36_zombieYoRadiated" prob="0.66"/>
DEBUG:Adding: <entity name="DoughsR37_zombieMarleneFeral" prob="0.7"/>
DEBUG:Adding: <entity name="DoughsR51_zombieDarleneFeral" prob="0.7"/>
DEBUG:Adding: <entity name="DoughsR53_zombieJanitorFeral" prob="0.7"/>
DEBUG:Adding: <entity name="DoughsR79_zombieYoFeral" prob="0.7"/>
DEBUG:ModletGen_AddZedsToEntityGroupsFile ENTITY GROUP: scoutHordeStageGS4168
DEBUG:Adding: <entity name="DoughsR16_zombieFemaleFat"/>
DEBUG:Adding: <entity name="DoughsR28_zombieMarlene"/>
DEBUG:Adding: <entity name="DoughsR29_zombieBoe"/>
DEBUG:Adding: <entity name="DoughsR2_zombieBusinessManFeral" prob="0.7"/>
DEBUG:Adding: <entity name="DoughsR30_zombieFatHawaiianFeral" prob="0.6"/>
DEBUG:Adding: <entity name="DoughsR41_zombieYo"/>
DEBUG:Adding: <entity name="DoughsR53_zombieJanitorFeral" prob="0.7"/>
DEBUG:Adding: <entity name="DoughsR55_zombieJoeRadiated" prob="0.66"/>
DEBUG:Adding: <entity name="DoughsR64_zombieCheerleader"/>
DEBUG:Adding: <entity name="DoughsR68_zombieScreamer" prob="0.5"/>
DEBUG:Adding: <entity name="DoughsR88_animalZombieVulture" prob="0.3"/>
DEBUG:ModletGen_AddZedsToEntityGroupsFile ENTITY GROUP: scoutHordeStageGS419
DEBUG:Adding: <entity name="DoughsR12_zombieJoeFeral" prob="0.7"/>
DEBUG:Adding: <entity name="DoughsR27_zombieFatCop" prob="0.7"/>
DEBUG:Adding: <entity name="DoughsR37_zombieMarleneFeral" prob="0.7"/>
DEBUG:Adding: <entity name="DoughsR42_zombieMaleHazmat"/>
DEBUG:Adding: <entity name="DoughsR44_zombieBusinessMan"/>
DEBUG:Adding: <entity name="DoughsR46_zombieFootballPlayer"/>
DEBUG:Adding: <entity name="DoughsR48_zombieCheerleaderRadiated" prob="0.66"/>
DEBUG:Adding: <entity name="DoughsR57_zombieSpiderFeral" prob="0.6"/>
DEBUG:Adding: <entity name="DoughsR59_zombieArleneFeral" prob="0.7"/>
DEBUG:Adding: <entity name="DoughsR62_zombieDarlene"/>
DEBUG:Adding: <entity name="DoughsR66_zombieDarleneRadiated" prob="0.66"/>
DEBUG:ModletGen_AddZedsToEntityGroupsFile ENTITY GROUP: scoutHordeStageGS4192
DEBUG:Adding: <entity name="DoughsR10_zombieFemaleFatFeral" prob="0.6"/>
DEBUG:Adding: <entity name="DoughsR27_zombieFatCop" prob="0.7"/>
DEBUG:Adding: <entity name="DoughsR28_zombieMarlene"/>
DEBUG:Adding: <entity name="DoughsR2_zombieBusinessManFeral" prob="0.7"/>
DEBUG:Adding: <entity name="DoughsR31_zombieArlene"/>
DEBUG:Adding: <entity name="DoughsR41_zombieYo"/>
DEBUG:Adding: <entity name="DoughsR50_zombieBoeRadiated" prob="0.66"/>
DEBUG:Adding: <entity name="DoughsR57_zombieSpiderFeral" prob="0.6"/>
DEBUG:Adding: <entity name="DoughsR64_zombieCheerleader"/>
DEBUG:Adding: <entity name="DoughsR78_zombieSteveFeral" prob="0.7"/>
DEBUG:Adding: <entity name="DoughsR8_zombieArleneRadiated" prob="0.66"/>
DEBUG:ModletGen_AddZedsToEntityGroupsFile ENTITY GROUP: scoutHordeStageGS4216
DEBUG:Adding: <entity name="DoughsR14_zombieSoldier" prob="1"/>
DEBUG:Adding: <entity name="DoughsR20_zombieSoldierRadiated" prob="0.66"/>
DEBUG:Adding: <entity name="DoughsR25_zombieBiker"/>
DEBUG:Adding: <entity name="DoughsR34_zombieMarleneRadiated" prob="0.66"/>
DEBUG:Adding: <entity name="DoughsR44_zombieBusinessMan"/>
DEBUG:Adding: <entity name="DoughsR57_zombieSpiderFeral" prob="0.6"/>
DEBUG:Adding: <entity name="DoughsR59_zombieArleneFeral" prob="0.7"/>
DEBUG:Adding: <entity name="DoughsR71_zombieNurseFeral" prob="0.7"/>
DEBUG:Adding: <entity name="DoughsR7_zombieWightFeral" prob="0.5"/>
DEBUG:Adding: <entity name="DoughsR8_zombieArleneRadiated" prob="0.66"/>
DEBUG:Adding: <entity name="DoughsR98_animalZombieDog"/>
DEBUG:ModletGen_AddZedsToEntityGroupsFile ENTITY GROUP: scoutHordeStageGS4240
DEBUG:Adding: <entity name="DoughsR12_zombieJoeFeral" prob="0.7"/>
DEBUG:Adding: <entity name="DoughsR26_zombieFatHawaiian" prob="0.7"/>
DEBUG:Adding: <entity name="DoughsR28_zombieMarlene"/>
DEBUG:Adding: <entity name="DoughsR30_zombieFatHawaiianFeral" prob="0.6"/>
DEBUG:Adding: <entity name="DoughsR31_zombieArlene"/>
DEBUG:Adding: <entity name="DoughsR50_zombieBoeRadiated" prob="0.66"/>
DEBUG:Adding: <entity name="DoughsR54_zombieFemaleFatRadiated" prob="0.6"/>
DEBUG:Adding: <entity name="DoughsR61_zombieSkateboarder"/>
DEBUG:Adding: <entity name="DoughsR68_zombieScreamer" prob="0.5"/>
DEBUG:Adding: <entity name="DoughsR81_zombieSteveRadiated" prob="0.66"/>
DEBUG:Adding: <entity name="DoughsR86_zombieBikerRadiated" prob="0.6"/>
DEBUG:ModletGen_AddZedsToEntityGroupsFile ENTITY GROUP: scoutHordeStageGS4265
DEBUG:Adding: <entity name="DoughsR16_zombieFemaleFat"/>
DEBUG:Adding: <entity name="DoughsR24_zombieNurse"/>
DEBUG:Adding: <entity name="DoughsR27_zombieFatCop" prob="0.7"/>
DEBUG:Adding: <entity name="DoughsR29_zombieBoe"/>
DEBUG:Adding: <entity name="DoughsR34_zombieMarleneRadiated" prob="0.66"/>
DEBUG:Adding: <entity name="DoughsR46_zombieFootballPlayer"/>
DEBUG:Adding: <entity name="DoughsR50_zombieBoeRadiated" prob="0.66"/>
DEBUG:Adding: <entity name="DoughsR54_zombieFemaleFatRadiated" prob="0.6"/>
DEBUG:Adding: <entity name="DoughsR58_zombieJanitorRadiated" prob="0.66"/>
DEBUG:Adding: <entity name="DoughsR79_zombieYoFeral" prob="0.7"/>
DEBUG:Adding: <entity name="DoughsR98_animalZombieDog"/>
DEBUG:ModletGen_AddZedsToEntityGroupsFile ENTITY GROUP: scoutHordeStageGS4289
DEBUG:Adding: <entity name="DoughsR27_zombieFatCop" prob="0.7"/>
DEBUG:Adding: <entity name="DoughsR30_zombieFatHawaiianFeral" prob="0.6"/>
DEBUG:Adding: <entity name="DoughsR35_zombieJoe"/>
DEBUG:Adding: <entity name="DoughsR37_zombieMarleneFeral" prob="0.7"/>
DEBUG:Adding: <entity name="DoughsR3_zombieFatCopRadiated" prob="0.5"/>
DEBUG:Adding: <entity name="DoughsR53_zombieJanitorFeral" prob="0.7"/>
DEBUG:Adding: <entity name="DoughsR65_zombieJanitor"/>
DEBUG:Adding: <entity name="DoughsR68_zombieScreamer" prob="0.5"/>
DEBUG:Adding: <entity name="DoughsR74_zombieMoeFeral" prob="0.7"/>
DEBUG:Adding: <entity name="DoughsR79_zombieYoFeral" prob="0.7"/>
DEBUG:Adding: <entity name="DoughsR81_zombieSteveRadiated" prob="0.66"/>
DEBUG:ModletGen_AddZedsToEntityGroupsFile ENTITY GROUP: scoutHordeStageGS430
DEBUG:Adding: <entity name="DoughsR19_zombieScreamerFeral" prob="0.4"/>
DEBUG:Adding: <entity name="DoughsR20_zombieSoldierRadiated" prob="0.66"/>
DEBUG:Adding: <entity name="DoughsR3_zombieFatCopRadiated" prob="0.5"/>
DEBUG:Adding: <entity name="DoughsR42_zombieMaleHazmat"/>
DEBUG:Adding: <entity name="DoughsR46_zombieFootballPlayer"/>
DEBUG:Adding: <entity name="DoughsR51_zombieDarleneFeral" prob="0.7"/>
DEBUG:Adding: <entity name="DoughsR53_zombieJanitorFeral" prob="0.7"/>
DEBUG:Adding: <entity name="DoughsR57_zombieSpiderFeral" prob="0.6"/>
DEBUG:Adding: <entity name="DoughsR64_zombieCheerleader"/>
DEBUG:Adding: <entity name="DoughsR7_zombieWightFeral" prob="0.5"/>
DEBUG:Adding: <entity name="DoughsR8_zombieArleneRadiated" prob="0.66"/>
DEBUG:ModletGen_AddZedsToEntityGroupsFile ENTITY GROUP: scoutHordeStageGS4313
DEBUG:Adding: <entity name="DoughsR12_zombieJoeFeral" prob="0.7"/>
DEBUG:Adding: <entity name="DoughsR14_zombieSoldier" prob="1"/>
DEBUG:Adding: <entity name="DoughsR19_zombieScreamerFeral" prob="0.4"/>
DEBUG:Adding: <entity name="DoughsR35_zombieJoe"/>
DEBUG:Adding: <entity name="DoughsR41_zombieYo"/>
DEBUG:Adding: <entity name="DoughsR48_zombieCheerleaderRadiated" prob="0.66"/>
DEBUG:Adding: <entity name="DoughsR51_zombieDarleneFeral" prob="0.7"/>
DEBUG:Adding: <entity name="DoughsR61_zombieSkateboarder"/>
DEBUG:Adding: <entity name="DoughsR66_zombieDarleneRadiated" prob="0.66"/>
DEBUG:Adding: <entity name="DoughsR69_zombieOldTimerRadiated" prob="0.66"/>
DEBUG:Adding: <entity name="DoughsR88_animalZombieVulture" prob="0.3"/>
DEBUG:ModletGen_AddZedsToEntityGroupsFile ENTITY GROUP: scoutHordeStageGS4338
DEBUG:Adding: <entity name="DoughsR16_zombieFemaleFat"/>
DEBUG:Adding: <entity name="DoughsR21_zombieSpiderRadiated" prob="0.5"/>
DEBUG:Adding: <entity name="DoughsR29_zombieBoe"/>
DEBUG:Adding: <entity name="DoughsR44_zombieBusinessMan"/>
DEBUG:Adding: <entity name="DoughsR48_zombieCheerleaderRadiated" prob="0.66"/>
DEBUG:Adding: <entity name="DoughsR51_zombieDarleneFeral" prob="0.7"/>
DEBUG:Adding: <entity name="DoughsR59_zombieArleneFeral" prob="0.7"/>
DEBUG:Adding: <entity name="DoughsR62_zombieDarlene"/>
DEBUG:Adding: <entity name="DoughsR69_zombieOldTimerRadiated" prob="0.66"/>
DEBUG:Adding: <entity name="DoughsR81_zombieSteveRadiated" prob="0.66"/>
DEBUG:Adding: <entity name="DoughsR88_animalZombieVulture" prob="0.3"/>
DEBUG:ModletGen_AddZedsToEntityGroupsFile ENTITY GROUP: scoutHordeStageGS4362
DEBUG:Adding: <entity name="DoughsR11_zombieBoeFeral" prob="0.7"/>
DEBUG:Adding: <entity name="DoughsR19_zombieScreamerFeral" prob="0.4"/>
DEBUG:Adding: <entity name="DoughsR25_zombieBiker"/>
DEBUG:Adding: <entity name="DoughsR26_zombieFatHawaiian" prob="0.7"/>
DEBUG:Adding: <entity name="DoughsR29_zombieBoe"/>
DEBUG:Adding: <entity name="DoughsR44_zombieBusinessMan"/>
DEBUG:Adding: <entity name="DoughsR49_zombieMoe"/>
DEBUG:Adding: <entity name="DoughsR53_zombieJanitorFeral" prob="0.7"/>
DEBUG:Adding: <entity name="DoughsR58_zombieJanitorRadiated" prob="0.66"/>
DEBUG:Adding: <entity name="DoughsR66_zombieDarleneRadiated" prob="0.66"/>
DEBUG:Adding: <entity name="DoughsR81_zombieSteveRadiated" prob="0.66"/>
DEBUG:ModletGen_AddZedsToEntityGroupsFile ENTITY GROUP: scoutHordeStageGS4387
DEBUG:Adding: <entity name="DoughsR37_zombieMarleneFeral" prob="0.7"/>
DEBUG:Adding: <entity name="DoughsR39_zombieSkateboarderFeral" prob="0.7"/>
DEBUG:Adding: <entity name="DoughsR44_zombieBusinessMan"/>
DEBUG:Adding: <entity name="DoughsR55_zombieJoeRadiated" prob="0.66"/>
DEBUG:Adding: <entity name="DoughsR56_zombieUtilityWorker"/>
DEBUG:Adding: <entity name="DoughsR63_zombieFatCopFeral" prob="0.5"/>
DEBUG:Adding: <entity name="DoughsR66_zombieDarleneRadiated" prob="0.66"/>
DEBUG:Adding: <entity name="DoughsR71_zombieNurseFeral" prob="0.7"/>
DEBUG:Adding: <entity name="DoughsR75_zombieSkateboarderRadiated" prob="0.66"/>
DEBUG:Adding: <entity name="DoughsR78_zombieSteveFeral" prob="0.7"/>
DEBUG:Adding: <entity name="DoughsR81_zombieSteveRadiated" prob="0.66"/>
DEBUG:ModletGen_AddZedsToEntityGroupsFile ENTITY GROUP: scoutHordeStageGS441
DEBUG:Adding: <entity name="DoughsR11_zombieBoeFeral" prob="0.7"/>
DEBUG:Adding: <entity name="DoughsR14_zombieSoldier" prob="1"/>
DEBUG:Adding: <entity name="DoughsR25_zombieBiker"/>
DEBUG:Adding: <entity name="DoughsR27_zombieFatCop" prob="0.7"/>
DEBUG:Adding: <entity name="DoughsR36_zombieYoRadiated" prob="0.66"/>
DEBUG:Adding: <entity name="DoughsR49_zombieMoe"/>
DEBUG:Adding: <entity name="DoughsR57_zombieSpiderFeral" prob="0.6"/>
DEBUG:Adding: <entity name="DoughsR58_zombieJanitorRadiated" prob="0.66"/>
DEBUG:Adding: <entity name="DoughsR68_zombieScreamer" prob="0.5"/>
DEBUG:Adding: <entity name="DoughsR69_zombieOldTimerRadiated" prob="0.66"/>
DEBUG:Adding: <entity name="DoughsR86_zombieBikerRadiated" prob="0.6"/>
DEBUG:ModletGen_AddZedsToEntityGroupsFile ENTITY GROUP: scoutHordeStageGS4411
DEBUG:Adding: <entity name="DoughsR10_zombieFemaleFatFeral" prob="0.6"/>
DEBUG:Adding: <entity name="DoughsR11_zombieBoeFeral" prob="0.7"/>
DEBUG:Adding: <entity name="DoughsR29_zombieBoe"/>
DEBUG:Adding: <entity name="DoughsR30_zombieFatHawaiianFeral" prob="0.6"/>
DEBUG:Adding: <entity name="DoughsR34_zombieMarleneRadiated" prob="0.66"/>
DEBUG:Adding: <entity name="DoughsR36_zombieYoRadiated" prob="0.66"/>
DEBUG:Adding: <entity name="DoughsR45_zombieSpider" prob="0.7"/>
DEBUG:Adding: <entity name="DoughsR50_zombieBoeRadiated" prob="0.66"/>
DEBUG:Adding: <entity name="DoughsR51_zombieDarleneFeral" prob="0.7"/>
DEBUG:Adding: <entity name="DoughsR61_zombieSkateboarder"/>
DEBUG:Adding: <entity name="DoughsR88_animalZombieVulture" prob="0.3"/>
DEBUG:ModletGen_AddZedsToEntityGroupsFile ENTITY GROUP: scoutHordeStageGS4436
DEBUG:Adding: <entity name="DoughsR12_zombieJoeFeral" prob="0.7"/>
DEBUG:Adding: <entity name="DoughsR14_zombieSoldier" prob="1"/>
DEBUG:Adding: <entity name="DoughsR25_zombieBiker"/>
DEBUG:Adding: <entity name="DoughsR34_zombieMarleneRadiated" prob="0.66"/>
DEBUG:Adding: <entity name="DoughsR36_zombieYoRadiated" prob="0.66"/>
DEBUG:Adding: <entity name="DoughsR45_zombieSpider" prob="0.7"/>
DEBUG:Adding: <entity name="DoughsR49_zombieMoe"/>
DEBUG:Adding: <entity name="DoughsR56_zombieUtilityWorker"/>
DEBUG:Adding: <entity name="DoughsR65_zombieJanitor"/>
DEBUG:Adding: <entity name="DoughsR88_animalZombieVulture" prob="0.3"/>
DEBUG:Adding: <entity name="DoughsR8_zombieArleneRadiated" prob="0.66"/>
DEBUG:ModletGen_AddZedsToEntityGroupsFile ENTITY GROUP: scoutHordeStageGS4461
DEBUG:Adding: <entity name="DoughsR20_zombieSoldierRadiated" prob="0.66"/>
DEBUG:Adding: <entity name="DoughsR26_zombieFatHawaiian" prob="0.7"/>
DEBUG:Adding: <entity name="DoughsR44_zombieBusinessMan"/>
DEBUG:Adding: <entity name="DoughsR48_zombieCheerleaderRadiated" prob="0.66"/>
DEBUG:Adding: <entity name="DoughsR49_zombieMoe"/>
DEBUG:Adding: <entity name="DoughsR55_zombieJoeRadiated" prob="0.66"/>
DEBUG:Adding: <entity name="DoughsR56_zombieUtilityWorker"/>
DEBUG:Adding: <entity name="DoughsR62_zombieDarlene"/>
DEBUG:Adding: <entity name="DoughsR69_zombieOldTimerRadiated" prob="0.66"/>
DEBUG:Adding: <entity name="DoughsR75_zombieSkateboarderRadiated" prob="0.66"/>
DEBUG:Adding: <entity name="DoughsR8_zombieArleneRadiated" prob="0.66"/>
DEBUG:ModletGen_AddZedsToEntityGroupsFile ENTITY GROUP: scoutHordeStageGS4485
DEBUG:Adding: <entity name="DoughsR12_zombieJoeFeral" prob="0.7"/>
DEBUG:Adding: <entity name="DoughsR26_zombieFatHawaiian" prob="0.7"/>
DEBUG:Adding: <entity name="DoughsR28_zombieMarlene"/>
DEBUG:Adding: <entity name="DoughsR36_zombieYoRadiated" prob="0.66"/>
DEBUG:Adding: <entity name="DoughsR37_zombieMarleneFeral" prob="0.7"/>
DEBUG:Adding: <entity name="DoughsR48_zombieCheerleaderRadiated" prob="0.66"/>
DEBUG:Adding: <entity name="DoughsR55_zombieJoeRadiated" prob="0.66"/>
DEBUG:Adding: <entity name="DoughsR56_zombieUtilityWorker"/>
DEBUG:Adding: <entity name="DoughsR57_zombieSpiderFeral" prob="0.6"/>
DEBUG:Adding: <entity name="DoughsR59_zombieArleneFeral" prob="0.7"/>
DEBUG:Adding: <entity name="DoughsR62_zombieDarlene"/>
DEBUG:ModletGen_AddZedsToEntityGroupsFile ENTITY GROUP: scoutHordeStageGS4510
DEBUG:Adding: <entity name="DoughsR10_zombieFemaleFatFeral" prob="0.6"/>
DEBUG:Adding: <entity name="DoughsR24_zombieNurse"/>
DEBUG:Adding: <entity name="DoughsR2_zombieBusinessManFeral" prob="0.7"/>
DEBUG:Adding: <entity name="DoughsR36_zombieYoRadiated" prob="0.66"/>
DEBUG:Adding: <entity name="DoughsR3_zombieFatCopRadiated" prob="0.5"/>
DEBUG:Adding: <entity name="DoughsR42_zombieMaleHazmat"/>
DEBUG:Adding: <entity name="DoughsR45_zombieSpider" prob="0.7"/>
DEBUG:Adding: <entity name="DoughsR55_zombieJoeRadiated" prob="0.66"/>
DEBUG:Adding: <entity name="DoughsR58_zombieJanitorRadiated" prob="0.66"/>
DEBUG:Adding: <entity name="DoughsR71_zombieNurseFeral" prob="0.7"/>
DEBUG:Adding: <entity name="DoughsR88_animalZombieVulture" prob="0.3"/>
DEBUG:ModletGen_AddZedsToEntityGroupsFile ENTITY GROUP: scoutHordeStageGS453
DEBUG:Adding: <entity name="DoughsR12_zombieJoeFeral" prob="0.7"/>
DEBUG:Adding: <entity name="DoughsR14_zombieSoldier" prob="1"/>
DEBUG:Adding: <entity name="DoughsR19_zombieScreamerFeral" prob="0.4"/>
DEBUG:Adding: <entity name="DoughsR44_zombieBusinessMan"/>
DEBUG:Adding: <entity name="DoughsR49_zombieMoe"/>
DEBUG:Adding: <entity name="DoughsR51_zombieDarleneFeral" prob="0.7"/>
DEBUG:Adding: <entity name="DoughsR56_zombieUtilityWorker"/>
DEBUG:Adding: <entity name="DoughsR59_zombieArleneFeral" prob="0.7"/>
DEBUG:Adding: <entity name="DoughsR81_zombieSteveRadiated" prob="0.66"/>
DEBUG:Adding: <entity name="DoughsR86_zombieBikerRadiated" prob="0.6"/>
DEBUG:Adding: <entity name="DoughsR8_zombieArleneRadiated" prob="0.66"/>
DEBUG:ModletGen_AddZedsToEntityGroupsFile ENTITY GROUP: scoutHordeStageGS4535
DEBUG:Adding: <entity name="DoughsR19_zombieScreamerFeral" prob="0.4"/>
DEBUG:Adding: <entity name="DoughsR21_zombieSpiderRadiated" prob="0.5"/>
DEBUG:Adding: <entity name="DoughsR27_zombieFatCop" prob="0.7"/>
DEBUG:Adding: <entity name="DoughsR30_zombieFatHawaiianFeral" prob="0.6"/>
DEBUG:Adding: <entity name="DoughsR44_zombieBusinessMan"/>
DEBUG:Adding: <entity name="DoughsR50_zombieBoeRadiated" prob="0.66"/>
DEBUG:Adding: <entity name="DoughsR54_zombieFemaleFatRadiated" prob="0.6"/>
DEBUG:Adding: <entity name="DoughsR59_zombieArleneFeral" prob="0.7"/>
DEBUG:Adding: <entity name="DoughsR62_zombieDarlene"/>
DEBUG:Adding: <entity name="DoughsR88_animalZombieVulture" prob="0.3"/>
DEBUG:Adding: <entity name="DoughsR98_animalZombieDog"/>
DEBUG:ModletGen_AddZedsToEntityGroupsFile ENTITY GROUP: scoutHordeStageGS4560
DEBUG:Adding: <entity name="DoughsR12_zombieJoeFeral" prob="0.7"/>
DEBUG:Adding: <entity name="DoughsR13_zombieSteve"/>
DEBUG:Adding: <entity name="DoughsR24_zombieNurse"/>
DEBUG:Adding: <entity name="DoughsR39_zombieSkateboarderFeral" prob="0.7"/>
DEBUG:Adding: <entity name="DoughsR46_zombieFootballPlayer"/>
DEBUG:Adding: <entity name="DoughsR54_zombieFemaleFatRadiated" prob="0.6"/>
DEBUG:Adding: <entity name="DoughsR63_zombieFatCopFeral" prob="0.5"/>
DEBUG:Adding: <entity name="DoughsR66_zombieDarleneRadiated" prob="0.66"/>
DEBUG:Adding: <entity name="DoughsR74_zombieMoeFeral" prob="0.7"/>
DEBUG:Adding: <entity name="DoughsR75_zombieSkateboarderRadiated" prob="0.66"/>
DEBUG:Adding: <entity name="DoughsR7_zombieWightFeral" prob="0.5"/>
DEBUG:ModletGen_AddZedsToEntityGroupsFile ENTITY GROUP: scoutHordeStageGS4585
DEBUG:Adding: <entity name="DoughsR12_zombieJoeFeral" prob="0.7"/>
DEBUG:Adding: <entity name="DoughsR16_zombieFemaleFat"/>
DEBUG:Adding: <entity name="DoughsR39_zombieSkateboarderFeral" prob="0.7"/>
DEBUG:Adding: <entity name="DoughsR3_zombieFatCopRadiated" prob="0.5"/>
DEBUG:Adding: <entity name="DoughsR53_zombieJanitorFeral" prob="0.7"/>
DEBUG:Adding: <entity name="DoughsR54_zombieFemaleFatRadiated" prob="0.6"/>
DEBUG:Adding: <entity name="DoughsR55_zombieJoeRadiated" prob="0.66"/>
DEBUG:Adding: <entity name="DoughsR57_zombieSpiderFeral" prob="0.6"/>
DEBUG:Adding: <entity name="DoughsR64_zombieCheerleader"/>
DEBUG:Adding: <entity name="DoughsR68_zombieScreamer" prob="0.5"/>
DEBUG:Adding: <entity name="DoughsR81_zombieSteveRadiated" prob="0.66"/>
DEBUG:ModletGen_AddZedsToEntityGroupsFile ENTITY GROUP: scoutHordeStageGS46
DEBUG:Adding: <entity name="DoughsR24_zombieNurse"/>
DEBUG:Adding: <entity name="DoughsR26_zombieFatHawaiian" prob="0.21"/>
DEBUG:Adding: <entity name="DoughsR29_zombieBoe"/>
DEBUG:Adding: <entity name="DoughsR31_zombieArlene"/>
DEBUG:Adding: <entity name="DoughsR42_zombieMaleHazmat"/>
DEBUG:Adding: <entity name="DoughsR45_zombieSpider" prob="0.24"/>
DEBUG:Adding: <entity name="DoughsR49_zombieMoe"/>
DEBUG:Adding: <entity name="DoughsR56_zombieUtilityWorker"/>
DEBUG:Adding: <entity name="DoughsR65_zombieJanitor"/>
DEBUG:Adding: <entity name="DoughsR88_animalZombieVulture" prob="0.14"/>
DEBUG:Adding: <entity name="DoughsR98_animalZombieDog"/>
DEBUG:ModletGen_AddZedsToEntityGroupsFile ENTITY GROUP: scoutHordeStageGS4610
DEBUG:Adding: <entity name="DoughsR14_zombieSoldier" prob="1"/>
DEBUG:Adding: <entity name="DoughsR16_zombieFemaleFat"/>
DEBUG:Adding: <entity name="DoughsR24_zombieNurse"/>
DEBUG:Adding: <entity name="DoughsR3_zombieFatCopRadiated" prob="0.5"/>
DEBUG:Adding: <entity name="DoughsR48_zombieCheerleaderRadiated" prob="0.66"/>
DEBUG:Adding: <entity name="DoughsR51_zombieDarleneFeral" prob="0.7"/>
DEBUG:Adding: <entity name="DoughsR57_zombieSpiderFeral" prob="0.6"/>
DEBUG:Adding: <entity name="DoughsR59_zombieArleneFeral" prob="0.7"/>
DEBUG:Adding: <entity name="DoughsR69_zombieOldTimerRadiated" prob="0.66"/>
DEBUG:Adding: <entity name="DoughsR79_zombieYoFeral" prob="0.7"/>
DEBUG:Adding: <entity name="DoughsR8_zombieArleneRadiated" prob="0.66"/>
DEBUG:ModletGen_AddZedsToEntityGroupsFile ENTITY GROUP: scoutHordeStageGS4635
DEBUG:Adding: <entity name="DoughsR11_zombieBoeFeral" prob="0.7"/>
DEBUG:Adding: <entity name="DoughsR14_zombieSoldier" prob="1"/>
DEBUG:Adding: <entity name="DoughsR28_zombieMarlene"/>
DEBUG:Adding: <entity name="DoughsR36_zombieYoRadiated" prob="0.66"/>
DEBUG:Adding: <entity name="DoughsR37_zombieMarleneFeral" prob="0.7"/>
DEBUG:Adding: <entity name="DoughsR42_zombieMaleHazmat"/>
DEBUG:Adding: <entity name="DoughsR46_zombieFootballPlayer"/>
DEBUG:Adding: <entity name="DoughsR61_zombieSkateboarder"/>
DEBUG:Adding: <entity name="DoughsR63_zombieFatCopFeral" prob="0.5"/>
DEBUG:Adding: <entity name="DoughsR75_zombieSkateboarderRadiated" prob="0.66"/>
DEBUG:Adding: <entity name="DoughsR8_zombieArleneRadiated" prob="0.66"/>
DEBUG:ModletGen_AddZedsToEntityGroupsFile ENTITY GROUP: scoutHordeStageGS464
DEBUG:Adding: <entity name="DoughsR16_zombieFemaleFat"/>
DEBUG:Adding: <entity name="DoughsR21_zombieSpiderRadiated" prob="0.5"/>
DEBUG:Adding: <entity name="DoughsR26_zombieFatHawaiian" prob="0.7"/>
DEBUG:Adding: <entity name="DoughsR2_zombieBusinessManFeral" prob="0.7"/>
DEBUG:Adding: <entity name="DoughsR34_zombieMarleneRadiated" prob="0.66"/>
DEBUG:Adding: <entity name="DoughsR36_zombieYoRadiated" prob="0.66"/>
DEBUG:Adding: <entity name="DoughsR39_zombieSkateboarderFeral" prob="0.7"/>
DEBUG:Adding: <entity name="DoughsR44_zombieBusinessMan"/>
DEBUG:Adding: <entity name="DoughsR68_zombieScreamer" prob="0.5"/>
DEBUG:Adding: <entity name="DoughsR71_zombieNurseFeral" prob="0.7"/>
DEBUG:Adding: <entity name="DoughsR74_zombieMoeFeral" prob="0.7"/>
DEBUG:ModletGen_AddZedsToEntityGroupsFile ENTITY GROUP: scoutHordeStageGS4660
DEBUG:Adding: <entity name="DoughsR16_zombieFemaleFat"/>
DEBUG:Adding: <entity name="DoughsR19_zombieScreamerFeral" prob="0.4"/>
DEBUG:Adding: <entity name="DoughsR20_zombieSoldierRadiated" prob="0.66"/>
DEBUG:Adding: <entity name="DoughsR36_zombieYoRadiated" prob="0.66"/>
DEBUG:Adding: <entity name="DoughsR37_zombieMarleneFeral" prob="0.7"/>
DEBUG:Adding: <entity name="DoughsR42_zombieMaleHazmat"/>
DEBUG:Adding: <entity name="DoughsR46_zombieFootballPlayer"/>
DEBUG:Adding: <entity name="DoughsR50_zombieBoeRadiated" prob="0.66"/>
DEBUG:Adding: <entity name="DoughsR68_zombieScreamer" prob="0.5"/>
DEBUG:Adding: <entity name="DoughsR74_zombieMoeFeral" prob="0.7"/>
DEBUG:Adding: <entity name="DoughsR88_animalZombieVulture" prob="0.3"/>
DEBUG:ModletGen_AddZedsToEntityGroupsFile ENTITY GROUP: scoutHordeStageGS4685
DEBUG:Adding: <entity name="DoughsR20_zombieSoldierRadiated" prob="0.66"/>
DEBUG:Adding: <entity name="DoughsR25_zombieBiker"/>
DEBUG:Adding: <entity name="DoughsR34_zombieMarleneRadiated" prob="0.66"/>
DEBUG:Adding: <entity name="DoughsR36_zombieYoRadiated" prob="0.66"/>
DEBUG:Adding: <entity name="DoughsR55_zombieJoeRadiated" prob="0.66"/>
DEBUG:Adding: <entity name="DoughsR58_zombieJanitorRadiated" prob="0.66"/>
DEBUG:Adding: <entity name="DoughsR59_zombieArleneFeral" prob="0.7"/>
DEBUG:Adding: <entity name="DoughsR78_zombieSteveFeral" prob="0.7"/>
DEBUG:Adding: <entity name="DoughsR7_zombieWightFeral" prob="0.5"/>
DEBUG:Adding: <entity name="DoughsR81_zombieSteveRadiated" prob="0.66"/>
DEBUG:Adding: <entity name="DoughsR98_animalZombieDog"/>
DEBUG:ModletGen_AddZedsToEntityGroupsFile ENTITY GROUP: scoutHordeStageGS4710
DEBUG:Adding: <entity name="DoughsR20_zombieSoldierRadiated" prob="0.66"/>
DEBUG:Adding: <entity name="DoughsR24_zombieNurse"/>
DEBUG:Adding: <entity name="DoughsR25_zombieBiker"/>
DEBUG:Adding: <entity name="DoughsR2_zombieBusinessManFeral" prob="0.7"/>
DEBUG:Adding: <entity name="DoughsR44_zombieBusinessMan"/>
DEBUG:Adding: <entity name="DoughsR63_zombieFatCopFeral" prob="0.5"/>
DEBUG:Adding: <entity name="DoughsR65_zombieJanitor"/>
DEBUG:Adding: <entity name="DoughsR75_zombieSkateboarderRadiated" prob="0.66"/>
DEBUG:Adding: <entity name="DoughsR78_zombieSteveFeral" prob="0.7"/>
DEBUG:Adding: <entity name="DoughsR86_zombieBikerRadiated" prob="0.6"/>
DEBUG:Adding: <entity name="DoughsR98_animalZombieDog"/>
DEBUG:ModletGen_AddZedsToEntityGroupsFile ENTITY GROUP: scoutHordeStageGS4735
DEBUG:Adding: <entity name="DoughsR10_zombieFemaleFatFeral" prob="0.6"/>
DEBUG:Adding: <entity name="DoughsR16_zombieFemaleFat"/>
DEBUG:Adding: <entity name="DoughsR42_zombieMaleHazmat"/>
DEBUG:Adding: <entity name="DoughsR44_zombieBusinessMan"/>
DEBUG:Adding: <entity name="DoughsR45_zombieSpider" prob="0.7"/>
DEBUG:Adding: <entity name="DoughsR53_zombieJanitorFeral" prob="0.7"/>
DEBUG:Adding: <entity name="DoughsR55_zombieJoeRadiated" prob="0.66"/>
DEBUG:Adding: <entity name="DoughsR65_zombieJanitor"/>
DEBUG:Adding: <entity name="DoughsR66_zombieDarleneRadiated" prob="0.66"/>
DEBUG:Adding: <entity name="DoughsR74_zombieMoeFeral" prob="0.7"/>
DEBUG:Adding: <entity name="DoughsR86_zombieBikerRadiated" prob="0.6"/>
DEBUG:ModletGen_AddZedsToEntityGroupsFile ENTITY GROUP: scoutHordeStageGS476
DEBUG:Adding: <entity name="DoughsR14_zombieSoldier" prob="1"/>
DEBUG:Adding: <entity name="DoughsR19_zombieScreamerFeral" prob="0.4"/>
DEBUG:Adding: <entity name="DoughsR30_zombieFatHawaiianFeral" prob="0.6"/>
DEBUG:Adding: <entity name="DoughsR35_zombieJoe"/>
DEBUG:Adding: <entity name="DoughsR41_zombieYo"/>
DEBUG:Adding: <entity name="DoughsR42_zombieMaleHazmat"/>
DEBUG:Adding: <entity name="DoughsR51_zombieDarleneFeral" prob="0.7"/>
DEBUG:Adding: <entity name="DoughsR65_zombieJanitor"/>
DEBUG:Adding: <entity name="DoughsR79_zombieYoFeral" prob="0.7"/>
DEBUG:Adding: <entity name="DoughsR88_animalZombieVulture" prob="0.3"/>
DEBUG:Adding: <entity name="DoughsR8_zombieArleneRadiated" prob="0.66"/>
DEBUG:ModletGen_AddZedsToEntityGroupsFile ENTITY GROUP: scoutHordeStageGS4760
DEBUG:Adding: <entity name="DoughsR37_zombieMarleneFeral" prob="0.7"/>
DEBUG:Adding: <entity name="DoughsR39_zombieSkateboarderFeral" prob="0.7"/>
DEBUG:Adding: <entity name="DoughsR3_zombieFatCopRadiated" prob="0.5"/>
DEBUG:Adding: <entity name="DoughsR42_zombieMaleHazmat"/>
DEBUG:Adding: <entity name="DoughsR45_zombieSpider" prob="0.7"/>
DEBUG:Adding: <entity name="DoughsR46_zombieFootballPlayer"/>
DEBUG:Adding: <entity name="DoughsR58_zombieJanitorRadiated" prob="0.66"/>
DEBUG:Adding: <entity name="DoughsR66_zombieDarleneRadiated" prob="0.66"/>
DEBUG:Adding: <entity name="DoughsR68_zombieScreamer" prob="0.5"/>
DEBUG:Adding: <entity name="DoughsR74_zombieMoeFeral" prob="0.7"/>
DEBUG:Adding: <entity name="DoughsR79_zombieYoFeral" prob="0.7"/>
DEBUG:ModletGen_AddZedsToEntityGroupsFile ENTITY GROUP: scoutHordeStageGS4786
DEBUG:Adding: <entity name="DoughsR20_zombieSoldierRadiated" prob="0.66"/>
DEBUG:Adding: <entity name="DoughsR2_zombieBusinessManFeral" prob="0.7"/>
DEBUG:Adding: <entity name="DoughsR32_zombieMoeRadiated" prob="0.66"/>
DEBUG:Adding: <entity name="DoughsR35_zombieJoe"/>
DEBUG:Adding: <entity name="DoughsR42_zombieMaleHazmat"/>
DEBUG:Adding: <entity name="DoughsR45_zombieSpider" prob="0.7"/>
DEBUG:Adding: <entity name="DoughsR46_zombieFootballPlayer"/>
DEBUG:Adding: <entity name="DoughsR54_zombieFemaleFatRadiated" prob="0.6"/>
DEBUG:Adding: <entity name="DoughsR61_zombieSkateboarder"/>
DEBUG:Adding: <entity name="DoughsR71_zombieNurseFeral" prob="0.7"/>
DEBUG:Adding: <entity name="DoughsR88_animalZombieVulture" prob="0.3"/>
DEBUG:ModletGen_AddZedsToEntityGroupsFile ENTITY GROUP: scoutHordeStageGS4811
DEBUG:Adding: <entity name="DoughsR13_zombieSteve"/>
DEBUG:Adding: <entity name="DoughsR20_zombieSoldierRadiated" prob="0.66"/>
DEBUG:Adding: <entity name="DoughsR26_zombieFatHawaiian" prob="0.7"/>
DEBUG:Adding: <entity name="DoughsR30_zombieFatHawaiianFeral" prob="0.6"/>
DEBUG:Adding: <entity name="DoughsR32_zombieMoeRadiated" prob="0.66"/>
DEBUG:Adding: <entity name="DoughsR37_zombieMarleneFeral" prob="0.7"/>
DEBUG:Adding: <entity name="DoughsR53_zombieJanitorFeral" prob="0.7"/>
DEBUG:Adding: <entity name="DoughsR58_zombieJanitorRadiated" prob="0.66"/>
DEBUG:Adding: <entity name="DoughsR61_zombieSkateboarder"/>
DEBUG:Adding: <entity name="DoughsR7_zombieWightFeral" prob="0.5"/>
DEBUG:Adding: <entity name="DoughsR81_zombieSteveRadiated" prob="0.66"/>
DEBUG:ModletGen_AddZedsToEntityGroupsFile ENTITY GROUP: scoutHordeStageGS4836
DEBUG:Adding: <entity name="DoughsR10_zombieFemaleFatFeral" prob="0.6"/>
DEBUG:Adding: <entity name="DoughsR11_zombieBoeFeral" prob="0.7"/>
DEBUG:Adding: <entity name="DoughsR13_zombieSteve"/>
DEBUG:Adding: <entity name="DoughsR14_zombieSoldier" prob="1"/>
DEBUG:Adding: <entity name="DoughsR20_zombieSoldierRadiated" prob="0.66"/>
DEBUG:Adding: <entity name="DoughsR21_zombieSpiderRadiated" prob="0.5"/>
DEBUG:Adding: <entity name="DoughsR27_zombieFatCop" prob="0.7"/>
DEBUG:Adding: <entity name="DoughsR30_zombieFatHawaiianFeral" prob="0.6"/>
DEBUG:Adding: <entity name="DoughsR44_zombieBusinessMan"/>
DEBUG:Adding: <entity name="DoughsR53_zombieJanitorFeral" prob="0.7"/>
DEBUG:Adding: <entity name="DoughsR98_animalZombieDog"/>
DEBUG:ModletGen_AddZedsToEntityGroupsFile ENTITY GROUP: scoutHordeStageGS4862
DEBUG:Adding: <entity name="DoughsR11_zombieBoeFeral" prob="0.7"/>
DEBUG:Adding: <entity name="DoughsR16_zombieFemaleFat"/>
DEBUG:Adding: <entity name="DoughsR19_zombieScreamerFeral" prob="0.4"/>
DEBUG:Adding: <entity name="DoughsR26_zombieFatHawaiian" prob="0.7"/>
DEBUG:Adding: <entity name="DoughsR30_zombieFatHawaiianFeral" prob="0.6"/>
DEBUG:Adding: <entity name="DoughsR42_zombieMaleHazmat"/>
DEBUG:Adding: <entity name="DoughsR45_zombieSpider" prob="0.7"/>
DEBUG:Adding: <entity name="DoughsR54_zombieFemaleFatRadiated" prob="0.6"/>
DEBUG:Adding: <entity name="DoughsR69_zombieOldTimerRadiated" prob="0.66"/>
DEBUG:Adding: <entity name="DoughsR78_zombieSteveFeral" prob="0.7"/>
DEBUG:Adding: <entity name="DoughsR79_zombieYoFeral" prob="0.7"/>
DEBUG:ModletGen_AddZedsToEntityGroupsFile ENTITY GROUP: scoutHordeStageGS488
DEBUG:Adding: <entity name="DoughsR16_zombieFemaleFat"/>
DEBUG:Adding: <entity name="DoughsR20_zombieSoldierRadiated" prob="0.66"/>
DEBUG:Adding: <entity name="DoughsR21_zombieSpiderRadiated" prob="0.5"/>
DEBUG:Adding: <entity name="DoughsR28_zombieMarlene"/>
DEBUG:Adding: <entity name="DoughsR31_zombieArlene"/>
DEBUG:Adding: <entity name="DoughsR32_zombieMoeRadiated" prob="0.66"/>
DEBUG:Adding: <entity name="DoughsR44_zombieBusinessMan"/>
DEBUG:Adding: <entity name="DoughsR45_zombieSpider" prob="0.7"/>
DEBUG:Adding: <entity name="DoughsR48_zombieCheerleaderRadiated" prob="0.66"/>
DEBUG:Adding: <entity name="DoughsR63_zombieFatCopFeral" prob="0.5"/>
DEBUG:Adding: <entity name="DoughsR64_zombieCheerleader"/>
DEBUG:ModletGen_AddZedsToEntityGroupsFile ENTITY GROUP: scoutHordeStageGS4887
DEBUG:Adding: <entity name="DoughsR10_zombieFemaleFatFeral" prob="0.6"/>
DEBUG:Adding: <entity name="DoughsR12_zombieJoeFeral" prob="0.7"/>
DEBUG:Adding: <entity name="DoughsR19_zombieScreamerFeral" prob="0.4"/>
DEBUG:Adding: <entity name="DoughsR29_zombieBoe"/>
DEBUG:Adding: <entity name="DoughsR36_zombieYoRadiated" prob="0.66"/>
DEBUG:Adding: <entity name="DoughsR45_zombieSpider" prob="0.7"/>
DEBUG:Adding: <entity name="DoughsR65_zombieJanitor"/>
DEBUG:Adding: <entity name="DoughsR75_zombieSkateboarderRadiated" prob="0.66"/>
DEBUG:Adding: <entity name="DoughsR78_zombieSteveFeral" prob="0.7"/>
DEBUG:Adding: <entity name="DoughsR79_zombieYoFeral" prob="0.7"/>
DEBUG:Adding: <entity name="DoughsR98_animalZombieDog"/>
DEBUG:ModletGen_AddZedsToEntityGroupsFile ENTITY GROUP: scoutHordeStageGS4913
DEBUG:Adding: <entity name="DoughsR10_zombieFemaleFatFeral" prob="0.6"/>
DEBUG:Adding: <entity name="DoughsR11_zombieBoeFeral" prob="0.7"/>
DEBUG:Adding: <entity name="DoughsR13_zombieSteve"/>
DEBUG:Adding: <entity name="DoughsR16_zombieFemaleFat"/>
DEBUG:Adding: <entity name="DoughsR46_zombieFootballPlayer"/>
DEBUG:Adding: <entity name="DoughsR50_zombieBoeRadiated" prob="0.66"/>
DEBUG:Adding: <entity name="DoughsR51_zombieDarleneFeral" prob="0.7"/>
DEBUG:Adding: <entity name="DoughsR64_zombieCheerleader"/>
DEBUG:Adding: <entity name="DoughsR65_zombieJanitor"/>
DEBUG:Adding: <entity name="DoughsR79_zombieYoFeral" prob="0.7"/>
DEBUG:Adding: <entity name="DoughsR8_zombieArleneRadiated" prob="0.66"/>
DEBUG:ModletGen_AddZedsToEntityGroupsFile ENTITY GROUP: scoutHordeStageGS4938
DEBUG:Adding: <entity name="DoughsR20_zombieSoldierRadiated" prob="0.66"/>
DEBUG:Adding: <entity name="DoughsR24_zombieNurse"/>
DEBUG:Adding: <entity name="DoughsR26_zombieFatHawaiian" prob="0.7"/>
DEBUG:Adding: <entity name="DoughsR28_zombieMarlene"/>
DEBUG:Adding: <entity name="DoughsR30_zombieFatHawaiianFeral" prob="0.6"/>
DEBUG:Adding: <entity name="DoughsR62_zombieDarlene"/>
DEBUG:Adding: <entity name="DoughsR63_zombieFatCopFeral" prob="0.5"/>
DEBUG:Adding: <entity name="DoughsR68_zombieScreamer" prob="0.5"/>
DEBUG:Adding: <entity name="DoughsR81_zombieSteveRadiated" prob="0.66"/>
DEBUG:Adding: <entity name="DoughsR88_animalZombieVulture" prob="0.3"/>
DEBUG:Adding: <entity name="DoughsR98_animalZombieDog"/>
DEBUG:ModletGen_AddZedsToEntityGroupsFile ENTITY GROUP: scoutHordeStageGS4964
DEBUG:Adding: <entity name="DoughsR12_zombieJoeFeral" prob="0.7"/>
DEBUG:Adding: <entity name="DoughsR13_zombieSteve"/>
DEBUG:Adding: <entity name="DoughsR24_zombieNurse"/>
DEBUG:Adding: <entity name="DoughsR25_zombieBiker"/>
DEBUG:Adding: <entity name="DoughsR3_zombieFatCopRadiated" prob="0.5"/>
DEBUG:Adding: <entity name="DoughsR48_zombieCheerleaderRadiated" prob="0.66"/>
DEBUG:Adding: <entity name="DoughsR53_zombieJanitorFeral" prob="0.7"/>
DEBUG:Adding: <entity name="DoughsR55_zombieJoeRadiated" prob="0.66"/>
DEBUG:Adding: <entity name="DoughsR78_zombieSteveFeral" prob="0.7"/>
DEBUG:Adding: <entity name="DoughsR81_zombieSteveRadiated" prob="0.66"/>
DEBUG:Adding: <entity name="DoughsR8_zombieArleneRadiated" prob="0.66"/>
DEBUG:ModletGen_AddZedsToEntityGroupsFile ENTITY GROUP: scoutHordeStageGS4989
DEBUG:Adding: <entity name="DoughsR10_zombieFemaleFatFeral" prob="0.6"/>
DEBUG:Adding: <entity name="DoughsR13_zombieSteve"/>
DEBUG:Adding: <entity name="DoughsR26_zombieFatHawaiian" prob="0.7"/>
DEBUG:Adding: <entity name="DoughsR29_zombieBoe"/>
DEBUG:Adding: <entity name="DoughsR32_zombieMoeRadiated" prob="0.66"/>
DEBUG:Adding: <entity name="DoughsR46_zombieFootballPlayer"/>
DEBUG:Adding: <entity name="DoughsR54_zombieFemaleFatRadiated" prob="0.6"/>
DEBUG:Adding: <entity name="DoughsR59_zombieArleneFeral" prob="0.7"/>
DEBUG:Adding: <entity name="DoughsR61_zombieSkateboarder"/>
DEBUG:Adding: <entity name="DoughsR62_zombieDarlene"/>
DEBUG:Adding: <entity name="DoughsR69_zombieOldTimerRadiated" prob="0.66"/>
DEBUG:ModletGen_AddZedsToEntityGroupsFile ENTITY GROUP: scoutHordeStageGS5
DEBUG:Adding: <entity name="DoughsR13_zombieSteve"/>
DEBUG:Adding: <entity name="DoughsR28_zombieMarlene"/>
DEBUG:Adding: <entity name="DoughsR29_zombieBoe"/>
DEBUG:Adding: <entity name="DoughsR31_zombieArlene"/>
DEBUG:Adding: <entity name="DoughsR35_zombieJoe"/>
DEBUG:Adding: <entity name="DoughsR41_zombieYo"/>
DEBUG:Adding: <entity name="DoughsR44_zombieBusinessMan"/>
DEBUG:Adding: <entity name="DoughsR49_zombieMoe"/>
DEBUG:Adding: <entity name="DoughsR61_zombieSkateboarder"/>
DEBUG:Adding: <entity name="DoughsR62_zombieDarlene"/>
DEBUG:Adding: <entity name="DoughsR65_zombieJanitor"/>
DEBUG:ModletGen_AddZedsToEntityGroupsFile ENTITY GROUP: scoutHordeStageGS500
DEBUG:Adding: <entity name="DoughsR13_zombieSteve"/>
DEBUG:Adding: <entity name="DoughsR20_zombieSoldierRadiated" prob="0.66"/>
DEBUG:Adding: <entity name="DoughsR24_zombieNurse"/>
DEBUG:Adding: <entity name="DoughsR34_zombieMarleneRadiated" prob="0.66"/>
DEBUG:Adding: <entity name="DoughsR41_zombieYo"/>
DEBUG:Adding: <entity name="DoughsR56_zombieUtilityWorker"/>
DEBUG:Adding: <entity name="DoughsR58_zombieJanitorRadiated" prob="0.66"/>
DEBUG:Adding: <entity name="DoughsR59_zombieArleneFeral" prob="0.7"/>
DEBUG:Adding: <entity name="DoughsR63_zombieFatCopFeral" prob="0.5"/>
DEBUG:Adding: <entity name="DoughsR71_zombieNurseFeral" prob="0.7"/>
DEBUG:Adding: <entity name="DoughsR81_zombieSteveRadiated" prob="0.66"/>
DEBUG:ModletGen_AddZedsToEntityGroupsFile ENTITY GROUP: scoutHordeStageGS5015
DEBUG:Adding: <entity name="DoughsR10_zombieFemaleFatFeral" prob="0.6"/>
DEBUG:Adding: <entity name="DoughsR12_zombieJoeFeral" prob="0.7"/>
DEBUG:Adding: <entity name="DoughsR14_zombieSoldier" prob="1"/>
DEBUG:Adding: <entity name="DoughsR19_zombieScreamerFeral" prob="0.4"/>
DEBUG:Adding: <entity name="DoughsR25_zombieBiker"/>
DEBUG:Adding: <entity name="DoughsR30_zombieFatHawaiianFeral" prob="0.6"/>
DEBUG:Adding: <entity name="DoughsR36_zombieYoRadiated" prob="0.66"/>
DEBUG:Adding: <entity name="DoughsR3_zombieFatCopRadiated" prob="0.5"/>
DEBUG:Adding: <entity name="DoughsR41_zombieYo"/>
DEBUG:Adding: <entity name="DoughsR48_zombieCheerleaderRadiated" prob="0.66"/>
DEBUG:Adding: <entity name="DoughsR7_zombieWightFeral" prob="0.5"/>
DEBUG:ModletGen_AddZedsToEntityGroupsFile ENTITY GROUP: scoutHordeStageGS5041
DEBUG:Adding: <entity name="DoughsR11_zombieBoeFeral" prob="0.7"/>
DEBUG:Adding: <entity name="DoughsR13_zombieSteve"/>
DEBUG:Adding: <entity name="DoughsR16_zombieFemaleFat"/>
DEBUG:Adding: <entity name="DoughsR25_zombieBiker"/>
DEBUG:Adding: <entity name="DoughsR26_zombieFatHawaiian" prob="0.7"/>
DEBUG:Adding: <entity name="DoughsR29_zombieBoe"/>
DEBUG:Adding: <entity name="DoughsR59_zombieArleneFeral" prob="0.7"/>
DEBUG:Adding: <entity name="DoughsR62_zombieDarlene"/>
DEBUG:Adding: <entity name="DoughsR64_zombieCheerleader"/>
DEBUG:Adding: <entity name="DoughsR86_zombieBikerRadiated" prob="0.6"/>
DEBUG:Adding: <entity name="DoughsR88_animalZombieVulture" prob="0.3"/>
DEBUG:ModletGen_AddZedsToEntityGroupsFile ENTITY GROUP: scoutHordeStageGS5066
DEBUG:Adding: <entity name="DoughsR10_zombieFemaleFatFeral" prob="0.6"/>
DEBUG:Adding: <entity name="DoughsR11_zombieBoeFeral" prob="0.7"/>
DEBUG:Adding: <entity name="DoughsR13_zombieSteve"/>
DEBUG:Adding: <entity name="DoughsR26_zombieFatHawaiian" prob="0.7"/>
DEBUG:Adding: <entity name="DoughsR37_zombieMarleneFeral" prob="0.7"/>
DEBUG:Adding: <entity name="DoughsR41_zombieYo"/>
DEBUG:Adding: <entity name="DoughsR42_zombieMaleHazmat"/>
DEBUG:Adding: <entity name="DoughsR49_zombieMoe"/>
DEBUG:Adding: <entity name="DoughsR53_zombieJanitorFeral" prob="0.7"/>
DEBUG:Adding: <entity name="DoughsR57_zombieSpiderFeral" prob="0.6"/>
DEBUG:Adding: <entity name="DoughsR59_zombieArleneFeral" prob="0.7"/>
DEBUG:ModletGen_AddZedsToEntityGroupsFile ENTITY GROUP: scoutHordeStageGS5092
DEBUG:Adding: <entity name="DoughsR11_zombieBoeFeral" prob="0.7"/>
DEBUG:Adding: <entity name="DoughsR14_zombieSoldier" prob="1"/>
DEBUG:Adding: <entity name="DoughsR30_zombieFatHawaiianFeral" prob="0.6"/>
DEBUG:Adding: <entity name="DoughsR31_zombieArlene"/>
DEBUG:Adding: <entity name="DoughsR32_zombieMoeRadiated" prob="0.66"/>
DEBUG:Adding: <entity name="DoughsR34_zombieMarleneRadiated" prob="0.66"/>
DEBUG:Adding: <entity name="DoughsR53_zombieJanitorFeral" prob="0.7"/>
DEBUG:Adding: <entity name="DoughsR56_zombieUtilityWorker"/>
DEBUG:Adding: <entity name="DoughsR57_zombieSpiderFeral" prob="0.6"/>
DEBUG:Adding: <entity name="DoughsR65_zombieJanitor"/>
DEBUG:Adding: <entity name="DoughsR68_zombieScreamer" prob="0.5"/>
DEBUG:ModletGen_AddZedsToEntityGroupsFile ENTITY GROUP: scoutHordeStageGS5118
DEBUG:Adding: <entity name="DoughsR24_zombieNurse"/>
DEBUG:Adding: <entity name="DoughsR28_zombieMarlene"/>
DEBUG:Adding: <entity name="DoughsR30_zombieFatHawaiianFeral" prob="0.6"/>
DEBUG:Adding: <entity name="DoughsR39_zombieSkateboarderFeral" prob="0.7"/>
DEBUG:Adding: <entity name="DoughsR49_zombieMoe"/>
DEBUG:Adding: <entity name="DoughsR51_zombieDarleneFeral" prob="0.7"/>
DEBUG:Adding: <entity name="DoughsR63_zombieFatCopFeral" prob="0.5"/>
DEBUG:Adding: <entity name="DoughsR64_zombieCheerleader"/>
DEBUG:Adding: <entity name="DoughsR65_zombieJanitor"/>
DEBUG:Adding: <entity name="DoughsR79_zombieYoFeral" prob="0.7"/>
DEBUG:Adding: <entity name="DoughsR8_zombieArleneRadiated" prob="0.66"/>
DEBUG:ModletGen_AddZedsToEntityGroupsFile ENTITY GROUP: scoutHordeStageGS512
DEBUG:Adding: <entity name="DoughsR14_zombieSoldier" prob="1"/>
DEBUG:Adding: <entity name="DoughsR25_zombieBiker"/>
DEBUG:Adding: <entity name="DoughsR26_zombieFatHawaiian" prob="0.7"/>
DEBUG:Adding: <entity name="DoughsR28_zombieMarlene"/>
DEBUG:Adding: <entity name="DoughsR34_zombieMarleneRadiated" prob="0.66"/>
DEBUG:Adding: <entity name="DoughsR35_zombieJoe"/>
DEBUG:Adding: <entity name="DoughsR48_zombieCheerleaderRadiated" prob="0.66"/>
DEBUG:Adding: <entity name="DoughsR56_zombieUtilityWorker"/>
DEBUG:Adding: <entity name="DoughsR78_zombieSteveFeral" prob="0.7"/>
DEBUG:Adding: <entity name="DoughsR81_zombieSteveRadiated" prob="0.66"/>
DEBUG:Adding: <entity name="DoughsR98_animalZombieDog"/>
DEBUG:ModletGen_AddZedsToEntityGroupsFile ENTITY GROUP: scoutHordeStageGS5144
DEBUG:Adding: <entity name="DoughsR10_zombieFemaleFatFeral" prob="0.6"/>
DEBUG:Adding: <entity name="DoughsR11_zombieBoeFeral" prob="0.7"/>
DEBUG:Adding: <entity name="DoughsR21_zombieSpiderRadiated" prob="0.5"/>
DEBUG:Adding: <entity name="DoughsR41_zombieYo"/>
DEBUG:Adding: <entity name="DoughsR45_zombieSpider" prob="0.7"/>
DEBUG:Adding: <entity name="DoughsR49_zombieMoe"/>
DEBUG:Adding: <entity name="DoughsR50_zombieBoeRadiated" prob="0.66"/>
DEBUG:Adding: <entity name="DoughsR53_zombieJanitorFeral" prob="0.7"/>
DEBUG:Adding: <entity name="DoughsR61_zombieSkateboarder"/>
DEBUG:Adding: <entity name="DoughsR64_zombieCheerleader"/>
DEBUG:Adding: <entity name="DoughsR88_animalZombieVulture" prob="0.3"/>
DEBUG:ModletGen_AddZedsToEntityGroupsFile ENTITY GROUP: scoutHordeStageGS5170
DEBUG:Adding: <entity name="DoughsR25_zombieBiker"/>
DEBUG:Adding: <entity name="DoughsR27_zombieFatCop" prob="0.7"/>
DEBUG:Adding: <entity name="DoughsR30_zombieFatHawaiianFeral" prob="0.6"/>
DEBUG:Adding: <entity name="DoughsR42_zombieMaleHazmat"/>
DEBUG:Adding: <entity name="DoughsR54_zombieFemaleFatRadiated" prob="0.6"/>
DEBUG:Adding: <entity name="DoughsR56_zombieUtilityWorker"/>
DEBUG:Adding: <entity name="DoughsR57_zombieSpiderFeral" prob="0.6"/>
DEBUG:Adding: <entity name="DoughsR59_zombieArleneFeral" prob="0.7"/>
DEBUG:Adding: <entity name="DoughsR71_zombieNurseFeral" prob="0.7"/>
DEBUG:Adding: <entity name="DoughsR81_zombieSteveRadiated" prob="0.66"/>
DEBUG:Adding: <entity name="DoughsR86_zombieBikerRadiated" prob="0.6"/>
DEBUG:ModletGen_AddZedsToEntityGroupsFile ENTITY GROUP: scoutHordeStageGS5196
DEBUG:Adding: <entity name="DoughsR26_zombieFatHawaiian" prob="0.7"/>
DEBUG:Adding: <entity name="DoughsR35_zombieJoe"/>
DEBUG:Adding: <entity name="DoughsR41_zombieYo"/>
DEBUG:Adding: <entity name="DoughsR42_zombieMaleHazmat"/>
DEBUG:Adding: <entity name="DoughsR45_zombieSpider" prob="0.7"/>
DEBUG:Adding: <entity name="DoughsR56_zombieUtilityWorker"/>
DEBUG:Adding: <entity name="DoughsR58_zombieJanitorRadiated" prob="0.66"/>
DEBUG:Adding: <entity name="DoughsR62_zombieDarlene"/>
DEBUG:Adding: <entity name="DoughsR66_zombieDarleneRadiated" prob="0.66"/>
DEBUG:Adding: <entity name="DoughsR68_zombieScreamer" prob="0.5"/>
DEBUG:Adding: <entity name="DoughsR7_zombieWightFeral" prob="0.5"/>
DEBUG:ModletGen_AddZedsToEntityGroupsFile ENTITY GROUP: scoutHordeStageGS52
DEBUG:Adding: <entity name="DoughsR13_zombieSteve"/>
DEBUG:Adding: <entity name="DoughsR19_zombieScreamerFeral" prob="0.21"/>
DEBUG:Adding: <entity name="DoughsR24_zombieNurse"/>
DEBUG:Adding: <entity name="DoughsR26_zombieFatHawaiian" prob="0.25"/>
DEBUG:Adding: <entity name="DoughsR28_zombieMarlene"/>
DEBUG:Adding: <entity name="DoughsR29_zombieBoe"/>
DEBUG:Adding: <entity name="DoughsR31_zombieArlene"/>
DEBUG:Adding: <entity name="DoughsR56_zombieUtilityWorker"/>
DEBUG:Adding: <entity name="DoughsR59_zombieArleneFeral" prob="0.23"/>
DEBUG:Adding: <entity name="DoughsR64_zombieCheerleader"/>
DEBUG:Adding: <entity name="DoughsR98_animalZombieDog"/>
DEBUG:ModletGen_AddZedsToEntityGroupsFile ENTITY GROUP: scoutHordeStageGS5222
DEBUG:Adding: <entity name="DoughsR11_zombieBoeFeral" prob="0.7"/>
DEBUG:Adding: <entity name="DoughsR24_zombieNurse"/>
DEBUG:Adding: <entity name="DoughsR27_zombieFatCop" prob="0.7"/>
DEBUG:Adding: <entity name="DoughsR29_zombieBoe"/>
DEBUG:Adding: <entity name="DoughsR31_zombieArlene"/>
DEBUG:Adding: <entity name="DoughsR44_zombieBusinessMan"/>
DEBUG:Adding: <entity name="DoughsR48_zombieCheerleaderRadiated" prob="0.66"/>
DEBUG:Adding: <entity name="DoughsR58_zombieJanitorRadiated" prob="0.66"/>
DEBUG:Adding: <entity name="DoughsR69_zombieOldTimerRadiated" prob="0.66"/>
DEBUG:Adding: <entity name="DoughsR81_zombieSteveRadiated" prob="0.66"/>
DEBUG:Adding: <entity name="DoughsR88_animalZombieVulture" prob="0.3"/>
DEBUG:ModletGen_AddZedsToEntityGroupsFile ENTITY GROUP: scoutHordeStageGS524
DEBUG:Adding: <entity name="DoughsR11_zombieBoeFeral" prob="0.7"/>
DEBUG:Adding: <entity name="DoughsR25_zombieBiker"/>
DEBUG:Adding: <entity name="DoughsR26_zombieFatHawaiian" prob="0.7"/>
DEBUG:Adding: <entity name="DoughsR29_zombieBoe"/>
DEBUG:Adding: <entity name="DoughsR37_zombieMarleneFeral" prob="0.7"/>
DEBUG:Adding: <entity name="DoughsR44_zombieBusinessMan"/>
DEBUG:Adding: <entity name="DoughsR49_zombieMoe"/>
DEBUG:Adding: <entity name="DoughsR55_zombieJoeRadiated" prob="0.66"/>
DEBUG:Adding: <entity name="DoughsR57_zombieSpiderFeral" prob="0.6"/>
DEBUG:Adding: <entity name="DoughsR64_zombieCheerleader"/>
DEBUG:Adding: <entity name="DoughsR65_zombieJanitor"/>
DEBUG:ModletGen_AddZedsToEntityGroupsFile ENTITY GROUP: scoutHordeStageGS5248
DEBUG:Adding: <entity name="DoughsR16_zombieFemaleFat"/>
DEBUG:Adding: <entity name="DoughsR19_zombieScreamerFeral" prob="0.4"/>
DEBUG:Adding: <entity name="DoughsR30_zombieFatHawaiianFeral" prob="0.6"/>
DEBUG:Adding: <entity name="DoughsR34_zombieMarleneRadiated" prob="0.66"/>
DEBUG:Adding: <entity name="DoughsR3_zombieFatCopRadiated" prob="0.5"/>
DEBUG:Adding: <entity name="DoughsR49_zombieMoe"/>
DEBUG:Adding: <entity name="DoughsR61_zombieSkateboarder"/>
DEBUG:Adding: <entity name="DoughsR63_zombieFatCopFeral" prob="0.5"/>
DEBUG:Adding: <entity name="DoughsR71_zombieNurseFeral" prob="0.7"/>
DEBUG:Adding: <entity name="DoughsR78_zombieSteveFeral" prob="0.7"/>
DEBUG:Adding: <entity name="DoughsR88_animalZombieVulture" prob="0.3"/>
DEBUG:ModletGen_AddZedsToEntityGroupsFile ENTITY GROUP: scoutHordeStageGS5274
DEBUG:Adding: <entity name="DoughsR19_zombieScreamerFeral" prob="0.4"/>
DEBUG:Adding: <entity name="DoughsR30_zombieFatHawaiianFeral" prob="0.6"/>
DEBUG:Adding: <entity name="DoughsR48_zombieCheerleaderRadiated" prob="0.66"/>
DEBUG:Adding: <entity name="DoughsR53_zombieJanitorFeral" prob="0.7"/>
DEBUG:Adding: <entity name="DoughsR55_zombieJoeRadiated" prob="0.66"/>
DEBUG:Adding: <entity name="DoughsR57_zombieSpiderFeral" prob="0.6"/>
DEBUG:Adding: <entity name="DoughsR59_zombieArleneFeral" prob="0.7"/>
DEBUG:Adding: <entity name="DoughsR64_zombieCheerleader"/>
DEBUG:Adding: <entity name="DoughsR69_zombieOldTimerRadiated" prob="0.66"/>
DEBUG:Adding: <entity name="DoughsR71_zombieNurseFeral" prob="0.7"/>
DEBUG:Adding: <entity name="DoughsR78_zombieSteveFeral" prob="0.7"/>
DEBUG:ModletGen_AddZedsToEntityGroupsFile ENTITY GROUP: scoutHordeStageGS5300
DEBUG:Adding: <entity name="DoughsR19_zombieScreamerFeral" prob="0.4"/>
DEBUG:Adding: <entity name="DoughsR28_zombieMarlene"/>
DEBUG:Adding: <entity name="DoughsR2_zombieBusinessManFeral" prob="0.7"/>
DEBUG:Adding: <entity name="DoughsR34_zombieMarleneRadiated" prob="0.66"/>
DEBUG:Adding: <entity name="DoughsR54_zombieFemaleFatRadiated" prob="0.6"/>
DEBUG:Adding: <entity name="DoughsR62_zombieDarlene"/>
DEBUG:Adding: <entity name="DoughsR64_zombieCheerleader"/>
DEBUG:Adding: <entity name="DoughsR74_zombieMoeFeral" prob="0.7"/>
DEBUG:Adding: <entity name="DoughsR78_zombieSteveFeral" prob="0.7"/>
DEBUG:Adding: <entity name="DoughsR79_zombieYoFeral" prob="0.7"/>
DEBUG:Adding: <entity name="DoughsR98_animalZombieDog"/>
DEBUG:ModletGen_AddZedsToEntityGroupsFile ENTITY GROUP: scoutHordeStageGS5326
DEBUG:Adding: <entity name="DoughsR21_zombieSpiderRadiated" prob="0.5"/>
DEBUG:Adding: <entity name="DoughsR25_zombieBiker"/>
DEBUG:Adding: <entity name="DoughsR28_zombieMarlene"/>
DEBUG:Adding: <entity name="DoughsR35_zombieJoe"/>
DEBUG:Adding: <entity name="DoughsR41_zombieYo"/>
DEBUG:Adding: <entity name="DoughsR44_zombieBusinessMan"/>
DEBUG:Adding: <entity name="DoughsR55_zombieJoeRadiated" prob="0.66"/>
DEBUG:Adding: <entity name="DoughsR56_zombieUtilityWorker"/>
DEBUG:Adding: <entity name="DoughsR57_zombieSpiderFeral" prob="0.6"/>
DEBUG:Adding: <entity name="DoughsR69_zombieOldTimerRadiated" prob="0.66"/>
DEBUG:Adding: <entity name="DoughsR79_zombieYoFeral" prob="0.7"/>
DEBUG:ModletGen_AddZedsToEntityGroupsFile ENTITY GROUP: scoutHordeStageGS5352
DEBUG:Adding: <entity name="DoughsR12_zombieJoeFeral" prob="0.7"/>
DEBUG:Adding: <entity name="DoughsR16_zombieFemaleFat"/>
DEBUG:Adding: <entity name="DoughsR39_zombieSkateboarderFeral" prob="0.7"/>
DEBUG:Adding: <entity name="DoughsR50_zombieBoeRadiated" prob="0.66"/>
DEBUG:Adding: <entity name="DoughsR56_zombieUtilityWorker"/>
DEBUG:Adding: <entity name="DoughsR58_zombieJanitorRadiated" prob="0.66"/>
DEBUG:Adding: <entity name="DoughsR62_zombieDarlene"/>
DEBUG:Adding: <entity name="DoughsR69_zombieOldTimerRadiated" prob="0.66"/>
DEBUG:Adding: <entity name="DoughsR75_zombieSkateboarderRadiated" prob="0.66"/>
DEBUG:Adding: <entity name="DoughsR7_zombieWightFeral" prob="0.5"/>
DEBUG:Adding: <entity name="DoughsR8_zombieArleneRadiated" prob="0.66"/>
DEBUG:ModletGen_AddZedsToEntityGroupsFile ENTITY GROUP: scoutHordeStageGS536
DEBUG:Adding: <entity name="DoughsR12_zombieJoeFeral" prob="0.7"/>
DEBUG:Adding: <entity name="DoughsR16_zombieFemaleFat"/>
DEBUG:Adding: <entity name="DoughsR24_zombieNurse"/>
DEBUG:Adding: <entity name="DoughsR25_zombieBiker"/>
DEBUG:Adding: <entity name="DoughsR26_zombieFatHawaiian" prob="0.7"/>
DEBUG:Adding: <entity name="DoughsR30_zombieFatHawaiianFeral" prob="0.6"/>
DEBUG:Adding: <entity name="DoughsR35_zombieJoe"/>
DEBUG:Adding: <entity name="DoughsR37_zombieMarleneFeral" prob="0.7"/>
DEBUG:Adding: <entity name="DoughsR44_zombieBusinessMan"/>
DEBUG:Adding: <entity name="DoughsR48_zombieCheerleaderRadiated" prob="0.66"/>
DEBUG:Adding: <entity name="DoughsR79_zombieYoFeral" prob="0.7"/>
DEBUG:ModletGen_AddZedsToEntityGroupsFile ENTITY GROUP: scoutHordeStageGS5379
DEBUG:Adding: <entity name="DoughsR10_zombieFemaleFatFeral" prob="0.6"/>
DEBUG:Adding: <entity name="DoughsR14_zombieSoldier" prob="1"/>
DEBUG:Adding: <entity name="DoughsR24_zombieNurse"/>
DEBUG:Adding: <entity name="DoughsR30_zombieFatHawaiianFeral" prob="0.6"/>
DEBUG:Adding: <entity name="DoughsR42_zombieMaleHazmat"/>
DEBUG:Adding: <entity name="DoughsR44_zombieBusinessMan"/>
DEBUG:Adding: <entity name="DoughsR48_zombieCheerleaderRadiated" prob="0.66"/>
DEBUG:Adding: <entity name="DoughsR61_zombieSkateboarder"/>
DEBUG:Adding: <entity name="DoughsR65_zombieJanitor"/>
DEBUG:Adding: <entity name="DoughsR71_zombieNurseFeral" prob="0.7"/>
DEBUG:Adding: <entity name="DoughsR7_zombieWightFeral" prob="0.5"/>
DEBUG:ModletGen_AddZedsToEntityGroupsFile ENTITY GROUP: scoutHordeStageGS5405
DEBUG:Adding: <entity name="DoughsR11_zombieBoeFeral" prob="0.7"/>
DEBUG:Adding: <entity name="DoughsR13_zombieSteve"/>
DEBUG:Adding: <entity name="DoughsR14_zombieSoldier" prob="1"/>
DEBUG:Adding: <entity name="DoughsR24_zombieNurse"/>
DEBUG:Adding: <entity name="DoughsR48_zombieCheerleaderRadiated" prob="0.66"/>
DEBUG:Adding: <entity name="DoughsR50_zombieBoeRadiated" prob="0.66"/>
DEBUG:Adding: <entity name="DoughsR61_zombieSkateboarder"/>
DEBUG:Adding: <entity name="DoughsR66_zombieDarleneRadiated" prob="0.66"/>
DEBUG:Adding: <entity name="DoughsR71_zombieNurseFeral" prob="0.7"/>
DEBUG:Adding: <entity name="DoughsR78_zombieSteveFeral" prob="0.7"/>
DEBUG:Adding: <entity name="DoughsR81_zombieSteveRadiated" prob="0.66"/>
DEBUG:ModletGen_AddZedsToEntityGroupsFile ENTITY GROUP: scoutHordeStageGS5431
DEBUG:Adding: <entity name="DoughsR10_zombieFemaleFatFeral" prob="0.6"/>
DEBUG:Adding: <entity name="DoughsR11_zombieBoeFeral" prob="0.7"/>
DEBUG:Adding: <entity name="DoughsR26_zombieFatHawaiian" prob="0.7"/>
DEBUG:Adding: <entity name="DoughsR32_zombieMoeRadiated" prob="0.66"/>
DEBUG:Adding: <entity name="DoughsR37_zombieMarleneFeral" prob="0.7"/>
DEBUG:Adding: <entity name="DoughsR50_zombieBoeRadiated" prob="0.66"/>
DEBUG:Adding: <entity name="DoughsR53_zombieJanitorFeral" prob="0.7"/>
DEBUG:Adding: <entity name="DoughsR57_zombieSpiderFeral" prob="0.6"/>
DEBUG:Adding: <entity name="DoughsR61_zombieSkateboarder"/>
DEBUG:Adding: <entity name="DoughsR86_zombieBikerRadiated" prob="0.6"/>
DEBUG:Adding: <entity name="DoughsR8_zombieArleneRadiated" prob="0.66"/>
DEBUG:ModletGen_AddZedsToEntityGroupsFile ENTITY GROUP: scoutHordeStageGS5458
DEBUG:Adding: <entity name="DoughsR10_zombieFemaleFatFeral" prob="0.6"/>
DEBUG:Adding: <entity name="DoughsR11_zombieBoeFeral" prob="0.7"/>
DEBUG:Adding: <entity name="DoughsR13_zombieSteve"/>
DEBUG:Adding: <entity name="DoughsR14_zombieSoldier" prob="1"/>
DEBUG:Adding: <entity name="DoughsR20_zombieSoldierRadiated" prob="0.66"/>
DEBUG:Adding: <entity name="DoughsR26_zombieFatHawaiian" prob="0.7"/>
DEBUG:Adding: <entity name="DoughsR37_zombieMarleneFeral" prob="0.7"/>
DEBUG:Adding: <entity name="DoughsR42_zombieMaleHazmat"/>
DEBUG:Adding: <entity name="DoughsR63_zombieFatCopFeral" prob="0.5"/>
DEBUG:Adding: <entity name="DoughsR69_zombieOldTimerRadiated" prob="0.66"/>
DEBUG:Adding: <entity name="DoughsR88_animalZombieVulture" prob="0.3"/>
DEBUG:ModletGen_AddZedsToEntityGroupsFile ENTITY GROUP: scoutHordeStageGS548
DEBUG:Adding: <entity name="DoughsR12_zombieJoeFeral" prob="0.7"/>
DEBUG:Adding: <entity name="DoughsR30_zombieFatHawaiianFeral" prob="0.6"/>
DEBUG:Adding: <entity name="DoughsR34_zombieMarleneRadiated" prob="0.66"/>
DEBUG:Adding: <entity name="DoughsR37_zombieMarleneFeral" prob="0.7"/>
DEBUG:Adding: <entity name="DoughsR49_zombieMoe"/>
DEBUG:Adding: <entity name="DoughsR51_zombieDarleneFeral" prob="0.7"/>
DEBUG:Adding: <entity name="DoughsR57_zombieSpiderFeral" prob="0.6"/>
DEBUG:Adding: <entity name="DoughsR65_zombieJanitor"/>
DEBUG:Adding: <entity name="DoughsR7_zombieWightFeral" prob="0.5"/>
DEBUG:Adding: <entity name="DoughsR86_zombieBikerRadiated" prob="0.6"/>
DEBUG:Adding: <entity name="DoughsR98_animalZombieDog"/>
DEBUG:ModletGen_AddZedsToEntityGroupsFile ENTITY GROUP: scoutHordeStageGS5484
DEBUG:Adding: <entity name="DoughsR10_zombieFemaleFatFeral" prob="0.6"/>
DEBUG:Adding: <entity name="DoughsR19_zombieScreamerFeral" prob="0.4"/>
DEBUG:Adding: <entity name="DoughsR21_zombieSpiderRadiated" prob="0.5"/>
DEBUG:Adding: <entity name="DoughsR29_zombieBoe"/>
DEBUG:Adding: <entity name="DoughsR37_zombieMarleneFeral" prob="0.7"/>
DEBUG:Adding: <entity name="DoughsR54_zombieFemaleFatRadiated" prob="0.6"/>
DEBUG:Adding: <entity name="DoughsR66_zombieDarleneRadiated" prob="0.66"/>
DEBUG:Adding: <entity name="DoughsR69_zombieOldTimerRadiated" prob="0.66"/>
DEBUG:Adding: <entity name="DoughsR78_zombieSteveFeral" prob="0.7"/>
DEBUG:Adding: <entity name="DoughsR7_zombieWightFeral" prob="0.5"/>
DEBUG:Adding: <entity name="DoughsR81_zombieSteveRadiated" prob="0.66"/>
DEBUG:ModletGen_AddZedsToEntityGroupsFile ENTITY GROUP: scoutHordeStageGS5511
DEBUG:Adding: <entity name="DoughsR19_zombieScreamerFeral" prob="0.4"/>
DEBUG:Adding: <entity name="DoughsR26_zombieFatHawaiian" prob="0.7"/>
DEBUG:Adding: <entity name="DoughsR2_zombieBusinessManFeral" prob="0.7"/>
DEBUG:Adding: <entity name="DoughsR3_zombieFatCopRadiated" prob="0.5"/>
DEBUG:Adding: <entity name="DoughsR42_zombieMaleHazmat"/>
DEBUG:Adding: <entity name="DoughsR50_zombieBoeRadiated" prob="0.66"/>
DEBUG:Adding: <entity name="DoughsR56_zombieUtilityWorker"/>
DEBUG:Adding: <entity name="DoughsR62_zombieDarlene"/>
DEBUG:Adding: <entity name="DoughsR66_zombieDarleneRadiated" prob="0.66"/>
DEBUG:Adding: <entity name="DoughsR69_zombieOldTimerRadiated" prob="0.66"/>
DEBUG:Adding: <entity name="DoughsR74_zombieMoeFeral" prob="0.7"/>
DEBUG:ModletGen_AddZedsToEntityGroupsFile ENTITY GROUP: scoutHordeStageGS5537
DEBUG:Adding: <entity name="DoughsR27_zombieFatCop" prob="0.7"/>
DEBUG:Adding: <entity name="DoughsR32_zombieMoeRadiated" prob="0.66"/>
DEBUG:Adding: <entity name="DoughsR35_zombieJoe"/>
DEBUG:Adding: <entity name="DoughsR48_zombieCheerleaderRadiated" prob="0.66"/>
DEBUG:Adding: <entity name="DoughsR49_zombieMoe"/>
DEBUG:Adding: <entity name="DoughsR51_zombieDarleneFeral" prob="0.7"/>
DEBUG:Adding: <entity name="DoughsR58_zombieJanitorRadiated" prob="0.66"/>
DEBUG:Adding: <entity name="DoughsR61_zombieSkateboarder"/>
DEBUG:Adding: <entity name="DoughsR75_zombieSkateboarderRadiated" prob="0.66"/>
DEBUG:Adding: <entity name="DoughsR79_zombieYoFeral" prob="0.7"/>
DEBUG:Adding: <entity name="DoughsR81_zombieSteveRadiated" prob="0.66"/>
DEBUG:ModletGen_AddZedsToEntityGroupsFile ENTITY GROUP: scoutHordeStageGS5564
DEBUG:Adding: <entity name="DoughsR12_zombieJoeFeral" prob="0.7"/>
DEBUG:Adding: <entity name="DoughsR14_zombieSoldier" prob="1"/>
DEBUG:Adding: <entity name="DoughsR24_zombieNurse"/>
DEBUG:Adding: <entity name="DoughsR30_zombieFatHawaiianFeral" prob="0.6"/>
DEBUG:Adding: <entity name="DoughsR34_zombieMarleneRadiated" prob="0.66"/>
DEBUG:Adding: <entity name="DoughsR36_zombieYoRadiated" prob="0.66"/>
DEBUG:Adding: <entity name="DoughsR42_zombieMaleHazmat"/>
DEBUG:Adding: <entity name="DoughsR56_zombieUtilityWorker"/>
DEBUG:Adding: <entity name="DoughsR61_zombieSkateboarder"/>
DEBUG:Adding: <entity name="DoughsR78_zombieSteveFeral" prob="0.7"/>
DEBUG:Adding: <entity name="DoughsR88_animalZombieVulture" prob="0.3"/>
DEBUG:ModletGen_AddZedsToEntityGroupsFile ENTITY GROUP: scoutHordeStageGS5590
DEBUG:Adding: <entity name="DoughsR27_zombieFatCop" prob="0.7"/>
DEBUG:Adding: <entity name="DoughsR32_zombieMoeRadiated" prob="0.66"/>
DEBUG:Adding: <entity name="DoughsR35_zombieJoe"/>
DEBUG:Adding: <entity name="DoughsR39_zombieSkateboarderFeral" prob="0.7"/>
DEBUG:Adding: <entity name="DoughsR42_zombieMaleHazmat"/>
DEBUG:Adding: <entity name="DoughsR45_zombieSpider" prob="0.7"/>
DEBUG:Adding: <entity name="DoughsR61_zombieSkateboarder"/>
DEBUG:Adding: <entity name="DoughsR68_zombieScreamer" prob="0.5"/>
DEBUG:Adding: <entity name="DoughsR71_zombieNurseFeral" prob="0.7"/>
DEBUG:Adding: <entity name="DoughsR7_zombieWightFeral" prob="0.5"/>
DEBUG:Adding: <entity name="DoughsR88_animalZombieVulture" prob="0.3"/>
DEBUG:ModletGen_AddZedsToEntityGroupsFile ENTITY GROUP: scoutHordeStageGS560
DEBUG:Adding: <entity name="DoughsR11_zombieBoeFeral" prob="0.7"/>
DEBUG:Adding: <entity name="DoughsR16_zombieFemaleFat"/>
DEBUG:Adding: <entity name="DoughsR24_zombieNurse"/>
DEBUG:Adding: <entity name="DoughsR27_zombieFatCop" prob="0.7"/>
DEBUG:Adding: <entity name="DoughsR28_zombieMarlene"/>
DEBUG:Adding: <entity name="DoughsR37_zombieMarleneFeral" prob="0.7"/>
DEBUG:Adding: <entity name="DoughsR3_zombieFatCopRadiated" prob="0.5"/>
DEBUG:Adding: <entity name="DoughsR57_zombieSpiderFeral" prob="0.6"/>
DEBUG:Adding: <entity name="DoughsR66_zombieDarleneRadiated" prob="0.66"/>
DEBUG:Adding: <entity name="DoughsR78_zombieSteveFeral" prob="0.7"/>
DEBUG:Adding: <entity name="DoughsR8_zombieArleneRadiated" prob="0.66"/>
DEBUG:ModletGen_AddZedsToEntityGroupsFile ENTITY GROUP: scoutHordeStageGS5617
DEBUG:Adding: <entity name="DoughsR10_zombieFemaleFatFeral" prob="0.6"/>
DEBUG:Adding: <entity name="DoughsR49_zombieMoe"/>
DEBUG:Adding: <entity name="DoughsR50_zombieBoeRadiated" prob="0.66"/>
DEBUG:Adding: <entity name="DoughsR51_zombieDarleneFeral" prob="0.7"/>
DEBUG:Adding: <entity name="DoughsR54_zombieFemaleFatRadiated" prob="0.6"/>
DEBUG:Adding: <entity name="DoughsR66_zombieDarleneRadiated" prob="0.66"/>
DEBUG:Adding: <entity name="DoughsR69_zombieOldTimerRadiated" prob="0.66"/>
DEBUG:Adding: <entity name="DoughsR75_zombieSkateboarderRadiated" prob="0.66"/>
DEBUG:Adding: <entity name="DoughsR78_zombieSteveFeral" prob="0.7"/>
DEBUG:Adding: <entity name="DoughsR79_zombieYoFeral" prob="0.7"/>
DEBUG:Adding: <entity name="DoughsR98_animalZombieDog"/>
DEBUG:ModletGen_AddZedsToEntityGroupsFile ENTITY GROUP: scoutHordeStageGS5644
DEBUG:Adding: <entity name="DoughsR13_zombieSteve"/>
DEBUG:Adding: <entity name="DoughsR27_zombieFatCop" prob="0.7"/>
DEBUG:Adding: <entity name="DoughsR36_zombieYoRadiated" prob="0.66"/>
DEBUG:Adding: <entity name="DoughsR45_zombieSpider" prob="0.7"/>
DEBUG:Adding: <entity name="DoughsR53_zombieJanitorFeral" prob="0.7"/>
DEBUG:Adding: <entity name="DoughsR55_zombieJoeRadiated" prob="0.66"/>
DEBUG:Adding: <entity name="DoughsR61_zombieSkateboarder"/>
DEBUG:Adding: <entity name="DoughsR64_zombieCheerleader"/>
DEBUG:Adding: <entity name="DoughsR65_zombieJanitor"/>
DEBUG:Adding: <entity name="DoughsR79_zombieYoFeral" prob="0.7"/>
DEBUG:Adding: <entity name="DoughsR7_zombieWightFeral" prob="0.5"/>
DEBUG:ModletGen_AddZedsToEntityGroupsFile ENTITY GROUP: scoutHordeStageGS5670
DEBUG:Adding: <entity name="DoughsR12_zombieJoeFeral" prob="0.7"/>
DEBUG:Adding: <entity name="DoughsR13_zombieSteve"/>
DEBUG:Adding: <entity name="DoughsR16_zombieFemaleFat"/>
DEBUG:Adding: <entity name="DoughsR20_zombieSoldierRadiated" prob="0.66"/>
DEBUG:Adding: <entity name="DoughsR48_zombieCheerleaderRadiated" prob="0.66"/>
DEBUG:Adding: <entity name="DoughsR55_zombieJoeRadiated" prob="0.66"/>
DEBUG:Adding: <entity name="DoughsR63_zombieFatCopFeral" prob="0.5"/>
DEBUG:Adding: <entity name="DoughsR66_zombieDarleneRadiated" prob="0.66"/>
DEBUG:Adding: <entity name="DoughsR74_zombieMoeFeral" prob="0.7"/>
DEBUG:Adding: <entity name="DoughsR7_zombieWightFeral" prob="0.5"/>
DEBUG:Adding: <entity name="DoughsR86_zombieBikerRadiated" prob="0.6"/>
DEBUG:ModletGen_AddZedsToEntityGroupsFile ENTITY GROUP: scoutHordeStageGS5697
DEBUG:Adding: <entity name="DoughsR10_zombieFemaleFatFeral" prob="0.6"/>
DEBUG:Adding: <entity name="DoughsR12_zombieJoeFeral" prob="0.7"/>
DEBUG:Adding: <entity name="DoughsR16_zombieFemaleFat"/>
DEBUG:Adding: <entity name="DoughsR19_zombieScreamerFeral" prob="0.4"/>
DEBUG:Adding: <entity name="DoughsR26_zombieFatHawaiian" prob="0.7"/>
DEBUG:Adding: <entity name="DoughsR36_zombieYoRadiated" prob="0.66"/>
DEBUG:Adding: <entity name="DoughsR44_zombieBusinessMan"/>
DEBUG:Adding: <entity name="DoughsR53_zombieJanitorFeral" prob="0.7"/>
DEBUG:Adding: <entity name="DoughsR64_zombieCheerleader"/>
DEBUG:Adding: <entity name="DoughsR81_zombieSteveRadiated" prob="0.66"/>
DEBUG:Adding: <entity name="DoughsR98_animalZombieDog"/>
DEBUG:ModletGen_AddZedsToEntityGroupsFile ENTITY GROUP: scoutHordeStageGS5724
DEBUG:Adding: <entity name="DoughsR19_zombieScreamerFeral" prob="0.4"/>
DEBUG:Adding: <entity name="DoughsR36_zombieYoRadiated" prob="0.66"/>
DEBUG:Adding: <entity name="DoughsR3_zombieFatCopRadiated" prob="0.5"/>
DEBUG:Adding: <entity name="DoughsR51_zombieDarleneFeral" prob="0.7"/>
DEBUG:Adding: <entity name="DoughsR53_zombieJanitorFeral" prob="0.7"/>
DEBUG:Adding: <entity name="DoughsR54_zombieFemaleFatRadiated" prob="0.6"/>
DEBUG:Adding: <entity name="DoughsR58_zombieJanitorRadiated" prob="0.66"/>
DEBUG:Adding: <entity name="DoughsR59_zombieArleneFeral" prob="0.7"/>
DEBUG:Adding: <entity name="DoughsR66_zombieDarleneRadiated" prob="0.66"/>
DEBUG:Adding: <entity name="DoughsR68_zombieScreamer" prob="0.5"/>
DEBUG:Adding: <entity name="DoughsR69_zombieOldTimerRadiated" prob="0.66"/>
DEBUG:ModletGen_AddZedsToEntityGroupsFile ENTITY GROUP: scoutHordeStageGS573
DEBUG:Adding: <entity name="DoughsR16_zombieFemaleFat"/>
DEBUG:Adding: <entity name="DoughsR25_zombieBiker"/>
DEBUG:Adding: <entity name="DoughsR34_zombieMarleneRadiated" prob="0.66"/>
DEBUG:Adding: <entity name="DoughsR37_zombieMarleneFeral" prob="0.7"/>
DEBUG:Adding: <entity name="DoughsR48_zombieCheerleaderRadiated" prob="0.66"/>
DEBUG:Adding: <entity name="DoughsR49_zombieMoe"/>
DEBUG:Adding: <entity name="DoughsR53_zombieJanitorFeral" prob="0.7"/>
DEBUG:Adding: <entity name="DoughsR62_zombieDarlene"/>
DEBUG:Adding: <entity name="DoughsR66_zombieDarleneRadiated" prob="0.66"/>
DEBUG:Adding: <entity name="DoughsR68_zombieScreamer" prob="0.5"/>
DEBUG:Adding: <entity name="DoughsR98_animalZombieDog"/>
DEBUG:ModletGen_AddZedsToEntityGroupsFile ENTITY GROUP: scoutHordeStageGS5751
DEBUG:Adding: <entity name="DoughsR13_zombieSteve"/>
DEBUG:Adding: <entity name="DoughsR34_zombieMarleneRadiated" prob="0.66"/>
DEBUG:Adding: <entity name="DoughsR36_zombieYoRadiated" prob="0.66"/>
DEBUG:Adding: <entity name="DoughsR46_zombieFootballPlayer"/>
DEBUG:Adding: <entity name="DoughsR53_zombieJanitorFeral" prob="0.7"/>
DEBUG:Adding: <entity name="DoughsR62_zombieDarlene"/>
DEBUG:Adding: <entity name="DoughsR63_zombieFatCopFeral" prob="0.5"/>
DEBUG:Adding: <entity name="DoughsR69_zombieOldTimerRadiated" prob="0.66"/>
DEBUG:Adding: <entity name="DoughsR71_zombieNurseFeral" prob="0.7"/>
DEBUG:Adding: <entity name="DoughsR78_zombieSteveFeral" prob="0.7"/>
DEBUG:Adding: <entity name="DoughsR98_animalZombieDog"/>
DEBUG:ModletGen_AddZedsToEntityGroupsFile ENTITY GROUP: scoutHordeStageGS5778
DEBUG:Adding: <entity name="DoughsR13_zombieSteve"/>
DEBUG:Adding: <entity name="DoughsR19_zombieScreamerFeral" prob="0.4"/>
DEBUG:Adding: <entity name="DoughsR20_zombieSoldierRadiated" prob="0.66"/>
DEBUG:Adding: <entity name="DoughsR28_zombieMarlene"/>
DEBUG:Adding: <entity name="DoughsR32_zombieMoeRadiated" prob="0.66"/>
DEBUG:Adding: <entity name="DoughsR48_zombieCheerleaderRadiated" prob="0.66"/>
DEBUG:Adding: <entity name="DoughsR59_zombieArleneFeral" prob="0.7"/>
DEBUG:Adding: <entity name="DoughsR62_zombieDarlene"/>
DEBUG:Adding: <entity name="DoughsR65_zombieJanitor"/>
DEBUG:Adding: <entity name="DoughsR68_zombieScreamer" prob="0.5"/>
DEBUG:Adding: <entity name="DoughsR69_zombieOldTimerRadiated" prob="0.66"/>
DEBUG:ModletGen_AddZedsToEntityGroupsFile ENTITY GROUP: scoutHordeStageGS58
DEBUG:Adding: <entity name="DoughsR24_zombieNurse"/>
DEBUG:Adding: <entity name="DoughsR26_zombieFatHawaiian" prob="0.29"/>
DEBUG:Adding: <entity name="DoughsR31_zombieArlene"/>
DEBUG:Adding: <entity name="DoughsR35_zombieJoe"/>
DEBUG:Adding: <entity name="DoughsR41_zombieYo"/>
DEBUG:Adding: <entity name="DoughsR42_zombieMaleHazmat"/>
DEBUG:Adding: <entity name="DoughsR44_zombieBusinessMan"/>
DEBUG:Adding: <entity name="DoughsR49_zombieMoe"/>
DEBUG:Adding: <entity name="DoughsR64_zombieCheerleader"/>
DEBUG:Adding: <entity name="DoughsR88_animalZombieVulture" prob="0.17"/>
DEBUG:Adding: <entity name="DoughsR98_animalZombieDog"/>
DEBUG:ModletGen_AddZedsToEntityGroupsFile ENTITY GROUP: scoutHordeStageGS585
DEBUG:Adding: <entity name="DoughsR14_zombieSoldier" prob="1"/>
DEBUG:Adding: <entity name="DoughsR24_zombieNurse"/>
DEBUG:Adding: <entity name="DoughsR26_zombieFatHawaiian" prob="0.7"/>
DEBUG:Adding: <entity name="DoughsR29_zombieBoe"/>
DEBUG:Adding: <entity name="DoughsR2_zombieBusinessManFeral" prob="0.7"/>
DEBUG:Adding: <entity name="DoughsR37_zombieMarleneFeral" prob="0.7"/>
DEBUG:Adding: <entity name="DoughsR53_zombieJanitorFeral" prob="0.7"/>
DEBUG:Adding: <entity name="DoughsR63_zombieFatCopFeral" prob="0.5"/>
DEBUG:Adding: <entity name="DoughsR65_zombieJanitor"/>
DEBUG:Adding: <entity name="DoughsR78_zombieSteveFeral" prob="0.7"/>
DEBUG:Adding: <entity name="DoughsR79_zombieYoFeral" prob="0.7"/>
DEBUG:ModletGen_AddZedsToEntityGroupsFile ENTITY GROUP: scoutHordeStageGS598
DEBUG:Adding: <entity name="DoughsR21_zombieSpiderRadiated" prob="0.5"/>
DEBUG:Adding: <entity name="DoughsR24_zombieNurse"/>
DEBUG:Adding: <entity name="DoughsR25_zombieBiker"/>
DEBUG:Adding: <entity name="DoughsR26_zombieFatHawaiian" prob="0.7"/>
DEBUG:Adding: <entity name="DoughsR2_zombieBusinessManFeral" prob="0.7"/>
DEBUG:Adding: <entity name="DoughsR45_zombieSpider" prob="0.7"/>
DEBUG:Adding: <entity name="DoughsR59_zombieArleneFeral" prob="0.7"/>
DEBUG:Adding: <entity name="DoughsR64_zombieCheerleader"/>
DEBUG:Adding: <entity name="DoughsR79_zombieYoFeral" prob="0.7"/>
DEBUG:Adding: <entity name="DoughsR7_zombieWightFeral" prob="0.5"/>
DEBUG:Adding: <entity name="DoughsR88_animalZombieVulture" prob="0.3"/>
DEBUG:ModletGen_AddZedsToEntityGroupsFile ENTITY GROUP: scoutHordeStageGS610
DEBUG:Adding: <entity name="DoughsR21_zombieSpiderRadiated" prob="0.5"/>
DEBUG:Adding: <entity name="DoughsR24_zombieNurse"/>
DEBUG:Adding: <entity name="DoughsR29_zombieBoe"/>
DEBUG:Adding: <entity name="DoughsR36_zombieYoRadiated" prob="0.66"/>
DEBUG:Adding: <entity name="DoughsR39_zombieSkateboarderFeral" prob="0.7"/>
DEBUG:Adding: <entity name="DoughsR3_zombieFatCopRadiated" prob="0.5"/>
DEBUG:Adding: <entity name="DoughsR59_zombieArleneFeral" prob="0.7"/>
DEBUG:Adding: <entity name="DoughsR64_zombieCheerleader"/>
DEBUG:Adding: <entity name="DoughsR68_zombieScreamer" prob="0.5"/>
DEBUG:Adding: <entity name="DoughsR79_zombieYoFeral" prob="0.7"/>
DEBUG:Adding: <entity name="DoughsR81_zombieSteveRadiated" prob="0.66"/>
DEBUG:ModletGen_AddZedsToEntityGroupsFile ENTITY GROUP: scoutHordeStageGS623
DEBUG:Adding: <entity name="DoughsR12_zombieJoeFeral" prob="0.7"/>
DEBUG:Adding: <entity name="DoughsR14_zombieSoldier" prob="1"/>
DEBUG:Adding: <entity name="DoughsR16_zombieFemaleFat"/>
DEBUG:Adding: <entity name="DoughsR21_zombieSpiderRadiated" prob="0.5"/>
DEBUG:Adding: <entity name="DoughsR27_zombieFatCop" prob="0.7"/>
DEBUG:Adding: <entity name="DoughsR29_zombieBoe"/>
DEBUG:Adding: <entity name="DoughsR35_zombieJoe"/>
DEBUG:Adding: <entity name="DoughsR42_zombieMaleHazmat"/>
DEBUG:Adding: <entity name="DoughsR49_zombieMoe"/>
DEBUG:Adding: <entity name="DoughsR63_zombieFatCopFeral" prob="0.5"/>
DEBUG:Adding: <entity name="DoughsR65_zombieJanitor"/>
DEBUG:ModletGen_AddZedsToEntityGroupsFile ENTITY GROUP: scoutHordeStageGS636
DEBUG:Adding: <entity name="DoughsR19_zombieScreamerFeral" prob="0.4"/>
DEBUG:Adding: <entity name="DoughsR28_zombieMarlene"/>
DEBUG:Adding: <entity name="DoughsR31_zombieArlene"/>
DEBUG:Adding: <entity name="DoughsR36_zombieYoRadiated" prob="0.66"/>
DEBUG:Adding: <entity name="DoughsR39_zombieSkateboarderFeral" prob="0.7"/>
DEBUG:Adding: <entity name="DoughsR51_zombieDarleneFeral" prob="0.7"/>
DEBUG:Adding: <entity name="DoughsR58_zombieJanitorRadiated" prob="0.66"/>
DEBUG:Adding: <entity name="DoughsR64_zombieCheerleader"/>
DEBUG:Adding: <entity name="DoughsR65_zombieJanitor"/>
DEBUG:Adding: <entity name="DoughsR78_zombieSteveFeral" prob="0.7"/>
DEBUG:Adding: <entity name="DoughsR7_zombieWightFeral" prob="0.5"/>
DEBUG:ModletGen_AddZedsToEntityGroupsFile ENTITY GROUP: scoutHordeStageGS64
DEBUG:Adding: <entity name="DoughsR26_zombieFatHawaiian" prob="0.34"/>
DEBUG:Adding: <entity name="DoughsR31_zombieArlene"/>
DEBUG:Adding: <entity name="DoughsR35_zombieJoe"/>
DEBUG:Adding: <entity name="DoughsR37_zombieMarleneFeral" prob="0.26"/>
DEBUG:Adding: <entity name="DoughsR51_zombieDarleneFeral" prob="0.28"/>
DEBUG:Adding: <entity name="DoughsR62_zombieDarlene"/>
DEBUG:Adding: <entity name="DoughsR64_zombieCheerleader"/>
DEBUG:Adding: <entity name="DoughsR68_zombieScreamer" prob="0.5"/>
DEBUG:Adding: <entity name="DoughsR78_zombieSteveFeral" prob="0.23"/>
DEBUG:Adding: <entity name="DoughsR88_animalZombieVulture" prob="0.19"/>
DEBUG:Adding: <entity name="DoughsR98_animalZombieDog"/>
DEBUG:ModletGen_AddZedsToEntityGroupsFile ENTITY GROUP: scoutHordeStageGS649
DEBUG:Adding: <entity name="DoughsR10_zombieFemaleFatFeral" prob="0.6"/>
DEBUG:Adding: <entity name="DoughsR11_zombieBoeFeral" prob="0.7"/>
DEBUG:Adding: <entity name="DoughsR13_zombieSteve"/>
DEBUG:Adding: <entity name="DoughsR16_zombieFemaleFat"/>
DEBUG:Adding: <entity name="DoughsR31_zombieArlene"/>
DEBUG:Adding: <entity name="DoughsR37_zombieMarleneFeral" prob="0.7"/>
DEBUG:Adding: <entity name="DoughsR42_zombieMaleHazmat"/>
DEBUG:Adding: <entity name="DoughsR64_zombieCheerleader"/>
DEBUG:Adding: <entity name="DoughsR74_zombieMoeFeral" prob="0.7"/>
DEBUG:Adding: <entity name="DoughsR79_zombieYoFeral" prob="0.7"/>
DEBUG:Adding: <entity name="DoughsR98_animalZombieDog"/>
DEBUG:ModletGen_AddZedsToEntityGroupsFile ENTITY GROUP: scoutHordeStageGS662
DEBUG:Adding: <entity name="DoughsR13_zombieSteve"/>
DEBUG:Adding: <entity name="DoughsR16_zombieFemaleFat"/>
DEBUG:Adding: <entity name="DoughsR25_zombieBiker"/>
DEBUG:Adding: <entity name="DoughsR26_zombieFatHawaiian" prob="0.7"/>
DEBUG:Adding: <entity name="DoughsR36_zombieYoRadiated" prob="0.66"/>
DEBUG:Adding: <entity name="DoughsR41_zombieYo"/>
DEBUG:Adding: <entity name="DoughsR49_zombieMoe"/>
DEBUG:Adding: <entity name="DoughsR74_zombieMoeFeral" prob="0.7"/>
DEBUG:Adding: <entity name="DoughsR78_zombieSteveFeral" prob="0.7"/>
DEBUG:Adding: <entity name="DoughsR79_zombieYoFeral" prob="0.7"/>
DEBUG:Adding: <entity name="DoughsR88_animalZombieVulture" prob="0.3"/>
DEBUG:ModletGen_AddZedsToEntityGroupsFile ENTITY GROUP: scoutHordeStageGS675
DEBUG:Adding: <entity name="DoughsR24_zombieNurse"/>
DEBUG:Adding: <entity name="DoughsR26_zombieFatHawaiian" prob="0.7"/>
DEBUG:Adding: <entity name="DoughsR27_zombieFatCop" prob="0.7"/>
DEBUG:Adding: <entity name="DoughsR32_zombieMoeRadiated" prob="0.66"/>
DEBUG:Adding: <entity name="DoughsR34_zombieMarleneRadiated" prob="0.66"/>
DEBUG:Adding: <entity name="DoughsR42_zombieMaleHazmat"/>
DEBUG:Adding: <entity name="DoughsR45_zombieSpider" prob="0.7"/>
DEBUG:Adding: <entity name="DoughsR62_zombieDarlene"/>
DEBUG:Adding: <entity name="DoughsR63_zombieFatCopFeral" prob="0.5"/>
DEBUG:Adding: <entity name="DoughsR64_zombieCheerleader"/>
DEBUG:Adding: <entity name="DoughsR66_zombieDarleneRadiated" prob="0.66"/>
DEBUG:ModletGen_AddZedsToEntityGroupsFile ENTITY GROUP: scoutHordeStageGS688
DEBUG:Adding: <entity name="DoughsR16_zombieFemaleFat"/>
DEBUG:Adding: <entity name="DoughsR19_zombieScreamerFeral" prob="0.4"/>
DEBUG:Adding: <entity name="DoughsR26_zombieFatHawaiian" prob="0.7"/>
DEBUG:Adding: <entity name="DoughsR35_zombieJoe"/>
DEBUG:Adding: <entity name="DoughsR46_zombieFootballPlayer"/>
DEBUG:Adding: <entity name="DoughsR49_zombieMoe"/>
DEBUG:Adding: <entity name="DoughsR53_zombieJanitorFeral" prob="0.7"/>
DEBUG:Adding: <entity name="DoughsR58_zombieJanitorRadiated" prob="0.66"/>
DEBUG:Adding: <entity name="DoughsR65_zombieJanitor"/>
DEBUG:Adding: <entity name="DoughsR81_zombieSteveRadiated" prob="0.66"/>
DEBUG:Adding: <entity name="DoughsR98_animalZombieDog"/>
DEBUG:ModletGen_AddZedsToEntityGroupsFile ENTITY GROUP: scoutHordeStageGS70
DEBUG:Adding: <entity name="DoughsR28_zombieMarlene"/>
DEBUG:Adding: <entity name="DoughsR31_zombieArlene"/>
DEBUG:Adding: <entity name="DoughsR42_zombieMaleHazmat"/>
DEBUG:Adding: <entity name="DoughsR45_zombieSpider" prob="0.41"/>
DEBUG:Adding: <entity name="DoughsR51_zombieDarleneFeral" prob="0.33"/>
DEBUG:Adding: <entity name="DoughsR56_zombieUtilityWorker"/>
DEBUG:Adding: <entity name="DoughsR59_zombieArleneFeral" prob="0.36"/>
DEBUG:Adding: <entity name="DoughsR61_zombieSkateboarder"/>
DEBUG:Adding: <entity name="DoughsR64_zombieCheerleader"/>
DEBUG:Adding: <entity name="DoughsR65_zombieJanitor"/>
DEBUG:Adding: <entity name="DoughsR78_zombieSteveFeral" prob="0.27"/>
DEBUG:ModletGen_AddZedsToEntityGroupsFile ENTITY GROUP: scoutHordeStageGS702
DEBUG:Adding: <entity name="DoughsR12_zombieJoeFeral" prob="0.7"/>
DEBUG:Adding: <entity name="DoughsR30_zombieFatHawaiianFeral" prob="0.6"/>
DEBUG:Adding: <entity name="DoughsR37_zombieMarleneFeral" prob="0.7"/>
DEBUG:Adding: <entity name="DoughsR39_zombieSkateboarderFeral" prob="0.7"/>
DEBUG:Adding: <entity name="DoughsR3_zombieFatCopRadiated" prob="0.5"/>
DEBUG:Adding: <entity name="DoughsR53_zombieJanitorFeral" prob="0.7"/>
DEBUG:Adding: <entity name="DoughsR59_zombieArleneFeral" prob="0.7"/>
DEBUG:Adding: <entity name="DoughsR63_zombieFatCopFeral" prob="0.5"/>
DEBUG:Adding: <entity name="DoughsR65_zombieJanitor"/>
DEBUG:Adding: <entity name="DoughsR71_zombieNurseFeral" prob="0.7"/>
DEBUG:Adding: <entity name="DoughsR79_zombieYoFeral" prob="0.7"/>
DEBUG:ModletGen_AddZedsToEntityGroupsFile ENTITY GROUP: scoutHordeStageGS715
DEBUG:Adding: <entity name="DoughsR10_zombieFemaleFatFeral" prob="0.6"/>
DEBUG:Adding: <entity name="DoughsR26_zombieFatHawaiian" prob="0.7"/>
DEBUG:Adding: <entity name="DoughsR28_zombieMarlene"/>
DEBUG:Adding: <entity name="DoughsR31_zombieArlene"/>
DEBUG:Adding: <entity name="DoughsR41_zombieYo"/>
DEBUG:Adding: <entity name="DoughsR42_zombieMaleHazmat"/>
DEBUG:Adding: <entity name="DoughsR48_zombieCheerleaderRadiated" prob="0.66"/>
DEBUG:Adding: <entity name="DoughsR55_zombieJoeRadiated" prob="0.66"/>
DEBUG:Adding: <entity name="DoughsR64_zombieCheerleader"/>
DEBUG:Adding: <entity name="DoughsR66_zombieDarleneRadiated" prob="0.66"/>
DEBUG:Adding: <entity name="DoughsR86_zombieBikerRadiated" prob="0.6"/>
DEBUG:ModletGen_AddZedsToEntityGroupsFile ENTITY GROUP: scoutHordeStageGS729
DEBUG:Adding: <entity name="DoughsR19_zombieScreamerFeral" prob="0.4"/>
DEBUG:Adding: <entity name="DoughsR27_zombieFatCop" prob="0.7"/>
DEBUG:Adding: <entity name="DoughsR32_zombieMoeRadiated" prob="0.66"/>
DEBUG:Adding: <entity name="DoughsR37_zombieMarleneFeral" prob="0.7"/>
DEBUG:Adding: <entity name="DoughsR48_zombieCheerleaderRadiated" prob="0.66"/>
DEBUG:Adding: <entity name="DoughsR61_zombieSkateboarder"/>
DEBUG:Adding: <entity name="DoughsR68_zombieScreamer" prob="0.5"/>
DEBUG:Adding: <entity name="DoughsR69_zombieOldTimerRadiated" prob="0.66"/>
DEBUG:Adding: <entity name="DoughsR81_zombieSteveRadiated" prob="0.66"/>
DEBUG:Adding: <entity name="DoughsR86_zombieBikerRadiated" prob="0.6"/>
DEBUG:Adding: <entity name="DoughsR88_animalZombieVulture" prob="0.3"/>
DEBUG:ModletGen_AddZedsToEntityGroupsFile ENTITY GROUP: scoutHordeStageGS742
DEBUG:Adding: <entity name="DoughsR16_zombieFemaleFat"/>
DEBUG:Adding: <entity name="DoughsR29_zombieBoe"/>
DEBUG:Adding: <entity name="DoughsR30_zombieFatHawaiianFeral" prob="0.6"/>
DEBUG:Adding: <entity name="DoughsR3_zombieFatCopRadiated" prob="0.5"/>
DEBUG:Adding: <entity name="DoughsR45_zombieSpider" prob="0.7"/>
DEBUG:Adding: <entity name="DoughsR59_zombieArleneFeral" prob="0.7"/>
DEBUG:Adding: <entity name="DoughsR71_zombieNurseFeral" prob="0.7"/>
DEBUG:Adding: <entity name="DoughsR78_zombieSteveFeral" prob="0.7"/>
DEBUG:Adding: <entity name="DoughsR81_zombieSteveRadiated" prob="0.66"/>
DEBUG:Adding: <entity name="DoughsR86_zombieBikerRadiated" prob="0.6"/>
DEBUG:Adding: <entity name="DoughsR98_animalZombieDog"/>
DEBUG:ModletGen_AddZedsToEntityGroupsFile ENTITY GROUP: scoutHordeStageGS756
DEBUG:Adding: <entity name="DoughsR20_zombieSoldierRadiated" prob="0.66"/>
DEBUG:Adding: <entity name="DoughsR32_zombieMoeRadiated" prob="0.66"/>
DEBUG:Adding: <entity name="DoughsR36_zombieYoRadiated" prob="0.66"/>
DEBUG:Adding: <entity name="DoughsR42_zombieMaleHazmat"/>
DEBUG:Adding: <entity name="DoughsR49_zombieMoe"/>
DEBUG:Adding: <entity name="DoughsR51_zombieDarleneFeral" prob="0.7"/>
DEBUG:Adding: <entity name="DoughsR58_zombieJanitorRadiated" prob="0.66"/>
DEBUG:Adding: <entity name="DoughsR62_zombieDarlene"/>
DEBUG:Adding: <entity name="DoughsR64_zombieCheerleader"/>
DEBUG:Adding: <entity name="DoughsR78_zombieSteveFeral" prob="0.7"/>
DEBUG:Adding: <entity name="DoughsR88_animalZombieVulture" prob="0.3"/>
DEBUG:ModletGen_AddZedsToEntityGroupsFile ENTITY GROUP: scoutHordeStageGS76
DEBUG:Adding: <entity name="DoughsR12_zombieJoeFeral" prob="0.21"/>
DEBUG:Adding: <entity name="DoughsR27_zombieFatCop" prob="0.28"/>
DEBUG:Adding: <entity name="DoughsR28_zombieMarlene"/>
DEBUG:Adding: <entity name="DoughsR29_zombieBoe"/>
DEBUG:Adding: <entity name="DoughsR2_zombieBusinessManFeral" prob="0.24"/>
DEBUG:Adding: <entity name="DoughsR37_zombieMarleneFeral" prob="0.35"/>
DEBUG:Adding: <entity name="DoughsR51_zombieDarleneFeral" prob="0.37"/>
DEBUG:Adding: <entity name="DoughsR53_zombieJanitorFeral" prob="0.21"/>
DEBUG:Adding: <entity name="DoughsR65_zombieJanitor"/>
DEBUG:Adding: <entity name="DoughsR68_zombieScreamer" prob="0.5"/>
DEBUG:Adding: <entity name="DoughsR98_animalZombieDog"/>
DEBUG:ModletGen_AddZedsToEntityGroupsFile ENTITY GROUP: scoutHordeStageGS769
DEBUG:Adding: <entity name="DoughsR12_zombieJoeFeral" prob="0.7"/>
DEBUG:Adding: <entity name="DoughsR13_zombieSteve"/>
DEBUG:Adding: <entity name="DoughsR16_zombieFemaleFat"/>
DEBUG:Adding: <entity name="DoughsR24_zombieNurse"/>
DEBUG:Adding: <entity name="DoughsR25_zombieBiker"/>
DEBUG:Adding: <entity name="DoughsR26_zombieFatHawaiian" prob="0.7"/>
DEBUG:Adding: <entity name="DoughsR31_zombieArlene"/>
DEBUG:Adding: <entity name="DoughsR57_zombieSpiderFeral" prob="0.6"/>
DEBUG:Adding: <entity name="DoughsR62_zombieDarlene"/>
DEBUG:Adding: <entity name="DoughsR69_zombieOldTimerRadiated" prob="0.66"/>
DEBUG:Adding: <entity name="DoughsR79_zombieYoFeral" prob="0.7"/>
DEBUG:ModletGen_AddZedsToEntityGroupsFile ENTITY GROUP: scoutHordeStageGS783
DEBUG:Adding: <entity name="DoughsR12_zombieJoeFeral" prob="0.7"/>
DEBUG:Adding: <entity name="DoughsR25_zombieBiker"/>
DEBUG:Adding: <entity name="DoughsR30_zombieFatHawaiianFeral" prob="0.6"/>
DEBUG:Adding: <entity name="DoughsR31_zombieArlene"/>
DEBUG:Adding: <entity name="DoughsR37_zombieMarleneFeral" prob="0.7"/>
DEBUG:Adding: <entity name="DoughsR51_zombieDarleneFeral" prob="0.7"/>
DEBUG:Adding: <entity name="DoughsR53_zombieJanitorFeral" prob="0.7"/>
DEBUG:Adding: <entity name="DoughsR64_zombieCheerleader"/>
DEBUG:Adding: <entity name="DoughsR71_zombieNurseFeral" prob="0.7"/>
DEBUG:Adding: <entity name="DoughsR74_zombieMoeFeral" prob="0.7"/>
DEBUG:Adding: <entity name="DoughsR7_zombieWightFeral" prob="0.5"/>
DEBUG:ModletGen_AddZedsToEntityGroupsFile ENTITY GROUP: scoutHordeStageGS797
DEBUG:Adding: <entity name="DoughsR12_zombieJoeFeral" prob="0.7"/>
DEBUG:Adding: <entity name="DoughsR28_zombieMarlene"/>
DEBUG:Adding: <entity name="DoughsR29_zombieBoe"/>
DEBUG:Adding: <entity name="DoughsR54_zombieFemaleFatRadiated" prob="0.6"/>
DEBUG:Adding: <entity name="DoughsR58_zombieJanitorRadiated" prob="0.66"/>
DEBUG:Adding: <entity name="DoughsR59_zombieArleneFeral" prob="0.7"/>
DEBUG:Adding: <entity name="DoughsR61_zombieSkateboarder"/>
DEBUG:Adding: <entity name="DoughsR68_zombieScreamer" prob="0.5"/>
DEBUG:Adding: <entity name="DoughsR71_zombieNurseFeral" prob="0.7"/>
DEBUG:Adding: <entity name="DoughsR78_zombieSteveFeral" prob="0.7"/>
DEBUG:Adding: <entity name="DoughsR79_zombieYoFeral" prob="0.7"/>
DEBUG:ModletGen_AddZedsToEntityGroupsFile ENTITY GROUP: scoutHordeStageGS8
DEBUG:Adding: <entity name="DoughsR13_zombieSteve"/>
DEBUG:Adding: <entity name="DoughsR24_zombieNurse"/>
DEBUG:Adding: <entity name="DoughsR28_zombieMarlene"/>
DEBUG:Adding: <entity name="DoughsR29_zombieBoe"/>
DEBUG:Adding: <entity name="DoughsR31_zombieArlene"/>
DEBUG:Adding: <entity name="DoughsR35_zombieJoe"/>
DEBUG:Adding: <entity name="DoughsR41_zombieYo"/>
DEBUG:Adding: <entity name="DoughsR44_zombieBusinessMan"/>
DEBUG:Adding: <entity name="DoughsR49_zombieMoe"/>
DEBUG:Adding: <entity name="DoughsR61_zombieSkateboarder"/>
DEBUG:Adding: <entity name="DoughsR64_zombieCheerleader"/>
DEBUG:ModletGen_AddZedsToEntityGroupsFile ENTITY GROUP: scoutHordeStageGS811
DEBUG:Adding: <entity name="DoughsR29_zombieBoe"/>
DEBUG:Adding: <entity name="DoughsR32_zombieMoeRadiated" prob="0.66"/>
DEBUG:Adding: <entity name="DoughsR36_zombieYoRadiated" prob="0.66"/>
DEBUG:Adding: <entity name="DoughsR44_zombieBusinessMan"/>
DEBUG:Adding: <entity name="DoughsR48_zombieCheerleaderRadiated" prob="0.66"/>
DEBUG:Adding: <entity name="DoughsR59_zombieArleneFeral" prob="0.7"/>
DEBUG:Adding: <entity name="DoughsR66_zombieDarleneRadiated" prob="0.66"/>
DEBUG:Adding: <entity name="DoughsR75_zombieSkateboarderRadiated" prob="0.66"/>
DEBUG:Adding: <entity name="DoughsR81_zombieSteveRadiated" prob="0.66"/>
DEBUG:Adding: <entity name="DoughsR86_zombieBikerRadiated" prob="0.6"/>
DEBUG:Adding: <entity name="DoughsR88_animalZombieVulture" prob="0.3"/>
DEBUG:ModletGen_AddZedsToEntityGroupsFile ENTITY GROUP: scoutHordeStageGS82
DEBUG:Adding: <entity name="DoughsR24_zombieNurse"/>
DEBUG:Adding: <entity name="DoughsR2_zombieBusinessManFeral" prob="0.29"/>
DEBUG:Adding: <entity name="DoughsR35_zombieJoe"/>
DEBUG:Adding: <entity name="DoughsR42_zombieMaleHazmat"/>
DEBUG:Adding: <entity name="DoughsR53_zombieJanitorFeral" prob="0.25"/>
DEBUG:Adding: <entity name="DoughsR56_zombieUtilityWorker"/>
DEBUG:Adding: <entity name="DoughsR57_zombieSpiderFeral" prob="0.23"/>
DEBUG:Adding: <entity name="DoughsR64_zombieCheerleader"/>
DEBUG:Adding: <entity name="DoughsR78_zombieSteveFeral" prob="0.36"/>
DEBUG:Adding: <entity name="DoughsR79_zombieYoFeral" prob="0.38"/>
DEBUG:Adding: <entity name="DoughsR88_animalZombieVulture" prob="0.24"/>
DEBUG:ModletGen_AddZedsToEntityGroupsFile ENTITY GROUP: scoutHordeStageGS825
DEBUG:Adding: <entity name="DoughsR11_zombieBoeFeral" prob="0.7"/>
DEBUG:Adding: <entity name="DoughsR14_zombieSoldier" prob="1"/>
DEBUG:Adding: <entity name="DoughsR19_zombieScreamerFeral" prob="0.4"/>
DEBUG:Adding: <entity name="DoughsR30_zombieFatHawaiianFeral" prob="0.6"/>
DEBUG:Adding: <entity name="DoughsR45_zombieSpider" prob="0.7"/>
DEBUG:Adding: <entity name="DoughsR54_zombieFemaleFatRadiated" prob="0.6"/>
DEBUG:Adding: <entity name="DoughsR61_zombieSkateboarder"/>
DEBUG:Adding: <entity name="DoughsR64_zombieCheerleader"/>
DEBUG:Adding: <entity name="DoughsR66_zombieDarleneRadiated" prob="0.66"/>
DEBUG:Adding: <entity name="DoughsR69_zombieOldTimerRadiated" prob="0.66"/>
DEBUG:Adding: <entity name="DoughsR81_zombieSteveRadiated" prob="0.66"/>
DEBUG:ModletGen_AddZedsToEntityGroupsFile ENTITY GROUP: scoutHordeStageGS839
DEBUG:Adding: <entity name="DoughsR11_zombieBoeFeral" prob="0.7"/>
DEBUG:Adding: <entity name="DoughsR12_zombieJoeFeral" prob="0.7"/>
DEBUG:Adding: <entity name="DoughsR14_zombieSoldier" prob="1"/>
DEBUG:Adding: <entity name="DoughsR16_zombieFemaleFat"/>
DEBUG:Adding: <entity name="DoughsR19_zombieScreamerFeral" prob="0.4"/>
DEBUG:Adding: <entity name="DoughsR21_zombieSpiderRadiated" prob="0.5"/>
DEBUG:Adding: <entity name="DoughsR45_zombieSpider" prob="0.7"/>
DEBUG:Adding: <entity name="DoughsR71_zombieNurseFeral" prob="0.7"/>
DEBUG:Adding: <entity name="DoughsR74_zombieMoeFeral" prob="0.7"/>
DEBUG:Adding: <entity name="DoughsR75_zombieSkateboarderRadiated" prob="0.66"/>
DEBUG:Adding: <entity name="DoughsR86_zombieBikerRadiated" prob="0.6"/>
DEBUG:ModletGen_AddZedsToEntityGroupsFile ENTITY GROUP: scoutHordeStageGS853
DEBUG:Adding: <entity name="DoughsR13_zombieSteve"/>
DEBUG:Adding: <entity name="DoughsR24_zombieNurse"/>
DEBUG:Adding: <entity name="DoughsR32_zombieMoeRadiated" prob="0.66"/>
DEBUG:Adding: <entity name="DoughsR37_zombieMarleneFeral" prob="0.7"/>
DEBUG:Adding: <entity name="DoughsR42_zombieMaleHazmat"/>
DEBUG:Adding: <entity name="DoughsR44_zombieBusinessMan"/>
DEBUG:Adding: <entity name="DoughsR59_zombieArleneFeral" prob="0.7"/>
DEBUG:Adding: <entity name="DoughsR66_zombieDarleneRadiated" prob="0.66"/>
DEBUG:Adding: <entity name="DoughsR71_zombieNurseFeral" prob="0.7"/>
DEBUG:Adding: <entity name="DoughsR8_zombieArleneRadiated" prob="0.66"/>
DEBUG:Adding: <entity name="DoughsR98_animalZombieDog"/>
DEBUG:ModletGen_AddZedsToEntityGroupsFile ENTITY GROUP: scoutHordeStageGS868
DEBUG:Adding: <entity name="DoughsR19_zombieScreamerFeral" prob="0.4"/>
DEBUG:Adding: <entity name="DoughsR20_zombieSoldierRadiated" prob="0.66"/>
DEBUG:Adding: <entity name="DoughsR21_zombieSpiderRadiated" prob="0.5"/>
DEBUG:Adding: <entity name="DoughsR24_zombieNurse"/>
DEBUG:Adding: <entity name="DoughsR29_zombieBoe"/>
DEBUG:Adding: <entity name="DoughsR32_zombieMoeRadiated" prob="0.66"/>
DEBUG:Adding: <entity name="DoughsR63_zombieFatCopFeral" prob="0.5"/>
DEBUG:Adding: <entity name="DoughsR66_zombieDarleneRadiated" prob="0.66"/>
DEBUG:Adding: <entity name="DoughsR79_zombieYoFeral" prob="0.7"/>
DEBUG:Adding: <entity name="DoughsR81_zombieSteveRadiated" prob="0.66"/>
DEBUG:Adding: <entity name="DoughsR86_zombieBikerRadiated" prob="0.6"/>
DEBUG:ModletGen_AddZedsToEntityGroupsFile ENTITY GROUP: scoutHordeStageGS882
DEBUG:Adding: <entity name="DoughsR11_zombieBoeFeral" prob="0.7"/>
DEBUG:Adding: <entity name="DoughsR25_zombieBiker"/>
DEBUG:Adding: <entity name="DoughsR48_zombieCheerleaderRadiated" prob="0.66"/>
DEBUG:Adding: <entity name="DoughsR49_zombieMoe"/>
DEBUG:Adding: <entity name="DoughsR50_zombieBoeRadiated" prob="0.66"/>
DEBUG:Adding: <entity name="DoughsR51_zombieDarleneFeral" prob="0.7"/>
DEBUG:Adding: <entity name="DoughsR54_zombieFemaleFatRadiated" prob="0.6"/>
DEBUG:Adding: <entity name="DoughsR57_zombieSpiderFeral" prob="0.6"/>
DEBUG:Adding: <entity name="DoughsR59_zombieArleneFeral" prob="0.7"/>
DEBUG:Adding: <entity name="DoughsR71_zombieNurseFeral" prob="0.7"/>
DEBUG:Adding: <entity name="DoughsR78_zombieSteveFeral" prob="0.7"/>
DEBUG:ModletGen_AddZedsToEntityGroupsFile ENTITY GROUP: scoutHordeStageGS89
DEBUG:Adding: <entity name="DoughsR11_zombieBoeFeral" prob="0.25"/>
DEBUG:Adding: <entity name="DoughsR13_zombieSteve"/>
DEBUG:Adding: <entity name="DoughsR14_zombieSoldier" prob="0.53"/>
DEBUG:Adding: <entity name="DoughsR28_zombieMarlene"/>
DEBUG:Adding: <entity name="DoughsR2_zombieBusinessManFeral" prob="0.34"/>
DEBUG:Adding: <entity name="DoughsR31_zombieArlene"/>
DEBUG:Adding: <entity name="DoughsR45_zombieSpider" prob="0.55"/>
DEBUG:Adding: <entity name="DoughsR49_zombieMoe"/>
DEBUG:Adding: <entity name="DoughsR56_zombieUtilityWorker"/>
DEBUG:Adding: <entity name="DoughsR62_zombieDarlene"/>
DEBUG:Adding: <entity name="DoughsR98_animalZombieDog"/>
DEBUG:ModletGen_AddZedsToEntityGroupsFile ENTITY GROUP: scoutHordeStageGS896
DEBUG:Adding: <entity name="DoughsR2_zombieBusinessManFeral" prob="0.7"/>
DEBUG:Adding: <entity name="DoughsR32_zombieMoeRadiated" prob="0.66"/>
DEBUG:Adding: <entity name="DoughsR34_zombieMarleneRadiated" prob="0.66"/>
DEBUG:Adding: <entity name="DoughsR42_zombieMaleHazmat"/>
DEBUG:Adding: <entity name="DoughsR44_zombieBusinessMan"/>
DEBUG:Adding: <entity name="DoughsR56_zombieUtilityWorker"/>
DEBUG:Adding: <entity name="DoughsR61_zombieSkateboarder"/>
DEBUG:Adding: <entity name="DoughsR69_zombieOldTimerRadiated" prob="0.66"/>
DEBUG:Adding: <entity name="DoughsR74_zombieMoeFeral" prob="0.7"/>
DEBUG:Adding: <entity name="DoughsR79_zombieYoFeral" prob="0.7"/>
DEBUG:Adding: <entity name="DoughsR98_animalZombieDog"/>
DEBUG:ModletGen_AddZedsToEntityGroupsFile ENTITY GROUP: scoutHordeStageGS911
DEBUG:Adding: <entity name="DoughsR11_zombieBoeFeral" prob="0.7"/>
DEBUG:Adding: <entity name="DoughsR28_zombieMarlene"/>
DEBUG:Adding: <entity name="DoughsR39_zombieSkateboarderFeral" prob="0.7"/>
DEBUG:Adding: <entity name="DoughsR44_zombieBusinessMan"/>
DEBUG:Adding: <entity name="DoughsR48_zombieCheerleaderRadiated" prob="0.66"/>
DEBUG:Adding: <entity name="DoughsR53_zombieJanitorFeral" prob="0.7"/>
DEBUG:Adding: <entity name="DoughsR55_zombieJoeRadiated" prob="0.66"/>
DEBUG:Adding: <entity name="DoughsR58_zombieJanitorRadiated" prob="0.66"/>
DEBUG:Adding: <entity name="DoughsR68_zombieScreamer" prob="0.5"/>
DEBUG:Adding: <entity name="DoughsR74_zombieMoeFeral" prob="0.7"/>
DEBUG:Adding: <entity name="DoughsR8_zombieArleneRadiated" prob="0.66"/>
DEBUG:ModletGen_AddZedsToEntityGroupsFile ENTITY GROUP: scoutHordeStageGS925
DEBUG:Adding: <entity name="DoughsR14_zombieSoldier" prob="1"/>
DEBUG:Adding: <entity name="DoughsR19_zombieScreamerFeral" prob="0.4"/>
DEBUG:Adding: <entity name="DoughsR35_zombieJoe"/>
DEBUG:Adding: <entity name="DoughsR3_zombieFatCopRadiated" prob="0.5"/>
DEBUG:Adding: <entity name="DoughsR51_zombieDarleneFeral" prob="0.7"/>
DEBUG:Adding: <entity name="DoughsR54_zombieFemaleFatRadiated" prob="0.6"/>
DEBUG:Adding: <entity name="DoughsR56_zombieUtilityWorker"/>
DEBUG:Adding: <entity name="DoughsR57_zombieSpiderFeral" prob="0.6"/>
DEBUG:Adding: <entity name="DoughsR7_zombieWightFeral" prob="0.5"/>
DEBUG:Adding: <entity name="DoughsR8_zombieArleneRadiated" prob="0.66"/>
DEBUG:Adding: <entity name="DoughsR98_animalZombieDog"/>
DEBUG:ModletGen_AddZedsToEntityGroupsFile ENTITY GROUP: scoutHordeStageGS940
DEBUG:Adding: <entity name="DoughsR12_zombieJoeFeral" prob="0.7"/>
DEBUG:Adding: <entity name="DoughsR29_zombieBoe"/>
DEBUG:Adding: <entity name="DoughsR2_zombieBusinessManFeral" prob="0.7"/>
DEBUG:Adding: <entity name="DoughsR3_zombieFatCopRadiated" prob="0.5"/>
DEBUG:Adding: <entity name="DoughsR46_zombieFootballPlayer"/>
DEBUG:Adding: <entity name="DoughsR53_zombieJanitorFeral" prob="0.7"/>
DEBUG:Adding: <entity name="DoughsR54_zombieFemaleFatRadiated" prob="0.6"/>
DEBUG:Adding: <entity name="DoughsR58_zombieJanitorRadiated" prob="0.66"/>
DEBUG:Adding: <entity name="DoughsR64_zombieCheerleader"/>
DEBUG:Adding: <entity name="DoughsR68_zombieScreamer" prob="0.5"/>
DEBUG:Adding: <entity name="DoughsR74_zombieMoeFeral" prob="0.7"/>
DEBUG:ModletGen_AddZedsToEntityGroupsFile ENTITY GROUP: scoutHordeStageGS955
DEBUG:Adding: <entity name="DoughsR10_zombieFemaleFatFeral" prob="0.6"/>
DEBUG:Adding: <entity name="DoughsR28_zombieMarlene"/>
DEBUG:Adding: <entity name="DoughsR31_zombieArlene"/>
DEBUG:Adding: <entity name="DoughsR32_zombieMoeRadiated" prob="0.66"/>
DEBUG:Adding: <entity name="DoughsR35_zombieJoe"/>
DEBUG:Adding: <entity name="DoughsR41_zombieYo"/>
DEBUG:Adding: <entity name="DoughsR53_zombieJanitorFeral" prob="0.7"/>
DEBUG:Adding: <entity name="DoughsR64_zombieCheerleader"/>
DEBUG:Adding: <entity name="DoughsR71_zombieNurseFeral" prob="0.7"/>
DEBUG:Adding: <entity name="DoughsR86_zombieBikerRadiated" prob="0.6"/>
DEBUG:Adding: <entity name="DoughsR88_animalZombieVulture" prob="0.3"/>
DEBUG:ModletGen_AddZedsToEntityGroupsFile ENTITY GROUP: scoutHordeStageGS96
DEBUG:Adding: <entity name="DoughsR11_zombieBoeFeral" prob="0.3"/>
DEBUG:Adding: <entity name="DoughsR13_zombieSteve"/>
DEBUG:Adding: <entity name="DoughsR24_zombieNurse"/>
DEBUG:Adding: <entity name="DoughsR28_zombieMarlene"/>
DEBUG:Adding: <entity name="DoughsR31_zombieArlene"/>
DEBUG:Adding: <entity name="DoughsR45_zombieSpider" prob="0.6"/>
DEBUG:Adding: <entity name="DoughsR53_zombieJanitorFeral" prob="0.35"/>
DEBUG:Adding: <entity name="DoughsR59_zombieArleneFeral" prob="0.55"/>
DEBUG:Adding: <entity name="DoughsR78_zombieSteveFeral" prob="0.46"/>
DEBUG:Adding: <entity name="DoughsR7_zombieWightFeral" prob="0.2"/>
DEBUG:Adding: <entity name="DoughsR98_animalZombieDog"/>
DEBUG:ModletGen_AddZedsToEntityGroupsFile ENTITY GROUP: scoutHordeStageGS970
DEBUG:Adding: <entity name="DoughsR11_zombieBoeFeral" prob="0.7"/>
DEBUG:Adding: <entity name="DoughsR12_zombieJoeFeral" prob="0.7"/>
DEBUG:Adding: <entity name="DoughsR31_zombieArlene"/>
DEBUG:Adding: <entity name="DoughsR34_zombieMarleneRadiated" prob="0.66"/>
DEBUG:Adding: <entity name="DoughsR42_zombieMaleHazmat"/>
DEBUG:Adding: <entity name="DoughsR59_zombieArleneFeral" prob="0.7"/>
DEBUG:Adding: <entity name="DoughsR64_zombieCheerleader"/>
DEBUG:Adding: <entity name="DoughsR71_zombieNurseFeral" prob="0.7"/>
DEBUG:Adding: <entity name="DoughsR78_zombieSteveFeral" prob="0.7"/>
DEBUG:Adding: <entity name="DoughsR81_zombieSteveRadiated" prob="0.66"/>
DEBUG:Adding: <entity name="DoughsR86_zombieBikerRadiated" prob="0.6"/>
DEBUG:ModletGen_AddZedsToEntityGroupsFile ENTITY GROUP: scoutHordeStageGS985
DEBUG:Adding: <entity name="DoughsR10_zombieFemaleFatFeral" prob="0.6"/>
DEBUG:Adding: <entity name="DoughsR16_zombieFemaleFat"/>
DEBUG:Adding: <entity name="DoughsR35_zombieJoe"/>
DEBUG:Adding: <entity name="DoughsR3_zombieFatCopRadiated" prob="0.5"/>
DEBUG:Adding: <entity name="DoughsR41_zombieYo"/>
DEBUG:Adding: <entity name="DoughsR51_zombieDarleneFeral" prob="0.7"/>
DEBUG:Adding: <entity name="DoughsR61_zombieSkateboarder"/>
DEBUG:Adding: <entity name="DoughsR7_zombieWightFeral" prob="0.5"/>
DEBUG:Adding: <entity name="DoughsR81_zombieSteveRadiated" prob="0.66"/>
DEBUG:Adding: <entity name="DoughsR86_zombieBikerRadiated" prob="0.6"/>
DEBUG:Adding: <entity name="DoughsR98_animalZombieDog"/>
DEBUG:ModletGen_AddZedsToEntityGroupsFile ENTITY GROUP: sleeperHordeStageGS1
DEBUG:Adding: <entity name="DoughsR24_zombieNurse"/>
DEBUG:Adding: <entity name="DoughsR28_zombieMarlene"/>
DEBUG:Adding: <entity name="DoughsR29_zombieBoe"/>
DEBUG:Adding: <entity name="DoughsR31_zombieArlene"/>
DEBUG:Adding: <entity name="DoughsR35_zombieJoe"/>
DEBUG:Adding: <entity name="DoughsR41_zombieYo"/>
DEBUG:Adding: <entity name="DoughsR44_zombieBusinessMan"/>
DEBUG:Adding: <entity name="DoughsR5_zombieSteveCrawler" prob="0.5"/>
DEBUG:Adding: <entity name="DoughsR62_zombieDarlene"/>
DEBUG:Adding: <entity name="DoughsR64_zombieCheerleader"/>
DEBUG:Adding: <entity name="DoughsR65_zombieJanitor"/>
DEBUG:ModletGen_AddZedsToEntityGroupsFile ENTITY GROUP: sleeperHordeStageGS1000
DEBUG:Adding: <entity name="DoughsR14_zombieSoldier" prob="1"/>
DEBUG:Adding: <entity name="DoughsR28_zombieMarlene"/>
DEBUG:Adding: <entity name="DoughsR32_zombieMoeRadiated" prob="1"/>
DEBUG:Adding: <entity name="DoughsR34_zombieMarleneRadiated" prob="1"/>
DEBUG:Adding: <entity name="DoughsR36_zombieYoRadiated" prob="1"/>
DEBUG:Adding: <entity name="DoughsR39_zombieSkateboarderFeral" prob="1"/>
DEBUG:Adding: <entity name="DoughsR53_zombieJanitorFeral" prob="1"/>
DEBUG:Adding: <entity name="DoughsR54_zombieFemaleFatRadiated" prob="1"/>
DEBUG:Adding: <entity name="DoughsR75_zombieSkateboarderRadiated" prob="1"/>
DEBUG:Adding: <entity name="DoughsR81_zombieSteveRadiated" prob="1"/>
DEBUG:Adding: <entity name="DoughsR86_zombieBikerRadiated" prob="1"/>
DEBUG:ModletGen_AddZedsToEntityGroupsFile ENTITY GROUP: sleeperHordeStageGS1015
DEBUG:Adding: <entity name="DoughsR27_zombieFatCop" prob="1"/>
DEBUG:Adding: <entity name="DoughsR2_zombieBusinessManFeral" prob="1"/>
DEBUG:Adding: <entity name="DoughsR30_zombieFatHawaiianFeral" prob="1"/>
DEBUG:Adding: <entity name="DoughsR31_zombieArlene"/>
DEBUG:Adding: <entity name="DoughsR35_zombieJoe"/>
DEBUG:Adding: <entity name="DoughsR36_zombieYoRadiated" prob="1"/>
DEBUG:Adding: <entity name="DoughsR39_zombieSkateboarderFeral" prob="1"/>
DEBUG:Adding: <entity name="DoughsR53_zombieJanitorFeral" prob="1"/>
DEBUG:Adding: <entity name="DoughsR58_zombieJanitorRadiated" prob="1"/>
DEBUG:Adding: <entity name="DoughsR70_zombieBikerFeral" prob="1"/>
DEBUG:Adding: <entity name="DoughsR71_zombieNurseFeral" prob="1"/>
DEBUG:ModletGen_AddZedsToEntityGroupsFile ENTITY GROUP: sleeperHordeStageGS103
DEBUG:Adding: <entity name="DoughsR10_zombieFemaleFatFeral" prob="0.4"/>
DEBUG:Adding: <entity name="DoughsR11_zombieBoeFeral" prob="0.46"/>
DEBUG:Adding: <entity name="DoughsR24_zombieNurse"/>
DEBUG:Adding: <entity name="DoughsR25_zombieBiker" prob="0.93"/>
DEBUG:Adding: <entity name="DoughsR30_zombieFatHawaiianFeral" prob="0.36"/>
DEBUG:Adding: <entity name="DoughsR44_zombieBusinessMan"/>
DEBUG:Adding: <entity name="DoughsR5_zombieSteveCrawler" prob="0.5"/>
DEBUG:Adding: <entity name="DoughsR61_zombieSkateboarder"/>
DEBUG:Adding: <entity name="DoughsR71_zombieNurseFeral" prob="0.7"/>
DEBUG:Adding: <entity name="DoughsR73_zombieSteveCrawlerFeral" prob="0.5"/>
DEBUG:Adding: <entity name="DoughsR74_zombieMoeFeral" prob="0.37"/>
DEBUG:ModletGen_AddZedsToEntityGroupsFile ENTITY GROUP: sleeperHordeStageGS1030
DEBUG:Adding: <entity name="DoughsR25_zombieBiker" prob="1"/>
DEBUG:Adding: <entity name="DoughsR28_zombieMarlene"/>
DEBUG:Adding: <entity name="DoughsR30_zombieFatHawaiianFeral" prob="1"/>
DEBUG:Adding: <entity name="DoughsR37_zombieMarleneFeral" prob="1"/>
DEBUG:Adding: <entity name="DoughsR44_zombieBusinessMan"/>
DEBUG:Adding: <entity name="DoughsR46_zombieFootballPlayer" prob="1"/>
DEBUG:Adding: <entity name="DoughsR61_zombieSkateboarder"/>
DEBUG:Adding: <entity name="DoughsR64_zombieCheerleader"/>
DEBUG:Adding: <entity name="DoughsR73_zombieSteveCrawlerFeral" prob="0.5"/>
DEBUG:Adding: <entity name="DoughsR75_zombieSkateboarderRadiated" prob="1"/>
DEBUG:Adding: <entity name="DoughsR7_zombieWightFeral" prob="1"/>
DEBUG:ModletGen_AddZedsToEntityGroupsFile ENTITY GROUP: sleeperHordeStageGS1045
DEBUG:Adding: <entity name="DoughsR11_zombieBoeFeral" prob="1"/>
DEBUG:Adding: <entity name="DoughsR16_zombieFemaleFat" prob="1"/>
DEBUG:Adding: <entity name="DoughsR29_zombieBoe"/>
DEBUG:Adding: <entity name="DoughsR30_zombieFatHawaiianFeral" prob="1"/>
DEBUG:Adding: <entity name="DoughsR39_zombieSkateboarderFeral" prob="1"/>
DEBUG:Adding: <entity name="DoughsR53_zombieJanitorFeral" prob="1"/>
DEBUG:Adding: <entity name="DoughsR58_zombieJanitorRadiated" prob="1"/>
DEBUG:Adding: <entity name="DoughsR70_zombieBikerFeral" prob="1"/>
DEBUG:Adding: <entity name="DoughsR71_zombieNurseFeral" prob="1"/>
DEBUG:Adding: <entity name="DoughsR75_zombieSkateboarderRadiated" prob="1"/>
DEBUG:Adding: <entity name="DoughsR78_zombieSteveFeral" prob="1"/>
DEBUG:ModletGen_AddZedsToEntityGroupsFile ENTITY GROUP: sleeperHordeStageGS1060
DEBUG:Adding: <entity name="DoughsR31_zombieArlene"/>
DEBUG:Adding: <entity name="DoughsR37_zombieMarleneFeral" prob="1"/>
DEBUG:Adding: <entity name="DoughsR42_zombieMaleHazmat" prob="1"/>
DEBUG:Adding: <entity name="DoughsR46_zombieFootballPlayer" prob="1"/>
DEBUG:Adding: <entity name="DoughsR49_zombieMoe" prob="1"/>
DEBUG:Adding: <entity name="DoughsR53_zombieJanitorFeral" prob="1"/>
DEBUG:Adding: <entity name="DoughsR62_zombieDarlene"/>
DEBUG:Adding: <entity name="DoughsR71_zombieNurseFeral" prob="1"/>
DEBUG:Adding: <entity name="DoughsR73_zombieSteveCrawlerFeral" prob="0.5"/>
DEBUG:Adding: <entity name="DoughsR74_zombieMoeFeral" prob="1"/>
DEBUG:Adding: <entity name="DoughsR81_zombieSteveRadiated" prob="1"/>
DEBUG:ModletGen_AddZedsToEntityGroupsFile ENTITY GROUP: sleeperHordeStageGS1075
DEBUG:Adding: <entity name="DoughsR26_zombieFatHawaiian" prob="1"/>
DEBUG:Adding: <entity name="DoughsR31_zombieArlene"/>
DEBUG:Adding: <entity name="DoughsR36_zombieYoRadiated" prob="1"/>
DEBUG:Adding: <entity name="DoughsR37_zombieMarleneFeral" prob="1"/>
DEBUG:Adding: <entity name="DoughsR39_zombieSkateboarderFeral" prob="1"/>
DEBUG:Adding: <entity name="DoughsR3_zombieFatCopRadiated" prob="1"/>
DEBUG:Adding: <entity name="DoughsR49_zombieMoe" prob="1"/>
DEBUG:Adding: <entity name="DoughsR53_zombieJanitorFeral" prob="1"/>
DEBUG:Adding: <entity name="DoughsR62_zombieDarlene"/>
DEBUG:Adding: <entity name="DoughsR6_zombieSoldierFeral" prob="1"/>
DEBUG:Adding: <entity name="DoughsR73_zombieSteveCrawlerFeral" prob="0.5"/>
DEBUG:ModletGen_AddZedsToEntityGroupsFile ENTITY GROUP: sleeperHordeStageGS1091
DEBUG:Adding: <entity name="DoughsR14_zombieSoldier" prob="1"/>
DEBUG:Adding: <entity name="DoughsR16_zombieFemaleFat" prob="1"/>
DEBUG:Adding: <entity name="DoughsR26_zombieFatHawaiian" prob="1"/>
DEBUG:Adding: <entity name="DoughsR30_zombieFatHawaiianFeral" prob="1"/>
DEBUG:Adding: <entity name="DoughsR41_zombieYo"/>
DEBUG:Adding: <entity name="DoughsR53_zombieJanitorFeral" prob="1"/>
DEBUG:Adding: <entity name="DoughsR55_zombieJoeRadiated" prob="1"/>
DEBUG:Adding: <entity name="DoughsR56_zombieUtilityWorker" prob="1"/>
DEBUG:Adding: <entity name="DoughsR59_zombieArleneFeral" prob="1"/>
DEBUG:Adding: <entity name="DoughsR63_zombieFatCopFeral" prob="1"/>
DEBUG:Adding: <entity name="DoughsR74_zombieMoeFeral" prob="1"/>
DEBUG:ModletGen_AddZedsToEntityGroupsFile ENTITY GROUP: sleeperHordeStageGS11
DEBUG:Adding: <entity name="DoughsR13_zombieSteve"/>
DEBUG:Adding: <entity name="DoughsR24_zombieNurse"/>
DEBUG:Adding: <entity name="DoughsR29_zombieBoe"/>
DEBUG:Adding: <entity name="DoughsR31_zombieArlene"/>
DEBUG:Adding: <entity name="DoughsR35_zombieJoe"/>
DEBUG:Adding: <entity name="DoughsR41_zombieYo"/>
DEBUG:Adding: <entity name="DoughsR44_zombieBusinessMan"/>
DEBUG:Adding: <entity name="DoughsR5_zombieSteveCrawler" prob="0.5"/>
DEBUG:Adding: <entity name="DoughsR62_zombieDarlene"/>
DEBUG:Adding: <entity name="DoughsR64_zombieCheerleader"/>
DEBUG:Adding: <entity name="DoughsR65_zombieJanitor"/>
DEBUG:ModletGen_AddZedsToEntityGroupsFile ENTITY GROUP: sleeperHordeStageGS110
DEBUG:Adding: <entity name="DoughsR24_zombieNurse"/>
DEBUG:Adding: <entity name="DoughsR27_zombieFatCop" prob="0.74"/>
DEBUG:Adding: <entity name="DoughsR29_zombieBoe"/>
DEBUG:Adding: <entity name="DoughsR30_zombieFatHawaiianFeral" prob="0.43"/>
DEBUG:Adding: <entity name="DoughsR39_zombieSkateboarderFeral" prob="0.65"/>
DEBUG:Adding: <entity name="DoughsR41_zombieYo"/>
DEBUG:Adding: <entity name="DoughsR42_zombieMaleHazmat" prob="1"/>
DEBUG:Adding: <entity name="DoughsR49_zombieMoe" prob="1"/>
DEBUG:Adding: <entity name="DoughsR61_zombieSkateboarder"/>
DEBUG:Adding: <entity name="DoughsR63_zombieFatCopFeral" prob="0.32"/>
DEBUG:Adding: <entity name="DoughsR70_zombieBikerFeral" prob="0.39"/>
DEBUG:ModletGen_AddZedsToEntityGroupsFile ENTITY GROUP: sleeperHordeStageGS1106
DEBUG:Adding: <entity name="DoughsR11_zombieBoeFeral" prob="1"/>
DEBUG:Adding: <entity name="DoughsR12_zombieJoeFeral" prob="1"/>
DEBUG:Adding: <entity name="DoughsR22_zombieWightRadiated" prob="1"/>
DEBUG:Adding: <entity name="DoughsR24_zombieNurse"/>
DEBUG:Adding: <entity name="DoughsR35_zombieJoe"/>
DEBUG:Adding: <entity name="DoughsR3_zombieFatCopRadiated" prob="1"/>
DEBUG:Adding: <entity name="DoughsR53_zombieJanitorFeral" prob="1"/>
DEBUG:Adding: <entity name="DoughsR54_zombieFemaleFatRadiated" prob="1"/>
DEBUG:Adding: <entity name="DoughsR63_zombieFatCopFeral" prob="1"/>
DEBUG:Adding: <entity name="DoughsR66_zombieDarleneRadiated" prob="1"/>
DEBUG:Adding: <entity name="DoughsR81_zombieSteveRadiated" prob="1"/>
DEBUG:ModletGen_AddZedsToEntityGroupsFile ENTITY GROUP: sleeperHordeStageGS1122
DEBUG:Adding: <entity name="DoughsR13_zombieSteve"/>
DEBUG:Adding: <entity name="DoughsR16_zombieFemaleFat" prob="1"/>
DEBUG:Adding: <entity name="DoughsR36_zombieYoRadiated" prob="1"/>
DEBUG:Adding: <entity name="DoughsR39_zombieSkateboarderFeral" prob="1"/>
DEBUG:Adding: <entity name="DoughsR49_zombieMoe" prob="1"/>
DEBUG:Adding: <entity name="DoughsR54_zombieFemaleFatRadiated" prob="1"/>
DEBUG:Adding: <entity name="DoughsR56_zombieUtilityWorker" prob="1"/>
DEBUG:Adding: <entity name="DoughsR57_zombieSpiderFeral" prob="1"/>
DEBUG:Adding: <entity name="DoughsR62_zombieDarlene"/>
DEBUG:Adding: <entity name="DoughsR69_zombieOldTimerRadiated" prob="1"/>
DEBUG:Adding: <entity name="DoughsR71_zombieNurseFeral" prob="1"/>
DEBUG:ModletGen_AddZedsToEntityGroupsFile ENTITY GROUP: sleeperHordeStageGS1137
DEBUG:Adding: <entity name="DoughsR14_zombieSoldier" prob="1"/>
DEBUG:Adding: <entity name="DoughsR20_zombieSoldierRadiated" prob="1"/>
DEBUG:Adding: <entity name="DoughsR24_zombieNurse"/>
DEBUG:Adding: <entity name="DoughsR32_zombieMoeRadiated" prob="1"/>
DEBUG:Adding: <entity name="DoughsR53_zombieJanitorFeral" prob="1"/>
DEBUG:Adding: <entity name="DoughsR56_zombieUtilityWorker" prob="1"/>
DEBUG:Adding: <entity name="DoughsR5_zombieSteveCrawler" prob="0.5"/>
DEBUG:Adding: <entity name="DoughsR71_zombieNurseFeral" prob="1"/>
DEBUG:Adding: <entity name="DoughsR73_zombieSteveCrawlerFeral" prob="0.5"/>
DEBUG:Adding: <entity name="DoughsR74_zombieMoeFeral" prob="1"/>
DEBUG:Adding: <entity name="DoughsR8_zombieArleneRadiated" prob="1"/>
DEBUG:ModletGen_AddZedsToEntityGroupsFile ENTITY GROUP: sleeperHordeStageGS1153
DEBUG:Adding: <entity name="DoughsR10_zombieFemaleFatFeral" prob="1"/>
DEBUG:Adding: <entity name="DoughsR16_zombieFemaleFat" prob="1"/>
DEBUG:Adding: <entity name="DoughsR26_zombieFatHawaiian" prob="1"/>
DEBUG:Adding: <entity name="DoughsR2_zombieBusinessManFeral" prob="1"/>
DEBUG:Adding: <entity name="DoughsR30_zombieFatHawaiianFeral" prob="1"/>
DEBUG:Adding: <entity name="DoughsR39_zombieSkateboarderFeral" prob="1"/>
DEBUG:Adding: <entity name="DoughsR50_zombieBoeRadiated" prob="1"/>
DEBUG:Adding: <entity name="DoughsR53_zombieJanitorFeral" prob="1"/>
DEBUG:Adding: <entity name="DoughsR56_zombieUtilityWorker" prob="1"/>
DEBUG:Adding: <entity name="DoughsR74_zombieMoeFeral" prob="1"/>
DEBUG:Adding: <entity name="DoughsR7_zombieWightFeral" prob="1"/>
DEBUG:ModletGen_AddZedsToEntityGroupsFile ENTITY GROUP: sleeperHordeStageGS1169
DEBUG:Adding: <entity name="DoughsR10_zombieFemaleFatFeral" prob="1"/>
DEBUG:Adding: <entity name="DoughsR20_zombieSoldierRadiated" prob="1"/>
DEBUG:Adding: <entity name="DoughsR25_zombieBiker" prob="1"/>
DEBUG:Adding: <entity name="DoughsR26_zombieFatHawaiian" prob="1"/>
DEBUG:Adding: <entity name="DoughsR28_zombieMarlene"/>
DEBUG:Adding: <entity name="DoughsR30_zombieFatHawaiianFeral" prob="1"/>
DEBUG:Adding: <entity name="DoughsR49_zombieMoe" prob="1"/>
DEBUG:Adding: <entity name="DoughsR53_zombieJanitorFeral" prob="1"/>
DEBUG:Adding: <entity name="DoughsR57_zombieSpiderFeral" prob="1"/>
DEBUG:Adding: <entity name="DoughsR62_zombieDarlene"/>
DEBUG:Adding: <entity name="DoughsR8_zombieArleneRadiated" prob="1"/>
DEBUG:ModletGen_AddZedsToEntityGroupsFile ENTITY GROUP: sleeperHordeStageGS117
DEBUG:Adding: <entity name="DoughsR10_zombieFemaleFatFeral" prob="0.54"/>
DEBUG:Adding: <entity name="DoughsR29_zombieBoe"/>
DEBUG:Adding: <entity name="DoughsR31_zombieArlene"/>
DEBUG:Adding: <entity name="DoughsR37_zombieMarleneFeral" prob="0.93"/>
DEBUG:Adding: <entity name="DoughsR39_zombieSkateboarderFeral" prob="0.72"/>
DEBUG:Adding: <entity name="DoughsR46_zombieFootballPlayer" prob="0.63"/>
DEBUG:Adding: <entity name="DoughsR48_zombieCheerleaderRadiated" prob="0.33"/>
DEBUG:Adding: <entity name="DoughsR57_zombieSpiderFeral" prob="0.49"/>
DEBUG:Adding: <entity name="DoughsR6_zombieSoldierFeral" prob="0.48"/>
DEBUG:Adding: <entity name="DoughsR73_zombieSteveCrawlerFeral" prob="0.5"/>
DEBUG:Adding: <entity name="DoughsR78_zombieSteveFeral" prob="0.87"/>
DEBUG:ModletGen_AddZedsToEntityGroupsFile ENTITY GROUP: sleeperHordeStageGS1185
DEBUG:Adding: <entity name="DoughsR21_zombieSpiderRadiated" prob="1"/>
DEBUG:Adding: <entity name="DoughsR25_zombieBiker" prob="1"/>
DEBUG:Adding: <entity name="DoughsR26_zombieFatHawaiian" prob="1"/>
DEBUG:Adding: <entity name="DoughsR37_zombieMarleneFeral" prob="1"/>
DEBUG:Adding: <entity name="DoughsR42_zombieMaleHazmat" prob="1"/>
DEBUG:Adding: <entity name="DoughsR44_zombieBusinessMan"/>
DEBUG:Adding: <entity name="DoughsR54_zombieFemaleFatRadiated" prob="1"/>
DEBUG:Adding: <entity name="DoughsR61_zombieSkateboarder"/>
DEBUG:Adding: <entity name="DoughsR62_zombieDarlene"/>
DEBUG:Adding: <entity name="DoughsR69_zombieOldTimerRadiated" prob="1"/>
DEBUG:Adding: <entity name="DoughsR74_zombieMoeFeral" prob="1"/>
DEBUG:ModletGen_AddZedsToEntityGroupsFile ENTITY GROUP: sleeperHordeStageGS1201
DEBUG:Adding: <entity name="DoughsR13_zombieSteve"/>
DEBUG:Adding: <entity name="DoughsR14_zombieSoldier" prob="1"/>
DEBUG:Adding: <entity name="DoughsR16_zombieFemaleFat" prob="1"/>
DEBUG:Adding: <entity name="DoughsR26_zombieFatHawaiian" prob="1"/>
DEBUG:Adding: <entity name="DoughsR37_zombieMarleneFeral" prob="1"/>
DEBUG:Adding: <entity name="DoughsR55_zombieJoeRadiated" prob="1"/>
DEBUG:Adding: <entity name="DoughsR56_zombieUtilityWorker" prob="1"/>
DEBUG:Adding: <entity name="DoughsR73_zombieSteveCrawlerFeral" prob="0.5"/>
DEBUG:Adding: <entity name="DoughsR74_zombieMoeFeral" prob="1"/>
DEBUG:Adding: <entity name="DoughsR86_zombieBikerRadiated" prob="1"/>
DEBUG:Adding: <entity name="DoughsR8_zombieArleneRadiated" prob="1"/>
DEBUG:ModletGen_AddZedsToEntityGroupsFile ENTITY GROUP: sleeperHordeStageGS1217
DEBUG:Adding: <entity name="DoughsR13_zombieSteve"/>
DEBUG:Adding: <entity name="DoughsR2_zombieBusinessManFeral" prob="1"/>
DEBUG:Adding: <entity name="DoughsR32_zombieMoeRadiated" prob="1"/>
DEBUG:Adding: <entity name="DoughsR36_zombieYoRadiated" prob="1"/>
DEBUG:Adding: <entity name="DoughsR3_zombieFatCopRadiated" prob="1"/>
DEBUG:Adding: <entity name="DoughsR54_zombieFemaleFatRadiated" prob="1"/>
DEBUG:Adding: <entity name="DoughsR56_zombieUtilityWorker" prob="1"/>
DEBUG:Adding: <entity name="DoughsR57_zombieSpiderFeral" prob="1"/>
DEBUG:Adding: <entity name="DoughsR64_zombieCheerleader"/>
DEBUG:Adding: <entity name="DoughsR70_zombieBikerFeral" prob="1"/>
DEBUG:Adding: <entity name="DoughsR7_zombieWightFeral" prob="1"/>
DEBUG:ModletGen_AddZedsToEntityGroupsFile ENTITY GROUP: sleeperHordeStageGS1233
DEBUG:Adding: <entity name="DoughsR14_zombieSoldier" prob="1"/>
DEBUG:Adding: <entity name="DoughsR27_zombieFatCop" prob="1"/>
DEBUG:Adding: <entity name="DoughsR28_zombieMarlene"/>
DEBUG:Adding: <entity name="DoughsR2_zombieBusinessManFeral" prob="1"/>
DEBUG:Adding: <entity name="DoughsR32_zombieMoeRadiated" prob="1"/>
DEBUG:Adding: <entity name="DoughsR41_zombieYo"/>
DEBUG:Adding: <entity name="DoughsR45_zombieSpider" prob="1"/>
DEBUG:Adding: <entity name="DoughsR46_zombieFootballPlayer" prob="1"/>
DEBUG:Adding: <entity name="DoughsR56_zombieUtilityWorker" prob="1"/>
DEBUG:Adding: <entity name="DoughsR64_zombieCheerleader"/>
DEBUG:Adding: <entity name="DoughsR71_zombieNurseFeral" prob="1"/>
DEBUG:ModletGen_AddZedsToEntityGroupsFile ENTITY GROUP: sleeperHordeStageGS1249
DEBUG:Adding: <entity name="DoughsR12_zombieJoeFeral" prob="1"/>
DEBUG:Adding: <entity name="DoughsR14_zombieSoldier" prob="1"/>
DEBUG:Adding: <entity name="DoughsR21_zombieSpiderRadiated" prob="1"/>
DEBUG:Adding: <entity name="DoughsR35_zombieJoe"/>
DEBUG:Adding: <entity name="DoughsR39_zombieSkateboarderFeral" prob="1"/>
DEBUG:Adding: <entity name="DoughsR46_zombieFootballPlayer" prob="1"/>
DEBUG:Adding: <entity name="DoughsR49_zombieMoe" prob="1"/>
DEBUG:Adding: <entity name="DoughsR53_zombieJanitorFeral" prob="1"/>
DEBUG:Adding: <entity name="DoughsR55_zombieJoeRadiated" prob="1"/>
DEBUG:Adding: <entity name="DoughsR75_zombieSkateboarderRadiated" prob="1"/>
DEBUG:Adding: <entity name="DoughsR81_zombieSteveRadiated" prob="1"/>
DEBUG:ModletGen_AddZedsToEntityGroupsFile ENTITY GROUP: sleeperHordeStageGS125
DEBUG:Adding: <entity name="DoughsR10_zombieFemaleFatFeral" prob="0.62"/>
DEBUG:Adding: <entity name="DoughsR11_zombieBoeFeral" prob="0.68"/>
DEBUG:Adding: <entity name="DoughsR12_zombieJoeFeral" prob="0.77"/>
DEBUG:Adding: <entity name="DoughsR16_zombieFemaleFat" prob="1"/>
DEBUG:Adding: <entity name="DoughsR25_zombieBiker" prob="1"/>
DEBUG:Adding: <entity name="DoughsR27_zombieFatCop" prob="0.89"/>
DEBUG:Adding: <entity name="DoughsR46_zombieFootballPlayer" prob="0.71"/>
DEBUG:Adding: <entity name="DoughsR58_zombieJanitorRadiated" prob="0.32"/>
DEBUG:Adding: <entity name="DoughsR65_zombieJanitor"/>
DEBUG:Adding: <entity name="DoughsR73_zombieSteveCrawlerFeral" prob="0.5"/>
DEBUG:Adding: <entity name="DoughsR79_zombieYoFeral" prob="0.98"/>
DEBUG:ModletGen_AddZedsToEntityGroupsFile ENTITY GROUP: sleeperHordeStageGS1265
DEBUG:Adding: <entity name="DoughsR20_zombieSoldierRadiated" prob="1"/>
DEBUG:Adding: <entity name="DoughsR27_zombieFatCop" prob="1"/>
DEBUG:Adding: <entity name="DoughsR29_zombieBoe"/>
DEBUG:Adding: <entity name="DoughsR34_zombieMarleneRadiated" prob="1"/>
DEBUG:Adding: <entity name="DoughsR37_zombieMarleneFeral" prob="1"/>
DEBUG:Adding: <entity name="DoughsR46_zombieFootballPlayer" prob="1"/>
DEBUG:Adding: <entity name="DoughsR48_zombieCheerleaderRadiated" prob="1"/>
DEBUG:Adding: <entity name="DoughsR51_zombieDarleneFeral" prob="1"/>
DEBUG:Adding: <entity name="DoughsR55_zombieJoeRadiated" prob="1"/>
DEBUG:Adding: <entity name="DoughsR57_zombieSpiderFeral" prob="1"/>
DEBUG:Adding: <entity name="DoughsR81_zombieSteveRadiated" prob="1"/>
DEBUG:ModletGen_AddZedsToEntityGroupsFile ENTITY GROUP: sleeperHordeStageGS1281
DEBUG:Adding: <entity name="DoughsR12_zombieJoeFeral" prob="1"/>
DEBUG:Adding: <entity name="DoughsR16_zombieFemaleFat" prob="1"/>
DEBUG:Adding: <entity name="DoughsR21_zombieSpiderRadiated" prob="1"/>
DEBUG:Adding: <entity name="DoughsR31_zombieArlene"/>
DEBUG:Adding: <entity name="DoughsR32_zombieMoeRadiated" prob="1"/>
DEBUG:Adding: <entity name="DoughsR36_zombieYoRadiated" prob="1"/>
DEBUG:Adding: <entity name="DoughsR42_zombieMaleHazmat" prob="1"/>
DEBUG:Adding: <entity name="DoughsR49_zombieMoe" prob="1"/>
DEBUG:Adding: <entity name="DoughsR62_zombieDarlene"/>
DEBUG:Adding: <entity name="DoughsR69_zombieOldTimerRadiated" prob="1"/>
DEBUG:Adding: <entity name="DoughsR73_zombieSteveCrawlerFeral" prob="0.5"/>
DEBUG:ModletGen_AddZedsToEntityGroupsFile ENTITY GROUP: sleeperHordeStageGS1298
DEBUG:Adding: <entity name="DoughsR10_zombieFemaleFatFeral" prob="1"/>
DEBUG:Adding: <entity name="DoughsR13_zombieSteve"/>
DEBUG:Adding: <entity name="DoughsR14_zombieSoldier" prob="1"/>
DEBUG:Adding: <entity name="DoughsR30_zombieFatHawaiianFeral" prob="1"/>
DEBUG:Adding: <entity name="DoughsR34_zombieMarleneRadiated" prob="1"/>
DEBUG:Adding: <entity name="DoughsR35_zombieJoe"/>
DEBUG:Adding: <entity name="DoughsR48_zombieCheerleaderRadiated" prob="1"/>
DEBUG:Adding: <entity name="DoughsR5_zombieSteveCrawler" prob="0.5"/>
DEBUG:Adding: <entity name="DoughsR69_zombieOldTimerRadiated" prob="1"/>
DEBUG:Adding: <entity name="DoughsR73_zombieSteveCrawlerFeral" prob="0.5"/>
DEBUG:Adding: <entity name="DoughsR78_zombieSteveFeral" prob="1"/>
DEBUG:ModletGen_AddZedsToEntityGroupsFile ENTITY GROUP: sleeperHordeStageGS1314
DEBUG:Adding: <entity name="DoughsR13_zombieSteve"/>
DEBUG:Adding: <entity name="DoughsR30_zombieFatHawaiianFeral" prob="1"/>
DEBUG:Adding: <entity name="DoughsR42_zombieMaleHazmat" prob="1"/>
DEBUG:Adding: <entity name="DoughsR44_zombieBusinessMan"/>
DEBUG:Adding: <entity name="DoughsR48_zombieCheerleaderRadiated" prob="1"/>
DEBUG:Adding: <entity name="DoughsR51_zombieDarleneFeral" prob="1"/>
DEBUG:Adding: <entity name="DoughsR54_zombieFemaleFatRadiated" prob="1"/>
DEBUG:Adding: <entity name="DoughsR61_zombieSkateboarder"/>
DEBUG:Adding: <entity name="DoughsR66_zombieDarleneRadiated" prob="1"/>
DEBUG:Adding: <entity name="DoughsR71_zombieNurseFeral" prob="1"/>
DEBUG:Adding: <entity name="DoughsR7_zombieWightFeral" prob="1"/>
DEBUG:ModletGen_AddZedsToEntityGroupsFile ENTITY GROUP: sleeperHordeStageGS132
DEBUG:Adding: <entity name="DoughsR12_zombieJoeFeral" prob="0.84"/>
DEBUG:Adding: <entity name="DoughsR41_zombieYo"/>
DEBUG:Adding: <entity name="DoughsR49_zombieMoe" prob="1"/>
DEBUG:Adding: <entity name="DoughsR58_zombieJanitorRadiated" prob="0.39"/>
DEBUG:Adding: <entity name="DoughsR59_zombieArleneFeral" prob="1"/>
DEBUG:Adding: <entity name="DoughsR5_zombieSteveCrawler" prob="0.5"/>
DEBUG:Adding: <entity name="DoughsR64_zombieCheerleader"/>
DEBUG:Adding: <entity name="DoughsR65_zombieJanitor"/>
DEBUG:Adding: <entity name="DoughsR74_zombieMoeFeral" prob="0.66"/>
DEBUG:Adding: <entity name="DoughsR7_zombieWightFeral" prob="0.57"/>
DEBUG:Adding: <entity name="DoughsR8_zombieArleneRadiated" prob="0.33"/>
DEBUG:ModletGen_AddZedsToEntityGroupsFile ENTITY GROUP: sleeperHordeStageGS1331
DEBUG:Adding: <entity name="DoughsR26_zombieFatHawaiian" prob="1"/>
DEBUG:Adding: <entity name="DoughsR2_zombieBusinessManFeral" prob="1"/>
DEBUG:Adding: <entity name="DoughsR32_zombieMoeRadiated" prob="1"/>
DEBUG:Adding: <entity name="DoughsR41_zombieYo"/>
DEBUG:Adding: <entity name="DoughsR42_zombieMaleHazmat" prob="1"/>
DEBUG:Adding: <entity name="DoughsR46_zombieFootballPlayer" prob="1"/>
DEBUG:Adding: <entity name="DoughsR56_zombieUtilityWorker" prob="1"/>
DEBUG:Adding: <entity name="DoughsR57_zombieSpiderFeral" prob="1"/>
DEBUG:Adding: <entity name="DoughsR63_zombieFatCopFeral" prob="1"/>
DEBUG:Adding: <entity name="DoughsR66_zombieDarleneRadiated" prob="1"/>
DEBUG:Adding: <entity name="DoughsR81_zombieSteveRadiated" prob="1"/>
DEBUG:ModletGen_AddZedsToEntityGroupsFile ENTITY GROUP: sleeperHordeStageGS1347
DEBUG:Adding: <entity name="DoughsR11_zombieBoeFeral" prob="1"/>
DEBUG:Adding: <entity name="DoughsR24_zombieNurse"/>
DEBUG:Adding: <entity name="DoughsR26_zombieFatHawaiian" prob="1"/>
DEBUG:Adding: <entity name="DoughsR55_zombieJoeRadiated" prob="1"/>
DEBUG:Adding: <entity name="DoughsR57_zombieSpiderFeral" prob="1"/>
DEBUG:Adding: <entity name="DoughsR64_zombieCheerleader"/>
DEBUG:Adding: <entity name="DoughsR6_zombieSoldierFeral" prob="1"/>
DEBUG:Adding: <entity name="DoughsR71_zombieNurseFeral" prob="1"/>
DEBUG:Adding: <entity name="DoughsR7_zombieWightFeral" prob="1"/>
DEBUG:Adding: <entity name="DoughsR86_zombieBikerRadiated" prob="1"/>
DEBUG:Adding: <entity name="DoughsR8_zombieArleneRadiated" prob="1"/>
DEBUG:ModletGen_AddZedsToEntityGroupsFile ENTITY GROUP: sleeperHordeStageGS1364
DEBUG:Adding: <entity name="DoughsR14_zombieSoldier" prob="1"/>
DEBUG:Adding: <entity name="DoughsR26_zombieFatHawaiian" prob="1"/>
DEBUG:Adding: <entity name="DoughsR28_zombieMarlene"/>
DEBUG:Adding: <entity name="DoughsR31_zombieArlene"/>
DEBUG:Adding: <entity name="DoughsR3_zombieFatCopRadiated" prob="1"/>
DEBUG:Adding: <entity name="DoughsR58_zombieJanitorRadiated" prob="1"/>
DEBUG:Adding: <entity name="DoughsR5_zombieSteveCrawler" prob="0.5"/>
DEBUG:Adding: <entity name="DoughsR61_zombieSkateboarder"/>
DEBUG:Adding: <entity name="DoughsR70_zombieBikerFeral" prob="1"/>
DEBUG:Adding: <entity name="DoughsR71_zombieNurseFeral" prob="1"/>
DEBUG:Adding: <entity name="DoughsR74_zombieMoeFeral" prob="1"/>
DEBUG:ModletGen_AddZedsToEntityGroupsFile ENTITY GROUP: sleeperHordeStageGS1380
DEBUG:Adding: <entity name="DoughsR28_zombieMarlene"/>
DEBUG:Adding: <entity name="DoughsR39_zombieSkateboarderFeral" prob="1"/>
DEBUG:Adding: <entity name="DoughsR44_zombieBusinessMan"/>
DEBUG:Adding: <entity name="DoughsR48_zombieCheerleaderRadiated" prob="1"/>
DEBUG:Adding: <entity name="DoughsR49_zombieMoe" prob="1"/>
DEBUG:Adding: <entity name="DoughsR55_zombieJoeRadiated" prob="1"/>
DEBUG:Adding: <entity name="DoughsR57_zombieSpiderFeral" prob="1"/>
DEBUG:Adding: <entity name="DoughsR59_zombieArleneFeral" prob="1"/>
DEBUG:Adding: <entity name="DoughsR62_zombieDarlene"/>
DEBUG:Adding: <entity name="DoughsR79_zombieYoFeral" prob="1"/>
DEBUG:Adding: <entity name="DoughsR8_zombieArleneRadiated" prob="1"/>
DEBUG:ModletGen_AddZedsToEntityGroupsFile ENTITY GROUP: sleeperHordeStageGS1397
DEBUG:Adding: <entity name="DoughsR12_zombieJoeFeral" prob="1"/>
DEBUG:Adding: <entity name="DoughsR26_zombieFatHawaiian" prob="1"/>
DEBUG:Adding: <entity name="DoughsR29_zombieBoe"/>
DEBUG:Adding: <entity name="DoughsR2_zombieBusinessManFeral" prob="1"/>
DEBUG:Adding: <entity name="DoughsR30_zombieFatHawaiianFeral" prob="1"/>
DEBUG:Adding: <entity name="DoughsR46_zombieFootballPlayer" prob="1"/>
DEBUG:Adding: <entity name="DoughsR50_zombieBoeRadiated" prob="1"/>
DEBUG:Adding: <entity name="DoughsR54_zombieFemaleFatRadiated" prob="1"/>
DEBUG:Adding: <entity name="DoughsR61_zombieSkateboarder"/>
DEBUG:Adding: <entity name="DoughsR63_zombieFatCopFeral" prob="1"/>
DEBUG:Adding: <entity name="DoughsR75_zombieSkateboarderRadiated" prob="1"/>
DEBUG:ModletGen_AddZedsToEntityGroupsFile ENTITY GROUP: sleeperHordeStageGS14
DEBUG:Adding: <entity name="DoughsR13_zombieSteve"/>
DEBUG:Adding: <entity name="DoughsR24_zombieNurse"/>
DEBUG:Adding: <entity name="DoughsR28_zombieMarlene"/>
DEBUG:Adding: <entity name="DoughsR31_zombieArlene"/>
DEBUG:Adding: <entity name="DoughsR35_zombieJoe"/>
DEBUG:Adding: <entity name="DoughsR44_zombieBusinessMan"/>
DEBUG:Adding: <entity name="DoughsR5_zombieSteveCrawler" prob="0.5"/>
DEBUG:Adding: <entity name="DoughsR61_zombieSkateboarder"/>
DEBUG:Adding: <entity name="DoughsR62_zombieDarlene"/>
DEBUG:Adding: <entity name="DoughsR64_zombieCheerleader"/>
DEBUG:Adding: <entity name="DoughsR65_zombieJanitor"/>
DEBUG:ModletGen_AddZedsToEntityGroupsFile ENTITY GROUP: sleeperHordeStageGS140
DEBUG:Adding: <entity name="DoughsR16_zombieFemaleFat" prob="1"/>
DEBUG:Adding: <entity name="DoughsR29_zombieBoe"/>
DEBUG:Adding: <entity name="DoughsR31_zombieArlene"/>
DEBUG:Adding: <entity name="DoughsR36_zombieYoRadiated" prob="0.32"/>
DEBUG:Adding: <entity name="DoughsR41_zombieYo"/>
DEBUG:Adding: <entity name="DoughsR53_zombieJanitorFeral" prob="0.92"/>
DEBUG:Adding: <entity name="DoughsR56_zombieUtilityWorker" prob="1"/>
DEBUG:Adding: <entity name="DoughsR58_zombieJanitorRadiated" prob="0.47"/>
DEBUG:Adding: <entity name="DoughsR61_zombieSkateboarder"/>
DEBUG:Adding: <entity name="DoughsR74_zombieMoeFeral" prob="0.74"/>
DEBUG:Adding: <entity name="DoughsR7_zombieWightFeral" prob="0.65"/>
DEBUG:ModletGen_AddZedsToEntityGroupsFile ENTITY GROUP: sleeperHordeStageGS1414
DEBUG:Adding: <entity name="DoughsR21_zombieSpiderRadiated" prob="1"/>
DEBUG:Adding: <entity name="DoughsR22_zombieWightRadiated" prob="1"/>
DEBUG:Adding: <entity name="DoughsR24_zombieNurse"/>
DEBUG:Adding: <entity name="DoughsR25_zombieBiker" prob="1"/>
DEBUG:Adding: <entity name="DoughsR30_zombieFatHawaiianFeral" prob="1"/>
DEBUG:Adding: <entity name="DoughsR50_zombieBoeRadiated" prob="1"/>
DEBUG:Adding: <entity name="DoughsR51_zombieDarleneFeral" prob="1"/>
DEBUG:Adding: <entity name="DoughsR53_zombieJanitorFeral" prob="1"/>
DEBUG:Adding: <entity name="DoughsR58_zombieJanitorRadiated" prob="1"/>
DEBUG:Adding: <entity name="DoughsR65_zombieJanitor"/>
DEBUG:Adding: <entity name="DoughsR74_zombieMoeFeral" prob="1"/>
DEBUG:ModletGen_AddZedsToEntityGroupsFile ENTITY GROUP: sleeperHordeStageGS1431
DEBUG:Adding: <entity name="DoughsR10_zombieFemaleFatFeral" prob="1"/>
DEBUG:Adding: <entity name="DoughsR14_zombieSoldier" prob="1"/>
DEBUG:Adding: <entity name="DoughsR16_zombieFemaleFat" prob="1"/>
DEBUG:Adding: <entity name="DoughsR26_zombieFatHawaiian" prob="1"/>
DEBUG:Adding: <entity name="DoughsR28_zombieMarlene"/>
DEBUG:Adding: <entity name="DoughsR44_zombieBusinessMan"/>
DEBUG:Adding: <entity name="DoughsR50_zombieBoeRadiated" prob="1"/>
DEBUG:Adding: <entity name="DoughsR56_zombieUtilityWorker" prob="1"/>
DEBUG:Adding: <entity name="DoughsR57_zombieSpiderFeral" prob="1"/>
DEBUG:Adding: <entity name="DoughsR65_zombieJanitor"/>
DEBUG:Adding: <entity name="DoughsR69_zombieOldTimerRadiated" prob="1"/>
DEBUG:ModletGen_AddZedsToEntityGroupsFile ENTITY GROUP: sleeperHordeStageGS1448
DEBUG:Adding: <entity name="DoughsR14_zombieSoldier" prob="1"/>
DEBUG:Adding: <entity name="DoughsR20_zombieSoldierRadiated" prob="1"/>
DEBUG:Adding: <entity name="DoughsR22_zombieWightRadiated" prob="1"/>
DEBUG:Adding: <entity name="DoughsR26_zombieFatHawaiian" prob="1"/>
DEBUG:Adding: <entity name="DoughsR29_zombieBoe"/>
DEBUG:Adding: <entity name="DoughsR3_zombieFatCopRadiated" prob="1"/>
DEBUG:Adding: <entity name="DoughsR46_zombieFootballPlayer" prob="1"/>
DEBUG:Adding: <entity name="DoughsR51_zombieDarleneFeral" prob="1"/>
DEBUG:Adding: <entity name="DoughsR59_zombieArleneFeral" prob="1"/>
DEBUG:Adding: <entity name="DoughsR69_zombieOldTimerRadiated" prob="1"/>
DEBUG:Adding: <entity name="DoughsR75_zombieSkateboarderRadiated" prob="1"/>
DEBUG:ModletGen_AddZedsToEntityGroupsFile ENTITY GROUP: sleeperHordeStageGS1465
DEBUG:Adding: <entity name="DoughsR11_zombieBoeFeral" prob="1"/>
DEBUG:Adding: <entity name="DoughsR13_zombieSteve"/>
DEBUG:Adding: <entity name="DoughsR21_zombieSpiderRadiated" prob="1"/>
DEBUG:Adding: <entity name="DoughsR32_zombieMoeRadiated" prob="1"/>
DEBUG:Adding: <entity name="DoughsR46_zombieFootballPlayer" prob="1"/>
DEBUG:Adding: <entity name="DoughsR48_zombieCheerleaderRadiated" prob="1"/>
DEBUG:Adding: <entity name="DoughsR55_zombieJoeRadiated" prob="1"/>
DEBUG:Adding: <entity name="DoughsR59_zombieArleneFeral" prob="1"/>
DEBUG:Adding: <entity name="DoughsR70_zombieBikerFeral" prob="1"/>
DEBUG:Adding: <entity name="DoughsR73_zombieSteveCrawlerFeral" prob="0.5"/>
DEBUG:Adding: <entity name="DoughsR79_zombieYoFeral" prob="1"/>
DEBUG:ModletGen_AddZedsToEntityGroupsFile ENTITY GROUP: sleeperHordeStageGS148
DEBUG:Adding: <entity name="DoughsR12_zombieJoeFeral" prob="1"/>
DEBUG:Adding: <entity name="DoughsR24_zombieNurse"/>
DEBUG:Adding: <entity name="DoughsR37_zombieMarleneFeral" prob="1"/>
DEBUG:Adding: <entity name="DoughsR41_zombieYo"/>
DEBUG:Adding: <entity name="DoughsR50_zombieBoeRadiated" prob="0.61"/>
DEBUG:Adding: <entity name="DoughsR53_zombieJanitorFeral" prob="1"/>
DEBUG:Adding: <entity name="DoughsR63_zombieFatCopFeral" prob="0.7"/>
DEBUG:Adding: <entity name="DoughsR73_zombieSteveCrawlerFeral" prob="0.5"/>
DEBUG:Adding: <entity name="DoughsR74_zombieMoeFeral" prob="0.82"/>
DEBUG:Adding: <entity name="DoughsR79_zombieYoFeral" prob="1"/>
DEBUG:Adding: <entity name="DoughsR7_zombieWightFeral" prob="0.73"/>
DEBUG:ModletGen_AddZedsToEntityGroupsFile ENTITY GROUP: sleeperHordeStageGS1482
DEBUG:Adding: <entity name="DoughsR14_zombieSoldier" prob="1"/>
DEBUG:Adding: <entity name="DoughsR20_zombieSoldierRadiated" prob="1"/>
DEBUG:Adding: <entity name="DoughsR26_zombieFatHawaiian" prob="1"/>
DEBUG:Adding: <entity name="DoughsR27_zombieFatCop" prob="1"/>
DEBUG:Adding: <entity name="DoughsR30_zombieFatHawaiianFeral" prob="1"/>
DEBUG:Adding: <entity name="DoughsR37_zombieMarleneFeral" prob="1"/>
DEBUG:Adding: <entity name="DoughsR46_zombieFootballPlayer" prob="1"/>
DEBUG:Adding: <entity name="DoughsR50_zombieBoeRadiated" prob="1"/>
DEBUG:Adding: <entity name="DoughsR53_zombieJanitorFeral" prob="1"/>
DEBUG:Adding: <entity name="DoughsR54_zombieFemaleFatRadiated" prob="1"/>
DEBUG:Adding: <entity name="DoughsR63_zombieFatCopFeral" prob="1"/>
DEBUG:ModletGen_AddZedsToEntityGroupsFile ENTITY GROUP: sleeperHordeStageGS1499
DEBUG:Adding: <entity name="DoughsR11_zombieBoeFeral" prob="1"/>
DEBUG:Adding: <entity name="DoughsR12_zombieJoeFeral" prob="1"/>
DEBUG:Adding: <entity name="DoughsR24_zombieNurse"/>
DEBUG:Adding: <entity name="DoughsR30_zombieFatHawaiianFeral" prob="1"/>
DEBUG:Adding: <entity name="DoughsR34_zombieMarleneRadiated" prob="1"/>
DEBUG:Adding: <entity name="DoughsR37_zombieMarleneFeral" prob="1"/>
DEBUG:Adding: <entity name="DoughsR51_zombieDarleneFeral" prob="1"/>
DEBUG:Adding: <entity name="DoughsR5_zombieSteveCrawler" prob="0.5"/>
DEBUG:Adding: <entity name="DoughsR61_zombieSkateboarder"/>
DEBUG:Adding: <entity name="DoughsR62_zombieDarlene"/>
DEBUG:Adding: <entity name="DoughsR64_zombieCheerleader"/>
DEBUG:ModletGen_AddZedsToEntityGroupsFile ENTITY GROUP: sleeperHordeStageGS1516
DEBUG:Adding: <entity name="DoughsR10_zombieFemaleFatFeral" prob="1"/>
DEBUG:Adding: <entity name="DoughsR13_zombieSteve"/>
DEBUG:Adding: <entity name="DoughsR14_zombieSoldier" prob="1"/>
DEBUG:Adding: <entity name="DoughsR30_zombieFatHawaiianFeral" prob="1"/>
DEBUG:Adding: <entity name="DoughsR46_zombieFootballPlayer" prob="1"/>
DEBUG:Adding: <entity name="DoughsR48_zombieCheerleaderRadiated" prob="1"/>
DEBUG:Adding: <entity name="DoughsR56_zombieUtilityWorker" prob="1"/>
DEBUG:Adding: <entity name="DoughsR62_zombieDarlene"/>
DEBUG:Adding: <entity name="DoughsR7_zombieWightFeral" prob="1"/>
DEBUG:Adding: <entity name="DoughsR86_zombieBikerRadiated" prob="1"/>
DEBUG:Adding: <entity name="DoughsR8_zombieArleneRadiated" prob="1"/>
DEBUG:ModletGen_AddZedsToEntityGroupsFile ENTITY GROUP: sleeperHordeStageGS1533
DEBUG:Adding: <entity name="DoughsR13_zombieSteve"/>
DEBUG:Adding: <entity name="DoughsR22_zombieWightRadiated" prob="1"/>
DEBUG:Adding: <entity name="DoughsR24_zombieNurse"/>
DEBUG:Adding: <entity name="DoughsR28_zombieMarlene"/>
DEBUG:Adding: <entity name="DoughsR29_zombieBoe"/>
DEBUG:Adding: <entity name="DoughsR36_zombieYoRadiated" prob="1"/>
DEBUG:Adding: <entity name="DoughsR37_zombieMarleneFeral" prob="1"/>
DEBUG:Adding: <entity name="DoughsR45_zombieSpider" prob="1"/>
DEBUG:Adding: <entity name="DoughsR56_zombieUtilityWorker" prob="1"/>
DEBUG:Adding: <entity name="DoughsR74_zombieMoeFeral" prob="1"/>
DEBUG:Adding: <entity name="DoughsR86_zombieBikerRadiated" prob="1"/>
DEBUG:ModletGen_AddZedsToEntityGroupsFile ENTITY GROUP: sleeperHordeStageGS1551
DEBUG:Adding: <entity name="DoughsR20_zombieSoldierRadiated" prob="1"/>
DEBUG:Adding: <entity name="DoughsR25_zombieBiker" prob="1"/>
DEBUG:Adding: <entity name="DoughsR26_zombieFatHawaiian" prob="1"/>
DEBUG:Adding: <entity name="DoughsR2_zombieBusinessManFeral" prob="1"/>
DEBUG:Adding: <entity name="DoughsR32_zombieMoeRadiated" prob="1"/>
DEBUG:Adding: <entity name="DoughsR36_zombieYoRadiated" prob="1"/>
DEBUG:Adding: <entity name="DoughsR46_zombieFootballPlayer" prob="1"/>
DEBUG:Adding: <entity name="DoughsR49_zombieMoe" prob="1"/>
DEBUG:Adding: <entity name="DoughsR50_zombieBoeRadiated" prob="1"/>
DEBUG:Adding: <entity name="DoughsR74_zombieMoeFeral" prob="1"/>
DEBUG:Adding: <entity name="DoughsR79_zombieYoFeral" prob="1"/>
DEBUG:ModletGen_AddZedsToEntityGroupsFile ENTITY GROUP: sleeperHordeStageGS156
DEBUG:Adding: <entity name="DoughsR12_zombieJoeFeral" prob="1"/>
DEBUG:Adding: <entity name="DoughsR14_zombieSoldier" prob="1"/>
DEBUG:Adding: <entity name="DoughsR16_zombieFemaleFat" prob="1"/>
DEBUG:Adding: <entity name="DoughsR29_zombieBoe"/>
DEBUG:Adding: <entity name="DoughsR39_zombieSkateboarderFeral" prob="1"/>
DEBUG:Adding: <entity name="DoughsR48_zombieCheerleaderRadiated" prob="0.72"/>
DEBUG:Adding: <entity name="DoughsR54_zombieFemaleFatRadiated" prob="0.39"/>
DEBUG:Adding: <entity name="DoughsR55_zombieJoeRadiated" prob="0.63"/>
DEBUG:Adding: <entity name="DoughsR69_zombieOldTimerRadiated" prob="0.41"/>
DEBUG:Adding: <entity name="DoughsR73_zombieSteveCrawlerFeral" prob="0.5"/>
DEBUG:Adding: <entity name="DoughsR7_zombieWightFeral" prob="0.81"/>
DEBUG:ModletGen_AddZedsToEntityGroupsFile ENTITY GROUP: sleeperHordeStageGS1568
DEBUG:Adding: <entity name="DoughsR25_zombieBiker" prob="1"/>
DEBUG:Adding: <entity name="DoughsR26_zombieFatHawaiian" prob="1"/>
DEBUG:Adding: <entity name="DoughsR27_zombieFatCop" prob="1"/>
DEBUG:Adding: <entity name="DoughsR32_zombieMoeRadiated" prob="1"/>
DEBUG:Adding: <entity name="DoughsR39_zombieSkateboarderFeral" prob="1"/>
DEBUG:Adding: <entity name="DoughsR41_zombieYo"/>
DEBUG:Adding: <entity name="DoughsR42_zombieMaleHazmat" prob="1"/>
DEBUG:Adding: <entity name="DoughsR56_zombieUtilityWorker" prob="1"/>
DEBUG:Adding: <entity name="DoughsR63_zombieFatCopFeral" prob="1"/>
DEBUG:Adding: <entity name="DoughsR71_zombieNurseFeral" prob="1"/>
DEBUG:Adding: <entity name="DoughsR8_zombieArleneRadiated" prob="1"/>
DEBUG:ModletGen_AddZedsToEntityGroupsFile ENTITY GROUP: sleeperHordeStageGS1586
DEBUG:Adding: <entity name="DoughsR27_zombieFatCop" prob="1"/>
DEBUG:Adding: <entity name="DoughsR28_zombieMarlene"/>
DEBUG:Adding: <entity name="DoughsR44_zombieBusinessMan"/>
DEBUG:Adding: <entity name="DoughsR50_zombieBoeRadiated" prob="1"/>
DEBUG:Adding: <entity name="DoughsR55_zombieJoeRadiated" prob="1"/>
DEBUG:Adding: <entity name="DoughsR57_zombieSpiderFeral" prob="1"/>
DEBUG:Adding: <entity name="DoughsR62_zombieDarlene"/>
DEBUG:Adding: <entity name="DoughsR63_zombieFatCopFeral" prob="1"/>
DEBUG:Adding: <entity name="DoughsR65_zombieJanitor"/>
DEBUG:Adding: <entity name="DoughsR6_zombieSoldierFeral" prob="1"/>
DEBUG:Adding: <entity name="DoughsR78_zombieSteveFeral" prob="1"/>
DEBUG:ModletGen_AddZedsToEntityGroupsFile ENTITY GROUP: sleeperHordeStageGS1603
DEBUG:Adding: <entity name="DoughsR13_zombieSteve"/>
DEBUG:Adding: <entity name="DoughsR26_zombieFatHawaiian" prob="1"/>
DEBUG:Adding: <entity name="DoughsR37_zombieMarleneFeral" prob="1"/>
DEBUG:Adding: <entity name="DoughsR39_zombieSkateboarderFeral" prob="1"/>
DEBUG:Adding: <entity name="DoughsR44_zombieBusinessMan"/>
DEBUG:Adding: <entity name="DoughsR46_zombieFootballPlayer" prob="1"/>
DEBUG:Adding: <entity name="DoughsR51_zombieDarleneFeral" prob="1"/>
DEBUG:Adding: <entity name="DoughsR66_zombieDarleneRadiated" prob="1"/>
DEBUG:Adding: <entity name="DoughsR69_zombieOldTimerRadiated" prob="1"/>
DEBUG:Adding: <entity name="DoughsR73_zombieSteveCrawlerFeral" prob="0.5"/>
DEBUG:Adding: <entity name="DoughsR7_zombieWightFeral" prob="1"/>
DEBUG:ModletGen_AddZedsToEntityGroupsFile ENTITY GROUP: sleeperHordeStageGS1621
DEBUG:Adding: <entity name="DoughsR10_zombieFemaleFatFeral" prob="1"/>
DEBUG:Adding: <entity name="DoughsR11_zombieBoeFeral" prob="1"/>
DEBUG:Adding: <entity name="DoughsR12_zombieJoeFeral" prob="1"/>
DEBUG:Adding: <entity name="DoughsR14_zombieSoldier" prob="1"/>
DEBUG:Adding: <entity name="DoughsR27_zombieFatCop" prob="1"/>
DEBUG:Adding: <entity name="DoughsR28_zombieMarlene"/>
DEBUG:Adding: <entity name="DoughsR37_zombieMarleneFeral" prob="1"/>
DEBUG:Adding: <entity name="DoughsR65_zombieJanitor"/>
DEBUG:Adding: <entity name="DoughsR69_zombieOldTimerRadiated" prob="1"/>
DEBUG:Adding: <entity name="DoughsR7_zombieWightFeral" prob="1"/>
DEBUG:Adding: <entity name="DoughsR81_zombieSteveRadiated" prob="1"/>
DEBUG:ModletGen_AddZedsToEntityGroupsFile ENTITY GROUP: sleeperHordeStageGS1638
DEBUG:Adding: <entity name="DoughsR21_zombieSpiderRadiated" prob="1"/>
DEBUG:Adding: <entity name="DoughsR29_zombieBoe"/>
DEBUG:Adding: <entity name="DoughsR2_zombieBusinessManFeral" prob="1"/>
DEBUG:Adding: <entity name="DoughsR35_zombieJoe"/>
DEBUG:Adding: <entity name="DoughsR49_zombieMoe" prob="1"/>
DEBUG:Adding: <entity name="DoughsR54_zombieFemaleFatRadiated" prob="1"/>
DEBUG:Adding: <entity name="DoughsR57_zombieSpiderFeral" prob="1"/>
DEBUG:Adding: <entity name="DoughsR59_zombieArleneFeral" prob="1"/>
DEBUG:Adding: <entity name="DoughsR79_zombieYoFeral" prob="1"/>
DEBUG:Adding: <entity name="DoughsR7_zombieWightFeral" prob="1"/>
DEBUG:Adding: <entity name="DoughsR86_zombieBikerRadiated" prob="1"/>
DEBUG:ModletGen_AddZedsToEntityGroupsFile ENTITY GROUP: sleeperHordeStageGS164
DEBUG:Adding: <entity name="DoughsR12_zombieJoeFeral" prob="1"/>
DEBUG:Adding: <entity name="DoughsR14_zombieSoldier" prob="1"/>
DEBUG:Adding: <entity name="DoughsR16_zombieFemaleFat" prob="1"/>
DEBUG:Adding: <entity name="DoughsR30_zombieFatHawaiianFeral" prob="0.97"/>
DEBUG:Adding: <entity name="DoughsR31_zombieArlene"/>
DEBUG:Adding: <entity name="DoughsR35_zombieJoe"/>
DEBUG:Adding: <entity name="DoughsR36_zombieYoRadiated" prob="0.56"/>
DEBUG:Adding: <entity name="DoughsR46_zombieFootballPlayer" prob="1"/>
DEBUG:Adding: <entity name="DoughsR53_zombieJanitorFeral" prob="1"/>
DEBUG:Adding: <entity name="DoughsR59_zombieArleneFeral" prob="1"/>
DEBUG:Adding: <entity name="DoughsR69_zombieOldTimerRadiated" prob="0.49"/>
DEBUG:ModletGen_AddZedsToEntityGroupsFile ENTITY GROUP: sleeperHordeStageGS1656
DEBUG:Adding: <entity name="DoughsR16_zombieFemaleFat" prob="1"/>
DEBUG:Adding: <entity name="DoughsR22_zombieWightRadiated" prob="1"/>
DEBUG:Adding: <entity name="DoughsR29_zombieBoe"/>
DEBUG:Adding: <entity name="DoughsR2_zombieBusinessManFeral" prob="1"/>
DEBUG:Adding: <entity name="DoughsR35_zombieJoe"/>
DEBUG:Adding: <entity name="DoughsR37_zombieMarleneFeral" prob="1"/>
DEBUG:Adding: <entity name="DoughsR41_zombieYo"/>
DEBUG:Adding: <entity name="DoughsR55_zombieJoeRadiated" prob="1"/>
DEBUG:Adding: <entity name="DoughsR79_zombieYoFeral" prob="1"/>
DEBUG:Adding: <entity name="DoughsR81_zombieSteveRadiated" prob="1"/>
DEBUG:Adding: <entity name="DoughsR8_zombieArleneRadiated" prob="1"/>
DEBUG:ModletGen_AddZedsToEntityGroupsFile ENTITY GROUP: sleeperHordeStageGS1674
DEBUG:Adding: <entity name="DoughsR10_zombieFemaleFatFeral" prob="1"/>
DEBUG:Adding: <entity name="DoughsR11_zombieBoeFeral" prob="1"/>
DEBUG:Adding: <entity name="DoughsR13_zombieSteve"/>
DEBUG:Adding: <entity name="DoughsR16_zombieFemaleFat" prob="1"/>
DEBUG:Adding: <entity name="DoughsR39_zombieSkateboarderFeral" prob="1"/>
DEBUG:Adding: <entity name="DoughsR3_zombieFatCopRadiated" prob="1"/>
DEBUG:Adding: <entity name="DoughsR41_zombieYo"/>
DEBUG:Adding: <entity name="DoughsR51_zombieDarleneFeral" prob="1"/>
DEBUG:Adding: <entity name="DoughsR6_zombieSoldierFeral" prob="1"/>
DEBUG:Adding: <entity name="DoughsR73_zombieSteveCrawlerFeral" prob="0.5"/>
DEBUG:Adding: <entity name="DoughsR78_zombieSteveFeral" prob="1"/>
DEBUG:ModletGen_AddZedsToEntityGroupsFile ENTITY GROUP: sleeperHordeStageGS1692
DEBUG:Adding: <entity name="DoughsR11_zombieBoeFeral" prob="1"/>
DEBUG:Adding: <entity name="DoughsR25_zombieBiker" prob="1"/>
DEBUG:Adding: <entity name="DoughsR26_zombieFatHawaiian" prob="1"/>
DEBUG:Adding: <entity name="DoughsR29_zombieBoe"/>
DEBUG:Adding: <entity name="DoughsR45_zombieSpider" prob="1"/>
DEBUG:Adding: <entity name="DoughsR51_zombieDarleneFeral" prob="1"/>
DEBUG:Adding: <entity name="DoughsR63_zombieFatCopFeral" prob="1"/>
DEBUG:Adding: <entity name="DoughsR70_zombieBikerFeral" prob="1"/>
DEBUG:Adding: <entity name="DoughsR75_zombieSkateboarderRadiated" prob="1"/>
DEBUG:Adding: <entity name="DoughsR78_zombieSteveFeral" prob="1"/>
DEBUG:Adding: <entity name="DoughsR86_zombieBikerRadiated" prob="1"/>
DEBUG:ModletGen_AddZedsToEntityGroupsFile ENTITY GROUP: sleeperHordeStageGS1710
DEBUG:Adding: <entity name="DoughsR14_zombieSoldier" prob="1"/>
DEBUG:Adding: <entity name="DoughsR16_zombieFemaleFat" prob="1"/>
DEBUG:Adding: <entity name="DoughsR32_zombieMoeRadiated" prob="1"/>
DEBUG:Adding: <entity name="DoughsR34_zombieMarleneRadiated" prob="1"/>
DEBUG:Adding: <entity name="DoughsR39_zombieSkateboarderFeral" prob="1"/>
DEBUG:Adding: <entity name="DoughsR42_zombieMaleHazmat" prob="1"/>
DEBUG:Adding: <entity name="DoughsR48_zombieCheerleaderRadiated" prob="1"/>
DEBUG:Adding: <entity name="DoughsR6_zombieSoldierFeral" prob="1"/>
DEBUG:Adding: <entity name="DoughsR75_zombieSkateboarderRadiated" prob="1"/>
DEBUG:Adding: <entity name="DoughsR78_zombieSteveFeral" prob="1"/>
DEBUG:Adding: <entity name="DoughsR81_zombieSteveRadiated" prob="1"/>
DEBUG:ModletGen_AddZedsToEntityGroupsFile ENTITY GROUP: sleeperHordeStageGS172
DEBUG:Adding: <entity name="DoughsR11_zombieBoeFeral" prob="1"/>
DEBUG:Adding: <entity name="DoughsR25_zombieBiker" prob="1"/>
DEBUG:Adding: <entity name="DoughsR26_zombieFatHawaiian" prob="1"/>
DEBUG:Adding: <entity name="DoughsR29_zombieBoe"/>
DEBUG:Adding: <entity name="DoughsR31_zombieArlene"/>
DEBUG:Adding: <entity name="DoughsR34_zombieMarleneRadiated" prob="0.67"/>
DEBUG:Adding: <entity name="DoughsR41_zombieYo"/>
DEBUG:Adding: <entity name="DoughsR48_zombieCheerleaderRadiated" prob="0.88"/>
DEBUG:Adding: <entity name="DoughsR69_zombieOldTimerRadiated" prob="0.57"/>
DEBUG:Adding: <entity name="DoughsR6_zombieSoldierFeral" prob="1"/>
DEBUG:Adding: <entity name="DoughsR70_zombieBikerFeral" prob="1"/>
DEBUG:ModletGen_AddZedsToEntityGroupsFile ENTITY GROUP: sleeperHordeStageGS1728
DEBUG:Adding: <entity name="DoughsR11_zombieBoeFeral" prob="1"/>
DEBUG:Adding: <entity name="DoughsR14_zombieSoldier" prob="1"/>
DEBUG:Adding: <entity name="DoughsR16_zombieFemaleFat" prob="1"/>
DEBUG:Adding: <entity name="DoughsR20_zombieSoldierRadiated" prob="1"/>
DEBUG:Adding: <entity name="DoughsR44_zombieBusinessMan"/>
DEBUG:Adding: <entity name="DoughsR48_zombieCheerleaderRadiated" prob="1"/>
DEBUG:Adding: <entity name="DoughsR50_zombieBoeRadiated" prob="1"/>
DEBUG:Adding: <entity name="DoughsR71_zombieNurseFeral" prob="1"/>
DEBUG:Adding: <entity name="DoughsR73_zombieSteveCrawlerFeral" prob="0.5"/>
DEBUG:Adding: <entity name="DoughsR79_zombieYoFeral" prob="1"/>
DEBUG:Adding: <entity name="DoughsR86_zombieBikerRadiated" prob="1"/>
DEBUG:ModletGen_AddZedsToEntityGroupsFile ENTITY GROUP: sleeperHordeStageGS1746
DEBUG:Adding: <entity name="DoughsR11_zombieBoeFeral" prob="1"/>
DEBUG:Adding: <entity name="DoughsR20_zombieSoldierRadiated" prob="1"/>
DEBUG:Adding: <entity name="DoughsR2_zombieBusinessManFeral" prob="1"/>
DEBUG:Adding: <entity name="DoughsR31_zombieArlene"/>
DEBUG:Adding: <entity name="DoughsR32_zombieMoeRadiated" prob="1"/>
DEBUG:Adding: <entity name="DoughsR41_zombieYo"/>
DEBUG:Adding: <entity name="DoughsR50_zombieBoeRadiated" prob="1"/>
DEBUG:Adding: <entity name="DoughsR59_zombieArleneFeral" prob="1"/>
DEBUG:Adding: <entity name="DoughsR71_zombieNurseFeral" prob="1"/>
DEBUG:Adding: <entity name="DoughsR75_zombieSkateboarderRadiated" prob="1"/>
DEBUG:Adding: <entity name="DoughsR7_zombieWightFeral" prob="1"/>
DEBUG:ModletGen_AddZedsToEntityGroupsFile ENTITY GROUP: sleeperHordeStageGS1764
DEBUG:Adding: <entity name="DoughsR10_zombieFemaleFatFeral" prob="1"/>
DEBUG:Adding: <entity name="DoughsR12_zombieJoeFeral" prob="1"/>
DEBUG:Adding: <entity name="DoughsR14_zombieSoldier" prob="1"/>
DEBUG:Adding: <entity name="DoughsR20_zombieSoldierRadiated" prob="1"/>
DEBUG:Adding: <entity name="DoughsR2_zombieBusinessManFeral" prob="1"/>
DEBUG:Adding: <entity name="DoughsR35_zombieJoe"/>
DEBUG:Adding: <entity name="DoughsR45_zombieSpider" prob="1"/>
DEBUG:Adding: <entity name="DoughsR61_zombieSkateboarder"/>
DEBUG:Adding: <entity name="DoughsR62_zombieDarlene"/>
DEBUG:Adding: <entity name="DoughsR70_zombieBikerFeral" prob="1"/>
DEBUG:Adding: <entity name="DoughsR73_zombieSteveCrawlerFeral" prob="0.5"/>
DEBUG:ModletGen_AddZedsToEntityGroupsFile ENTITY GROUP: sleeperHordeStageGS1782
DEBUG:Adding: <entity name="DoughsR16_zombieFemaleFat" prob="1"/>
DEBUG:Adding: <entity name="DoughsR20_zombieSoldierRadiated" prob="1"/>
DEBUG:Adding: <entity name="DoughsR22_zombieWightRadiated" prob="1"/>
DEBUG:Adding: <entity name="DoughsR25_zombieBiker" prob="1"/>
DEBUG:Adding: <entity name="DoughsR28_zombieMarlene"/>
DEBUG:Adding: <entity name="DoughsR37_zombieMarleneFeral" prob="1"/>
DEBUG:Adding: <entity name="DoughsR41_zombieYo"/>
DEBUG:Adding: <entity name="DoughsR48_zombieCheerleaderRadiated" prob="1"/>
DEBUG:Adding: <entity name="DoughsR58_zombieJanitorRadiated" prob="1"/>
DEBUG:Adding: <entity name="DoughsR59_zombieArleneFeral" prob="1"/>
DEBUG:Adding: <entity name="DoughsR75_zombieSkateboarderRadiated" prob="1"/>
DEBUG:ModletGen_AddZedsToEntityGroupsFile ENTITY GROUP: sleeperHordeStageGS18
DEBUG:Adding: <entity name="DoughsR13_zombieSteve"/>
DEBUG:Adding: <entity name="DoughsR24_zombieNurse"/>
DEBUG:Adding: <entity name="DoughsR28_zombieMarlene"/>
DEBUG:Adding: <entity name="DoughsR29_zombieBoe"/>
DEBUG:Adding: <entity name="DoughsR31_zombieArlene"/>
DEBUG:Adding: <entity name="DoughsR41_zombieYo"/>
DEBUG:Adding: <entity name="DoughsR5_zombieSteveCrawler" prob="0.5"/>
DEBUG:Adding: <entity name="DoughsR61_zombieSkateboarder"/>
DEBUG:Adding: <entity name="DoughsR62_zombieDarlene"/>
DEBUG:Adding: <entity name="DoughsR64_zombieCheerleader"/>
DEBUG:Adding: <entity name="DoughsR65_zombieJanitor"/>
DEBUG:ModletGen_AddZedsToEntityGroupsFile ENTITY GROUP: sleeperHordeStageGS1800
DEBUG:Adding: <entity name="DoughsR21_zombieSpiderRadiated" prob="1"/>
DEBUG:Adding: <entity name="DoughsR32_zombieMoeRadiated" prob="1"/>
DEBUG:Adding: <entity name="DoughsR46_zombieFootballPlayer" prob="1"/>
DEBUG:Adding: <entity name="DoughsR48_zombieCheerleaderRadiated" prob="1"/>
DEBUG:Adding: <entity name="DoughsR51_zombieDarleneFeral" prob="1"/>
DEBUG:Adding: <entity name="DoughsR53_zombieJanitorFeral" prob="1"/>
DEBUG:Adding: <entity name="DoughsR57_zombieSpiderFeral" prob="1"/>
DEBUG:Adding: <entity name="DoughsR59_zombieArleneFeral" prob="1"/>
DEBUG:Adding: <entity name="DoughsR69_zombieOldTimerRadiated" prob="1"/>
DEBUG:Adding: <entity name="DoughsR6_zombieSoldierFeral" prob="1"/>
DEBUG:Adding: <entity name="DoughsR86_zombieBikerRadiated" prob="1"/>
DEBUG:ModletGen_AddZedsToEntityGroupsFile ENTITY GROUP: sleeperHordeStageGS181
DEBUG:Adding: <entity name="DoughsR12_zombieJoeFeral" prob="1"/>
DEBUG:Adding: <entity name="DoughsR14_zombieSoldier" prob="1"/>
DEBUG:Adding: <entity name="DoughsR16_zombieFemaleFat" prob="1"/>
DEBUG:Adding: <entity name="DoughsR22_zombieWightRadiated" prob="0.54"/>
DEBUG:Adding: <entity name="DoughsR29_zombieBoe"/>
DEBUG:Adding: <entity name="DoughsR3_zombieFatCopRadiated" prob="0.52"/>
DEBUG:Adding: <entity name="DoughsR44_zombieBusinessMan"/>
DEBUG:Adding: <entity name="DoughsR46_zombieFootballPlayer" prob="1"/>
DEBUG:Adding: <entity name="DoughsR59_zombieArleneFeral" prob="1"/>
DEBUG:Adding: <entity name="DoughsR5_zombieSteveCrawler" prob="0.5"/>
DEBUG:Adding: <entity name="DoughsR62_zombieDarlene"/>
DEBUG:ModletGen_AddZedsToEntityGroupsFile ENTITY GROUP: sleeperHordeStageGS1818
DEBUG:Adding: <entity name="DoughsR12_zombieJoeFeral" prob="1"/>
DEBUG:Adding: <entity name="DoughsR14_zombieSoldier" prob="1"/>
DEBUG:Adding: <entity name="DoughsR16_zombieFemaleFat" prob="1"/>
DEBUG:Adding: <entity name="DoughsR27_zombieFatCop" prob="1"/>
DEBUG:Adding: <entity name="DoughsR2_zombieBusinessManFeral" prob="1"/>
DEBUG:Adding: <entity name="DoughsR36_zombieYoRadiated" prob="1"/>
DEBUG:Adding: <entity name="DoughsR37_zombieMarleneFeral" prob="1"/>
DEBUG:Adding: <entity name="DoughsR45_zombieSpider" prob="1"/>
DEBUG:Adding: <entity name="DoughsR55_zombieJoeRadiated" prob="1"/>
DEBUG:Adding: <entity name="DoughsR6_zombieSoldierFeral" prob="1"/>
DEBUG:Adding: <entity name="DoughsR86_zombieBikerRadiated" prob="1"/>
DEBUG:ModletGen_AddZedsToEntityGroupsFile ENTITY GROUP: sleeperHordeStageGS1837
DEBUG:Adding: <entity name="DoughsR20_zombieSoldierRadiated" prob="1"/>
DEBUG:Adding: <entity name="DoughsR24_zombieNurse"/>
DEBUG:Adding: <entity name="DoughsR25_zombieBiker" prob="1"/>
DEBUG:Adding: <entity name="DoughsR28_zombieMarlene"/>
DEBUG:Adding: <entity name="DoughsR31_zombieArlene"/>
DEBUG:Adding: <entity name="DoughsR36_zombieYoRadiated" prob="1"/>
DEBUG:Adding: <entity name="DoughsR45_zombieSpider" prob="1"/>
DEBUG:Adding: <entity name="DoughsR49_zombieMoe" prob="1"/>
DEBUG:Adding: <entity name="DoughsR53_zombieJanitorFeral" prob="1"/>
DEBUG:Adding: <entity name="DoughsR62_zombieDarlene"/>
DEBUG:Adding: <entity name="DoughsR81_zombieSteveRadiated" prob="1"/>
DEBUG:ModletGen_AddZedsToEntityGroupsFile ENTITY GROUP: sleeperHordeStageGS1855
DEBUG:Adding: <entity name="DoughsR10_zombieFemaleFatFeral" prob="1"/>
DEBUG:Adding: <entity name="DoughsR20_zombieSoldierRadiated" prob="1"/>
DEBUG:Adding: <entity name="DoughsR22_zombieWightRadiated" prob="1"/>
DEBUG:Adding: <entity name="DoughsR26_zombieFatHawaiian" prob="1"/>
DEBUG:Adding: <entity name="DoughsR29_zombieBoe"/>
DEBUG:Adding: <entity name="DoughsR2_zombieBusinessManFeral" prob="1"/>
DEBUG:Adding: <entity name="DoughsR32_zombieMoeRadiated" prob="1"/>
DEBUG:Adding: <entity name="DoughsR50_zombieBoeRadiated" prob="1"/>
DEBUG:Adding: <entity name="DoughsR53_zombieJanitorFeral" prob="1"/>
DEBUG:Adding: <entity name="DoughsR55_zombieJoeRadiated" prob="1"/>
DEBUG:Adding: <entity name="DoughsR56_zombieUtilityWorker" prob="1"/>
DEBUG:ModletGen_AddZedsToEntityGroupsFile ENTITY GROUP: sleeperHordeStageGS1873
DEBUG:Adding: <entity name="DoughsR10_zombieFemaleFatFeral" prob="1"/>
DEBUG:Adding: <entity name="DoughsR36_zombieYoRadiated" prob="1"/>
DEBUG:Adding: <entity name="DoughsR3_zombieFatCopRadiated" prob="1"/>
DEBUG:Adding: <entity name="DoughsR48_zombieCheerleaderRadiated" prob="1"/>
DEBUG:Adding: <entity name="DoughsR51_zombieDarleneFeral" prob="1"/>
DEBUG:Adding: <entity name="DoughsR53_zombieJanitorFeral" prob="1"/>
DEBUG:Adding: <entity name="DoughsR54_zombieFemaleFatRadiated" prob="1"/>
DEBUG:Adding: <entity name="DoughsR5_zombieSteveCrawler" prob="0.5"/>
DEBUG:Adding: <entity name="DoughsR62_zombieDarlene"/>
DEBUG:Adding: <entity name="DoughsR7_zombieWightFeral" prob="1"/>
DEBUG:Adding: <entity name="DoughsR81_zombieSteveRadiated" prob="1"/>
DEBUG:ModletGen_AddZedsToEntityGroupsFile ENTITY GROUP: sleeperHordeStageGS189
DEBUG:Adding: <entity name="DoughsR10_zombieFemaleFatFeral" prob="1"/>
DEBUG:Adding: <entity name="DoughsR20_zombieSoldierRadiated" prob="0.68"/>
DEBUG:Adding: <entity name="DoughsR27_zombieFatCop" prob="1"/>
DEBUG:Adding: <entity name="DoughsR28_zombieMarlene"/>
DEBUG:Adding: <entity name="DoughsR49_zombieMoe" prob="1"/>
DEBUG:Adding: <entity name="DoughsR51_zombieDarleneFeral" prob="1"/>
DEBUG:Adding: <entity name="DoughsR56_zombieUtilityWorker" prob="1"/>
DEBUG:Adding: <entity name="DoughsR6_zombieSoldierFeral" prob="1"/>
DEBUG:Adding: <entity name="DoughsR74_zombieMoeFeral" prob="1"/>
DEBUG:Adding: <entity name="DoughsR78_zombieSteveFeral" prob="1"/>
DEBUG:Adding: <entity name="DoughsR81_zombieSteveRadiated" prob="0.78"/>
DEBUG:ModletGen_AddZedsToEntityGroupsFile ENTITY GROUP: sleeperHordeStageGS1892
DEBUG:Adding: <entity name="DoughsR13_zombieSteve"/>
DEBUG:Adding: <entity name="DoughsR14_zombieSoldier" prob="1"/>
DEBUG:Adding: <entity name="DoughsR27_zombieFatCop" prob="1"/>
DEBUG:Adding: <entity name="DoughsR36_zombieYoRadiated" prob="1"/>
DEBUG:Adding: <entity name="DoughsR45_zombieSpider" prob="1"/>
DEBUG:Adding: <entity name="DoughsR46_zombieFootballPlayer" prob="1"/>
DEBUG:Adding: <entity name="DoughsR59_zombieArleneFeral" prob="1"/>
DEBUG:Adding: <entity name="DoughsR61_zombieSkateboarder"/>
DEBUG:Adding: <entity name="DoughsR78_zombieSteveFeral" prob="1"/>
DEBUG:Adding: <entity name="DoughsR81_zombieSteveRadiated" prob="1"/>
DEBUG:Adding: <entity name="DoughsR86_zombieBikerRadiated" prob="1"/>
DEBUG:ModletGen_AddZedsToEntityGroupsFile ENTITY GROUP: sleeperHordeStageGS1911
DEBUG:Adding: <entity name="DoughsR10_zombieFemaleFatFeral" prob="1"/>
DEBUG:Adding: <entity name="DoughsR13_zombieSteve"/>
DEBUG:Adding: <entity name="DoughsR2_zombieBusinessManFeral" prob="1"/>
DEBUG:Adding: <entity name="DoughsR34_zombieMarleneRadiated" prob="1"/>
DEBUG:Adding: <entity name="DoughsR35_zombieJoe"/>
DEBUG:Adding: <entity name="DoughsR48_zombieCheerleaderRadiated" prob="1"/>
DEBUG:Adding: <entity name="DoughsR51_zombieDarleneFeral" prob="1"/>
DEBUG:Adding: <entity name="DoughsR57_zombieSpiderFeral" prob="1"/>
DEBUG:Adding: <entity name="DoughsR74_zombieMoeFeral" prob="1"/>
DEBUG:Adding: <entity name="DoughsR78_zombieSteveFeral" prob="1"/>
DEBUG:Adding: <entity name="DoughsR81_zombieSteveRadiated" prob="1"/>
DEBUG:ModletGen_AddZedsToEntityGroupsFile ENTITY GROUP: sleeperHordeStageGS1929
DEBUG:Adding: <entity name="DoughsR11_zombieBoeFeral" prob="1"/>
DEBUG:Adding: <entity name="DoughsR24_zombieNurse"/>
DEBUG:Adding: <entity name="DoughsR31_zombieArlene"/>
DEBUG:Adding: <entity name="DoughsR44_zombieBusinessMan"/>
DEBUG:Adding: <entity name="DoughsR48_zombieCheerleaderRadiated" prob="1"/>
DEBUG:Adding: <entity name="DoughsR49_zombieMoe" prob="1"/>
DEBUG:Adding: <entity name="DoughsR51_zombieDarleneFeral" prob="1"/>
DEBUG:Adding: <entity name="DoughsR5_zombieSteveCrawler" prob="0.5"/>
DEBUG:Adding: <entity name="DoughsR63_zombieFatCopFeral" prob="1"/>
DEBUG:Adding: <entity name="DoughsR81_zombieSteveRadiated" prob="1"/>
DEBUG:Adding: <entity name="DoughsR86_zombieBikerRadiated" prob="1"/>
DEBUG:ModletGen_AddZedsToEntityGroupsFile ENTITY GROUP: sleeperHordeStageGS1948
DEBUG:Adding: <entity name="DoughsR25_zombieBiker" prob="1"/>
DEBUG:Adding: <entity name="DoughsR31_zombieArlene"/>
DEBUG:Adding: <entity name="DoughsR32_zombieMoeRadiated" prob="1"/>
DEBUG:Adding: <entity name="DoughsR41_zombieYo"/>
DEBUG:Adding: <entity name="DoughsR44_zombieBusinessMan"/>
DEBUG:Adding: <entity name="DoughsR59_zombieArleneFeral" prob="1"/>
DEBUG:Adding: <entity name="DoughsR62_zombieDarlene"/>
DEBUG:Adding: <entity name="DoughsR70_zombieBikerFeral" prob="1"/>
DEBUG:Adding: <entity name="DoughsR73_zombieSteveCrawlerFeral" prob="0.5"/>
DEBUG:Adding: <entity name="DoughsR7_zombieWightFeral" prob="1"/>
DEBUG:Adding: <entity name="DoughsR8_zombieArleneRadiated" prob="1"/>
DEBUG:ModletGen_AddZedsToEntityGroupsFile ENTITY GROUP: sleeperHordeStageGS1967
DEBUG:Adding: <entity name="DoughsR21_zombieSpiderRadiated" prob="1"/>
DEBUG:Adding: <entity name="DoughsR31_zombieArlene"/>
DEBUG:Adding: <entity name="DoughsR36_zombieYoRadiated" prob="1"/>
DEBUG:Adding: <entity name="DoughsR42_zombieMaleHazmat" prob="1"/>
DEBUG:Adding: <entity name="DoughsR59_zombieArleneFeral" prob="1"/>
DEBUG:Adding: <entity name="DoughsR62_zombieDarlene"/>
DEBUG:Adding: <entity name="DoughsR64_zombieCheerleader"/>
DEBUG:Adding: <entity name="DoughsR69_zombieOldTimerRadiated" prob="1"/>
DEBUG:Adding: <entity name="DoughsR6_zombieSoldierFeral" prob="1"/>
DEBUG:Adding: <entity name="DoughsR75_zombieSkateboarderRadiated" prob="1"/>
DEBUG:Adding: <entity name="DoughsR8_zombieArleneRadiated" prob="1"/>
DEBUG:ModletGen_AddZedsToEntityGroupsFile ENTITY GROUP: sleeperHordeStageGS198
DEBUG:Adding: <entity name="DoughsR12_zombieJoeFeral" prob="1"/>
DEBUG:Adding: <entity name="DoughsR24_zombieNurse"/>
DEBUG:Adding: <entity name="DoughsR25_zombieBiker" prob="1"/>
DEBUG:Adding: <entity name="DoughsR28_zombieMarlene"/>
DEBUG:Adding: <entity name="DoughsR2_zombieBusinessManFeral" prob="1"/>
DEBUG:Adding: <entity name="DoughsR30_zombieFatHawaiianFeral" prob="1"/>
DEBUG:Adding: <entity name="DoughsR44_zombieBusinessMan"/>
DEBUG:Adding: <entity name="DoughsR53_zombieJanitorFeral" prob="1"/>
DEBUG:Adding: <entity name="DoughsR62_zombieDarlene"/>
DEBUG:Adding: <entity name="DoughsR78_zombieSteveFeral" prob="1"/>
DEBUG:Adding: <entity name="DoughsR79_zombieYoFeral" prob="1"/>
DEBUG:ModletGen_AddZedsToEntityGroupsFile ENTITY GROUP: sleeperHordeStageGS1986
DEBUG:Adding: <entity name="DoughsR20_zombieSoldierRadiated" prob="1"/>
DEBUG:Adding: <entity name="DoughsR21_zombieSpiderRadiated" prob="1"/>
DEBUG:Adding: <entity name="DoughsR24_zombieNurse"/>
DEBUG:Adding: <entity name="DoughsR27_zombieFatCop" prob="1"/>
DEBUG:Adding: <entity name="DoughsR2_zombieBusinessManFeral" prob="1"/>
DEBUG:Adding: <entity name="DoughsR30_zombieFatHawaiianFeral" prob="1"/>
DEBUG:Adding: <entity name="DoughsR32_zombieMoeRadiated" prob="1"/>
DEBUG:Adding: <entity name="DoughsR3_zombieFatCopRadiated" prob="1"/>
DEBUG:Adding: <entity name="DoughsR44_zombieBusinessMan"/>
DEBUG:Adding: <entity name="DoughsR63_zombieFatCopFeral" prob="1"/>
DEBUG:Adding: <entity name="DoughsR70_zombieBikerFeral" prob="1"/>
DEBUG:ModletGen_AddZedsToEntityGroupsFile ENTITY GROUP: sleeperHordeStageGS2
DEBUG:Adding: <entity name="DoughsR13_zombieSteve"/>
DEBUG:Adding: <entity name="DoughsR24_zombieNurse"/>
DEBUG:Adding: <entity name="DoughsR29_zombieBoe"/>
DEBUG:Adding: <entity name="DoughsR31_zombieArlene"/>
DEBUG:Adding: <entity name="DoughsR35_zombieJoe"/>
DEBUG:Adding: <entity name="DoughsR41_zombieYo"/>
DEBUG:Adding: <entity name="DoughsR5_zombieSteveCrawler" prob="0.5"/>
DEBUG:Adding: <entity name="DoughsR61_zombieSkateboarder"/>
DEBUG:Adding: <entity name="DoughsR62_zombieDarlene"/>
DEBUG:Adding: <entity name="DoughsR64_zombieCheerleader"/>
DEBUG:Adding: <entity name="DoughsR65_zombieJanitor"/>
DEBUG:ModletGen_AddZedsToEntityGroupsFile ENTITY GROUP: sleeperHordeStageGS2004
DEBUG:Adding: <entity name="DoughsR13_zombieSteve"/>
DEBUG:Adding: <entity name="DoughsR36_zombieYoRadiated" prob="1"/>
DEBUG:Adding: <entity name="DoughsR37_zombieMarleneFeral" prob="1"/>
DEBUG:Adding: <entity name="DoughsR39_zombieSkateboarderFeral" prob="1"/>
DEBUG:Adding: <entity name="DoughsR41_zombieYo"/>
DEBUG:Adding: <entity name="DoughsR44_zombieBusinessMan"/>
DEBUG:Adding: <entity name="DoughsR50_zombieBoeRadiated" prob="1"/>
DEBUG:Adding: <entity name="DoughsR57_zombieSpiderFeral" prob="1"/>
DEBUG:Adding: <entity name="DoughsR63_zombieFatCopFeral" prob="1"/>
DEBUG:Adding: <entity name="DoughsR64_zombieCheerleader"/>
DEBUG:Adding: <entity name="DoughsR81_zombieSteveRadiated" prob="1"/>
DEBUG:ModletGen_AddZedsToEntityGroupsFile ENTITY GROUP: sleeperHordeStageGS2023
DEBUG:Adding: <entity name="DoughsR20_zombieSoldierRadiated" prob="1"/>
DEBUG:Adding: <entity name="DoughsR21_zombieSpiderRadiated" prob="1"/>
DEBUG:Adding: <entity name="DoughsR32_zombieMoeRadiated" prob="1"/>
DEBUG:Adding: <entity name="DoughsR45_zombieSpider" prob="1"/>
DEBUG:Adding: <entity name="DoughsR56_zombieUtilityWorker" prob="1"/>
DEBUG:Adding: <entity name="DoughsR61_zombieSkateboarder"/>
DEBUG:Adding: <entity name="DoughsR64_zombieCheerleader"/>
DEBUG:Adding: <entity name="DoughsR70_zombieBikerFeral" prob="1"/>
DEBUG:Adding: <entity name="DoughsR73_zombieSteveCrawlerFeral" prob="0.5"/>
DEBUG:Adding: <entity name="DoughsR74_zombieMoeFeral" prob="1"/>
DEBUG:Adding: <entity name="DoughsR8_zombieArleneRadiated" prob="1"/>
DEBUG:ModletGen_AddZedsToEntityGroupsFile ENTITY GROUP: sleeperHordeStageGS2042
DEBUG:Adding: <entity name="DoughsR11_zombieBoeFeral" prob="1"/>
DEBUG:Adding: <entity name="DoughsR13_zombieSteve"/>
DEBUG:Adding: <entity name="DoughsR20_zombieSoldierRadiated" prob="1"/>
DEBUG:Adding: <entity name="DoughsR24_zombieNurse"/>
DEBUG:Adding: <entity name="DoughsR31_zombieArlene"/>
DEBUG:Adding: <entity name="DoughsR46_zombieFootballPlayer" prob="1"/>
DEBUG:Adding: <entity name="DoughsR51_zombieDarleneFeral" prob="1"/>
DEBUG:Adding: <entity name="DoughsR61_zombieSkateboarder"/>
DEBUG:Adding: <entity name="DoughsR66_zombieDarleneRadiated" prob="1"/>
DEBUG:Adding: <entity name="DoughsR71_zombieNurseFeral" prob="1"/>
DEBUG:Adding: <entity name="DoughsR8_zombieArleneRadiated" prob="1"/>
DEBUG:ModletGen_AddZedsToEntityGroupsFile ENTITY GROUP: sleeperHordeStageGS2061
DEBUG:Adding: <entity name="DoughsR11_zombieBoeFeral" prob="1"/>
DEBUG:Adding: <entity name="DoughsR21_zombieSpiderRadiated" prob="1"/>
DEBUG:Adding: <entity name="DoughsR26_zombieFatHawaiian" prob="1"/>
DEBUG:Adding: <entity name="DoughsR3_zombieFatCopRadiated" prob="1"/>
DEBUG:Adding: <entity name="DoughsR41_zombieYo"/>
DEBUG:Adding: <entity name="DoughsR42_zombieMaleHazmat" prob="1"/>
DEBUG:Adding: <entity name="DoughsR49_zombieMoe" prob="1"/>
DEBUG:Adding: <entity name="DoughsR53_zombieJanitorFeral" prob="1"/>
DEBUG:Adding: <entity name="DoughsR54_zombieFemaleFatRadiated" prob="1"/>
DEBUG:Adding: <entity name="DoughsR55_zombieJoeRadiated" prob="1"/>
DEBUG:Adding: <entity name="DoughsR59_zombieArleneFeral" prob="1"/>
DEBUG:ModletGen_AddZedsToEntityGroupsFile ENTITY GROUP: sleeperHordeStageGS207
DEBUG:Adding: <entity name="DoughsR30_zombieFatHawaiianFeral" prob="1"/>
DEBUG:Adding: <entity name="DoughsR32_zombieMoeRadiated" prob="0.88"/>
DEBUG:Adding: <entity name="DoughsR34_zombieMarleneRadiated" prob="1"/>
DEBUG:Adding: <entity name="DoughsR35_zombieJoe"/>
DEBUG:Adding: <entity name="DoughsR41_zombieYo"/>
DEBUG:Adding: <entity name="DoughsR45_zombieSpider" prob="1"/>
DEBUG:Adding: <entity name="DoughsR51_zombieDarleneFeral" prob="1"/>
DEBUG:Adding: <entity name="DoughsR62_zombieDarlene"/>
DEBUG:Adding: <entity name="DoughsR6_zombieSoldierFeral" prob="1"/>
DEBUG:Adding: <entity name="DoughsR70_zombieBikerFeral" prob="1"/>
DEBUG:Adding: <entity name="DoughsR8_zombieArleneRadiated" prob="1"/>
DEBUG:ModletGen_AddZedsToEntityGroupsFile ENTITY GROUP: sleeperHordeStageGS2081
DEBUG:Adding: <entity name="DoughsR20_zombieSoldierRadiated" prob="1"/>
DEBUG:Adding: <entity name="DoughsR25_zombieBiker" prob="1"/>
DEBUG:Adding: <entity name="DoughsR32_zombieMoeRadiated" prob="1"/>
DEBUG:Adding: <entity name="DoughsR34_zombieMarleneRadiated" prob="1"/>
DEBUG:Adding: <entity name="DoughsR3_zombieFatCopRadiated" prob="1"/>
DEBUG:Adding: <entity name="DoughsR41_zombieYo"/>
DEBUG:Adding: <entity name="DoughsR46_zombieFootballPlayer" prob="1"/>
DEBUG:Adding: <entity name="DoughsR50_zombieBoeRadiated" prob="1"/>
DEBUG:Adding: <entity name="DoughsR59_zombieArleneFeral" prob="1"/>
DEBUG:Adding: <entity name="DoughsR71_zombieNurseFeral" prob="1"/>
DEBUG:Adding: <entity name="DoughsR7_zombieWightFeral" prob="1"/>
DEBUG:ModletGen_AddZedsToEntityGroupsFile ENTITY GROUP: sleeperHordeStageGS2100
DEBUG:Adding: <entity name="DoughsR25_zombieBiker" prob="1"/>
DEBUG:Adding: <entity name="DoughsR32_zombieMoeRadiated" prob="1"/>
DEBUG:Adding: <entity name="DoughsR34_zombieMarleneRadiated" prob="1"/>
DEBUG:Adding: <entity name="DoughsR44_zombieBusinessMan"/>
DEBUG:Adding: <entity name="DoughsR49_zombieMoe" prob="1"/>
DEBUG:Adding: <entity name="DoughsR50_zombieBoeRadiated" prob="1"/>
DEBUG:Adding: <entity name="DoughsR57_zombieSpiderFeral" prob="1"/>
DEBUG:Adding: <entity name="DoughsR75_zombieSkateboarderRadiated" prob="1"/>
DEBUG:Adding: <entity name="DoughsR78_zombieSteveFeral" prob="1"/>
DEBUG:Adding: <entity name="DoughsR7_zombieWightFeral" prob="1"/>
DEBUG:Adding: <entity name="DoughsR86_zombieBikerRadiated" prob="1"/>
DEBUG:ModletGen_AddZedsToEntityGroupsFile ENTITY GROUP: sleeperHordeStageGS2119
DEBUG:Adding: <entity name="DoughsR11_zombieBoeFeral" prob="1"/>
DEBUG:Adding: <entity name="DoughsR20_zombieSoldierRadiated" prob="1"/>
DEBUG:Adding: <entity name="DoughsR24_zombieNurse"/>
DEBUG:Adding: <entity name="DoughsR27_zombieFatCop" prob="1"/>
DEBUG:Adding: <entity name="DoughsR46_zombieFootballPlayer" prob="1"/>
DEBUG:Adding: <entity name="DoughsR48_zombieCheerleaderRadiated" prob="1"/>
DEBUG:Adding: <entity name="DoughsR50_zombieBoeRadiated" prob="1"/>
DEBUG:Adding: <entity name="DoughsR59_zombieArleneFeral" prob="1"/>
DEBUG:Adding: <entity name="DoughsR65_zombieJanitor"/>
DEBUG:Adding: <entity name="DoughsR66_zombieDarleneRadiated" prob="1"/>
DEBUG:Adding: <entity name="DoughsR73_zombieSteveCrawlerFeral" prob="0.5"/>
DEBUG:ModletGen_AddZedsToEntityGroupsFile ENTITY GROUP: sleeperHordeStageGS2138
DEBUG:Adding: <entity name="DoughsR11_zombieBoeFeral" prob="1"/>
DEBUG:Adding: <entity name="DoughsR22_zombieWightRadiated" prob="1"/>
DEBUG:Adding: <entity name="DoughsR31_zombieArlene"/>
DEBUG:Adding: <entity name="DoughsR32_zombieMoeRadiated" prob="1"/>
DEBUG:Adding: <entity name="DoughsR34_zombieMarleneRadiated" prob="1"/>
DEBUG:Adding: <entity name="DoughsR3_zombieFatCopRadiated" prob="1"/>
DEBUG:Adding: <entity name="DoughsR54_zombieFemaleFatRadiated" prob="1"/>
DEBUG:Adding: <entity name="DoughsR65_zombieJanitor"/>
DEBUG:Adding: <entity name="DoughsR70_zombieBikerFeral" prob="1"/>
DEBUG:Adding: <entity name="DoughsR78_zombieSteveFeral" prob="1"/>
DEBUG:Adding: <entity name="DoughsR86_zombieBikerRadiated" prob="1"/>
DEBUG:ModletGen_AddZedsToEntityGroupsFile ENTITY GROUP: sleeperHordeStageGS2158
DEBUG:Adding: <entity name="DoughsR12_zombieJoeFeral" prob="1"/>
DEBUG:Adding: <entity name="DoughsR25_zombieBiker" prob="1"/>
DEBUG:Adding: <entity name="DoughsR27_zombieFatCop" prob="1"/>
DEBUG:Adding: <entity name="DoughsR45_zombieSpider" prob="1"/>
DEBUG:Adding: <entity name="DoughsR46_zombieFootballPlayer" prob="1"/>
DEBUG:Adding: <entity name="DoughsR57_zombieSpiderFeral" prob="1"/>
DEBUG:Adding: <entity name="DoughsR58_zombieJanitorRadiated" prob="1"/>
DEBUG:Adding: <entity name="DoughsR62_zombieDarlene"/>
DEBUG:Adding: <entity name="DoughsR78_zombieSteveFeral" prob="1"/>
DEBUG:Adding: <entity name="DoughsR7_zombieWightFeral" prob="1"/>
DEBUG:Adding: <entity name="DoughsR86_zombieBikerRadiated" prob="1"/>
DEBUG:ModletGen_AddZedsToEntityGroupsFile ENTITY GROUP: sleeperHordeStageGS216
DEBUG:Adding: <entity name="DoughsR11_zombieBoeFeral" prob="1"/>
DEBUG:Adding: <entity name="DoughsR20_zombieSoldierRadiated" prob="0.95"/>
DEBUG:Adding: <entity name="DoughsR21_zombieSpiderRadiated" prob="0.93"/>
DEBUG:Adding: <entity name="DoughsR22_zombieWightRadiated" prob="0.89"/>
DEBUG:Adding: <entity name="DoughsR2_zombieBusinessManFeral" prob="1"/>
DEBUG:Adding: <entity name="DoughsR32_zombieMoeRadiated" prob="0.97"/>
DEBUG:Adding: <entity name="DoughsR55_zombieJoeRadiated" prob="1"/>
DEBUG:Adding: <entity name="DoughsR57_zombieSpiderFeral" prob="1"/>
DEBUG:Adding: <entity name="DoughsR5_zombieSteveCrawler" prob="0.5"/>
DEBUG:Adding: <entity name="DoughsR62_zombieDarlene"/>
DEBUG:Adding: <entity name="DoughsR74_zombieMoeFeral" prob="1"/>
DEBUG:ModletGen_AddZedsToEntityGroupsFile ENTITY GROUP: sleeperHordeStageGS2177
DEBUG:Adding: <entity name="DoughsR25_zombieBiker" prob="1"/>
DEBUG:Adding: <entity name="DoughsR27_zombieFatCop" prob="1"/>
DEBUG:Adding: <entity name="DoughsR29_zombieBoe"/>
DEBUG:Adding: <entity name="DoughsR46_zombieFootballPlayer" prob="1"/>
DEBUG:Adding: <entity name="DoughsR49_zombieMoe" prob="1"/>
DEBUG:Adding: <entity name="DoughsR50_zombieBoeRadiated" prob="1"/>
DEBUG:Adding: <entity name="DoughsR55_zombieJoeRadiated" prob="1"/>
DEBUG:Adding: <entity name="DoughsR69_zombieOldTimerRadiated" prob="1"/>
DEBUG:Adding: <entity name="DoughsR6_zombieSoldierFeral" prob="1"/>
DEBUG:Adding: <entity name="DoughsR78_zombieSteveFeral" prob="1"/>
DEBUG:Adding: <entity name="DoughsR86_zombieBikerRadiated" prob="1"/>
DEBUG:ModletGen_AddZedsToEntityGroupsFile ENTITY GROUP: sleeperHordeStageGS2197
DEBUG:Adding: <entity name="DoughsR12_zombieJoeFeral" prob="1"/>
DEBUG:Adding: <entity name="DoughsR22_zombieWightRadiated" prob="1"/>
DEBUG:Adding: <entity name="DoughsR28_zombieMarlene"/>
DEBUG:Adding: <entity name="DoughsR31_zombieArlene"/>
DEBUG:Adding: <entity name="DoughsR32_zombieMoeRadiated" prob="1"/>
DEBUG:Adding: <entity name="DoughsR3_zombieFatCopRadiated" prob="1"/>
DEBUG:Adding: <entity name="DoughsR44_zombieBusinessMan"/>
DEBUG:Adding: <entity name="DoughsR56_zombieUtilityWorker" prob="1"/>
DEBUG:Adding: <entity name="DoughsR57_zombieSpiderFeral" prob="1"/>
DEBUG:Adding: <entity name="DoughsR59_zombieArleneFeral" prob="1"/>
DEBUG:Adding: <entity name="DoughsR63_zombieFatCopFeral" prob="1"/>
DEBUG:ModletGen_AddZedsToEntityGroupsFile ENTITY GROUP: sleeperHordeStageGS22
DEBUG:Adding: <entity name="DoughsR13_zombieSteve"/>
DEBUG:Adding: <entity name="DoughsR24_zombieNurse"/>
DEBUG:Adding: <entity name="DoughsR29_zombieBoe"/>
DEBUG:Adding: <entity name="DoughsR31_zombieArlene"/>
DEBUG:Adding: <entity name="DoughsR35_zombieJoe"/>
DEBUG:Adding: <entity name="DoughsR41_zombieYo"/>
DEBUG:Adding: <entity name="DoughsR44_zombieBusinessMan"/>
DEBUG:Adding: <entity name="DoughsR61_zombieSkateboarder"/>
DEBUG:Adding: <entity name="DoughsR62_zombieDarlene"/>
DEBUG:Adding: <entity name="DoughsR64_zombieCheerleader"/>
DEBUG:Adding: <entity name="DoughsR65_zombieJanitor"/>
DEBUG:ModletGen_AddZedsToEntityGroupsFile ENTITY GROUP: sleeperHordeStageGS2216
DEBUG:Adding: <entity name="DoughsR27_zombieFatCop" prob="1"/>
DEBUG:Adding: <entity name="DoughsR2_zombieBusinessManFeral" prob="1"/>
DEBUG:Adding: <entity name="DoughsR3_zombieFatCopRadiated" prob="1"/>
DEBUG:Adding: <entity name="DoughsR45_zombieSpider" prob="1"/>
DEBUG:Adding: <entity name="DoughsR58_zombieJanitorRadiated" prob="1"/>
DEBUG:Adding: <entity name="DoughsR61_zombieSkateboarder"/>
DEBUG:Adding: <entity name="DoughsR64_zombieCheerleader"/>
DEBUG:Adding: <entity name="DoughsR65_zombieJanitor"/>
DEBUG:Adding: <entity name="DoughsR66_zombieDarleneRadiated" prob="1"/>
DEBUG:Adding: <entity name="DoughsR73_zombieSteveCrawlerFeral" prob="0.5"/>
DEBUG:Adding: <entity name="DoughsR81_zombieSteveRadiated" prob="1"/>
DEBUG:ModletGen_AddZedsToEntityGroupsFile ENTITY GROUP: sleeperHordeStageGS2236
DEBUG:Adding: <entity name="DoughsR21_zombieSpiderRadiated" prob="1"/>
DEBUG:Adding: <entity name="DoughsR28_zombieMarlene"/>
DEBUG:Adding: <entity name="DoughsR29_zombieBoe"/>
DEBUG:Adding: <entity name="DoughsR3_zombieFatCopRadiated" prob="1"/>
DEBUG:Adding: <entity name="DoughsR48_zombieCheerleaderRadiated" prob="1"/>
DEBUG:Adding: <entity name="DoughsR49_zombieMoe" prob="1"/>
DEBUG:Adding: <entity name="DoughsR56_zombieUtilityWorker" prob="1"/>
DEBUG:Adding: <entity name="DoughsR57_zombieSpiderFeral" prob="1"/>
DEBUG:Adding: <entity name="DoughsR59_zombieArleneFeral" prob="1"/>
DEBUG:Adding: <entity name="DoughsR5_zombieSteveCrawler" prob="0.5"/>
DEBUG:Adding: <entity name="DoughsR7_zombieWightFeral" prob="1"/>
DEBUG:ModletGen_AddZedsToEntityGroupsFile ENTITY GROUP: sleeperHordeStageGS225
DEBUG:Adding: <entity name="DoughsR24_zombieNurse"/>
DEBUG:Adding: <entity name="DoughsR3_zombieFatCopRadiated" prob="0.96"/>
DEBUG:Adding: <entity name="DoughsR48_zombieCheerleaderRadiated" prob="1"/>
DEBUG:Adding: <entity name="DoughsR50_zombieBoeRadiated" prob="1"/>
DEBUG:Adding: <entity name="DoughsR57_zombieSpiderFeral" prob="1"/>
DEBUG:Adding: <entity name="DoughsR59_zombieArleneFeral" prob="1"/>
DEBUG:Adding: <entity name="DoughsR61_zombieSkateboarder"/>
DEBUG:Adding: <entity name="DoughsR66_zombieDarleneRadiated" prob="1"/>
DEBUG:Adding: <entity name="DoughsR73_zombieSteveCrawlerFeral" prob="0.5"/>
DEBUG:Adding: <entity name="DoughsR75_zombieSkateboarderRadiated" prob="1"/>
DEBUG:Adding: <entity name="DoughsR7_zombieWightFeral" prob="1"/>
DEBUG:ModletGen_AddZedsToEntityGroupsFile ENTITY GROUP: sleeperHordeStageGS2255
DEBUG:Adding: <entity name="DoughsR13_zombieSteve"/>
DEBUG:Adding: <entity name="DoughsR20_zombieSoldierRadiated" prob="1"/>
DEBUG:Adding: <entity name="DoughsR24_zombieNurse"/>
DEBUG:Adding: <entity name="DoughsR37_zombieMarleneFeral" prob="1"/>
DEBUG:Adding: <entity name="DoughsR3_zombieFatCopRadiated" prob="1"/>
DEBUG:Adding: <entity name="DoughsR44_zombieBusinessMan"/>
DEBUG:Adding: <entity name="DoughsR46_zombieFootballPlayer" prob="1"/>
DEBUG:Adding: <entity name="DoughsR65_zombieJanitor"/>
DEBUG:Adding: <entity name="DoughsR6_zombieSoldierFeral" prob="1"/>
DEBUG:Adding: <entity name="DoughsR78_zombieSteveFeral" prob="1"/>
DEBUG:Adding: <entity name="DoughsR8_zombieArleneRadiated" prob="1"/>
DEBUG:ModletGen_AddZedsToEntityGroupsFile ENTITY GROUP: sleeperHordeStageGS2275
DEBUG:Adding: <entity name="DoughsR20_zombieSoldierRadiated" prob="1"/>
DEBUG:Adding: <entity name="DoughsR2_zombieBusinessManFeral" prob="1"/>
DEBUG:Adding: <entity name="DoughsR34_zombieMarleneRadiated" prob="1"/>
DEBUG:Adding: <entity name="DoughsR39_zombieSkateboarderFeral" prob="1"/>
DEBUG:Adding: <entity name="DoughsR44_zombieBusinessMan"/>
DEBUG:Adding: <entity name="DoughsR46_zombieFootballPlayer" prob="1"/>
DEBUG:Adding: <entity name="DoughsR49_zombieMoe" prob="1"/>
DEBUG:Adding: <entity name="DoughsR59_zombieArleneFeral" prob="1"/>
DEBUG:Adding: <entity name="DoughsR64_zombieCheerleader"/>
DEBUG:Adding: <entity name="DoughsR74_zombieMoeFeral" prob="1"/>
DEBUG:Adding: <entity name="DoughsR75_zombieSkateboarderRadiated" prob="1"/>
DEBUG:ModletGen_AddZedsToEntityGroupsFile ENTITY GROUP: sleeperHordeStageGS2295
DEBUG:Adding: <entity name="DoughsR12_zombieJoeFeral" prob="1"/>
DEBUG:Adding: <entity name="DoughsR21_zombieSpiderRadiated" prob="1"/>
DEBUG:Adding: <entity name="DoughsR28_zombieMarlene"/>
DEBUG:Adding: <entity name="DoughsR34_zombieMarleneRadiated" prob="1"/>
DEBUG:Adding: <entity name="DoughsR39_zombieSkateboarderFeral" prob="1"/>
DEBUG:Adding: <entity name="DoughsR3_zombieFatCopRadiated" prob="1"/>
DEBUG:Adding: <entity name="DoughsR51_zombieDarleneFeral" prob="1"/>
DEBUG:Adding: <entity name="DoughsR64_zombieCheerleader"/>
DEBUG:Adding: <entity name="DoughsR70_zombieBikerFeral" prob="1"/>
DEBUG:Adding: <entity name="DoughsR75_zombieSkateboarderRadiated" prob="1"/>
DEBUG:Adding: <entity name="DoughsR7_zombieWightFeral" prob="1"/>
DEBUG:ModletGen_AddZedsToEntityGroupsFile ENTITY GROUP: sleeperHordeStageGS2315
DEBUG:Adding: <entity name="DoughsR12_zombieJoeFeral" prob="1"/>
DEBUG:Adding: <entity name="DoughsR26_zombieFatHawaiian" prob="1"/>
DEBUG:Adding: <entity name="DoughsR36_zombieYoRadiated" prob="1"/>
DEBUG:Adding: <entity name="DoughsR37_zombieMarleneFeral" prob="1"/>
DEBUG:Adding: <entity name="DoughsR42_zombieMaleHazmat" prob="1"/>
DEBUG:Adding: <entity name="DoughsR44_zombieBusinessMan"/>
DEBUG:Adding: <entity name="DoughsR48_zombieCheerleaderRadiated" prob="1"/>
DEBUG:Adding: <entity name="DoughsR57_zombieSpiderFeral" prob="1"/>
DEBUG:Adding: <entity name="DoughsR59_zombieArleneFeral" prob="1"/>
DEBUG:Adding: <entity name="DoughsR63_zombieFatCopFeral" prob="1"/>
DEBUG:Adding: <entity name="DoughsR65_zombieJanitor"/>
DEBUG:ModletGen_AddZedsToEntityGroupsFile ENTITY GROUP: sleeperHordeStageGS2334
DEBUG:Adding: <entity name="DoughsR11_zombieBoeFeral" prob="1"/>
DEBUG:Adding: <entity name="DoughsR30_zombieFatHawaiianFeral" prob="1"/>
DEBUG:Adding: <entity name="DoughsR3_zombieFatCopRadiated" prob="1"/>
DEBUG:Adding: <entity name="DoughsR49_zombieMoe" prob="1"/>
DEBUG:Adding: <entity name="DoughsR55_zombieJoeRadiated" prob="1"/>
DEBUG:Adding: <entity name="DoughsR58_zombieJanitorRadiated" prob="1"/>
DEBUG:Adding: <entity name="DoughsR59_zombieArleneFeral" prob="1"/>
DEBUG:Adding: <entity name="DoughsR65_zombieJanitor"/>
DEBUG:Adding: <entity name="DoughsR79_zombieYoFeral" prob="1"/>
DEBUG:Adding: <entity name="DoughsR81_zombieSteveRadiated" prob="1"/>
DEBUG:Adding: <entity name="DoughsR8_zombieArleneRadiated" prob="1"/>
DEBUG:ModletGen_AddZedsToEntityGroupsFile ENTITY GROUP: sleeperHordeStageGS234
DEBUG:Adding: <entity name="DoughsR28_zombieMarlene"/>
DEBUG:Adding: <entity name="DoughsR31_zombieArlene"/>
DEBUG:Adding: <entity name="DoughsR34_zombieMarleneRadiated" prob="1"/>
DEBUG:Adding: <entity name="DoughsR37_zombieMarleneFeral" prob="1"/>
DEBUG:Adding: <entity name="DoughsR41_zombieYo"/>
DEBUG:Adding: <entity name="DoughsR58_zombieJanitorRadiated" prob="1"/>
DEBUG:Adding: <entity name="DoughsR65_zombieJanitor"/>
DEBUG:Adding: <entity name="DoughsR6_zombieSoldierFeral" prob="1"/>
DEBUG:Adding: <entity name="DoughsR70_zombieBikerFeral" prob="1"/>
DEBUG:Adding: <entity name="DoughsR75_zombieSkateboarderRadiated" prob="1"/>
DEBUG:Adding: <entity name="DoughsR78_zombieSteveFeral" prob="1"/>
DEBUG:ModletGen_AddZedsToEntityGroupsFile ENTITY GROUP: sleeperHordeStageGS2354
DEBUG:Adding: <entity name="DoughsR10_zombieFemaleFatFeral" prob="1"/>
DEBUG:Adding: <entity name="DoughsR27_zombieFatCop" prob="1"/>
DEBUG:Adding: <entity name="DoughsR29_zombieBoe"/>
DEBUG:Adding: <entity name="DoughsR39_zombieSkateboarderFeral" prob="1"/>
DEBUG:Adding: <entity name="DoughsR3_zombieFatCopRadiated" prob="1"/>
DEBUG:Adding: <entity name="DoughsR44_zombieBusinessMan"/>
DEBUG:Adding: <entity name="DoughsR56_zombieUtilityWorker" prob="1"/>
DEBUG:Adding: <entity name="DoughsR57_zombieSpiderFeral" prob="1"/>
DEBUG:Adding: <entity name="DoughsR74_zombieMoeFeral" prob="1"/>
DEBUG:Adding: <entity name="DoughsR75_zombieSkateboarderRadiated" prob="1"/>
DEBUG:Adding: <entity name="DoughsR86_zombieBikerRadiated" prob="1"/>
DEBUG:ModletGen_AddZedsToEntityGroupsFile ENTITY GROUP: sleeperHordeStageGS2374
DEBUG:Adding: <entity name="DoughsR11_zombieBoeFeral" prob="1"/>
DEBUG:Adding: <entity name="DoughsR12_zombieJoeFeral" prob="1"/>
DEBUG:Adding: <entity name="DoughsR16_zombieFemaleFat" prob="1"/>
DEBUG:Adding: <entity name="DoughsR2_zombieBusinessManFeral" prob="1"/>
DEBUG:Adding: <entity name="DoughsR39_zombieSkateboarderFeral" prob="1"/>
DEBUG:Adding: <entity name="DoughsR41_zombieYo"/>
DEBUG:Adding: <entity name="DoughsR49_zombieMoe" prob="1"/>
DEBUG:Adding: <entity name="DoughsR54_zombieFemaleFatRadiated" prob="1"/>
DEBUG:Adding: <entity name="DoughsR61_zombieSkateboarder"/>
DEBUG:Adding: <entity name="DoughsR63_zombieFatCopFeral" prob="1"/>
DEBUG:Adding: <entity name="DoughsR81_zombieSteveRadiated" prob="1"/>
DEBUG:ModletGen_AddZedsToEntityGroupsFile ENTITY GROUP: sleeperHordeStageGS2394
DEBUG:Adding: <entity name="DoughsR10_zombieFemaleFatFeral" prob="1"/>
DEBUG:Adding: <entity name="DoughsR24_zombieNurse"/>
DEBUG:Adding: <entity name="DoughsR25_zombieBiker" prob="1"/>
DEBUG:Adding: <entity name="DoughsR2_zombieBusinessManFeral" prob="1"/>
DEBUG:Adding: <entity name="DoughsR37_zombieMarleneFeral" prob="1"/>
DEBUG:Adding: <entity name="DoughsR42_zombieMaleHazmat" prob="1"/>
DEBUG:Adding: <entity name="DoughsR54_zombieFemaleFatRadiated" prob="1"/>
DEBUG:Adding: <entity name="DoughsR57_zombieSpiderFeral" prob="1"/>
DEBUG:Adding: <entity name="DoughsR59_zombieArleneFeral" prob="1"/>
DEBUG:Adding: <entity name="DoughsR5_zombieSteveCrawler" prob="0.5"/>
DEBUG:Adding: <entity name="DoughsR79_zombieYoFeral" prob="1"/>
DEBUG:ModletGen_AddZedsToEntityGroupsFile ENTITY GROUP: sleeperHordeStageGS2414
DEBUG:Adding: <entity name="DoughsR20_zombieSoldierRadiated" prob="1"/>
DEBUG:Adding: <entity name="DoughsR22_zombieWightRadiated" prob="1"/>
DEBUG:Adding: <entity name="DoughsR35_zombieJoe"/>
DEBUG:Adding: <entity name="DoughsR49_zombieMoe" prob="1"/>
DEBUG:Adding: <entity name="DoughsR50_zombieBoeRadiated" prob="1"/>
DEBUG:Adding: <entity name="DoughsR56_zombieUtilityWorker" prob="1"/>
DEBUG:Adding: <entity name="DoughsR58_zombieJanitorRadiated" prob="1"/>
DEBUG:Adding: <entity name="DoughsR63_zombieFatCopFeral" prob="1"/>
DEBUG:Adding: <entity name="DoughsR65_zombieJanitor"/>
DEBUG:Adding: <entity name="DoughsR6_zombieSoldierFeral" prob="1"/>
DEBUG:Adding: <entity name="DoughsR8_zombieArleneRadiated" prob="1"/>
DEBUG:ModletGen_AddZedsToEntityGroupsFile ENTITY GROUP: sleeperHordeStageGS243
DEBUG:Adding: <entity name="DoughsR13_zombieSteve"/>
DEBUG:Adding: <entity name="DoughsR14_zombieSoldier" prob="1"/>
DEBUG:Adding: <entity name="DoughsR24_zombieNurse"/>
DEBUG:Adding: <entity name="DoughsR26_zombieFatHawaiian" prob="1"/>
DEBUG:Adding: <entity name="DoughsR29_zombieBoe"/>
DEBUG:Adding: <entity name="DoughsR46_zombieFootballPlayer" prob="1"/>
DEBUG:Adding: <entity name="DoughsR61_zombieSkateboarder"/>
DEBUG:Adding: <entity name="DoughsR63_zombieFatCopFeral" prob="1"/>
DEBUG:Adding: <entity name="DoughsR6_zombieSoldierFeral" prob="1"/>
DEBUG:Adding: <entity name="DoughsR79_zombieYoFeral" prob="1"/>
DEBUG:Adding: <entity name="DoughsR7_zombieWightFeral" prob="1"/>
DEBUG:ModletGen_AddZedsToEntityGroupsFile ENTITY GROUP: sleeperHordeStageGS2435
DEBUG:Adding: <entity name="DoughsR20_zombieSoldierRadiated" prob="1"/>
DEBUG:Adding: <entity name="DoughsR22_zombieWightRadiated" prob="1"/>
DEBUG:Adding: <entity name="DoughsR24_zombieNurse"/>
DEBUG:Adding: <entity name="DoughsR25_zombieBiker" prob="1"/>
DEBUG:Adding: <entity name="DoughsR26_zombieFatHawaiian" prob="1"/>
DEBUG:Adding: <entity name="DoughsR28_zombieMarlene"/>
DEBUG:Adding: <entity name="DoughsR3_zombieFatCopRadiated" prob="1"/>
DEBUG:Adding: <entity name="DoughsR44_zombieBusinessMan"/>
DEBUG:Adding: <entity name="DoughsR62_zombieDarlene"/>
DEBUG:Adding: <entity name="DoughsR79_zombieYoFeral" prob="1"/>
DEBUG:Adding: <entity name="DoughsR8_zombieArleneRadiated" prob="1"/>
DEBUG:ModletGen_AddZedsToEntityGroupsFile ENTITY GROUP: sleeperHordeStageGS2455
DEBUG:Adding: <entity name="DoughsR14_zombieSoldier" prob="1"/>
DEBUG:Adding: <entity name="DoughsR26_zombieFatHawaiian" prob="1"/>
DEBUG:Adding: <entity name="DoughsR27_zombieFatCop" prob="1"/>
DEBUG:Adding: <entity name="DoughsR37_zombieMarleneFeral" prob="1"/>
DEBUG:Adding: <entity name="DoughsR54_zombieFemaleFatRadiated" prob="1"/>
DEBUG:Adding: <entity name="DoughsR56_zombieUtilityWorker" prob="1"/>
DEBUG:Adding: <entity name="DoughsR57_zombieSpiderFeral" prob="1"/>
DEBUG:Adding: <entity name="DoughsR5_zombieSteveCrawler" prob="0.5"/>
DEBUG:Adding: <entity name="DoughsR61_zombieSkateboarder"/>
DEBUG:Adding: <entity name="DoughsR79_zombieYoFeral" prob="1"/>
DEBUG:Adding: <entity name="DoughsR7_zombieWightFeral" prob="1"/>
DEBUG:ModletGen_AddZedsToEntityGroupsFile ENTITY GROUP: sleeperHordeStageGS2475
DEBUG:Adding: <entity name="DoughsR13_zombieSteve"/>
DEBUG:Adding: <entity name="DoughsR31_zombieArlene"/>
DEBUG:Adding: <entity name="DoughsR34_zombieMarleneRadiated" prob="1"/>
DEBUG:Adding: <entity name="DoughsR36_zombieYoRadiated" prob="1"/>
DEBUG:Adding: <entity name="DoughsR44_zombieBusinessMan"/>
DEBUG:Adding: <entity name="DoughsR45_zombieSpider" prob="1"/>
DEBUG:Adding: <entity name="DoughsR48_zombieCheerleaderRadiated" prob="1"/>
DEBUG:Adding: <entity name="DoughsR56_zombieUtilityWorker" prob="1"/>
DEBUG:Adding: <entity name="DoughsR5_zombieSteveCrawler" prob="0.5"/>
DEBUG:Adding: <entity name="DoughsR74_zombieMoeFeral" prob="1"/>
DEBUG:Adding: <entity name="DoughsR75_zombieSkateboarderRadiated" prob="1"/>
DEBUG:ModletGen_AddZedsToEntityGroupsFile ENTITY GROUP: sleeperHordeStageGS2495
DEBUG:Adding: <entity name="DoughsR20_zombieSoldierRadiated" prob="1"/>
DEBUG:Adding: <entity name="DoughsR22_zombieWightRadiated" prob="1"/>
DEBUG:Adding: <entity name="DoughsR27_zombieFatCop" prob="1"/>
DEBUG:Adding: <entity name="DoughsR2_zombieBusinessManFeral" prob="1"/>
DEBUG:Adding: <entity name="DoughsR35_zombieJoe"/>
DEBUG:Adding: <entity name="DoughsR46_zombieFootballPlayer" prob="1"/>
DEBUG:Adding: <entity name="DoughsR48_zombieCheerleaderRadiated" prob="1"/>
DEBUG:Adding: <entity name="DoughsR61_zombieSkateboarder"/>
DEBUG:Adding: <entity name="DoughsR69_zombieOldTimerRadiated" prob="1"/>
DEBUG:Adding: <entity name="DoughsR70_zombieBikerFeral" prob="1"/>
DEBUG:Adding: <entity name="DoughsR79_zombieYoFeral" prob="1"/>
DEBUG:ModletGen_AddZedsToEntityGroupsFile ENTITY GROUP: sleeperHordeStageGS2516
DEBUG:Adding: <entity name="DoughsR22_zombieWightRadiated" prob="1"/>
DEBUG:Adding: <entity name="DoughsR36_zombieYoRadiated" prob="1"/>
DEBUG:Adding: <entity name="DoughsR39_zombieSkateboarderFeral" prob="1"/>
DEBUG:Adding: <entity name="DoughsR3_zombieFatCopRadiated" prob="1"/>
DEBUG:Adding: <entity name="DoughsR46_zombieFootballPlayer" prob="1"/>
DEBUG:Adding: <entity name="DoughsR49_zombieMoe" prob="1"/>
DEBUG:Adding: <entity name="DoughsR50_zombieBoeRadiated" prob="1"/>
DEBUG:Adding: <entity name="DoughsR51_zombieDarleneFeral" prob="1"/>
DEBUG:Adding: <entity name="DoughsR65_zombieJanitor"/>
DEBUG:Adding: <entity name="DoughsR79_zombieYoFeral" prob="1"/>
DEBUG:Adding: <entity name="DoughsR7_zombieWightFeral" prob="1"/>
DEBUG:ModletGen_AddZedsToEntityGroupsFile ENTITY GROUP: sleeperHordeStageGS252
DEBUG:Adding: <entity name="DoughsR21_zombieSpiderRadiated" prob="1"/>
DEBUG:Adding: <entity name="DoughsR26_zombieFatHawaiian" prob="1"/>
DEBUG:Adding: <entity name="DoughsR27_zombieFatCop" prob="1"/>
DEBUG:Adding: <entity name="DoughsR30_zombieFatHawaiianFeral" prob="1"/>
DEBUG:Adding: <entity name="DoughsR31_zombieArlene"/>
DEBUG:Adding: <entity name="DoughsR56_zombieUtilityWorker" prob="1"/>
DEBUG:Adding: <entity name="DoughsR58_zombieJanitorRadiated" prob="1"/>
DEBUG:Adding: <entity name="DoughsR62_zombieDarlene"/>
DEBUG:Adding: <entity name="DoughsR66_zombieDarleneRadiated" prob="1"/>
DEBUG:Adding: <entity name="DoughsR71_zombieNurseFeral" prob="1"/>
DEBUG:Adding: <entity name="DoughsR79_zombieYoFeral" prob="1"/>
DEBUG:ModletGen_AddZedsToEntityGroupsFile ENTITY GROUP: sleeperHordeStageGS2536
DEBUG:Adding: <entity name="DoughsR16_zombieFemaleFat" prob="1"/>
DEBUG:Adding: <entity name="DoughsR26_zombieFatHawaiian" prob="1"/>
DEBUG:Adding: <entity name="DoughsR2_zombieBusinessManFeral" prob="1"/>
DEBUG:Adding: <entity name="DoughsR34_zombieMarleneRadiated" prob="1"/>
DEBUG:Adding: <entity name="DoughsR35_zombieJoe"/>
DEBUG:Adding: <entity name="DoughsR3_zombieFatCopRadiated" prob="1"/>
DEBUG:Adding: <entity name="DoughsR56_zombieUtilityWorker" prob="1"/>
DEBUG:Adding: <entity name="DoughsR58_zombieJanitorRadiated" prob="1"/>
DEBUG:Adding: <entity name="DoughsR69_zombieOldTimerRadiated" prob="1"/>
DEBUG:Adding: <entity name="DoughsR71_zombieNurseFeral" prob="1"/>
DEBUG:Adding: <entity name="DoughsR86_zombieBikerRadiated" prob="1"/>
DEBUG:ModletGen_AddZedsToEntityGroupsFile ENTITY GROUP: sleeperHordeStageGS2557
DEBUG:Adding: <entity name="DoughsR10_zombieFemaleFatFeral" prob="1"/>
DEBUG:Adding: <entity name="DoughsR13_zombieSteve"/>
DEBUG:Adding: <entity name="DoughsR39_zombieSkateboarderFeral" prob="1"/>
DEBUG:Adding: <entity name="DoughsR3_zombieFatCopRadiated" prob="1"/>
DEBUG:Adding: <entity name="DoughsR42_zombieMaleHazmat" prob="1"/>
DEBUG:Adding: <entity name="DoughsR5_zombieSteveCrawler" prob="0.5"/>
DEBUG:Adding: <entity name="DoughsR63_zombieFatCopFeral" prob="1"/>
DEBUG:Adding: <entity name="DoughsR71_zombieNurseFeral" prob="1"/>
DEBUG:Adding: <entity name="DoughsR74_zombieMoeFeral" prob="1"/>
DEBUG:Adding: <entity name="DoughsR86_zombieBikerRadiated" prob="1"/>
DEBUG:Adding: <entity name="DoughsR8_zombieArleneRadiated" prob="1"/>
DEBUG:ModletGen_AddZedsToEntityGroupsFile ENTITY GROUP: sleeperHordeStageGS2577
DEBUG:Adding: <entity name="DoughsR13_zombieSteve"/>
DEBUG:Adding: <entity name="DoughsR16_zombieFemaleFat" prob="1"/>
DEBUG:Adding: <entity name="DoughsR26_zombieFatHawaiian" prob="1"/>
DEBUG:Adding: <entity name="DoughsR27_zombieFatCop" prob="1"/>
DEBUG:Adding: <entity name="DoughsR31_zombieArlene"/>
DEBUG:Adding: <entity name="DoughsR32_zombieMoeRadiated" prob="1"/>
DEBUG:Adding: <entity name="DoughsR36_zombieYoRadiated" prob="1"/>
DEBUG:Adding: <entity name="DoughsR37_zombieMarleneFeral" prob="1"/>
DEBUG:Adding: <entity name="DoughsR51_zombieDarleneFeral" prob="1"/>
DEBUG:Adding: <entity name="DoughsR57_zombieSpiderFeral" prob="1"/>
DEBUG:Adding: <entity name="DoughsR7_zombieWightFeral" prob="1"/>
DEBUG:ModletGen_AddZedsToEntityGroupsFile ENTITY GROUP: sleeperHordeStageGS2598
DEBUG:Adding: <entity name="DoughsR21_zombieSpiderRadiated" prob="1"/>
DEBUG:Adding: <entity name="DoughsR24_zombieNurse"/>
DEBUG:Adding: <entity name="DoughsR30_zombieFatHawaiianFeral" prob="1"/>
DEBUG:Adding: <entity name="DoughsR31_zombieArlene"/>
DEBUG:Adding: <entity name="DoughsR36_zombieYoRadiated" prob="1"/>
DEBUG:Adding: <entity name="DoughsR39_zombieSkateboarderFeral" prob="1"/>
DEBUG:Adding: <entity name="DoughsR49_zombieMoe" prob="1"/>
DEBUG:Adding: <entity name="DoughsR51_zombieDarleneFeral" prob="1"/>
DEBUG:Adding: <entity name="DoughsR63_zombieFatCopFeral" prob="1"/>
DEBUG:Adding: <entity name="DoughsR71_zombieNurseFeral" prob="1"/>
DEBUG:Adding: <entity name="DoughsR7_zombieWightFeral" prob="1"/>
DEBUG:ModletGen_AddZedsToEntityGroupsFile ENTITY GROUP: sleeperHordeStageGS2618
DEBUG:Adding: <entity name="DoughsR10_zombieFemaleFatFeral" prob="1"/>
DEBUG:Adding: <entity name="DoughsR12_zombieJoeFeral" prob="1"/>
DEBUG:Adding: <entity name="DoughsR25_zombieBiker" prob="1"/>
DEBUG:Adding: <entity name="DoughsR26_zombieFatHawaiian" prob="1"/>
DEBUG:Adding: <entity name="DoughsR32_zombieMoeRadiated" prob="1"/>
DEBUG:Adding: <entity name="DoughsR39_zombieSkateboarderFeral" prob="1"/>
DEBUG:Adding: <entity name="DoughsR41_zombieYo"/>
DEBUG:Adding: <entity name="DoughsR53_zombieJanitorFeral" prob="1"/>
DEBUG:Adding: <entity name="DoughsR63_zombieFatCopFeral" prob="1"/>
DEBUG:Adding: <entity name="DoughsR64_zombieCheerleader"/>
DEBUG:Adding: <entity name="DoughsR74_zombieMoeFeral" prob="1"/>
DEBUG:ModletGen_AddZedsToEntityGroupsFile ENTITY GROUP: sleeperHordeStageGS262
DEBUG:Adding: <entity name="DoughsR21_zombieSpiderRadiated" prob="1"/>
DEBUG:Adding: <entity name="DoughsR35_zombieJoe"/>
DEBUG:Adding: <entity name="DoughsR44_zombieBusinessMan"/>
DEBUG:Adding: <entity name="DoughsR48_zombieCheerleaderRadiated" prob="1"/>
DEBUG:Adding: <entity name="DoughsR50_zombieBoeRadiated" prob="1"/>
DEBUG:Adding: <entity name="DoughsR57_zombieSpiderFeral" prob="1"/>
DEBUG:Adding: <entity name="DoughsR59_zombieArleneFeral" prob="1"/>
DEBUG:Adding: <entity name="DoughsR66_zombieDarleneRadiated" prob="1"/>
DEBUG:Adding: <entity name="DoughsR71_zombieNurseFeral" prob="1"/>
DEBUG:Adding: <entity name="DoughsR73_zombieSteveCrawlerFeral" prob="0.5"/>
DEBUG:Adding: <entity name="DoughsR8_zombieArleneRadiated" prob="1"/>
DEBUG:ModletGen_AddZedsToEntityGroupsFile ENTITY GROUP: sleeperHordeStageGS2639
DEBUG:Adding: <entity name="DoughsR13_zombieSteve"/>
DEBUG:Adding: <entity name="DoughsR30_zombieFatHawaiianFeral" prob="1"/>
DEBUG:Adding: <entity name="DoughsR35_zombieJoe"/>
DEBUG:Adding: <entity name="DoughsR3_zombieFatCopRadiated" prob="1"/>
DEBUG:Adding: <entity name="DoughsR44_zombieBusinessMan"/>
DEBUG:Adding: <entity name="DoughsR45_zombieSpider" prob="1"/>
DEBUG:Adding: <entity name="DoughsR63_zombieFatCopFeral" prob="1"/>
DEBUG:Adding: <entity name="DoughsR64_zombieCheerleader"/>
DEBUG:Adding: <entity name="DoughsR70_zombieBikerFeral" prob="1"/>
DEBUG:Adding: <entity name="DoughsR78_zombieSteveFeral" prob="1"/>
DEBUG:Adding: <entity name="DoughsR7_zombieWightFeral" prob="1"/>
DEBUG:ModletGen_AddZedsToEntityGroupsFile ENTITY GROUP: sleeperHordeStageGS2660
DEBUG:Adding: <entity name="DoughsR12_zombieJoeFeral" prob="1"/>
DEBUG:Adding: <entity name="DoughsR24_zombieNurse"/>
DEBUG:Adding: <entity name="DoughsR35_zombieJoe"/>
DEBUG:Adding: <entity name="DoughsR3_zombieFatCopRadiated" prob="1"/>
DEBUG:Adding: <entity name="DoughsR45_zombieSpider" prob="1"/>
DEBUG:Adding: <entity name="DoughsR55_zombieJoeRadiated" prob="1"/>
DEBUG:Adding: <entity name="DoughsR5_zombieSteveCrawler" prob="0.5"/>
DEBUG:Adding: <entity name="DoughsR61_zombieSkateboarder"/>
DEBUG:Adding: <entity name="DoughsR63_zombieFatCopFeral" prob="1"/>
DEBUG:Adding: <entity name="DoughsR70_zombieBikerFeral" prob="1"/>
DEBUG:Adding: <entity name="DoughsR8_zombieArleneRadiated" prob="1"/>
DEBUG:ModletGen_AddZedsToEntityGroupsFile ENTITY GROUP: sleeperHordeStageGS2681
DEBUG:Adding: <entity name="DoughsR21_zombieSpiderRadiated" prob="1"/>
DEBUG:Adding: <entity name="DoughsR26_zombieFatHawaiian" prob="1"/>
DEBUG:Adding: <entity name="DoughsR34_zombieMarleneRadiated" prob="1"/>
DEBUG:Adding: <entity name="DoughsR53_zombieJanitorFeral" prob="1"/>
DEBUG:Adding: <entity name="DoughsR54_zombieFemaleFatRadiated" prob="1"/>
DEBUG:Adding: <entity name="DoughsR55_zombieJoeRadiated" prob="1"/>
DEBUG:Adding: <entity name="DoughsR58_zombieJanitorRadiated" prob="1"/>
DEBUG:Adding: <entity name="DoughsR63_zombieFatCopFeral" prob="1"/>
DEBUG:Adding: <entity name="DoughsR65_zombieJanitor"/>
DEBUG:Adding: <entity name="DoughsR71_zombieNurseFeral" prob="1"/>
DEBUG:Adding: <entity name="DoughsR75_zombieSkateboarderRadiated" prob="1"/>
DEBUG:ModletGen_AddZedsToEntityGroupsFile ENTITY GROUP: sleeperHordeStageGS27
DEBUG:Adding: <entity name="DoughsR24_zombieNurse"/>
DEBUG:Adding: <entity name="DoughsR28_zombieMarlene"/>
DEBUG:Adding: <entity name="DoughsR31_zombieArlene"/>
DEBUG:Adding: <entity name="DoughsR35_zombieJoe"/>
DEBUG:Adding: <entity name="DoughsR41_zombieYo"/>
DEBUG:Adding: <entity name="DoughsR44_zombieBusinessMan"/>
DEBUG:Adding: <entity name="DoughsR49_zombieMoe" prob="0.3"/>
DEBUG:Adding: <entity name="DoughsR5_zombieSteveCrawler" prob="0.5"/>
DEBUG:Adding: <entity name="DoughsR61_zombieSkateboarder"/>
DEBUG:Adding: <entity name="DoughsR62_zombieDarlene"/>
DEBUG:Adding: <entity name="DoughsR64_zombieCheerleader"/>
DEBUG:ModletGen_AddZedsToEntityGroupsFile ENTITY GROUP: sleeperHordeStageGS2702
DEBUG:Adding: <entity name="DoughsR16_zombieFemaleFat" prob="1"/>
DEBUG:Adding: <entity name="DoughsR26_zombieFatHawaiian" prob="1"/>
DEBUG:Adding: <entity name="DoughsR29_zombieBoe"/>
DEBUG:Adding: <entity name="DoughsR31_zombieArlene"/>
DEBUG:Adding: <entity name="DoughsR41_zombieYo"/>
DEBUG:Adding: <entity name="DoughsR44_zombieBusinessMan"/>
DEBUG:Adding: <entity name="DoughsR55_zombieJoeRadiated" prob="1"/>
DEBUG:Adding: <entity name="DoughsR5_zombieSteveCrawler" prob="0.5"/>
DEBUG:Adding: <entity name="DoughsR64_zombieCheerleader"/>
DEBUG:Adding: <entity name="DoughsR73_zombieSteveCrawlerFeral" prob="0.5"/>
DEBUG:Adding: <entity name="DoughsR8_zombieArleneRadiated" prob="1"/>
DEBUG:ModletGen_AddZedsToEntityGroupsFile ENTITY GROUP: sleeperHordeStageGS272
DEBUG:Adding: <entity name="DoughsR12_zombieJoeFeral" prob="1"/>
DEBUG:Adding: <entity name="DoughsR13_zombieSteve"/>
DEBUG:Adding: <entity name="DoughsR21_zombieSpiderRadiated" prob="1"/>
DEBUG:Adding: <entity name="DoughsR28_zombieMarlene"/>
DEBUG:Adding: <entity name="DoughsR29_zombieBoe"/>
DEBUG:Adding: <entity name="DoughsR41_zombieYo"/>
DEBUG:Adding: <entity name="DoughsR58_zombieJanitorRadiated" prob="1"/>
DEBUG:Adding: <entity name="DoughsR62_zombieDarlene"/>
DEBUG:Adding: <entity name="DoughsR65_zombieJanitor"/>
DEBUG:Adding: <entity name="DoughsR69_zombieOldTimerRadiated" prob="1"/>
DEBUG:Adding: <entity name="DoughsR70_zombieBikerFeral" prob="1"/>
DEBUG:ModletGen_AddZedsToEntityGroupsFile ENTITY GROUP: sleeperHordeStageGS2723
DEBUG:Adding: <entity name="DoughsR14_zombieSoldier" prob="1"/>
DEBUG:Adding: <entity name="DoughsR27_zombieFatCop" prob="1"/>
DEBUG:Adding: <entity name="DoughsR32_zombieMoeRadiated" prob="1"/>
DEBUG:Adding: <entity name="DoughsR34_zombieMarleneRadiated" prob="1"/>
DEBUG:Adding: <entity name="DoughsR3_zombieFatCopRadiated" prob="1"/>
DEBUG:Adding: <entity name="DoughsR44_zombieBusinessMan"/>
DEBUG:Adding: <entity name="DoughsR65_zombieJanitor"/>
DEBUG:Adding: <entity name="DoughsR66_zombieDarleneRadiated" prob="1"/>
DEBUG:Adding: <entity name="DoughsR75_zombieSkateboarderRadiated" prob="1"/>
DEBUG:Adding: <entity name="DoughsR79_zombieYoFeral" prob="1"/>
DEBUG:Adding: <entity name="DoughsR81_zombieSteveRadiated" prob="1"/>
DEBUG:ModletGen_AddZedsToEntityGroupsFile ENTITY GROUP: sleeperHordeStageGS2744
DEBUG:Adding: <entity name="DoughsR20_zombieSoldierRadiated" prob="1"/>
DEBUG:Adding: <entity name="DoughsR29_zombieBoe"/>
DEBUG:Adding: <entity name="DoughsR2_zombieBusinessManFeral" prob="1"/>
DEBUG:Adding: <entity name="DoughsR31_zombieArlene"/>
DEBUG:Adding: <entity name="DoughsR37_zombieMarleneFeral" prob="1"/>
DEBUG:Adding: <entity name="DoughsR44_zombieBusinessMan"/>
DEBUG:Adding: <entity name="DoughsR48_zombieCheerleaderRadiated" prob="1"/>
DEBUG:Adding: <entity name="DoughsR65_zombieJanitor"/>
DEBUG:Adding: <entity name="DoughsR75_zombieSkateboarderRadiated" prob="1"/>
DEBUG:Adding: <entity name="DoughsR78_zombieSteveFeral" prob="1"/>
DEBUG:Adding: <entity name="DoughsR8_zombieArleneRadiated" prob="1"/>
DEBUG:ModletGen_AddZedsToEntityGroupsFile ENTITY GROUP: sleeperHordeStageGS2765
DEBUG:Adding: <entity name="DoughsR13_zombieSteve"/>
DEBUG:Adding: <entity name="DoughsR22_zombieWightRadiated" prob="1"/>
DEBUG:Adding: <entity name="DoughsR24_zombieNurse"/>
DEBUG:Adding: <entity name="DoughsR51_zombieDarleneFeral" prob="1"/>
DEBUG:Adding: <entity name="DoughsR53_zombieJanitorFeral" prob="1"/>
DEBUG:Adding: <entity name="DoughsR54_zombieFemaleFatRadiated" prob="1"/>
DEBUG:Adding: <entity name="DoughsR57_zombieSpiderFeral" prob="1"/>
DEBUG:Adding: <entity name="DoughsR74_zombieMoeFeral" prob="1"/>
DEBUG:Adding: <entity name="DoughsR78_zombieSteveFeral" prob="1"/>
DEBUG:Adding: <entity name="DoughsR81_zombieSteveRadiated" prob="1"/>
DEBUG:Adding: <entity name="DoughsR86_zombieBikerRadiated" prob="1"/>
DEBUG:ModletGen_AddZedsToEntityGroupsFile ENTITY GROUP: sleeperHordeStageGS2786
DEBUG:Adding: <entity name="DoughsR13_zombieSteve"/>
DEBUG:Adding: <entity name="DoughsR24_zombieNurse"/>
DEBUG:Adding: <entity name="DoughsR26_zombieFatHawaiian" prob="1"/>
DEBUG:Adding: <entity name="DoughsR27_zombieFatCop" prob="1"/>
DEBUG:Adding: <entity name="DoughsR28_zombieMarlene"/>
DEBUG:Adding: <entity name="DoughsR54_zombieFemaleFatRadiated" prob="1"/>
DEBUG:Adding: <entity name="DoughsR57_zombieSpiderFeral" prob="1"/>
DEBUG:Adding: <entity name="DoughsR58_zombieJanitorRadiated" prob="1"/>
DEBUG:Adding: <entity name="DoughsR61_zombieSkateboarder"/>
DEBUG:Adding: <entity name="DoughsR65_zombieJanitor"/>
DEBUG:Adding: <entity name="DoughsR66_zombieDarleneRadiated" prob="1"/>
DEBUG:ModletGen_AddZedsToEntityGroupsFile ENTITY GROUP: sleeperHordeStageGS2807
DEBUG:Adding: <entity name="DoughsR11_zombieBoeFeral" prob="1"/>
DEBUG:Adding: <entity name="DoughsR14_zombieSoldier" prob="1"/>
DEBUG:Adding: <entity name="DoughsR2_zombieBusinessManFeral" prob="1"/>
DEBUG:Adding: <entity name="DoughsR30_zombieFatHawaiianFeral" prob="1"/>
DEBUG:Adding: <entity name="DoughsR35_zombieJoe"/>
DEBUG:Adding: <entity name="DoughsR49_zombieMoe" prob="1"/>
DEBUG:Adding: <entity name="DoughsR50_zombieBoeRadiated" prob="1"/>
DEBUG:Adding: <entity name="DoughsR58_zombieJanitorRadiated" prob="1"/>
DEBUG:Adding: <entity name="DoughsR61_zombieSkateboarder"/>
DEBUG:Adding: <entity name="DoughsR75_zombieSkateboarderRadiated" prob="1"/>
DEBUG:Adding: <entity name="DoughsR8_zombieArleneRadiated" prob="1"/>
DEBUG:ModletGen_AddZedsToEntityGroupsFile ENTITY GROUP: sleeperHordeStageGS281
DEBUG:Adding: <entity name="DoughsR11_zombieBoeFeral" prob="1"/>
DEBUG:Adding: <entity name="DoughsR14_zombieSoldier" prob="1"/>
DEBUG:Adding: <entity name="DoughsR20_zombieSoldierRadiated" prob="1"/>
DEBUG:Adding: <entity name="DoughsR24_zombieNurse"/>
DEBUG:Adding: <entity name="DoughsR26_zombieFatHawaiian" prob="1"/>
DEBUG:Adding: <entity name="DoughsR32_zombieMoeRadiated" prob="1"/>
DEBUG:Adding: <entity name="DoughsR35_zombieJoe"/>
DEBUG:Adding: <entity name="DoughsR37_zombieMarleneFeral" prob="1"/>
DEBUG:Adding: <entity name="DoughsR54_zombieFemaleFatRadiated" prob="1"/>
DEBUG:Adding: <entity name="DoughsR64_zombieCheerleader"/>
DEBUG:Adding: <entity name="DoughsR65_zombieJanitor"/>
DEBUG:ModletGen_AddZedsToEntityGroupsFile ENTITY GROUP: sleeperHordeStageGS2828
DEBUG:Adding: <entity name="DoughsR10_zombieFemaleFatFeral" prob="1"/>
DEBUG:Adding: <entity name="DoughsR13_zombieSteve"/>
DEBUG:Adding: <entity name="DoughsR14_zombieSoldier" prob="1"/>
DEBUG:Adding: <entity name="DoughsR22_zombieWightRadiated" prob="1"/>
DEBUG:Adding: <entity name="DoughsR24_zombieNurse"/>
DEBUG:Adding: <entity name="DoughsR32_zombieMoeRadiated" prob="1"/>
DEBUG:Adding: <entity name="DoughsR35_zombieJoe"/>
DEBUG:Adding: <entity name="DoughsR53_zombieJanitorFeral" prob="1"/>
DEBUG:Adding: <entity name="DoughsR5_zombieSteveCrawler" prob="0.5"/>
DEBUG:Adding: <entity name="DoughsR61_zombieSkateboarder"/>
DEBUG:Adding: <entity name="DoughsR69_zombieOldTimerRadiated" prob="1"/>
DEBUG:ModletGen_AddZedsToEntityGroupsFile ENTITY GROUP: sleeperHordeStageGS2849
DEBUG:Adding: <entity name="DoughsR22_zombieWightRadiated" prob="1"/>
DEBUG:Adding: <entity name="DoughsR2_zombieBusinessManFeral" prob="1"/>
DEBUG:Adding: <entity name="DoughsR30_zombieFatHawaiianFeral" prob="1"/>
DEBUG:Adding: <entity name="DoughsR48_zombieCheerleaderRadiated" prob="1"/>
DEBUG:Adding: <entity name="DoughsR50_zombieBoeRadiated" prob="1"/>
DEBUG:Adding: <entity name="DoughsR57_zombieSpiderFeral" prob="1"/>
DEBUG:Adding: <entity name="DoughsR58_zombieJanitorRadiated" prob="1"/>
DEBUG:Adding: <entity name="DoughsR64_zombieCheerleader"/>
DEBUG:Adding: <entity name="DoughsR70_zombieBikerFeral" prob="1"/>
DEBUG:Adding: <entity name="DoughsR73_zombieSteveCrawlerFeral" prob="0.5"/>
DEBUG:Adding: <entity name="DoughsR74_zombieMoeFeral" prob="1"/>
DEBUG:ModletGen_AddZedsToEntityGroupsFile ENTITY GROUP: sleeperHordeStageGS2870
DEBUG:Adding: <entity name="DoughsR12_zombieJoeFeral" prob="1"/>
DEBUG:Adding: <entity name="DoughsR25_zombieBiker" prob="1"/>
DEBUG:Adding: <entity name="DoughsR31_zombieArlene"/>
DEBUG:Adding: <entity name="DoughsR37_zombieMarleneFeral" prob="1"/>
DEBUG:Adding: <entity name="DoughsR39_zombieSkateboarderFeral" prob="1"/>
DEBUG:Adding: <entity name="DoughsR3_zombieFatCopRadiated" prob="1"/>
DEBUG:Adding: <entity name="DoughsR55_zombieJoeRadiated" prob="1"/>
DEBUG:Adding: <entity name="DoughsR56_zombieUtilityWorker" prob="1"/>
DEBUG:Adding: <entity name="DoughsR65_zombieJanitor"/>
DEBUG:Adding: <entity name="DoughsR69_zombieOldTimerRadiated" prob="1"/>
DEBUG:Adding: <entity name="DoughsR74_zombieMoeFeral" prob="1"/>
DEBUG:ModletGen_AddZedsToEntityGroupsFile ENTITY GROUP: sleeperHordeStageGS2892
DEBUG:Adding: <entity name="DoughsR11_zombieBoeFeral" prob="1"/>
DEBUG:Adding: <entity name="DoughsR20_zombieSoldierRadiated" prob="1"/>
DEBUG:Adding: <entity name="DoughsR22_zombieWightRadiated" prob="1"/>
DEBUG:Adding: <entity name="DoughsR30_zombieFatHawaiianFeral" prob="1"/>
DEBUG:Adding: <entity name="DoughsR34_zombieMarleneRadiated" prob="1"/>
DEBUG:Adding: <entity name="DoughsR36_zombieYoRadiated" prob="1"/>
DEBUG:Adding: <entity name="DoughsR37_zombieMarleneFeral" prob="1"/>
DEBUG:Adding: <entity name="DoughsR3_zombieFatCopRadiated" prob="1"/>
DEBUG:Adding: <entity name="DoughsR66_zombieDarleneRadiated" prob="1"/>
DEBUG:Adding: <entity name="DoughsR6_zombieSoldierFeral" prob="1"/>
DEBUG:Adding: <entity name="DoughsR74_zombieMoeFeral" prob="1"/>
DEBUG:ModletGen_AddZedsToEntityGroupsFile ENTITY GROUP: sleeperHordeStageGS291
DEBUG:Adding: <entity name="DoughsR12_zombieJoeFeral" prob="1"/>
DEBUG:Adding: <entity name="DoughsR24_zombieNurse"/>
DEBUG:Adding: <entity name="DoughsR26_zombieFatHawaiian" prob="1"/>
DEBUG:Adding: <entity name="DoughsR29_zombieBoe"/>
DEBUG:Adding: <entity name="DoughsR36_zombieYoRadiated" prob="1"/>
DEBUG:Adding: <entity name="DoughsR3_zombieFatCopRadiated" prob="1"/>
DEBUG:Adding: <entity name="DoughsR45_zombieSpider" prob="1"/>
DEBUG:Adding: <entity name="DoughsR46_zombieFootballPlayer" prob="1"/>
DEBUG:Adding: <entity name="DoughsR59_zombieArleneFeral" prob="1"/>
DEBUG:Adding: <entity name="DoughsR75_zombieSkateboarderRadiated" prob="1"/>
DEBUG:Adding: <entity name="DoughsR7_zombieWightFeral" prob="1"/>
DEBUG:ModletGen_AddZedsToEntityGroupsFile ENTITY GROUP: sleeperHordeStageGS2913
DEBUG:Adding: <entity name="DoughsR26_zombieFatHawaiian" prob="1"/>
DEBUG:Adding: <entity name="DoughsR28_zombieMarlene"/>
DEBUG:Adding: <entity name="DoughsR29_zombieBoe"/>
DEBUG:Adding: <entity name="DoughsR31_zombieArlene"/>
DEBUG:Adding: <entity name="DoughsR37_zombieMarleneFeral" prob="1"/>
DEBUG:Adding: <entity name="DoughsR39_zombieSkateboarderFeral" prob="1"/>
DEBUG:Adding: <entity name="DoughsR44_zombieBusinessMan"/>
DEBUG:Adding: <entity name="DoughsR46_zombieFootballPlayer" prob="1"/>
DEBUG:Adding: <entity name="DoughsR58_zombieJanitorRadiated" prob="1"/>
DEBUG:Adding: <entity name="DoughsR62_zombieDarlene"/>
DEBUG:Adding: <entity name="DoughsR69_zombieOldTimerRadiated" prob="1"/>
DEBUG:ModletGen_AddZedsToEntityGroupsFile ENTITY GROUP: sleeperHordeStageGS2935
DEBUG:Adding: <entity name="DoughsR16_zombieFemaleFat" prob="1"/>
DEBUG:Adding: <entity name="DoughsR28_zombieMarlene"/>
DEBUG:Adding: <entity name="DoughsR29_zombieBoe"/>
DEBUG:Adding: <entity name="DoughsR36_zombieYoRadiated" prob="1"/>
DEBUG:Adding: <entity name="DoughsR42_zombieMaleHazmat" prob="1"/>
DEBUG:Adding: <entity name="DoughsR45_zombieSpider" prob="1"/>
DEBUG:Adding: <entity name="DoughsR54_zombieFemaleFatRadiated" prob="1"/>
DEBUG:Adding: <entity name="DoughsR55_zombieJoeRadiated" prob="1"/>
DEBUG:Adding: <entity name="DoughsR70_zombieBikerFeral" prob="1"/>
DEBUG:Adding: <entity name="DoughsR74_zombieMoeFeral" prob="1"/>
DEBUG:Adding: <entity name="DoughsR78_zombieSteveFeral" prob="1"/>
DEBUG:ModletGen_AddZedsToEntityGroupsFile ENTITY GROUP: sleeperHordeStageGS2956
DEBUG:Adding: <entity name="DoughsR24_zombieNurse"/>
DEBUG:Adding: <entity name="DoughsR28_zombieMarlene"/>
DEBUG:Adding: <entity name="DoughsR37_zombieMarleneFeral" prob="1"/>
DEBUG:Adding: <entity name="DoughsR39_zombieSkateboarderFeral" prob="1"/>
DEBUG:Adding: <entity name="DoughsR44_zombieBusinessMan"/>
DEBUG:Adding: <entity name="DoughsR45_zombieSpider" prob="1"/>
DEBUG:Adding: <entity name="DoughsR50_zombieBoeRadiated" prob="1"/>
DEBUG:Adding: <entity name="DoughsR58_zombieJanitorRadiated" prob="1"/>
DEBUG:Adding: <entity name="DoughsR6_zombieSoldierFeral" prob="1"/>
DEBUG:Adding: <entity name="DoughsR7_zombieWightFeral" prob="1"/>
DEBUG:Adding: <entity name="DoughsR8_zombieArleneRadiated" prob="1"/>
DEBUG:ModletGen_AddZedsToEntityGroupsFile ENTITY GROUP: sleeperHordeStageGS2978
DEBUG:Adding: <entity name="DoughsR11_zombieBoeFeral" prob="1"/>
DEBUG:Adding: <entity name="DoughsR12_zombieJoeFeral" prob="1"/>
DEBUG:Adding: <entity name="DoughsR24_zombieNurse"/>
DEBUG:Adding: <entity name="DoughsR27_zombieFatCop" prob="1"/>
DEBUG:Adding: <entity name="DoughsR37_zombieMarleneFeral" prob="1"/>
DEBUG:Adding: <entity name="DoughsR45_zombieSpider" prob="1"/>
DEBUG:Adding: <entity name="DoughsR51_zombieDarleneFeral" prob="1"/>
DEBUG:Adding: <entity name="DoughsR63_zombieFatCopFeral" prob="1"/>
DEBUG:Adding: <entity name="DoughsR75_zombieSkateboarderRadiated" prob="1"/>
DEBUG:Adding: <entity name="DoughsR78_zombieSteveFeral" prob="1"/>
DEBUG:Adding: <entity name="DoughsR8_zombieArleneRadiated" prob="1"/>
DEBUG:ModletGen_AddZedsToEntityGroupsFile ENTITY GROUP: sleeperHordeStageGS2999
DEBUG:Adding: <entity name="DoughsR10_zombieFemaleFatFeral" prob="1"/>
DEBUG:Adding: <entity name="DoughsR12_zombieJoeFeral" prob="1"/>
DEBUG:Adding: <entity name="DoughsR22_zombieWightRadiated" prob="1"/>
DEBUG:Adding: <entity name="DoughsR28_zombieMarlene"/>
DEBUG:Adding: <entity name="DoughsR30_zombieFatHawaiianFeral" prob="1"/>
DEBUG:Adding: <entity name="DoughsR42_zombieMaleHazmat" prob="1"/>
DEBUG:Adding: <entity name="DoughsR48_zombieCheerleaderRadiated" prob="1"/>
DEBUG:Adding: <entity name="DoughsR49_zombieMoe" prob="1"/>
DEBUG:Adding: <entity name="DoughsR54_zombieFemaleFatRadiated" prob="1"/>
DEBUG:Adding: <entity name="DoughsR65_zombieJanitor"/>
DEBUG:Adding: <entity name="DoughsR79_zombieYoFeral" prob="1"/>
DEBUG:ModletGen_AddZedsToEntityGroupsFile ENTITY GROUP: sleeperHordeStageGS301
DEBUG:Adding: <entity name="DoughsR10_zombieFemaleFatFeral" prob="1"/>
DEBUG:Adding: <entity name="DoughsR28_zombieMarlene"/>
DEBUG:Adding: <entity name="DoughsR29_zombieBoe"/>
DEBUG:Adding: <entity name="DoughsR31_zombieArlene"/>
DEBUG:Adding: <entity name="DoughsR39_zombieSkateboarderFeral" prob="1"/>
DEBUG:Adding: <entity name="DoughsR45_zombieSpider" prob="1"/>
DEBUG:Adding: <entity name="DoughsR49_zombieMoe" prob="1"/>
DEBUG:Adding: <entity name="DoughsR59_zombieArleneFeral" prob="1"/>
DEBUG:Adding: <entity name="DoughsR70_zombieBikerFeral" prob="1"/>
DEBUG:Adding: <entity name="DoughsR74_zombieMoeFeral" prob="1"/>
DEBUG:Adding: <entity name="DoughsR86_zombieBikerRadiated" prob="1"/>
DEBUG:ModletGen_AddZedsToEntityGroupsFile ENTITY GROUP: sleeperHordeStageGS3021
DEBUG:Adding: <entity name="DoughsR14_zombieSoldier" prob="1"/>
DEBUG:Adding: <entity name="DoughsR20_zombieSoldierRadiated" prob="1"/>
DEBUG:Adding: <entity name="DoughsR22_zombieWightRadiated" prob="1"/>
DEBUG:Adding: <entity name="DoughsR25_zombieBiker" prob="1"/>
DEBUG:Adding: <entity name="DoughsR51_zombieDarleneFeral" prob="1"/>
DEBUG:Adding: <entity name="DoughsR53_zombieJanitorFeral" prob="1"/>
DEBUG:Adding: <entity name="DoughsR63_zombieFatCopFeral" prob="1"/>
DEBUG:Adding: <entity name="DoughsR64_zombieCheerleader"/>
DEBUG:Adding: <entity name="DoughsR65_zombieJanitor"/>
DEBUG:Adding: <entity name="DoughsR69_zombieOldTimerRadiated" prob="1"/>
DEBUG:Adding: <entity name="DoughsR79_zombieYoFeral" prob="1"/>
DEBUG:ModletGen_AddZedsToEntityGroupsFile ENTITY GROUP: sleeperHordeStageGS3043
DEBUG:Adding: <entity name="DoughsR16_zombieFemaleFat" prob="1"/>
DEBUG:Adding: <entity name="DoughsR20_zombieSoldierRadiated" prob="1"/>
DEBUG:Adding: <entity name="DoughsR29_zombieBoe"/>
DEBUG:Adding: <entity name="DoughsR32_zombieMoeRadiated" prob="1"/>
DEBUG:Adding: <entity name="DoughsR46_zombieFootballPlayer" prob="1"/>
DEBUG:Adding: <entity name="DoughsR58_zombieJanitorRadiated" prob="1"/>
DEBUG:Adding: <entity name="DoughsR59_zombieArleneFeral" prob="1"/>
DEBUG:Adding: <entity name="DoughsR5_zombieSteveCrawler" prob="0.5"/>
DEBUG:Adding: <entity name="DoughsR65_zombieJanitor"/>
DEBUG:Adding: <entity name="DoughsR78_zombieSteveFeral" prob="1"/>
DEBUG:Adding: <entity name="DoughsR8_zombieArleneRadiated" prob="1"/>
DEBUG:ModletGen_AddZedsToEntityGroupsFile ENTITY GROUP: sleeperHordeStageGS3064
DEBUG:Adding: <entity name="DoughsR20_zombieSoldierRadiated" prob="1"/>
DEBUG:Adding: <entity name="DoughsR27_zombieFatCop" prob="1"/>
DEBUG:Adding: <entity name="DoughsR2_zombieBusinessManFeral" prob="1"/>
DEBUG:Adding: <entity name="DoughsR36_zombieYoRadiated" prob="1"/>
DEBUG:Adding: <entity name="DoughsR44_zombieBusinessMan"/>
DEBUG:Adding: <entity name="DoughsR51_zombieDarleneFeral" prob="1"/>
DEBUG:Adding: <entity name="DoughsR70_zombieBikerFeral" prob="1"/>
DEBUG:Adding: <entity name="DoughsR71_zombieNurseFeral" prob="1"/>
DEBUG:Adding: <entity name="DoughsR74_zombieMoeFeral" prob="1"/>
DEBUG:Adding: <entity name="DoughsR75_zombieSkateboarderRadiated" prob="1"/>
DEBUG:Adding: <entity name="DoughsR81_zombieSteveRadiated" prob="1"/>
DEBUG:ModletGen_AddZedsToEntityGroupsFile ENTITY GROUP: sleeperHordeStageGS3086
DEBUG:Adding: <entity name="DoughsR21_zombieSpiderRadiated" prob="1"/>
DEBUG:Adding: <entity name="DoughsR25_zombieBiker" prob="1"/>
DEBUG:Adding: <entity name="DoughsR32_zombieMoeRadiated" prob="1"/>
DEBUG:Adding: <entity name="DoughsR35_zombieJoe"/>
DEBUG:Adding: <entity name="DoughsR46_zombieFootballPlayer" prob="1"/>
DEBUG:Adding: <entity name="DoughsR58_zombieJanitorRadiated" prob="1"/>
DEBUG:Adding: <entity name="DoughsR61_zombieSkateboarder"/>
DEBUG:Adding: <entity name="DoughsR62_zombieDarlene"/>
DEBUG:Adding: <entity name="DoughsR63_zombieFatCopFeral" prob="1"/>
DEBUG:Adding: <entity name="DoughsR78_zombieSteveFeral" prob="1"/>
DEBUG:Adding: <entity name="DoughsR79_zombieYoFeral" prob="1"/>
DEBUG:ModletGen_AddZedsToEntityGroupsFile ENTITY GROUP: sleeperHordeStageGS31
DEBUG:Adding: <entity name="DoughsR13_zombieSteve"/>
DEBUG:Adding: <entity name="DoughsR16_zombieFemaleFat" prob="0.34"/>
DEBUG:Adding: <entity name="DoughsR28_zombieMarlene"/>
DEBUG:Adding: <entity name="DoughsR29_zombieBoe"/>
DEBUG:Adding: <entity name="DoughsR35_zombieJoe"/>
DEBUG:Adding: <entity name="DoughsR41_zombieYo"/>
DEBUG:Adding: <entity name="DoughsR44_zombieBusinessMan"/>
DEBUG:Adding: <entity name="DoughsR5_zombieSteveCrawler" prob="0.5"/>
DEBUG:Adding: <entity name="DoughsR61_zombieSkateboarder"/>
DEBUG:Adding: <entity name="DoughsR64_zombieCheerleader"/>
DEBUG:Adding: <entity name="DoughsR65_zombieJanitor"/>
DEBUG:ModletGen_AddZedsToEntityGroupsFile ENTITY GROUP: sleeperHordeStageGS3108
DEBUG:Adding: <entity name="DoughsR13_zombieSteve"/>
DEBUG:Adding: <entity name="DoughsR3_zombieFatCopRadiated" prob="1"/>
DEBUG:Adding: <entity name="DoughsR44_zombieBusinessMan"/>
DEBUG:Adding: <entity name="DoughsR58_zombieJanitorRadiated" prob="1"/>
DEBUG:Adding: <entity name="DoughsR59_zombieArleneFeral" prob="1"/>
DEBUG:Adding: <entity name="DoughsR63_zombieFatCopFeral" prob="1"/>
DEBUG:Adding: <entity name="DoughsR70_zombieBikerFeral" prob="1"/>
DEBUG:Adding: <entity name="DoughsR71_zombieNurseFeral" prob="1"/>
DEBUG:Adding: <entity name="DoughsR79_zombieYoFeral" prob="1"/>
DEBUG:Adding: <entity name="DoughsR7_zombieWightFeral" prob="1"/>
DEBUG:Adding: <entity name="DoughsR81_zombieSteveRadiated" prob="1"/>
DEBUG:ModletGen_AddZedsToEntityGroupsFile ENTITY GROUP: sleeperHordeStageGS311
DEBUG:Adding: <entity name="DoughsR12_zombieJoeFeral" prob="1"/>
DEBUG:Adding: <entity name="DoughsR21_zombieSpiderRadiated" prob="1"/>
DEBUG:Adding: <entity name="DoughsR22_zombieWightRadiated" prob="1"/>
DEBUG:Adding: <entity name="DoughsR36_zombieYoRadiated" prob="1"/>
DEBUG:Adding: <entity name="DoughsR37_zombieMarleneFeral" prob="1"/>
DEBUG:Adding: <entity name="DoughsR44_zombieBusinessMan"/>
DEBUG:Adding: <entity name="DoughsR45_zombieSpider" prob="1"/>
DEBUG:Adding: <entity name="DoughsR51_zombieDarleneFeral" prob="1"/>
DEBUG:Adding: <entity name="DoughsR64_zombieCheerleader"/>
DEBUG:Adding: <entity name="DoughsR71_zombieNurseFeral" prob="1"/>
DEBUG:Adding: <entity name="DoughsR75_zombieSkateboarderRadiated" prob="1"/>
DEBUG:ModletGen_AddZedsToEntityGroupsFile ENTITY GROUP: sleeperHordeStageGS3130
DEBUG:Adding: <entity name="DoughsR10_zombieFemaleFatFeral" prob="1"/>
DEBUG:Adding: <entity name="DoughsR11_zombieBoeFeral" prob="1"/>
DEBUG:Adding: <entity name="DoughsR21_zombieSpiderRadiated" prob="1"/>
DEBUG:Adding: <entity name="DoughsR32_zombieMoeRadiated" prob="1"/>
DEBUG:Adding: <entity name="DoughsR55_zombieJoeRadiated" prob="1"/>
DEBUG:Adding: <entity name="DoughsR59_zombieArleneFeral" prob="1"/>
DEBUG:Adding: <entity name="DoughsR62_zombieDarlene"/>
DEBUG:Adding: <entity name="DoughsR66_zombieDarleneRadiated" prob="1"/>
DEBUG:Adding: <entity name="DoughsR69_zombieOldTimerRadiated" prob="1"/>
DEBUG:Adding: <entity name="DoughsR71_zombieNurseFeral" prob="1"/>
DEBUG:Adding: <entity name="DoughsR79_zombieYoFeral" prob="1"/>
DEBUG:ModletGen_AddZedsToEntityGroupsFile ENTITY GROUP: sleeperHordeStageGS3152
DEBUG:Adding: <entity name="DoughsR32_zombieMoeRadiated" prob="1"/>
DEBUG:Adding: <entity name="DoughsR39_zombieSkateboarderFeral" prob="1"/>
DEBUG:Adding: <entity name="DoughsR3_zombieFatCopRadiated" prob="1"/>
DEBUG:Adding: <entity name="DoughsR50_zombieBoeRadiated" prob="1"/>
DEBUG:Adding: <entity name="DoughsR55_zombieJoeRadiated" prob="1"/>
DEBUG:Adding: <entity name="DoughsR57_zombieSpiderFeral" prob="1"/>
DEBUG:Adding: <entity name="DoughsR5_zombieSteveCrawler" prob="0.5"/>
DEBUG:Adding: <entity name="DoughsR61_zombieSkateboarder"/>
DEBUG:Adding: <entity name="DoughsR70_zombieBikerFeral" prob="1"/>
DEBUG:Adding: <entity name="DoughsR73_zombieSteveCrawlerFeral" prob="0.5"/>
DEBUG:Adding: <entity name="DoughsR86_zombieBikerRadiated" prob="1"/>
DEBUG:ModletGen_AddZedsToEntityGroupsFile ENTITY GROUP: sleeperHordeStageGS3174
DEBUG:Adding: <entity name="DoughsR16_zombieFemaleFat" prob="1"/>
DEBUG:Adding: <entity name="DoughsR21_zombieSpiderRadiated" prob="1"/>
DEBUG:Adding: <entity name="DoughsR24_zombieNurse"/>
DEBUG:Adding: <entity name="DoughsR26_zombieFatHawaiian" prob="1"/>
DEBUG:Adding: <entity name="DoughsR39_zombieSkateboarderFeral" prob="1"/>
DEBUG:Adding: <entity name="DoughsR46_zombieFootballPlayer" prob="1"/>
DEBUG:Adding: <entity name="DoughsR49_zombieMoe" prob="1"/>
DEBUG:Adding: <entity name="DoughsR53_zombieJanitorFeral" prob="1"/>
DEBUG:Adding: <entity name="DoughsR57_zombieSpiderFeral" prob="1"/>
DEBUG:Adding: <entity name="DoughsR58_zombieJanitorRadiated" prob="1"/>
DEBUG:Adding: <entity name="DoughsR70_zombieBikerFeral" prob="1"/>
DEBUG:ModletGen_AddZedsToEntityGroupsFile ENTITY GROUP: sleeperHordeStageGS3196
DEBUG:Adding: <entity name="DoughsR11_zombieBoeFeral" prob="1"/>
DEBUG:Adding: <entity name="DoughsR28_zombieMarlene"/>
DEBUG:Adding: <entity name="DoughsR32_zombieMoeRadiated" prob="1"/>
DEBUG:Adding: <entity name="DoughsR34_zombieMarleneRadiated" prob="1"/>
DEBUG:Adding: <entity name="DoughsR3_zombieFatCopRadiated" prob="1"/>
DEBUG:Adding: <entity name="DoughsR42_zombieMaleHazmat" prob="1"/>
DEBUG:Adding: <entity name="DoughsR44_zombieBusinessMan"/>
DEBUG:Adding: <entity name="DoughsR48_zombieCheerleaderRadiated" prob="1"/>
DEBUG:Adding: <entity name="DoughsR49_zombieMoe" prob="1"/>
DEBUG:Adding: <entity name="DoughsR56_zombieUtilityWorker" prob="1"/>
DEBUG:Adding: <entity name="DoughsR79_zombieYoFeral" prob="1"/>
DEBUG:ModletGen_AddZedsToEntityGroupsFile ENTITY GROUP: sleeperHordeStageGS3218
DEBUG:Adding: <entity name="DoughsR28_zombieMarlene"/>
DEBUG:Adding: <entity name="DoughsR2_zombieBusinessManFeral" prob="1"/>
DEBUG:Adding: <entity name="DoughsR31_zombieArlene"/>
DEBUG:Adding: <entity name="DoughsR35_zombieJoe"/>
DEBUG:Adding: <entity name="DoughsR48_zombieCheerleaderRadiated" prob="1"/>
DEBUG:Adding: <entity name="DoughsR54_zombieFemaleFatRadiated" prob="1"/>
DEBUG:Adding: <entity name="DoughsR55_zombieJoeRadiated" prob="1"/>
DEBUG:Adding: <entity name="DoughsR57_zombieSpiderFeral" prob="1"/>
DEBUG:Adding: <entity name="DoughsR59_zombieArleneFeral" prob="1"/>
DEBUG:Adding: <entity name="DoughsR5_zombieSteveCrawler" prob="0.5"/>
DEBUG:Adding: <entity name="DoughsR65_zombieJanitor"/>
DEBUG:ModletGen_AddZedsToEntityGroupsFile ENTITY GROUP: sleeperHordeStageGS322
DEBUG:Adding: <entity name="DoughsR12_zombieJoeFeral" prob="1"/>
DEBUG:Adding: <entity name="DoughsR25_zombieBiker" prob="1"/>
DEBUG:Adding: <entity name="DoughsR37_zombieMarleneFeral" prob="1"/>
DEBUG:Adding: <entity name="DoughsR39_zombieSkateboarderFeral" prob="1"/>
DEBUG:Adding: <entity name="DoughsR42_zombieMaleHazmat" prob="1"/>
DEBUG:Adding: <entity name="DoughsR45_zombieSpider" prob="1"/>
DEBUG:Adding: <entity name="DoughsR48_zombieCheerleaderRadiated" prob="1"/>
DEBUG:Adding: <entity name="DoughsR54_zombieFemaleFatRadiated" prob="1"/>
DEBUG:Adding: <entity name="DoughsR61_zombieSkateboarder"/>
DEBUG:Adding: <entity name="DoughsR66_zombieDarleneRadiated" prob="1"/>
DEBUG:Adding: <entity name="DoughsR71_zombieNurseFeral" prob="1"/>
DEBUG:ModletGen_AddZedsToEntityGroupsFile ENTITY GROUP: sleeperHordeStageGS3240
DEBUG:Adding: <entity name="DoughsR10_zombieFemaleFatFeral" prob="1"/>
DEBUG:Adding: <entity name="DoughsR24_zombieNurse"/>
DEBUG:Adding: <entity name="DoughsR2_zombieBusinessManFeral" prob="1"/>
DEBUG:Adding: <entity name="DoughsR30_zombieFatHawaiianFeral" prob="1"/>
DEBUG:Adding: <entity name="DoughsR35_zombieJoe"/>
DEBUG:Adding: <entity name="DoughsR46_zombieFootballPlayer" prob="1"/>
DEBUG:Adding: <entity name="DoughsR50_zombieBoeRadiated" prob="1"/>
DEBUG:Adding: <entity name="DoughsR58_zombieJanitorRadiated" prob="1"/>
DEBUG:Adding: <entity name="DoughsR78_zombieSteveFeral" prob="1"/>
DEBUG:Adding: <entity name="DoughsR81_zombieSteveRadiated" prob="1"/>
DEBUG:Adding: <entity name="DoughsR86_zombieBikerRadiated" prob="1"/>
DEBUG:ModletGen_AddZedsToEntityGroupsFile ENTITY GROUP: sleeperHordeStageGS3263
DEBUG:Adding: <entity name="DoughsR14_zombieSoldier" prob="1"/>
DEBUG:Adding: <entity name="DoughsR25_zombieBiker" prob="1"/>
DEBUG:Adding: <entity name="DoughsR31_zombieArlene"/>
DEBUG:Adding: <entity name="DoughsR32_zombieMoeRadiated" prob="1"/>
DEBUG:Adding: <entity name="DoughsR36_zombieYoRadiated" prob="1"/>
DEBUG:Adding: <entity name="DoughsR3_zombieFatCopRadiated" prob="1"/>
DEBUG:Adding: <entity name="DoughsR41_zombieYo"/>
DEBUG:Adding: <entity name="DoughsR49_zombieMoe" prob="1"/>
DEBUG:Adding: <entity name="DoughsR6_zombieSoldierFeral" prob="1"/>
DEBUG:Adding: <entity name="DoughsR7_zombieWightFeral" prob="1"/>
DEBUG:Adding: <entity name="DoughsR86_zombieBikerRadiated" prob="1"/>
DEBUG:ModletGen_AddZedsToEntityGroupsFile ENTITY GROUP: sleeperHordeStageGS3285
DEBUG:Adding: <entity name="DoughsR21_zombieSpiderRadiated" prob="1"/>
DEBUG:Adding: <entity name="DoughsR26_zombieFatHawaiian" prob="1"/>
DEBUG:Adding: <entity name="DoughsR32_zombieMoeRadiated" prob="1"/>
DEBUG:Adding: <entity name="DoughsR39_zombieSkateboarderFeral" prob="1"/>
DEBUG:Adding: <entity name="DoughsR45_zombieSpider" prob="1"/>
DEBUG:Adding: <entity name="DoughsR66_zombieDarleneRadiated" prob="1"/>
DEBUG:Adding: <entity name="DoughsR71_zombieNurseFeral" prob="1"/>
DEBUG:Adding: <entity name="DoughsR73_zombieSteveCrawlerFeral" prob="0.5"/>
DEBUG:Adding: <entity name="DoughsR75_zombieSkateboarderRadiated" prob="1"/>
DEBUG:Adding: <entity name="DoughsR79_zombieYoFeral" prob="1"/>
DEBUG:Adding: <entity name="DoughsR7_zombieWightFeral" prob="1"/>
DEBUG:ModletGen_AddZedsToEntityGroupsFile ENTITY GROUP: sleeperHordeStageGS3307
DEBUG:Adding: <entity name="DoughsR21_zombieSpiderRadiated" prob="1"/>
DEBUG:Adding: <entity name="DoughsR22_zombieWightRadiated" prob="1"/>
DEBUG:Adding: <entity name="DoughsR26_zombieFatHawaiian" prob="1"/>
DEBUG:Adding: <entity name="DoughsR28_zombieMarlene"/>
DEBUG:Adding: <entity name="DoughsR30_zombieFatHawaiianFeral" prob="1"/>
DEBUG:Adding: <entity name="DoughsR49_zombieMoe" prob="1"/>
DEBUG:Adding: <entity name="DoughsR56_zombieUtilityWorker" prob="1"/>
DEBUG:Adding: <entity name="DoughsR63_zombieFatCopFeral" prob="1"/>
DEBUG:Adding: <entity name="DoughsR66_zombieDarleneRadiated" prob="1"/>
DEBUG:Adding: <entity name="DoughsR79_zombieYoFeral" prob="1"/>
DEBUG:Adding: <entity name="DoughsR8_zombieArleneRadiated" prob="1"/>
DEBUG:ModletGen_AddZedsToEntityGroupsFile ENTITY GROUP: sleeperHordeStageGS332
DEBUG:Adding: <entity name="DoughsR11_zombieBoeFeral" prob="1"/>
DEBUG:Adding: <entity name="DoughsR20_zombieSoldierRadiated" prob="1"/>
DEBUG:Adding: <entity name="DoughsR22_zombieWightRadiated" prob="1"/>
DEBUG:Adding: <entity name="DoughsR30_zombieFatHawaiianFeral" prob="1"/>
DEBUG:Adding: <entity name="DoughsR31_zombieArlene"/>
DEBUG:Adding: <entity name="DoughsR34_zombieMarleneRadiated" prob="1"/>
DEBUG:Adding: <entity name="DoughsR48_zombieCheerleaderRadiated" prob="1"/>
DEBUG:Adding: <entity name="DoughsR56_zombieUtilityWorker" prob="1"/>
DEBUG:Adding: <entity name="DoughsR61_zombieSkateboarder"/>
DEBUG:Adding: <entity name="DoughsR69_zombieOldTimerRadiated" prob="1"/>
DEBUG:Adding: <entity name="DoughsR70_zombieBikerFeral" prob="1"/>
DEBUG:ModletGen_AddZedsToEntityGroupsFile ENTITY GROUP: sleeperHordeStageGS3330
DEBUG:Adding: <entity name="DoughsR22_zombieWightRadiated" prob="1"/>
DEBUG:Adding: <entity name="DoughsR28_zombieMarlene"/>
DEBUG:Adding: <entity name="DoughsR34_zombieMarleneRadiated" prob="1"/>
DEBUG:Adding: <entity name="DoughsR41_zombieYo"/>
DEBUG:Adding: <entity name="DoughsR49_zombieMoe" prob="1"/>
DEBUG:Adding: <entity name="DoughsR57_zombieSpiderFeral" prob="1"/>
DEBUG:Adding: <entity name="DoughsR61_zombieSkateboarder"/>
DEBUG:Adding: <entity name="DoughsR62_zombieDarlene"/>
DEBUG:Adding: <entity name="DoughsR66_zombieDarleneRadiated" prob="1"/>
DEBUG:Adding: <entity name="DoughsR78_zombieSteveFeral" prob="1"/>
DEBUG:Adding: <entity name="DoughsR86_zombieBikerRadiated" prob="1"/>
DEBUG:ModletGen_AddZedsToEntityGroupsFile ENTITY GROUP: sleeperHordeStageGS3352
DEBUG:Adding: <entity name="DoughsR12_zombieJoeFeral" prob="1"/>
DEBUG:Adding: <entity name="DoughsR22_zombieWightRadiated" prob="1"/>
DEBUG:Adding: <entity name="DoughsR29_zombieBoe"/>
DEBUG:Adding: <entity name="DoughsR2_zombieBusinessManFeral" prob="1"/>
DEBUG:Adding: <entity name="DoughsR3_zombieFatCopRadiated" prob="1"/>
DEBUG:Adding: <entity name="DoughsR44_zombieBusinessMan"/>
DEBUG:Adding: <entity name="DoughsR46_zombieFootballPlayer" prob="1"/>
DEBUG:Adding: <entity name="DoughsR49_zombieMoe" prob="1"/>
DEBUG:Adding: <entity name="DoughsR57_zombieSpiderFeral" prob="1"/>
DEBUG:Adding: <entity name="DoughsR66_zombieDarleneRadiated" prob="1"/>
DEBUG:Adding: <entity name="DoughsR7_zombieWightFeral" prob="1"/>
DEBUG:ModletGen_AddZedsToEntityGroupsFile ENTITY GROUP: sleeperHordeStageGS3375
DEBUG:Adding: <entity name="DoughsR22_zombieWightRadiated" prob="1"/>
DEBUG:Adding: <entity name="DoughsR31_zombieArlene"/>
DEBUG:Adding: <entity name="DoughsR34_zombieMarleneRadiated" prob="1"/>
DEBUG:Adding: <entity name="DoughsR35_zombieJoe"/>
DEBUG:Adding: <entity name="DoughsR37_zombieMarleneFeral" prob="1"/>
DEBUG:Adding: <entity name="DoughsR53_zombieJanitorFeral" prob="1"/>
DEBUG:Adding: <entity name="DoughsR56_zombieUtilityWorker" prob="1"/>
DEBUG:Adding: <entity name="DoughsR57_zombieSpiderFeral" prob="1"/>
DEBUG:Adding: <entity name="DoughsR59_zombieArleneFeral" prob="1"/>
DEBUG:Adding: <entity name="DoughsR66_zombieDarleneRadiated" prob="1"/>
DEBUG:Adding: <entity name="DoughsR6_zombieSoldierFeral" prob="1"/>
DEBUG:ModletGen_AddZedsToEntityGroupsFile ENTITY GROUP: sleeperHordeStageGS3397
DEBUG:Adding: <entity name="DoughsR13_zombieSteve"/>
DEBUG:Adding: <entity name="DoughsR14_zombieSoldier" prob="1"/>
DEBUG:Adding: <entity name="DoughsR21_zombieSpiderRadiated" prob="1"/>
DEBUG:Adding: <entity name="DoughsR29_zombieBoe"/>
DEBUG:Adding: <entity name="DoughsR42_zombieMaleHazmat" prob="1"/>
DEBUG:Adding: <entity name="DoughsR49_zombieMoe" prob="1"/>
DEBUG:Adding: <entity name="DoughsR53_zombieJanitorFeral" prob="1"/>
DEBUG:Adding: <entity name="DoughsR5_zombieSteveCrawler" prob="0.5"/>
DEBUG:Adding: <entity name="DoughsR64_zombieCheerleader"/>
DEBUG:Adding: <entity name="DoughsR66_zombieDarleneRadiated" prob="1"/>
DEBUG:Adding: <entity name="DoughsR75_zombieSkateboarderRadiated" prob="1"/>
DEBUG:ModletGen_AddZedsToEntityGroupsFile ENTITY GROUP: sleeperHordeStageGS3420
DEBUG:Adding: <entity name="DoughsR13_zombieSteve"/>
DEBUG:Adding: <entity name="DoughsR24_zombieNurse"/>
DEBUG:Adding: <entity name="DoughsR27_zombieFatCop" prob="1"/>
DEBUG:Adding: <entity name="DoughsR29_zombieBoe"/>
DEBUG:Adding: <entity name="DoughsR2_zombieBusinessManFeral" prob="1"/>
DEBUG:Adding: <entity name="DoughsR30_zombieFatHawaiianFeral" prob="1"/>
DEBUG:Adding: <entity name="DoughsR34_zombieMarleneRadiated" prob="1"/>
DEBUG:Adding: <entity name="DoughsR39_zombieSkateboarderFeral" prob="1"/>
DEBUG:Adding: <entity name="DoughsR50_zombieBoeRadiated" prob="1"/>
DEBUG:Adding: <entity name="DoughsR61_zombieSkateboarder"/>
DEBUG:Adding: <entity name="DoughsR81_zombieSteveRadiated" prob="1"/>
DEBUG:ModletGen_AddZedsToEntityGroupsFile ENTITY GROUP: sleeperHordeStageGS343
DEBUG:Adding: <entity name="DoughsR12_zombieJoeFeral" prob="1"/>
DEBUG:Adding: <entity name="DoughsR2_zombieBusinessManFeral" prob="1"/>
DEBUG:Adding: <entity name="DoughsR37_zombieMarleneFeral" prob="1"/>
DEBUG:Adding: <entity name="DoughsR39_zombieSkateboarderFeral" prob="1"/>
DEBUG:Adding: <entity name="DoughsR41_zombieYo"/>
DEBUG:Adding: <entity name="DoughsR51_zombieDarleneFeral" prob="1"/>
DEBUG:Adding: <entity name="DoughsR58_zombieJanitorRadiated" prob="1"/>
DEBUG:Adding: <entity name="DoughsR59_zombieArleneFeral" prob="1"/>
DEBUG:Adding: <entity name="DoughsR66_zombieDarleneRadiated" prob="1"/>
DEBUG:Adding: <entity name="DoughsR6_zombieSoldierFeral" prob="1"/>
DEBUG:Adding: <entity name="DoughsR78_zombieSteveFeral" prob="1"/>
DEBUG:ModletGen_AddZedsToEntityGroupsFile ENTITY GROUP: sleeperHordeStageGS3442
DEBUG:Adding: <entity name="DoughsR14_zombieSoldier" prob="1"/>
DEBUG:Adding: <entity name="DoughsR28_zombieMarlene"/>
DEBUG:Adding: <entity name="DoughsR29_zombieBoe"/>
DEBUG:Adding: <entity name="DoughsR41_zombieYo"/>
DEBUG:Adding: <entity name="DoughsR55_zombieJoeRadiated" prob="1"/>
DEBUG:Adding: <entity name="DoughsR56_zombieUtilityWorker" prob="1"/>
DEBUG:Adding: <entity name="DoughsR57_zombieSpiderFeral" prob="1"/>
DEBUG:Adding: <entity name="DoughsR5_zombieSteveCrawler" prob="0.5"/>
DEBUG:Adding: <entity name="DoughsR63_zombieFatCopFeral" prob="1"/>
DEBUG:Adding: <entity name="DoughsR66_zombieDarleneRadiated" prob="1"/>
DEBUG:Adding: <entity name="DoughsR78_zombieSteveFeral" prob="1"/>
DEBUG:ModletGen_AddZedsToEntityGroupsFile ENTITY GROUP: sleeperHordeStageGS3465
DEBUG:Adding: <entity name="DoughsR25_zombieBiker" prob="1"/>
DEBUG:Adding: <entity name="DoughsR2_zombieBusinessManFeral" prob="1"/>
DEBUG:Adding: <entity name="DoughsR46_zombieFootballPlayer" prob="1"/>
DEBUG:Adding: <entity name="DoughsR51_zombieDarleneFeral" prob="1"/>
DEBUG:Adding: <entity name="DoughsR57_zombieSpiderFeral" prob="1"/>
DEBUG:Adding: <entity name="DoughsR64_zombieCheerleader"/>
DEBUG:Adding: <entity name="DoughsR70_zombieBikerFeral" prob="1"/>
DEBUG:Adding: <entity name="DoughsR73_zombieSteveCrawlerFeral" prob="0.5"/>
DEBUG:Adding: <entity name="DoughsR74_zombieMoeFeral" prob="1"/>
DEBUG:Adding: <entity name="DoughsR79_zombieYoFeral" prob="1"/>
DEBUG:Adding: <entity name="DoughsR81_zombieSteveRadiated" prob="1"/>
DEBUG:ModletGen_AddZedsToEntityGroupsFile ENTITY GROUP: sleeperHordeStageGS3488
DEBUG:Adding: <entity name="DoughsR10_zombieFemaleFatFeral" prob="1"/>
DEBUG:Adding: <entity name="DoughsR14_zombieSoldier" prob="1"/>
DEBUG:Adding: <entity name="DoughsR20_zombieSoldierRadiated" prob="1"/>
DEBUG:Adding: <entity name="DoughsR24_zombieNurse"/>
DEBUG:Adding: <entity name="DoughsR25_zombieBiker" prob="1"/>
DEBUG:Adding: <entity name="DoughsR27_zombieFatCop" prob="1"/>
DEBUG:Adding: <entity name="DoughsR29_zombieBoe"/>
DEBUG:Adding: <entity name="DoughsR54_zombieFemaleFatRadiated" prob="1"/>
DEBUG:Adding: <entity name="DoughsR69_zombieOldTimerRadiated" prob="1"/>
DEBUG:Adding: <entity name="DoughsR70_zombieBikerFeral" prob="1"/>
DEBUG:Adding: <entity name="DoughsR79_zombieYoFeral" prob="1"/>
DEBUG:ModletGen_AddZedsToEntityGroupsFile ENTITY GROUP: sleeperHordeStageGS3510
DEBUG:Adding: <entity name="DoughsR14_zombieSoldier" prob="1"/>
DEBUG:Adding: <entity name="DoughsR25_zombieBiker" prob="1"/>
DEBUG:Adding: <entity name="DoughsR26_zombieFatHawaiian" prob="1"/>
DEBUG:Adding: <entity name="DoughsR35_zombieJoe"/>
DEBUG:Adding: <entity name="DoughsR37_zombieMarleneFeral" prob="1"/>
DEBUG:Adding: <entity name="DoughsR44_zombieBusinessMan"/>
DEBUG:Adding: <entity name="DoughsR57_zombieSpiderFeral" prob="1"/>
DEBUG:Adding: <entity name="DoughsR5_zombieSteveCrawler" prob="0.5"/>
DEBUG:Adding: <entity name="DoughsR63_zombieFatCopFeral" prob="1"/>
DEBUG:Adding: <entity name="DoughsR71_zombieNurseFeral" prob="1"/>
DEBUG:Adding: <entity name="DoughsR8_zombieArleneRadiated" prob="1"/>
DEBUG:ModletGen_AddZedsToEntityGroupsFile ENTITY GROUP: sleeperHordeStageGS353
DEBUG:Adding: <entity name="DoughsR13_zombieSteve"/>
DEBUG:Adding: <entity name="DoughsR14_zombieSoldier" prob="1"/>
DEBUG:Adding: <entity name="DoughsR31_zombieArlene"/>
DEBUG:Adding: <entity name="DoughsR42_zombieMaleHazmat" prob="1"/>
DEBUG:Adding: <entity name="DoughsR49_zombieMoe" prob="1"/>
DEBUG:Adding: <entity name="DoughsR53_zombieJanitorFeral" prob="1"/>
DEBUG:Adding: <entity name="DoughsR54_zombieFemaleFatRadiated" prob="1"/>
DEBUG:Adding: <entity name="DoughsR58_zombieJanitorRadiated" prob="1"/>
DEBUG:Adding: <entity name="DoughsR71_zombieNurseFeral" prob="1"/>
DEBUG:Adding: <entity name="DoughsR74_zombieMoeFeral" prob="1"/>
DEBUG:Adding: <entity name="DoughsR78_zombieSteveFeral" prob="1"/>
DEBUG:ModletGen_AddZedsToEntityGroupsFile ENTITY GROUP: sleeperHordeStageGS3533
DEBUG:Adding: <entity name="DoughsR11_zombieBoeFeral" prob="1"/>
DEBUG:Adding: <entity name="DoughsR12_zombieJoeFeral" prob="1"/>
DEBUG:Adding: <entity name="DoughsR22_zombieWightRadiated" prob="1"/>
DEBUG:Adding: <entity name="DoughsR37_zombieMarleneFeral" prob="1"/>
DEBUG:Adding: <entity name="DoughsR3_zombieFatCopRadiated" prob="1"/>
DEBUG:Adding: <entity name="DoughsR41_zombieYo"/>
DEBUG:Adding: <entity name="DoughsR44_zombieBusinessMan"/>
DEBUG:Adding: <entity name="DoughsR53_zombieJanitorFeral" prob="1"/>
DEBUG:Adding: <entity name="DoughsR62_zombieDarlene"/>
DEBUG:Adding: <entity name="DoughsR64_zombieCheerleader"/>
DEBUG:Adding: <entity name="DoughsR65_zombieJanitor"/>
DEBUG:ModletGen_AddZedsToEntityGroupsFile ENTITY GROUP: sleeperHordeStageGS3556
DEBUG:Adding: <entity name="DoughsR22_zombieWightRadiated" prob="1"/>
DEBUG:Adding: <entity name="DoughsR25_zombieBiker" prob="1"/>
DEBUG:Adding: <entity name="DoughsR27_zombieFatCop" prob="1"/>
DEBUG:Adding: <entity name="DoughsR28_zombieMarlene"/>
DEBUG:Adding: <entity name="DoughsR30_zombieFatHawaiianFeral" prob="1"/>
DEBUG:Adding: <entity name="DoughsR32_zombieMoeRadiated" prob="1"/>
DEBUG:Adding: <entity name="DoughsR51_zombieDarleneFeral" prob="1"/>
DEBUG:Adding: <entity name="DoughsR56_zombieUtilityWorker" prob="1"/>
DEBUG:Adding: <entity name="DoughsR58_zombieJanitorRadiated" prob="1"/>
DEBUG:Adding: <entity name="DoughsR65_zombieJanitor"/>
DEBUG:Adding: <entity name="DoughsR7_zombieWightFeral" prob="1"/>
DEBUG:ModletGen_AddZedsToEntityGroupsFile ENTITY GROUP: sleeperHordeStageGS3579
DEBUG:Adding: <entity name="DoughsR10_zombieFemaleFatFeral" prob="1"/>
DEBUG:Adding: <entity name="DoughsR22_zombieWightRadiated" prob="1"/>
DEBUG:Adding: <entity name="DoughsR2_zombieBusinessManFeral" prob="1"/>
DEBUG:Adding: <entity name="DoughsR32_zombieMoeRadiated" prob="1"/>
DEBUG:Adding: <entity name="DoughsR42_zombieMaleHazmat" prob="1"/>
DEBUG:Adding: <entity name="DoughsR45_zombieSpider" prob="1"/>
DEBUG:Adding: <entity name="DoughsR50_zombieBoeRadiated" prob="1"/>
DEBUG:Adding: <entity name="DoughsR62_zombieDarlene"/>
DEBUG:Adding: <entity name="DoughsR64_zombieCheerleader"/>
DEBUG:Adding: <entity name="DoughsR65_zombieJanitor"/>
DEBUG:Adding: <entity name="DoughsR81_zombieSteveRadiated" prob="1"/>
DEBUG:ModletGen_AddZedsToEntityGroupsFile ENTITY GROUP: sleeperHordeStageGS36
DEBUG:Adding: <entity name="DoughsR13_zombieSteve"/>
DEBUG:Adding: <entity name="DoughsR24_zombieNurse"/>
DEBUG:Adding: <entity name="DoughsR28_zombieMarlene"/>
DEBUG:Adding: <entity name="DoughsR29_zombieBoe"/>
DEBUG:Adding: <entity name="DoughsR31_zombieArlene"/>
DEBUG:Adding: <entity name="DoughsR35_zombieJoe"/>
DEBUG:Adding: <entity name="DoughsR41_zombieYo"/>
DEBUG:Adding: <entity name="DoughsR45_zombieSpider" prob="0.3"/>
DEBUG:Adding: <entity name="DoughsR49_zombieMoe" prob="0.39"/>
DEBUG:Adding: <entity name="DoughsR5_zombieSteveCrawler" prob="0.5"/>
DEBUG:Adding: <entity name="DoughsR64_zombieCheerleader"/>
DEBUG:ModletGen_AddZedsToEntityGroupsFile ENTITY GROUP: sleeperHordeStageGS3602
DEBUG:Adding: <entity name="DoughsR24_zombieNurse"/>
DEBUG:Adding: <entity name="DoughsR30_zombieFatHawaiianFeral" prob="1"/>
DEBUG:Adding: <entity name="DoughsR34_zombieMarleneRadiated" prob="1"/>
DEBUG:Adding: <entity name="DoughsR39_zombieSkateboarderFeral" prob="1"/>
DEBUG:Adding: <entity name="DoughsR49_zombieMoe" prob="1"/>
DEBUG:Adding: <entity name="DoughsR55_zombieJoeRadiated" prob="1"/>
DEBUG:Adding: <entity name="DoughsR63_zombieFatCopFeral" prob="1"/>
DEBUG:Adding: <entity name="DoughsR65_zombieJanitor"/>
DEBUG:Adding: <entity name="DoughsR6_zombieSoldierFeral" prob="1"/>
DEBUG:Adding: <entity name="DoughsR73_zombieSteveCrawlerFeral" prob="0.5"/>
DEBUG:Adding: <entity name="DoughsR79_zombieYoFeral" prob="1"/>
DEBUG:ModletGen_AddZedsToEntityGroupsFile ENTITY GROUP: sleeperHordeStageGS3625
DEBUG:Adding: <entity name="DoughsR11_zombieBoeFeral" prob="1"/>
DEBUG:Adding: <entity name="DoughsR13_zombieSteve"/>
DEBUG:Adding: <entity name="DoughsR27_zombieFatCop" prob="1"/>
DEBUG:Adding: <entity name="DoughsR2_zombieBusinessManFeral" prob="1"/>
DEBUG:Adding: <entity name="DoughsR30_zombieFatHawaiianFeral" prob="1"/>
DEBUG:Adding: <entity name="DoughsR31_zombieArlene"/>
DEBUG:Adding: <entity name="DoughsR36_zombieYoRadiated" prob="1"/>
DEBUG:Adding: <entity name="DoughsR41_zombieYo"/>
DEBUG:Adding: <entity name="DoughsR49_zombieMoe" prob="1"/>
DEBUG:Adding: <entity name="DoughsR66_zombieDarleneRadiated" prob="1"/>
DEBUG:Adding: <entity name="DoughsR73_zombieSteveCrawlerFeral" prob="0.5"/>
DEBUG:ModletGen_AddZedsToEntityGroupsFile ENTITY GROUP: sleeperHordeStageGS364
DEBUG:Adding: <entity name="DoughsR25_zombieBiker" prob="1"/>
DEBUG:Adding: <entity name="DoughsR28_zombieMarlene"/>
DEBUG:Adding: <entity name="DoughsR30_zombieFatHawaiianFeral" prob="1"/>
DEBUG:Adding: <entity name="DoughsR36_zombieYoRadiated" prob="1"/>
DEBUG:Adding: <entity name="DoughsR41_zombieYo"/>
DEBUG:Adding: <entity name="DoughsR48_zombieCheerleaderRadiated" prob="1"/>
DEBUG:Adding: <entity name="DoughsR54_zombieFemaleFatRadiated" prob="1"/>
DEBUG:Adding: <entity name="DoughsR56_zombieUtilityWorker" prob="1"/>
DEBUG:Adding: <entity name="DoughsR58_zombieJanitorRadiated" prob="1"/>
DEBUG:Adding: <entity name="DoughsR59_zombieArleneFeral" prob="1"/>
DEBUG:Adding: <entity name="DoughsR75_zombieSkateboarderRadiated" prob="1"/>
DEBUG:ModletGen_AddZedsToEntityGroupsFile ENTITY GROUP: sleeperHordeStageGS3648
DEBUG:Adding: <entity name="DoughsR20_zombieSoldierRadiated" prob="1"/>
DEBUG:Adding: <entity name="DoughsR26_zombieFatHawaiian" prob="1"/>
DEBUG:Adding: <entity name="DoughsR29_zombieBoe"/>
DEBUG:Adding: <entity name="DoughsR31_zombieArlene"/>
DEBUG:Adding: <entity name="DoughsR46_zombieFootballPlayer" prob="1"/>
DEBUG:Adding: <entity name="DoughsR57_zombieSpiderFeral" prob="1"/>
DEBUG:Adding: <entity name="DoughsR58_zombieJanitorRadiated" prob="1"/>
DEBUG:Adding: <entity name="DoughsR59_zombieArleneFeral" prob="1"/>
DEBUG:Adding: <entity name="DoughsR63_zombieFatCopFeral" prob="1"/>
DEBUG:Adding: <entity name="DoughsR66_zombieDarleneRadiated" prob="1"/>
DEBUG:Adding: <entity name="DoughsR73_zombieSteveCrawlerFeral" prob="0.5"/>
DEBUG:ModletGen_AddZedsToEntityGroupsFile ENTITY GROUP: sleeperHordeStageGS3671
DEBUG:Adding: <entity name="DoughsR11_zombieBoeFeral" prob="1"/>
DEBUG:Adding: <entity name="DoughsR25_zombieBiker" prob="1"/>
DEBUG:Adding: <entity name="DoughsR35_zombieJoe"/>
DEBUG:Adding: <entity name="DoughsR39_zombieSkateboarderFeral" prob="1"/>
DEBUG:Adding: <entity name="DoughsR49_zombieMoe" prob="1"/>
DEBUG:Adding: <entity name="DoughsR55_zombieJoeRadiated" prob="1"/>
DEBUG:Adding: <entity name="DoughsR5_zombieSteveCrawler" prob="0.5"/>
DEBUG:Adding: <entity name="DoughsR70_zombieBikerFeral" prob="1"/>
DEBUG:Adding: <entity name="DoughsR75_zombieSkateboarderRadiated" prob="1"/>
DEBUG:Adding: <entity name="DoughsR7_zombieWightFeral" prob="1"/>
DEBUG:Adding: <entity name="DoughsR81_zombieSteveRadiated" prob="1"/>
DEBUG:ModletGen_AddZedsToEntityGroupsFile ENTITY GROUP: sleeperHordeStageGS3694
DEBUG:Adding: <entity name="DoughsR28_zombieMarlene"/>
DEBUG:Adding: <entity name="DoughsR30_zombieFatHawaiianFeral" prob="1"/>
DEBUG:Adding: <entity name="DoughsR35_zombieJoe"/>
DEBUG:Adding: <entity name="DoughsR36_zombieYoRadiated" prob="1"/>
DEBUG:Adding: <entity name="DoughsR41_zombieYo"/>
DEBUG:Adding: <entity name="DoughsR51_zombieDarleneFeral" prob="1"/>
DEBUG:Adding: <entity name="DoughsR55_zombieJoeRadiated" prob="1"/>
DEBUG:Adding: <entity name="DoughsR59_zombieArleneFeral" prob="1"/>
DEBUG:Adding: <entity name="DoughsR71_zombieNurseFeral" prob="1"/>
DEBUG:Adding: <entity name="DoughsR75_zombieSkateboarderRadiated" prob="1"/>
DEBUG:Adding: <entity name="DoughsR79_zombieYoFeral" prob="1"/>
DEBUG:ModletGen_AddZedsToEntityGroupsFile ENTITY GROUP: sleeperHordeStageGS3718
DEBUG:Adding: <entity name="DoughsR10_zombieFemaleFatFeral" prob="1"/>
DEBUG:Adding: <entity name="DoughsR12_zombieJoeFeral" prob="1"/>
DEBUG:Adding: <entity name="DoughsR22_zombieWightRadiated" prob="1"/>
DEBUG:Adding: <entity name="DoughsR25_zombieBiker" prob="1"/>
DEBUG:Adding: <entity name="DoughsR39_zombieSkateboarderFeral" prob="1"/>
DEBUG:Adding: <entity name="DoughsR41_zombieYo"/>
DEBUG:Adding: <entity name="DoughsR42_zombieMaleHazmat" prob="1"/>
DEBUG:Adding: <entity name="DoughsR48_zombieCheerleaderRadiated" prob="1"/>
DEBUG:Adding: <entity name="DoughsR58_zombieJanitorRadiated" prob="1"/>
DEBUG:Adding: <entity name="DoughsR61_zombieSkateboarder"/>
DEBUG:Adding: <entity name="DoughsR63_zombieFatCopFeral" prob="1"/>
DEBUG:ModletGen_AddZedsToEntityGroupsFile ENTITY GROUP: sleeperHordeStageGS374
DEBUG:Adding: <entity name="DoughsR16_zombieFemaleFat" prob="1"/>
DEBUG:Adding: <entity name="DoughsR22_zombieWightRadiated" prob="1"/>
DEBUG:Adding: <entity name="DoughsR24_zombieNurse"/>
DEBUG:Adding: <entity name="DoughsR28_zombieMarlene"/>
DEBUG:Adding: <entity name="DoughsR30_zombieFatHawaiianFeral" prob="1"/>
DEBUG:Adding: <entity name="DoughsR34_zombieMarleneRadiated" prob="1"/>
DEBUG:Adding: <entity name="DoughsR36_zombieYoRadiated" prob="1"/>
DEBUG:Adding: <entity name="DoughsR54_zombieFemaleFatRadiated" prob="1"/>
DEBUG:Adding: <entity name="DoughsR59_zombieArleneFeral" prob="1"/>
DEBUG:Adding: <entity name="DoughsR64_zombieCheerleader"/>
DEBUG:Adding: <entity name="DoughsR65_zombieJanitor"/>
DEBUG:ModletGen_AddZedsToEntityGroupsFile ENTITY GROUP: sleeperHordeStageGS3741
DEBUG:Adding: <entity name="DoughsR12_zombieJoeFeral" prob="1"/>
DEBUG:Adding: <entity name="DoughsR14_zombieSoldier" prob="1"/>
DEBUG:Adding: <entity name="DoughsR22_zombieWightRadiated" prob="1"/>
DEBUG:Adding: <entity name="DoughsR2_zombieBusinessManFeral" prob="1"/>
DEBUG:Adding: <entity name="DoughsR34_zombieMarleneRadiated" prob="1"/>
DEBUG:Adding: <entity name="DoughsR51_zombieDarleneFeral" prob="1"/>
DEBUG:Adding: <entity name="DoughsR54_zombieFemaleFatRadiated" prob="1"/>
DEBUG:Adding: <entity name="DoughsR64_zombieCheerleader"/>
DEBUG:Adding: <entity name="DoughsR65_zombieJanitor"/>
DEBUG:Adding: <entity name="DoughsR6_zombieSoldierFeral" prob="1"/>
DEBUG:Adding: <entity name="DoughsR81_zombieSteveRadiated" prob="1"/>
DEBUG:ModletGen_AddZedsToEntityGroupsFile ENTITY GROUP: sleeperHordeStageGS3764
DEBUG:Adding: <entity name="DoughsR13_zombieSteve"/>
DEBUG:Adding: <entity name="DoughsR14_zombieSoldier" prob="1"/>
DEBUG:Adding: <entity name="DoughsR30_zombieFatHawaiianFeral" prob="1"/>
DEBUG:Adding: <entity name="DoughsR34_zombieMarleneRadiated" prob="1"/>
DEBUG:Adding: <entity name="DoughsR35_zombieJoe"/>
DEBUG:Adding: <entity name="DoughsR49_zombieMoe" prob="1"/>
DEBUG:Adding: <entity name="DoughsR53_zombieJanitorFeral" prob="1"/>
DEBUG:Adding: <entity name="DoughsR62_zombieDarlene"/>
DEBUG:Adding: <entity name="DoughsR73_zombieSteveCrawlerFeral" prob="0.5"/>
DEBUG:Adding: <entity name="DoughsR75_zombieSkateboarderRadiated" prob="1"/>
DEBUG:Adding: <entity name="DoughsR7_zombieWightFeral" prob="1"/>
DEBUG:ModletGen_AddZedsToEntityGroupsFile ENTITY GROUP: sleeperHordeStageGS3787
DEBUG:Adding: <entity name="DoughsR10_zombieFemaleFatFeral" prob="1"/>
DEBUG:Adding: <entity name="DoughsR21_zombieSpiderRadiated" prob="1"/>
DEBUG:Adding: <entity name="DoughsR28_zombieMarlene"/>
DEBUG:Adding: <entity name="DoughsR35_zombieJoe"/>
DEBUG:Adding: <entity name="DoughsR36_zombieYoRadiated" prob="1"/>
DEBUG:Adding: <entity name="DoughsR3_zombieFatCopRadiated" prob="1"/>
DEBUG:Adding: <entity name="DoughsR45_zombieSpider" prob="1"/>
DEBUG:Adding: <entity name="DoughsR49_zombieMoe" prob="1"/>
DEBUG:Adding: <entity name="DoughsR55_zombieJoeRadiated" prob="1"/>
DEBUG:Adding: <entity name="DoughsR74_zombieMoeFeral" prob="1"/>
DEBUG:Adding: <entity name="DoughsR7_zombieWightFeral" prob="1"/>
DEBUG:ModletGen_AddZedsToEntityGroupsFile ENTITY GROUP: sleeperHordeStageGS3811
DEBUG:Adding: <entity name="DoughsR10_zombieFemaleFatFeral" prob="1"/>
DEBUG:Adding: <entity name="DoughsR11_zombieBoeFeral" prob="1"/>
DEBUG:Adding: <entity name="DoughsR25_zombieBiker" prob="1"/>
DEBUG:Adding: <entity name="DoughsR2_zombieBusinessManFeral" prob="1"/>
DEBUG:Adding: <entity name="DoughsR39_zombieSkateboarderFeral" prob="1"/>
DEBUG:Adding: <entity name="DoughsR42_zombieMaleHazmat" prob="1"/>
DEBUG:Adding: <entity name="DoughsR44_zombieBusinessMan"/>
DEBUG:Adding: <entity name="DoughsR49_zombieMoe" prob="1"/>
DEBUG:Adding: <entity name="DoughsR53_zombieJanitorFeral" prob="1"/>
DEBUG:Adding: <entity name="DoughsR69_zombieOldTimerRadiated" prob="1"/>
DEBUG:Adding: <entity name="DoughsR71_zombieNurseFeral" prob="1"/>
DEBUG:ModletGen_AddZedsToEntityGroupsFile ENTITY GROUP: sleeperHordeStageGS3834
DEBUG:Adding: <entity name="DoughsR10_zombieFemaleFatFeral" prob="1"/>
DEBUG:Adding: <entity name="DoughsR14_zombieSoldier" prob="1"/>
DEBUG:Adding: <entity name="DoughsR16_zombieFemaleFat" prob="1"/>
DEBUG:Adding: <entity name="DoughsR26_zombieFatHawaiian" prob="1"/>
DEBUG:Adding: <entity name="DoughsR27_zombieFatCop" prob="1"/>
DEBUG:Adding: <entity name="DoughsR61_zombieSkateboarder"/>
DEBUG:Adding: <entity name="DoughsR63_zombieFatCopFeral" prob="1"/>
DEBUG:Adding: <entity name="DoughsR64_zombieCheerleader"/>
DEBUG:Adding: <entity name="DoughsR66_zombieDarleneRadiated" prob="1"/>
DEBUG:Adding: <entity name="DoughsR6_zombieSoldierFeral" prob="1"/>
DEBUG:Adding: <entity name="DoughsR79_zombieYoFeral" prob="1"/>
DEBUG:ModletGen_AddZedsToEntityGroupsFile ENTITY GROUP: sleeperHordeStageGS385
DEBUG:Adding: <entity name="DoughsR13_zombieSteve"/>
DEBUG:Adding: <entity name="DoughsR25_zombieBiker" prob="1"/>
DEBUG:Adding: <entity name="DoughsR2_zombieBusinessManFeral" prob="1"/>
DEBUG:Adding: <entity name="DoughsR31_zombieArlene"/>
DEBUG:Adding: <entity name="DoughsR36_zombieYoRadiated" prob="1"/>
DEBUG:Adding: <entity name="DoughsR41_zombieYo"/>
DEBUG:Adding: <entity name="DoughsR45_zombieSpider" prob="1"/>
DEBUG:Adding: <entity name="DoughsR46_zombieFootballPlayer" prob="1"/>
DEBUG:Adding: <entity name="DoughsR62_zombieDarlene"/>
DEBUG:Adding: <entity name="DoughsR6_zombieSoldierFeral" prob="1"/>
DEBUG:Adding: <entity name="DoughsR78_zombieSteveFeral" prob="1"/>
DEBUG:ModletGen_AddZedsToEntityGroupsFile ENTITY GROUP: sleeperHordeStageGS3858
DEBUG:Adding: <entity name="DoughsR10_zombieFemaleFatFeral" prob="1"/>
DEBUG:Adding: <entity name="DoughsR14_zombieSoldier" prob="1"/>
DEBUG:Adding: <entity name="DoughsR25_zombieBiker" prob="1"/>
DEBUG:Adding: <entity name="DoughsR29_zombieBoe"/>
DEBUG:Adding: <entity name="DoughsR30_zombieFatHawaiianFeral" prob="1"/>
DEBUG:Adding: <entity name="DoughsR31_zombieArlene"/>
DEBUG:Adding: <entity name="DoughsR34_zombieMarleneRadiated" prob="1"/>
DEBUG:Adding: <entity name="DoughsR36_zombieYoRadiated" prob="1"/>
DEBUG:Adding: <entity name="DoughsR51_zombieDarleneFeral" prob="1"/>
DEBUG:Adding: <entity name="DoughsR65_zombieJanitor"/>
DEBUG:Adding: <entity name="DoughsR7_zombieWightFeral" prob="1"/>
DEBUG:ModletGen_AddZedsToEntityGroupsFile ENTITY GROUP: sleeperHordeStageGS3881
DEBUG:Adding: <entity name="DoughsR26_zombieFatHawaiian" prob="1"/>
DEBUG:Adding: <entity name="DoughsR34_zombieMarleneRadiated" prob="1"/>
DEBUG:Adding: <entity name="DoughsR45_zombieSpider" prob="1"/>
DEBUG:Adding: <entity name="DoughsR51_zombieDarleneFeral" prob="1"/>
DEBUG:Adding: <entity name="DoughsR53_zombieJanitorFeral" prob="1"/>
DEBUG:Adding: <entity name="DoughsR5_zombieSteveCrawler" prob="0.5"/>
DEBUG:Adding: <entity name="DoughsR66_zombieDarleneRadiated" prob="1"/>
DEBUG:Adding: <entity name="DoughsR69_zombieOldTimerRadiated" prob="1"/>
DEBUG:Adding: <entity name="DoughsR70_zombieBikerFeral" prob="1"/>
DEBUG:Adding: <entity name="DoughsR74_zombieMoeFeral" prob="1"/>
DEBUG:Adding: <entity name="DoughsR8_zombieArleneRadiated" prob="1"/>
DEBUG:ModletGen_AddZedsToEntityGroupsFile ENTITY GROUP: sleeperHordeStageGS3905
DEBUG:Adding: <entity name="DoughsR11_zombieBoeFeral" prob="1"/>
DEBUG:Adding: <entity name="DoughsR14_zombieSoldier" prob="1"/>
DEBUG:Adding: <entity name="DoughsR20_zombieSoldierRadiated" prob="1"/>
DEBUG:Adding: <entity name="DoughsR26_zombieFatHawaiian" prob="1"/>
DEBUG:Adding: <entity name="DoughsR39_zombieSkateboarderFeral" prob="1"/>
DEBUG:Adding: <entity name="DoughsR46_zombieFootballPlayer" prob="1"/>
DEBUG:Adding: <entity name="DoughsR54_zombieFemaleFatRadiated" prob="1"/>
DEBUG:Adding: <entity name="DoughsR74_zombieMoeFeral" prob="1"/>
DEBUG:Adding: <entity name="DoughsR75_zombieSkateboarderRadiated" prob="1"/>
DEBUG:Adding: <entity name="DoughsR78_zombieSteveFeral" prob="1"/>
DEBUG:Adding: <entity name="DoughsR81_zombieSteveRadiated" prob="1"/>
DEBUG:ModletGen_AddZedsToEntityGroupsFile ENTITY GROUP: sleeperHordeStageGS3929
DEBUG:Adding: <entity name="DoughsR10_zombieFemaleFatFeral" prob="1"/>
DEBUG:Adding: <entity name="DoughsR24_zombieNurse"/>
DEBUG:Adding: <entity name="DoughsR36_zombieYoRadiated" prob="1"/>
DEBUG:Adding: <entity name="DoughsR39_zombieSkateboarderFeral" prob="1"/>
DEBUG:Adding: <entity name="DoughsR56_zombieUtilityWorker" prob="1"/>
DEBUG:Adding: <entity name="DoughsR57_zombieSpiderFeral" prob="1"/>
DEBUG:Adding: <entity name="DoughsR5_zombieSteveCrawler" prob="0.5"/>
DEBUG:Adding: <entity name="DoughsR62_zombieDarlene"/>
DEBUG:Adding: <entity name="DoughsR63_zombieFatCopFeral" prob="1"/>
DEBUG:Adding: <entity name="DoughsR78_zombieSteveFeral" prob="1"/>
DEBUG:Adding: <entity name="DoughsR81_zombieSteveRadiated" prob="1"/>
DEBUG:ModletGen_AddZedsToEntityGroupsFile ENTITY GROUP: sleeperHordeStageGS3952
DEBUG:Adding: <entity name="DoughsR11_zombieBoeFeral" prob="1"/>
DEBUG:Adding: <entity name="DoughsR26_zombieFatHawaiian" prob="1"/>
DEBUG:Adding: <entity name="DoughsR37_zombieMarleneFeral" prob="1"/>
DEBUG:Adding: <entity name="DoughsR3_zombieFatCopRadiated" prob="1"/>
DEBUG:Adding: <entity name="DoughsR42_zombieMaleHazmat" prob="1"/>
DEBUG:Adding: <entity name="DoughsR45_zombieSpider" prob="1"/>
DEBUG:Adding: <entity name="DoughsR49_zombieMoe" prob="1"/>
DEBUG:Adding: <entity name="DoughsR50_zombieBoeRadiated" prob="1"/>
DEBUG:Adding: <entity name="DoughsR57_zombieSpiderFeral" prob="1"/>
DEBUG:Adding: <entity name="DoughsR73_zombieSteveCrawlerFeral" prob="0.5"/>
DEBUG:Adding: <entity name="DoughsR81_zombieSteveRadiated" prob="1"/>
DEBUG:ModletGen_AddZedsToEntityGroupsFile ENTITY GROUP: sleeperHordeStageGS396
DEBUG:Adding: <entity name="DoughsR12_zombieJoeFeral" prob="1"/>
DEBUG:Adding: <entity name="DoughsR24_zombieNurse"/>
DEBUG:Adding: <entity name="DoughsR28_zombieMarlene"/>
DEBUG:Adding: <entity name="DoughsR30_zombieFatHawaiianFeral" prob="1"/>
DEBUG:Adding: <entity name="DoughsR34_zombieMarleneRadiated" prob="1"/>
DEBUG:Adding: <entity name="DoughsR42_zombieMaleHazmat" prob="1"/>
DEBUG:Adding: <entity name="DoughsR44_zombieBusinessMan"/>
DEBUG:Adding: <entity name="DoughsR53_zombieJanitorFeral" prob="1"/>
DEBUG:Adding: <entity name="DoughsR59_zombieArleneFeral" prob="1"/>
DEBUG:Adding: <entity name="DoughsR73_zombieSteveCrawlerFeral" prob="0.5"/>
DEBUG:Adding: <entity name="DoughsR79_zombieYoFeral" prob="1"/>
DEBUG:ModletGen_AddZedsToEntityGroupsFile ENTITY GROUP: sleeperHordeStageGS3976
DEBUG:Adding: <entity name="DoughsR13_zombieSteve"/>
DEBUG:Adding: <entity name="DoughsR24_zombieNurse"/>
DEBUG:Adding: <entity name="DoughsR41_zombieYo"/>
DEBUG:Adding: <entity name="DoughsR44_zombieBusinessMan"/>
DEBUG:Adding: <entity name="DoughsR51_zombieDarleneFeral" prob="1"/>
DEBUG:Adding: <entity name="DoughsR57_zombieSpiderFeral" prob="1"/>
DEBUG:Adding: <entity name="DoughsR61_zombieSkateboarder"/>
DEBUG:Adding: <entity name="DoughsR64_zombieCheerleader"/>
DEBUG:Adding: <entity name="DoughsR66_zombieDarleneRadiated" prob="1"/>
DEBUG:Adding: <entity name="DoughsR78_zombieSteveFeral" prob="1"/>
DEBUG:Adding: <entity name="DoughsR7_zombieWightFeral" prob="1"/>
DEBUG:ModletGen_AddZedsToEntityGroupsFile ENTITY GROUP: sleeperHordeStageGS4000
DEBUG:Adding: <entity name="DoughsR12_zombieJoeFeral" prob="1"/>
DEBUG:Adding: <entity name="DoughsR13_zombieSteve"/>
DEBUG:Adding: <entity name="DoughsR21_zombieSpiderRadiated" prob="1"/>
DEBUG:Adding: <entity name="DoughsR28_zombieMarlene"/>
DEBUG:Adding: <entity name="DoughsR45_zombieSpider" prob="1"/>
DEBUG:Adding: <entity name="DoughsR54_zombieFemaleFatRadiated" prob="1"/>
DEBUG:Adding: <entity name="DoughsR59_zombieArleneFeral" prob="1"/>
DEBUG:Adding: <entity name="DoughsR5_zombieSteveCrawler" prob="0.5"/>
DEBUG:Adding: <entity name="DoughsR66_zombieDarleneRadiated" prob="1"/>
DEBUG:Adding: <entity name="DoughsR73_zombieSteveCrawlerFeral" prob="0.5"/>
DEBUG:Adding: <entity name="DoughsR74_zombieMoeFeral" prob="1"/>
DEBUG:ModletGen_AddZedsToEntityGroupsFile ENTITY GROUP: sleeperHordeStageGS4024
DEBUG:Adding: <entity name="DoughsR14_zombieSoldier" prob="1"/>
DEBUG:Adding: <entity name="DoughsR27_zombieFatCop" prob="1"/>
DEBUG:Adding: <entity name="DoughsR34_zombieMarleneRadiated" prob="1"/>
DEBUG:Adding: <entity name="DoughsR35_zombieJoe"/>
DEBUG:Adding: <entity name="DoughsR48_zombieCheerleaderRadiated" prob="1"/>
DEBUG:Adding: <entity name="DoughsR51_zombieDarleneFeral" prob="1"/>
DEBUG:Adding: <entity name="DoughsR62_zombieDarlene"/>
DEBUG:Adding: <entity name="DoughsR64_zombieCheerleader"/>
DEBUG:Adding: <entity name="DoughsR71_zombieNurseFeral" prob="1"/>
DEBUG:Adding: <entity name="DoughsR75_zombieSkateboarderRadiated" prob="1"/>
DEBUG:Adding: <entity name="DoughsR7_zombieWightFeral" prob="1"/>
DEBUG:ModletGen_AddZedsToEntityGroupsFile ENTITY GROUP: sleeperHordeStageGS4048
DEBUG:Adding: <entity name="DoughsR16_zombieFemaleFat" prob="1"/>
DEBUG:Adding: <entity name="DoughsR30_zombieFatHawaiianFeral" prob="1"/>
DEBUG:Adding: <entity name="DoughsR32_zombieMoeRadiated" prob="1"/>
DEBUG:Adding: <entity name="DoughsR39_zombieSkateboarderFeral" prob="1"/>
DEBUG:Adding: <entity name="DoughsR45_zombieSpider" prob="1"/>
DEBUG:Adding: <entity name="DoughsR48_zombieCheerleaderRadiated" prob="1"/>
DEBUG:Adding: <entity name="DoughsR50_zombieBoeRadiated" prob="1"/>
DEBUG:Adding: <entity name="DoughsR59_zombieArleneFeral" prob="1"/>
DEBUG:Adding: <entity name="DoughsR64_zombieCheerleader"/>
DEBUG:Adding: <entity name="DoughsR81_zombieSteveRadiated" prob="1"/>
DEBUG:Adding: <entity name="DoughsR86_zombieBikerRadiated" prob="1"/>
DEBUG:ModletGen_AddZedsToEntityGroupsFile ENTITY GROUP: sleeperHordeStageGS407
DEBUG:Adding: <entity name="DoughsR21_zombieSpiderRadiated" prob="1"/>
DEBUG:Adding: <entity name="DoughsR22_zombieWightRadiated" prob="1"/>
DEBUG:Adding: <entity name="DoughsR24_zombieNurse"/>
DEBUG:Adding: <entity name="DoughsR31_zombieArlene"/>
DEBUG:Adding: <entity name="DoughsR42_zombieMaleHazmat" prob="1"/>
DEBUG:Adding: <entity name="DoughsR44_zombieBusinessMan"/>
DEBUG:Adding: <entity name="DoughsR48_zombieCheerleaderRadiated" prob="1"/>
DEBUG:Adding: <entity name="DoughsR54_zombieFemaleFatRadiated" prob="1"/>
DEBUG:Adding: <entity name="DoughsR64_zombieCheerleader"/>
DEBUG:Adding: <entity name="DoughsR6_zombieSoldierFeral" prob="1"/>
DEBUG:Adding: <entity name="DoughsR73_zombieSteveCrawlerFeral" prob="0.5"/>
DEBUG:ModletGen_AddZedsToEntityGroupsFile ENTITY GROUP: sleeperHordeStageGS4072
DEBUG:Adding: <entity name="DoughsR14_zombieSoldier" prob="1"/>
DEBUG:Adding: <entity name="DoughsR2_zombieBusinessManFeral" prob="1"/>
DEBUG:Adding: <entity name="DoughsR46_zombieFootballPlayer" prob="1"/>
DEBUG:Adding: <entity name="DoughsR49_zombieMoe" prob="1"/>
DEBUG:Adding: <entity name="DoughsR54_zombieFemaleFatRadiated" prob="1"/>
DEBUG:Adding: <entity name="DoughsR59_zombieArleneFeral" prob="1"/>
DEBUG:Adding: <entity name="DoughsR64_zombieCheerleader"/>
DEBUG:Adding: <entity name="DoughsR71_zombieNurseFeral" prob="1"/>
DEBUG:Adding: <entity name="DoughsR78_zombieSteveFeral" prob="1"/>
DEBUG:Adding: <entity name="DoughsR7_zombieWightFeral" prob="1"/>
DEBUG:Adding: <entity name="DoughsR81_zombieSteveRadiated" prob="1"/>
DEBUG:ModletGen_AddZedsToEntityGroupsFile ENTITY GROUP: sleeperHordeStageGS4096
DEBUG:Adding: <entity name="DoughsR10_zombieFemaleFatFeral" prob="1"/>
DEBUG:Adding: <entity name="DoughsR22_zombieWightRadiated" prob="1"/>
DEBUG:Adding: <entity name="DoughsR36_zombieYoRadiated" prob="1"/>
DEBUG:Adding: <entity name="DoughsR3_zombieFatCopRadiated" prob="1"/>
DEBUG:Adding: <entity name="DoughsR41_zombieYo"/>
DEBUG:Adding: <entity name="DoughsR44_zombieBusinessMan"/>
DEBUG:Adding: <entity name="DoughsR45_zombieSpider" prob="1"/>
DEBUG:Adding: <entity name="DoughsR50_zombieBoeRadiated" prob="1"/>
DEBUG:Adding: <entity name="DoughsR5_zombieSteveCrawler" prob="0.5"/>
DEBUG:Adding: <entity name="DoughsR73_zombieSteveCrawlerFeral" prob="0.5"/>
DEBUG:Adding: <entity name="DoughsR86_zombieBikerRadiated" prob="1"/>
DEBUG:ModletGen_AddZedsToEntityGroupsFile ENTITY GROUP: sleeperHordeStageGS41
DEBUG:Adding: <entity name="DoughsR13_zombieSteve"/>
DEBUG:Adding: <entity name="DoughsR25_zombieBiker" prob="0.31"/>
DEBUG:Adding: <entity name="DoughsR28_zombieMarlene"/>
DEBUG:Adding: <entity name="DoughsR31_zombieArlene"/>
DEBUG:Adding: <entity name="DoughsR44_zombieBusinessMan"/>
DEBUG:Adding: <entity name="DoughsR45_zombieSpider" prob="0.35"/>
DEBUG:Adding: <entity name="DoughsR49_zombieMoe" prob="0.44"/>
DEBUG:Adding: <entity name="DoughsR56_zombieUtilityWorker" prob="0.32"/>
DEBUG:Adding: <entity name="DoughsR5_zombieSteveCrawler" prob="0.5"/>
DEBUG:Adding: <entity name="DoughsR61_zombieSkateboarder"/>
DEBUG:Adding: <entity name="DoughsR62_zombieDarlene"/>
DEBUG:ModletGen_AddZedsToEntityGroupsFile ENTITY GROUP: sleeperHordeStageGS4120
DEBUG:Adding: <entity name="DoughsR10_zombieFemaleFatFeral" prob="1"/>
DEBUG:Adding: <entity name="DoughsR22_zombieWightRadiated" prob="1"/>
DEBUG:Adding: <entity name="DoughsR31_zombieArlene"/>
DEBUG:Adding: <entity name="DoughsR32_zombieMoeRadiated" prob="1"/>
DEBUG:Adding: <entity name="DoughsR3_zombieFatCopRadiated" prob="1"/>
DEBUG:Adding: <entity name="DoughsR45_zombieSpider" prob="1"/>
DEBUG:Adding: <entity name="DoughsR51_zombieDarleneFeral" prob="1"/>
DEBUG:Adding: <entity name="DoughsR54_zombieFemaleFatRadiated" prob="1"/>
DEBUG:Adding: <entity name="DoughsR58_zombieJanitorRadiated" prob="1"/>
DEBUG:Adding: <entity name="DoughsR73_zombieSteveCrawlerFeral" prob="0.5"/>
DEBUG:Adding: <entity name="DoughsR74_zombieMoeFeral" prob="1"/>
DEBUG:ModletGen_AddZedsToEntityGroupsFile ENTITY GROUP: sleeperHordeStageGS4144
DEBUG:Adding: <entity name="DoughsR13_zombieSteve"/>
DEBUG:Adding: <entity name="DoughsR16_zombieFemaleFat" prob="1"/>
DEBUG:Adding: <entity name="DoughsR37_zombieMarleneFeral" prob="1"/>
DEBUG:Adding: <entity name="DoughsR45_zombieSpider" prob="1"/>
DEBUG:Adding: <entity name="DoughsR51_zombieDarleneFeral" prob="1"/>
DEBUG:Adding: <entity name="DoughsR57_zombieSpiderFeral" prob="1"/>
DEBUG:Adding: <entity name="DoughsR58_zombieJanitorRadiated" prob="1"/>
DEBUG:Adding: <entity name="DoughsR5_zombieSteveCrawler" prob="0.5"/>
DEBUG:Adding: <entity name="DoughsR61_zombieSkateboarder"/>
DEBUG:Adding: <entity name="DoughsR69_zombieOldTimerRadiated" prob="1"/>
DEBUG:Adding: <entity name="DoughsR74_zombieMoeFeral" prob="1"/>
DEBUG:ModletGen_AddZedsToEntityGroupsFile ENTITY GROUP: sleeperHordeStageGS4168
DEBUG:Adding: <entity name="DoughsR20_zombieSoldierRadiated" prob="1"/>
DEBUG:Adding: <entity name="DoughsR22_zombieWightRadiated" prob="1"/>
DEBUG:Adding: <entity name="DoughsR29_zombieBoe"/>
DEBUG:Adding: <entity name="DoughsR44_zombieBusinessMan"/>
DEBUG:Adding: <entity name="DoughsR45_zombieSpider" prob="1"/>
DEBUG:Adding: <entity name="DoughsR57_zombieSpiderFeral" prob="1"/>
DEBUG:Adding: <entity name="DoughsR58_zombieJanitorRadiated" prob="1"/>
DEBUG:Adding: <entity name="DoughsR65_zombieJanitor"/>
DEBUG:Adding: <entity name="DoughsR70_zombieBikerFeral" prob="1"/>
DEBUG:Adding: <entity name="DoughsR71_zombieNurseFeral" prob="1"/>
DEBUG:Adding: <entity name="DoughsR73_zombieSteveCrawlerFeral" prob="0.5"/>
DEBUG:ModletGen_AddZedsToEntityGroupsFile ENTITY GROUP: sleeperHordeStageGS419
DEBUG:Adding: <entity name="DoughsR10_zombieFemaleFatFeral" prob="1"/>
DEBUG:Adding: <entity name="DoughsR12_zombieJoeFeral" prob="1"/>
DEBUG:Adding: <entity name="DoughsR16_zombieFemaleFat" prob="1"/>
DEBUG:Adding: <entity name="DoughsR25_zombieBiker" prob="1"/>
DEBUG:Adding: <entity name="DoughsR36_zombieYoRadiated" prob="1"/>
DEBUG:Adding: <entity name="DoughsR44_zombieBusinessMan"/>
DEBUG:Adding: <entity name="DoughsR51_zombieDarleneFeral" prob="1"/>
DEBUG:Adding: <entity name="DoughsR58_zombieJanitorRadiated" prob="1"/>
DEBUG:Adding: <entity name="DoughsR59_zombieArleneFeral" prob="1"/>
DEBUG:Adding: <entity name="DoughsR70_zombieBikerFeral" prob="1"/>
DEBUG:Adding: <entity name="DoughsR81_zombieSteveRadiated" prob="1"/>
DEBUG:ModletGen_AddZedsToEntityGroupsFile ENTITY GROUP: sleeperHordeStageGS4192
DEBUG:Adding: <entity name="DoughsR21_zombieSpiderRadiated" prob="1"/>
DEBUG:Adding: <entity name="DoughsR27_zombieFatCop" prob="1"/>
DEBUG:Adding: <entity name="DoughsR28_zombieMarlene"/>
DEBUG:Adding: <entity name="DoughsR29_zombieBoe"/>
DEBUG:Adding: <entity name="DoughsR30_zombieFatHawaiianFeral" prob="1"/>
DEBUG:Adding: <entity name="DoughsR34_zombieMarleneRadiated" prob="1"/>
DEBUG:Adding: <entity name="DoughsR41_zombieYo"/>
DEBUG:Adding: <entity name="DoughsR44_zombieBusinessMan"/>
DEBUG:Adding: <entity name="DoughsR50_zombieBoeRadiated" prob="1"/>
DEBUG:Adding: <entity name="DoughsR56_zombieUtilityWorker" prob="1"/>
DEBUG:Adding: <entity name="DoughsR69_zombieOldTimerRadiated" prob="1"/>
DEBUG:ModletGen_AddZedsToEntityGroupsFile ENTITY GROUP: sleeperHordeStageGS4216
DEBUG:Adding: <entity name="DoughsR25_zombieBiker" prob="1"/>
DEBUG:Adding: <entity name="DoughsR26_zombieFatHawaiian" prob="1"/>
DEBUG:Adding: <entity name="DoughsR27_zombieFatCop" prob="1"/>
DEBUG:Adding: <entity name="DoughsR29_zombieBoe"/>
DEBUG:Adding: <entity name="DoughsR36_zombieYoRadiated" prob="1"/>
DEBUG:Adding: <entity name="DoughsR37_zombieMarleneFeral" prob="1"/>
DEBUG:Adding: <entity name="DoughsR45_zombieSpider" prob="1"/>
DEBUG:Adding: <entity name="DoughsR46_zombieFootballPlayer" prob="1"/>
DEBUG:Adding: <entity name="DoughsR55_zombieJoeRadiated" prob="1"/>
DEBUG:Adding: <entity name="DoughsR79_zombieYoFeral" prob="1"/>
DEBUG:Adding: <entity name="DoughsR7_zombieWightFeral" prob="1"/>
DEBUG:ModletGen_AddZedsToEntityGroupsFile ENTITY GROUP: sleeperHordeStageGS4240
DEBUG:Adding: <entity name="DoughsR10_zombieFemaleFatFeral" prob="1"/>
DEBUG:Adding: <entity name="DoughsR21_zombieSpiderRadiated" prob="1"/>
DEBUG:Adding: <entity name="DoughsR29_zombieBoe"/>
DEBUG:Adding: <entity name="DoughsR39_zombieSkateboarderFeral" prob="1"/>
DEBUG:Adding: <entity name="DoughsR45_zombieSpider" prob="1"/>
DEBUG:Adding: <entity name="DoughsR49_zombieMoe" prob="1"/>
DEBUG:Adding: <entity name="DoughsR54_zombieFemaleFatRadiated" prob="1"/>
DEBUG:Adding: <entity name="DoughsR62_zombieDarlene"/>
DEBUG:Adding: <entity name="DoughsR63_zombieFatCopFeral" prob="1"/>
DEBUG:Adding: <entity name="DoughsR70_zombieBikerFeral" prob="1"/>
DEBUG:Adding: <entity name="DoughsR8_zombieArleneRadiated" prob="1"/>
DEBUG:ModletGen_AddZedsToEntityGroupsFile ENTITY GROUP: sleeperHordeStageGS4265
DEBUG:Adding: <entity name="DoughsR21_zombieSpiderRadiated" prob="1"/>
DEBUG:Adding: <entity name="DoughsR22_zombieWightRadiated" prob="1"/>
DEBUG:Adding: <entity name="DoughsR44_zombieBusinessMan"/>
DEBUG:Adding: <entity name="DoughsR45_zombieSpider" prob="1"/>
DEBUG:Adding: <entity name="DoughsR50_zombieBoeRadiated" prob="1"/>
DEBUG:Adding: <entity name="DoughsR56_zombieUtilityWorker" prob="1"/>
DEBUG:Adding: <entity name="DoughsR59_zombieArleneFeral" prob="1"/>
DEBUG:Adding: <entity name="DoughsR63_zombieFatCopFeral" prob="1"/>
DEBUG:Adding: <entity name="DoughsR74_zombieMoeFeral" prob="1"/>
DEBUG:Adding: <entity name="DoughsR75_zombieSkateboarderRadiated" prob="1"/>
DEBUG:Adding: <entity name="DoughsR81_zombieSteveRadiated" prob="1"/>
DEBUG:ModletGen_AddZedsToEntityGroupsFile ENTITY GROUP: sleeperHordeStageGS4289
DEBUG:Adding: <entity name="DoughsR29_zombieBoe"/>
DEBUG:Adding: <entity name="DoughsR30_zombieFatHawaiianFeral" prob="1"/>
DEBUG:Adding: <entity name="DoughsR34_zombieMarleneRadiated" prob="1"/>
DEBUG:Adding: <entity name="DoughsR41_zombieYo"/>
DEBUG:Adding: <entity name="DoughsR42_zombieMaleHazmat" prob="1"/>
DEBUG:Adding: <entity name="DoughsR45_zombieSpider" prob="1"/>
DEBUG:Adding: <entity name="DoughsR59_zombieArleneFeral" prob="1"/>
DEBUG:Adding: <entity name="DoughsR61_zombieSkateboarder"/>
DEBUG:Adding: <entity name="DoughsR62_zombieDarlene"/>
DEBUG:Adding: <entity name="DoughsR70_zombieBikerFeral" prob="1"/>
DEBUG:Adding: <entity name="DoughsR78_zombieSteveFeral" prob="1"/>
DEBUG:ModletGen_AddZedsToEntityGroupsFile ENTITY GROUP: sleeperHordeStageGS430
DEBUG:Adding: <entity name="DoughsR10_zombieFemaleFatFeral" prob="1"/>
DEBUG:Adding: <entity name="DoughsR20_zombieSoldierRadiated" prob="1"/>
DEBUG:Adding: <entity name="DoughsR37_zombieMarleneFeral" prob="1"/>
DEBUG:Adding: <entity name="DoughsR44_zombieBusinessMan"/>
DEBUG:Adding: <entity name="DoughsR62_zombieDarlene"/>
DEBUG:Adding: <entity name="DoughsR63_zombieFatCopFeral" prob="1"/>
DEBUG:Adding: <entity name="DoughsR65_zombieJanitor"/>
DEBUG:Adding: <entity name="DoughsR70_zombieBikerFeral" prob="1"/>
DEBUG:Adding: <entity name="DoughsR73_zombieSteveCrawlerFeral" prob="0.5"/>
DEBUG:Adding: <entity name="DoughsR81_zombieSteveRadiated" prob="1"/>
DEBUG:Adding: <entity name="DoughsR8_zombieArleneRadiated" prob="1"/>
DEBUG:ModletGen_AddZedsToEntityGroupsFile ENTITY GROUP: sleeperHordeStageGS4313
DEBUG:Adding: <entity name="DoughsR13_zombieSteve"/>
DEBUG:Adding: <entity name="DoughsR16_zombieFemaleFat" prob="1"/>
DEBUG:Adding: <entity name="DoughsR25_zombieBiker" prob="1"/>
DEBUG:Adding: <entity name="DoughsR2_zombieBusinessManFeral" prob="1"/>
DEBUG:Adding: <entity name="DoughsR34_zombieMarleneRadiated" prob="1"/>
DEBUG:Adding: <entity name="DoughsR42_zombieMaleHazmat" prob="1"/>
DEBUG:Adding: <entity name="DoughsR50_zombieBoeRadiated" prob="1"/>
DEBUG:Adding: <entity name="DoughsR56_zombieUtilityWorker" prob="1"/>
DEBUG:Adding: <entity name="DoughsR58_zombieJanitorRadiated" prob="1"/>
DEBUG:Adding: <entity name="DoughsR66_zombieDarleneRadiated" prob="1"/>
DEBUG:Adding: <entity name="DoughsR79_zombieYoFeral" prob="1"/>
DEBUG:ModletGen_AddZedsToEntityGroupsFile ENTITY GROUP: sleeperHordeStageGS4338
DEBUG:Adding: <entity name="DoughsR16_zombieFemaleFat" prob="1"/>
DEBUG:Adding: <entity name="DoughsR21_zombieSpiderRadiated" prob="1"/>
DEBUG:Adding: <entity name="DoughsR26_zombieFatHawaiian" prob="1"/>
DEBUG:Adding: <entity name="DoughsR29_zombieBoe"/>
DEBUG:Adding: <entity name="DoughsR30_zombieFatHawaiianFeral" prob="1"/>
DEBUG:Adding: <entity name="DoughsR50_zombieBoeRadiated" prob="1"/>
DEBUG:Adding: <entity name="DoughsR61_zombieSkateboarder"/>
DEBUG:Adding: <entity name="DoughsR65_zombieJanitor"/>
DEBUG:Adding: <entity name="DoughsR71_zombieNurseFeral" prob="1"/>
DEBUG:Adding: <entity name="DoughsR78_zombieSteveFeral" prob="1"/>
DEBUG:Adding: <entity name="DoughsR8_zombieArleneRadiated" prob="1"/>
DEBUG:ModletGen_AddZedsToEntityGroupsFile ENTITY GROUP: sleeperHordeStageGS4362
DEBUG:Adding: <entity name="DoughsR12_zombieJoeFeral" prob="1"/>
DEBUG:Adding: <entity name="DoughsR24_zombieNurse"/>
DEBUG:Adding: <entity name="DoughsR28_zombieMarlene"/>
DEBUG:Adding: <entity name="DoughsR2_zombieBusinessManFeral" prob="1"/>
DEBUG:Adding: <entity name="DoughsR32_zombieMoeRadiated" prob="1"/>
DEBUG:Adding: <entity name="DoughsR37_zombieMarleneFeral" prob="1"/>
DEBUG:Adding: <entity name="DoughsR41_zombieYo"/>
DEBUG:Adding: <entity name="DoughsR44_zombieBusinessMan"/>
DEBUG:Adding: <entity name="DoughsR50_zombieBoeRadiated" prob="1"/>
DEBUG:Adding: <entity name="DoughsR5_zombieSteveCrawler" prob="0.5"/>
DEBUG:Adding: <entity name="DoughsR86_zombieBikerRadiated" prob="1"/>
DEBUG:ModletGen_AddZedsToEntityGroupsFile ENTITY GROUP: sleeperHordeStageGS4387
DEBUG:Adding: <entity name="DoughsR20_zombieSoldierRadiated" prob="1"/>
DEBUG:Adding: <entity name="DoughsR27_zombieFatCop" prob="1"/>
DEBUG:Adding: <entity name="DoughsR28_zombieMarlene"/>
DEBUG:Adding: <entity name="DoughsR36_zombieYoRadiated" prob="1"/>
DEBUG:Adding: <entity name="DoughsR44_zombieBusinessMan"/>
DEBUG:Adding: <entity name="DoughsR49_zombieMoe" prob="1"/>
DEBUG:Adding: <entity name="DoughsR55_zombieJoeRadiated" prob="1"/>
DEBUG:Adding: <entity name="DoughsR59_zombieArleneFeral" prob="1"/>
DEBUG:Adding: <entity name="DoughsR62_zombieDarlene"/>
DEBUG:Adding: <entity name="DoughsR64_zombieCheerleader"/>
DEBUG:Adding: <entity name="DoughsR65_zombieJanitor"/>
DEBUG:ModletGen_AddZedsToEntityGroupsFile ENTITY GROUP: sleeperHordeStageGS441
DEBUG:Adding: <entity name="DoughsR11_zombieBoeFeral" prob="1"/>
DEBUG:Adding: <entity name="DoughsR24_zombieNurse"/>
DEBUG:Adding: <entity name="DoughsR26_zombieFatHawaiian" prob="1"/>
DEBUG:Adding: <entity name="DoughsR30_zombieFatHawaiianFeral" prob="1"/>
DEBUG:Adding: <entity name="DoughsR36_zombieYoRadiated" prob="1"/>
DEBUG:Adding: <entity name="DoughsR37_zombieMarleneFeral" prob="1"/>
DEBUG:Adding: <entity name="DoughsR3_zombieFatCopRadiated" prob="1"/>
DEBUG:Adding: <entity name="DoughsR41_zombieYo"/>
DEBUG:Adding: <entity name="DoughsR49_zombieMoe" prob="1"/>
DEBUG:Adding: <entity name="DoughsR55_zombieJoeRadiated" prob="1"/>
DEBUG:Adding: <entity name="DoughsR75_zombieSkateboarderRadiated" prob="1"/>
DEBUG:ModletGen_AddZedsToEntityGroupsFile ENTITY GROUP: sleeperHordeStageGS4411
DEBUG:Adding: <entity name="DoughsR11_zombieBoeFeral" prob="1"/>
DEBUG:Adding: <entity name="DoughsR13_zombieSteve"/>
DEBUG:Adding: <entity name="DoughsR32_zombieMoeRadiated" prob="1"/>
DEBUG:Adding: <entity name="DoughsR39_zombieSkateboarderFeral" prob="1"/>
DEBUG:Adding: <entity name="DoughsR42_zombieMaleHazmat" prob="1"/>
DEBUG:Adding: <entity name="DoughsR45_zombieSpider" prob="1"/>
DEBUG:Adding: <entity name="DoughsR48_zombieCheerleaderRadiated" prob="1"/>
DEBUG:Adding: <entity name="DoughsR55_zombieJoeRadiated" prob="1"/>
DEBUG:Adding: <entity name="DoughsR5_zombieSteveCrawler" prob="0.5"/>
DEBUG:Adding: <entity name="DoughsR7_zombieWightFeral" prob="1"/>
DEBUG:Adding: <entity name="DoughsR86_zombieBikerRadiated" prob="1"/>
DEBUG:ModletGen_AddZedsToEntityGroupsFile ENTITY GROUP: sleeperHordeStageGS4436
DEBUG:Adding: <entity name="DoughsR14_zombieSoldier" prob="1"/>
DEBUG:Adding: <entity name="DoughsR16_zombieFemaleFat" prob="1"/>
DEBUG:Adding: <entity name="DoughsR21_zombieSpiderRadiated" prob="1"/>
DEBUG:Adding: <entity name="DoughsR24_zombieNurse"/>
DEBUG:Adding: <entity name="DoughsR26_zombieFatHawaiian" prob="1"/>
DEBUG:Adding: <entity name="DoughsR37_zombieMarleneFeral" prob="1"/>
DEBUG:Adding: <entity name="DoughsR41_zombieYo"/>
DEBUG:Adding: <entity name="DoughsR42_zombieMaleHazmat" prob="1"/>
DEBUG:Adding: <entity name="DoughsR53_zombieJanitorFeral" prob="1"/>
DEBUG:Adding: <entity name="DoughsR61_zombieSkateboarder"/>
DEBUG:Adding: <entity name="DoughsR64_zombieCheerleader"/>
DEBUG:ModletGen_AddZedsToEntityGroupsFile ENTITY GROUP: sleeperHordeStageGS4461
DEBUG:Adding: <entity name="DoughsR16_zombieFemaleFat" prob="1"/>
DEBUG:Adding: <entity name="DoughsR20_zombieSoldierRadiated" prob="1"/>
DEBUG:Adding: <entity name="DoughsR26_zombieFatHawaiian" prob="1"/>
DEBUG:Adding: <entity name="DoughsR30_zombieFatHawaiianFeral" prob="1"/>
DEBUG:Adding: <entity name="DoughsR34_zombieMarleneRadiated" prob="1"/>
DEBUG:Adding: <entity name="DoughsR37_zombieMarleneFeral" prob="1"/>
DEBUG:Adding: <entity name="DoughsR5_zombieSteveCrawler" prob="0.5"/>
DEBUG:Adding: <entity name="DoughsR66_zombieDarleneRadiated" prob="1"/>
DEBUG:Adding: <entity name="DoughsR69_zombieOldTimerRadiated" prob="1"/>
DEBUG:Adding: <entity name="DoughsR71_zombieNurseFeral" prob="1"/>
DEBUG:Adding: <entity name="DoughsR7_zombieWightFeral" prob="1"/>
DEBUG:ModletGen_AddZedsToEntityGroupsFile ENTITY GROUP: sleeperHordeStageGS4485
DEBUG:Adding: <entity name="DoughsR16_zombieFemaleFat" prob="1"/>
DEBUG:Adding: <entity name="DoughsR26_zombieFatHawaiian" prob="1"/>
DEBUG:Adding: <entity name="DoughsR51_zombieDarleneFeral" prob="1"/>
DEBUG:Adding: <entity name="DoughsR54_zombieFemaleFatRadiated" prob="1"/>
DEBUG:Adding: <entity name="DoughsR55_zombieJoeRadiated" prob="1"/>
DEBUG:Adding: <entity name="DoughsR58_zombieJanitorRadiated" prob="1"/>
DEBUG:Adding: <entity name="DoughsR5_zombieSteveCrawler" prob="0.5"/>
DEBUG:Adding: <entity name="DoughsR64_zombieCheerleader"/>
DEBUG:Adding: <entity name="DoughsR70_zombieBikerFeral" prob="1"/>
DEBUG:Adding: <entity name="DoughsR74_zombieMoeFeral" prob="1"/>
DEBUG:Adding: <entity name="DoughsR86_zombieBikerRadiated" prob="1"/>
DEBUG:ModletGen_AddZedsToEntityGroupsFile ENTITY GROUP: sleeperHordeStageGS4510
DEBUG:Adding: <entity name="DoughsR10_zombieFemaleFatFeral" prob="1"/>
DEBUG:Adding: <entity name="DoughsR22_zombieWightRadiated" prob="1"/>
DEBUG:Adding: <entity name="DoughsR24_zombieNurse"/>
DEBUG:Adding: <entity name="DoughsR27_zombieFatCop" prob="1"/>
DEBUG:Adding: <entity name="DoughsR32_zombieMoeRadiated" prob="1"/>
DEBUG:Adding: <entity name="DoughsR44_zombieBusinessMan"/>
DEBUG:Adding: <entity name="DoughsR55_zombieJoeRadiated" prob="1"/>
DEBUG:Adding: <entity name="DoughsR62_zombieDarlene"/>
DEBUG:Adding: <entity name="DoughsR63_zombieFatCopFeral" prob="1"/>
DEBUG:Adding: <entity name="DoughsR71_zombieNurseFeral" prob="1"/>
DEBUG:Adding: <entity name="DoughsR7_zombieWightFeral" prob="1"/>
DEBUG:ModletGen_AddZedsToEntityGroupsFile ENTITY GROUP: sleeperHordeStageGS453
DEBUG:Adding: <entity name="DoughsR16_zombieFemaleFat" prob="1"/>
DEBUG:Adding: <entity name="DoughsR29_zombieBoe"/>
DEBUG:Adding: <entity name="DoughsR30_zombieFatHawaiianFeral" prob="1"/>
DEBUG:Adding: <entity name="DoughsR3_zombieFatCopRadiated" prob="1"/>
DEBUG:Adding: <entity name="DoughsR41_zombieYo"/>
DEBUG:Adding: <entity name="DoughsR48_zombieCheerleaderRadiated" prob="1"/>
DEBUG:Adding: <entity name="DoughsR54_zombieFemaleFatRadiated" prob="1"/>
DEBUG:Adding: <entity name="DoughsR59_zombieArleneFeral" prob="1"/>
DEBUG:Adding: <entity name="DoughsR65_zombieJanitor"/>
DEBUG:Adding: <entity name="DoughsR71_zombieNurseFeral" prob="1"/>
DEBUG:Adding: <entity name="DoughsR86_zombieBikerRadiated" prob="1"/>
DEBUG:ModletGen_AddZedsToEntityGroupsFile ENTITY GROUP: sleeperHordeStageGS4535
DEBUG:Adding: <entity name="DoughsR10_zombieFemaleFatFeral" prob="1"/>
DEBUG:Adding: <entity name="DoughsR16_zombieFemaleFat" prob="1"/>
DEBUG:Adding: <entity name="DoughsR26_zombieFatHawaiian" prob="1"/>
DEBUG:Adding: <entity name="DoughsR2_zombieBusinessManFeral" prob="1"/>
DEBUG:Adding: <entity name="DoughsR39_zombieSkateboarderFeral" prob="1"/>
DEBUG:Adding: <entity name="DoughsR42_zombieMaleHazmat" prob="1"/>
DEBUG:Adding: <entity name="DoughsR45_zombieSpider" prob="1"/>
DEBUG:Adding: <entity name="DoughsR51_zombieDarleneFeral" prob="1"/>
DEBUG:Adding: <entity name="DoughsR56_zombieUtilityWorker" prob="1"/>
DEBUG:Adding: <entity name="DoughsR65_zombieJanitor"/>
DEBUG:Adding: <entity name="DoughsR70_zombieBikerFeral" prob="1"/>
DEBUG:ModletGen_AddZedsToEntityGroupsFile ENTITY GROUP: sleeperHordeStageGS4560
DEBUG:Adding: <entity name="DoughsR20_zombieSoldierRadiated" prob="1"/>
DEBUG:Adding: <entity name="DoughsR22_zombieWightRadiated" prob="1"/>
DEBUG:Adding: <entity name="DoughsR37_zombieMarleneFeral" prob="1"/>
DEBUG:Adding: <entity name="DoughsR50_zombieBoeRadiated" prob="1"/>
DEBUG:Adding: <entity name="DoughsR57_zombieSpiderFeral" prob="1"/>
DEBUG:Adding: <entity name="DoughsR5_zombieSteveCrawler" prob="0.5"/>
DEBUG:Adding: <entity name="DoughsR69_zombieOldTimerRadiated" prob="1"/>
DEBUG:Adding: <entity name="DoughsR6_zombieSoldierFeral" prob="1"/>
DEBUG:Adding: <entity name="DoughsR70_zombieBikerFeral" prob="1"/>
DEBUG:Adding: <entity name="DoughsR75_zombieSkateboarderRadiated" prob="1"/>
DEBUG:Adding: <entity name="DoughsR78_zombieSteveFeral" prob="1"/>
DEBUG:ModletGen_AddZedsToEntityGroupsFile ENTITY GROUP: sleeperHordeStageGS4585
DEBUG:Adding: <entity name="DoughsR10_zombieFemaleFatFeral" prob="1"/>
DEBUG:Adding: <entity name="DoughsR11_zombieBoeFeral" prob="1"/>
DEBUG:Adding: <entity name="DoughsR22_zombieWightRadiated" prob="1"/>
DEBUG:Adding: <entity name="DoughsR27_zombieFatCop" prob="1"/>
DEBUG:Adding: <entity name="DoughsR3_zombieFatCopRadiated" prob="1"/>
DEBUG:Adding: <entity name="DoughsR42_zombieMaleHazmat" prob="1"/>
DEBUG:Adding: <entity name="DoughsR6_zombieSoldierFeral" prob="1"/>
DEBUG:Adding: <entity name="DoughsR71_zombieNurseFeral" prob="1"/>
DEBUG:Adding: <entity name="DoughsR73_zombieSteveCrawlerFeral" prob="0.5"/>
DEBUG:Adding: <entity name="DoughsR81_zombieSteveRadiated" prob="1"/>
DEBUG:Adding: <entity name="DoughsR8_zombieArleneRadiated" prob="1"/>
DEBUG:ModletGen_AddZedsToEntityGroupsFile ENTITY GROUP: sleeperHordeStageGS46
DEBUG:Adding: <entity name="DoughsR14_zombieSoldier" prob="0.3"/>
DEBUG:Adding: <entity name="DoughsR16_zombieFemaleFat" prob="0.49"/>
DEBUG:Adding: <entity name="DoughsR24_zombieNurse"/>
DEBUG:Adding: <entity name="DoughsR31_zombieArlene"/>
DEBUG:Adding: <entity name="DoughsR35_zombieJoe"/>
DEBUG:Adding: <entity name="DoughsR41_zombieYo"/>
DEBUG:Adding: <entity name="DoughsR45_zombieSpider" prob="0.4"/>
DEBUG:Adding: <entity name="DoughsR49_zombieMoe" prob="0.49"/>
DEBUG:Adding: <entity name="DoughsR56_zombieUtilityWorker" prob="0.37"/>
DEBUG:Adding: <entity name="DoughsR62_zombieDarlene"/>
DEBUG:Adding: <entity name="DoughsR64_zombieCheerleader"/>
DEBUG:ModletGen_AddZedsToEntityGroupsFile ENTITY GROUP: sleeperHordeStageGS4610
DEBUG:Adding: <entity name="DoughsR10_zombieFemaleFatFeral" prob="1"/>
DEBUG:Adding: <entity name="DoughsR12_zombieJoeFeral" prob="1"/>
DEBUG:Adding: <entity name="DoughsR21_zombieSpiderRadiated" prob="1"/>
DEBUG:Adding: <entity name="DoughsR24_zombieNurse"/>
DEBUG:Adding: <entity name="DoughsR34_zombieMarleneRadiated" prob="1"/>
DEBUG:Adding: <entity name="DoughsR39_zombieSkateboarderFeral" prob="1"/>
DEBUG:Adding: <entity name="DoughsR48_zombieCheerleaderRadiated" prob="1"/>
DEBUG:Adding: <entity name="DoughsR54_zombieFemaleFatRadiated" prob="1"/>
DEBUG:Adding: <entity name="DoughsR71_zombieNurseFeral" prob="1"/>
DEBUG:Adding: <entity name="DoughsR7_zombieWightFeral" prob="1"/>
DEBUG:Adding: <entity name="DoughsR81_zombieSteveRadiated" prob="1"/>
DEBUG:ModletGen_AddZedsToEntityGroupsFile ENTITY GROUP: sleeperHordeStageGS4635
DEBUG:Adding: <entity name="DoughsR16_zombieFemaleFat" prob="1"/>
DEBUG:Adding: <entity name="DoughsR21_zombieSpiderRadiated" prob="1"/>
DEBUG:Adding: <entity name="DoughsR2_zombieBusinessManFeral" prob="1"/>
DEBUG:Adding: <entity name="DoughsR42_zombieMaleHazmat" prob="1"/>
DEBUG:Adding: <entity name="DoughsR49_zombieMoe" prob="1"/>
DEBUG:Adding: <entity name="DoughsR50_zombieBoeRadiated" prob="1"/>
DEBUG:Adding: <entity name="DoughsR53_zombieJanitorFeral" prob="1"/>
DEBUG:Adding: <entity name="DoughsR71_zombieNurseFeral" prob="1"/>
DEBUG:Adding: <entity name="DoughsR74_zombieMoeFeral" prob="1"/>
DEBUG:Adding: <entity name="DoughsR86_zombieBikerRadiated" prob="1"/>
DEBUG:Adding: <entity name="DoughsR8_zombieArleneRadiated" prob="1"/>
DEBUG:ModletGen_AddZedsToEntityGroupsFile ENTITY GROUP: sleeperHordeStageGS464
DEBUG:Adding: <entity name="DoughsR12_zombieJoeFeral" prob="1"/>
DEBUG:Adding: <entity name="DoughsR13_zombieSteve"/>
DEBUG:Adding: <entity name="DoughsR25_zombieBiker" prob="1"/>
DEBUG:Adding: <entity name="DoughsR26_zombieFatHawaiian" prob="1"/>
DEBUG:Adding: <entity name="DoughsR28_zombieMarlene"/>
DEBUG:Adding: <entity name="DoughsR30_zombieFatHawaiianFeral" prob="1"/>
DEBUG:Adding: <entity name="DoughsR37_zombieMarleneFeral" prob="1"/>
DEBUG:Adding: <entity name="DoughsR46_zombieFootballPlayer" prob="1"/>
DEBUG:Adding: <entity name="DoughsR73_zombieSteveCrawlerFeral" prob="0.5"/>
DEBUG:Adding: <entity name="DoughsR7_zombieWightFeral" prob="1"/>
DEBUG:Adding: <entity name="DoughsR81_zombieSteveRadiated" prob="1"/>
DEBUG:ModletGen_AddZedsToEntityGroupsFile ENTITY GROUP: sleeperHordeStageGS4660
DEBUG:Adding: <entity name="DoughsR14_zombieSoldier" prob="1"/>
DEBUG:Adding: <entity name="DoughsR21_zombieSpiderRadiated" prob="1"/>
DEBUG:Adding: <entity name="DoughsR32_zombieMoeRadiated" prob="1"/>
DEBUG:Adding: <entity name="DoughsR39_zombieSkateboarderFeral" prob="1"/>
DEBUG:Adding: <entity name="DoughsR42_zombieMaleHazmat" prob="1"/>
DEBUG:Adding: <entity name="DoughsR45_zombieSpider" prob="1"/>
DEBUG:Adding: <entity name="DoughsR50_zombieBoeRadiated" prob="1"/>
DEBUG:Adding: <entity name="DoughsR62_zombieDarlene"/>
DEBUG:Adding: <entity name="DoughsR66_zombieDarleneRadiated" prob="1"/>
DEBUG:Adding: <entity name="DoughsR78_zombieSteveFeral" prob="1"/>
DEBUG:Adding: <entity name="DoughsR79_zombieYoFeral" prob="1"/>
DEBUG:ModletGen_AddZedsToEntityGroupsFile ENTITY GROUP: sleeperHordeStageGS4685
DEBUG:Adding: <entity name="DoughsR10_zombieFemaleFatFeral" prob="1"/>
DEBUG:Adding: <entity name="DoughsR21_zombieSpiderRadiated" prob="1"/>
DEBUG:Adding: <entity name="DoughsR26_zombieFatHawaiian" prob="1"/>
DEBUG:Adding: <entity name="DoughsR27_zombieFatCop" prob="1"/>
DEBUG:Adding: <entity name="DoughsR31_zombieArlene"/>
DEBUG:Adding: <entity name="DoughsR37_zombieMarleneFeral" prob="1"/>
DEBUG:Adding: <entity name="DoughsR42_zombieMaleHazmat" prob="1"/>
DEBUG:Adding: <entity name="DoughsR44_zombieBusinessMan"/>
DEBUG:Adding: <entity name="DoughsR53_zombieJanitorFeral" prob="1"/>
DEBUG:Adding: <entity name="DoughsR61_zombieSkateboarder"/>
DEBUG:Adding: <entity name="DoughsR8_zombieArleneRadiated" prob="1"/>
DEBUG:ModletGen_AddZedsToEntityGroupsFile ENTITY GROUP: sleeperHordeStageGS4710
DEBUG:Adding: <entity name="DoughsR21_zombieSpiderRadiated" prob="1"/>
DEBUG:Adding: <entity name="DoughsR25_zombieBiker" prob="1"/>
DEBUG:Adding: <entity name="DoughsR29_zombieBoe"/>
DEBUG:Adding: <entity name="DoughsR2_zombieBusinessManFeral" prob="1"/>
DEBUG:Adding: <entity name="DoughsR3_zombieFatCopRadiated" prob="1"/>
DEBUG:Adding: <entity name="DoughsR50_zombieBoeRadiated" prob="1"/>
DEBUG:Adding: <entity name="DoughsR51_zombieDarleneFeral" prob="1"/>
DEBUG:Adding: <entity name="DoughsR61_zombieSkateboarder"/>
DEBUG:Adding: <entity name="DoughsR64_zombieCheerleader"/>
DEBUG:Adding: <entity name="DoughsR65_zombieJanitor"/>
DEBUG:Adding: <entity name="DoughsR6_zombieSoldierFeral" prob="1"/>
DEBUG:ModletGen_AddZedsToEntityGroupsFile ENTITY GROUP: sleeperHordeStageGS4735
DEBUG:Adding: <entity name="DoughsR13_zombieSteve"/>
DEBUG:Adding: <entity name="DoughsR21_zombieSpiderRadiated" prob="1"/>
DEBUG:Adding: <entity name="DoughsR22_zombieWightRadiated" prob="1"/>
DEBUG:Adding: <entity name="DoughsR24_zombieNurse"/>
DEBUG:Adding: <entity name="DoughsR35_zombieJoe"/>
DEBUG:Adding: <entity name="DoughsR41_zombieYo"/>
DEBUG:Adding: <entity name="DoughsR42_zombieMaleHazmat" prob="1"/>
DEBUG:Adding: <entity name="DoughsR46_zombieFootballPlayer" prob="1"/>
DEBUG:Adding: <entity name="DoughsR55_zombieJoeRadiated" prob="1"/>
DEBUG:Adding: <entity name="DoughsR57_zombieSpiderFeral" prob="1"/>
DEBUG:Adding: <entity name="DoughsR81_zombieSteveRadiated" prob="1"/>
DEBUG:ModletGen_AddZedsToEntityGroupsFile ENTITY GROUP: sleeperHordeStageGS476
DEBUG:Adding: <entity name="DoughsR11_zombieBoeFeral" prob="1"/>
DEBUG:Adding: <entity name="DoughsR13_zombieSteve"/>
DEBUG:Adding: <entity name="DoughsR16_zombieFemaleFat" prob="1"/>
DEBUG:Adding: <entity name="DoughsR25_zombieBiker" prob="1"/>
DEBUG:Adding: <entity name="DoughsR29_zombieBoe"/>
DEBUG:Adding: <entity name="DoughsR31_zombieArlene"/>
DEBUG:Adding: <entity name="DoughsR53_zombieJanitorFeral" prob="1"/>
DEBUG:Adding: <entity name="DoughsR59_zombieArleneFeral" prob="1"/>
DEBUG:Adding: <entity name="DoughsR66_zombieDarleneRadiated" prob="1"/>
DEBUG:Adding: <entity name="DoughsR6_zombieSoldierFeral" prob="1"/>
DEBUG:Adding: <entity name="DoughsR73_zombieSteveCrawlerFeral" prob="0.5"/>
DEBUG:ModletGen_AddZedsToEntityGroupsFile ENTITY GROUP: sleeperHordeStageGS4760
DEBUG:Adding: <entity name="DoughsR13_zombieSteve"/>
DEBUG:Adding: <entity name="DoughsR27_zombieFatCop" prob="1"/>
DEBUG:Adding: <entity name="DoughsR34_zombieMarleneRadiated" prob="1"/>
DEBUG:Adding: <entity name="DoughsR37_zombieMarleneFeral" prob="1"/>
DEBUG:Adding: <entity name="DoughsR39_zombieSkateboarderFeral" prob="1"/>
DEBUG:Adding: <entity name="DoughsR48_zombieCheerleaderRadiated" prob="1"/>
DEBUG:Adding: <entity name="DoughsR54_zombieFemaleFatRadiated" prob="1"/>
DEBUG:Adding: <entity name="DoughsR55_zombieJoeRadiated" prob="1"/>
DEBUG:Adding: <entity name="DoughsR6_zombieSoldierFeral" prob="1"/>
DEBUG:Adding: <entity name="DoughsR75_zombieSkateboarderRadiated" prob="1"/>
DEBUG:Adding: <entity name="DoughsR79_zombieYoFeral" prob="1"/>
DEBUG:ModletGen_AddZedsToEntityGroupsFile ENTITY GROUP: sleeperHordeStageGS4786
DEBUG:Adding: <entity name="DoughsR13_zombieSteve"/>
DEBUG:Adding: <entity name="DoughsR16_zombieFemaleFat" prob="1"/>
DEBUG:Adding: <entity name="DoughsR22_zombieWightRadiated" prob="1"/>
DEBUG:Adding: <entity name="DoughsR29_zombieBoe"/>
DEBUG:Adding: <entity name="DoughsR34_zombieMarleneRadiated" prob="1"/>
DEBUG:Adding: <entity name="DoughsR44_zombieBusinessMan"/>
DEBUG:Adding: <entity name="DoughsR54_zombieFemaleFatRadiated" prob="1"/>
DEBUG:Adding: <entity name="DoughsR5_zombieSteveCrawler" prob="0.5"/>
DEBUG:Adding: <entity name="DoughsR62_zombieDarlene"/>
DEBUG:Adding: <entity name="DoughsR75_zombieSkateboarderRadiated" prob="1"/>
DEBUG:Adding: <entity name="DoughsR8_zombieArleneRadiated" prob="1"/>
DEBUG:ModletGen_AddZedsToEntityGroupsFile ENTITY GROUP: sleeperHordeStageGS4811
DEBUG:Adding: <entity name="DoughsR10_zombieFemaleFatFeral" prob="1"/>
DEBUG:Adding: <entity name="DoughsR11_zombieBoeFeral" prob="1"/>
DEBUG:Adding: <entity name="DoughsR12_zombieJoeFeral" prob="1"/>
DEBUG:Adding: <entity name="DoughsR24_zombieNurse"/>
DEBUG:Adding: <entity name="DoughsR2_zombieBusinessManFeral" prob="1"/>
DEBUG:Adding: <entity name="DoughsR3_zombieFatCopRadiated" prob="1"/>
DEBUG:Adding: <entity name="DoughsR44_zombieBusinessMan"/>
DEBUG:Adding: <entity name="DoughsR45_zombieSpider" prob="1"/>
DEBUG:Adding: <entity name="DoughsR57_zombieSpiderFeral" prob="1"/>
DEBUG:Adding: <entity name="DoughsR5_zombieSteveCrawler" prob="0.5"/>
DEBUG:Adding: <entity name="DoughsR8_zombieArleneRadiated" prob="1"/>
DEBUG:ModletGen_AddZedsToEntityGroupsFile ENTITY GROUP: sleeperHordeStageGS4836
DEBUG:Adding: <entity name="DoughsR21_zombieSpiderRadiated" prob="1"/>
DEBUG:Adding: <entity name="DoughsR26_zombieFatHawaiian" prob="1"/>
DEBUG:Adding: <entity name="DoughsR29_zombieBoe"/>
DEBUG:Adding: <entity name="DoughsR30_zombieFatHawaiianFeral" prob="1"/>
DEBUG:Adding: <entity name="DoughsR41_zombieYo"/>
DEBUG:Adding: <entity name="DoughsR45_zombieSpider" prob="1"/>
DEBUG:Adding: <entity name="DoughsR54_zombieFemaleFatRadiated" prob="1"/>
DEBUG:Adding: <entity name="DoughsR56_zombieUtilityWorker" prob="1"/>
DEBUG:Adding: <entity name="DoughsR57_zombieSpiderFeral" prob="1"/>
DEBUG:Adding: <entity name="DoughsR59_zombieArleneFeral" prob="1"/>
DEBUG:Adding: <entity name="DoughsR69_zombieOldTimerRadiated" prob="1"/>
DEBUG:ModletGen_AddZedsToEntityGroupsFile ENTITY GROUP: sleeperHordeStageGS4862
DEBUG:Adding: <entity name="DoughsR10_zombieFemaleFatFeral" prob="1"/>
DEBUG:Adding: <entity name="DoughsR20_zombieSoldierRadiated" prob="1"/>
DEBUG:Adding: <entity name="DoughsR24_zombieNurse"/>
DEBUG:Adding: <entity name="DoughsR26_zombieFatHawaiian" prob="1"/>
DEBUG:Adding: <entity name="DoughsR31_zombieArlene"/>
DEBUG:Adding: <entity name="DoughsR37_zombieMarleneFeral" prob="1"/>
DEBUG:Adding: <entity name="DoughsR49_zombieMoe" prob="1"/>
DEBUG:Adding: <entity name="DoughsR54_zombieFemaleFatRadiated" prob="1"/>
DEBUG:Adding: <entity name="DoughsR65_zombieJanitor"/>
DEBUG:Adding: <entity name="DoughsR6_zombieSoldierFeral" prob="1"/>
DEBUG:Adding: <entity name="DoughsR86_zombieBikerRadiated" prob="1"/>
DEBUG:ModletGen_AddZedsToEntityGroupsFile ENTITY GROUP: sleeperHordeStageGS488
DEBUG:Adding: <entity name="DoughsR21_zombieSpiderRadiated" prob="1"/>
DEBUG:Adding: <entity name="DoughsR22_zombieWightRadiated" prob="1"/>
DEBUG:Adding: <entity name="DoughsR2_zombieBusinessManFeral" prob="1"/>
DEBUG:Adding: <entity name="DoughsR31_zombieArlene"/>
DEBUG:Adding: <entity name="DoughsR35_zombieJoe"/>
DEBUG:Adding: <entity name="DoughsR3_zombieFatCopRadiated" prob="1"/>
DEBUG:Adding: <entity name="DoughsR49_zombieMoe" prob="1"/>
DEBUG:Adding: <entity name="DoughsR57_zombieSpiderFeral" prob="1"/>
DEBUG:Adding: <entity name="DoughsR61_zombieSkateboarder"/>
DEBUG:Adding: <entity name="DoughsR69_zombieOldTimerRadiated" prob="1"/>
DEBUG:Adding: <entity name="DoughsR70_zombieBikerFeral" prob="1"/>
DEBUG:ModletGen_AddZedsToEntityGroupsFile ENTITY GROUP: sleeperHordeStageGS4887
DEBUG:Adding: <entity name="DoughsR13_zombieSteve"/>
DEBUG:Adding: <entity name="DoughsR24_zombieNurse"/>
DEBUG:Adding: <entity name="DoughsR29_zombieBoe"/>
DEBUG:Adding: <entity name="DoughsR30_zombieFatHawaiianFeral" prob="1"/>
DEBUG:Adding: <entity name="DoughsR32_zombieMoeRadiated" prob="1"/>
DEBUG:Adding: <entity name="DoughsR37_zombieMarleneFeral" prob="1"/>
DEBUG:Adding: <entity name="DoughsR48_zombieCheerleaderRadiated" prob="1"/>
DEBUG:Adding: <entity name="DoughsR58_zombieJanitorRadiated" prob="1"/>
DEBUG:Adding: <entity name="DoughsR63_zombieFatCopFeral" prob="1"/>
DEBUG:Adding: <entity name="DoughsR6_zombieSoldierFeral" prob="1"/>
DEBUG:Adding: <entity name="DoughsR75_zombieSkateboarderRadiated" prob="1"/>
DEBUG:ModletGen_AddZedsToEntityGroupsFile ENTITY GROUP: sleeperHordeStageGS4913
DEBUG:Adding: <entity name="DoughsR11_zombieBoeFeral" prob="1"/>
DEBUG:Adding: <entity name="DoughsR12_zombieJoeFeral" prob="1"/>
DEBUG:Adding: <entity name="DoughsR27_zombieFatCop" prob="1"/>
DEBUG:Adding: <entity name="DoughsR30_zombieFatHawaiianFeral" prob="1"/>
DEBUG:Adding: <entity name="DoughsR39_zombieSkateboarderFeral" prob="1"/>
DEBUG:Adding: <entity name="DoughsR55_zombieJoeRadiated" prob="1"/>
DEBUG:Adding: <entity name="DoughsR61_zombieSkateboarder"/>
DEBUG:Adding: <entity name="DoughsR65_zombieJanitor"/>
DEBUG:Adding: <entity name="DoughsR70_zombieBikerFeral" prob="1"/>
DEBUG:Adding: <entity name="DoughsR86_zombieBikerRadiated" prob="1"/>
DEBUG:Adding: <entity name="DoughsR8_zombieArleneRadiated" prob="1"/>
DEBUG:ModletGen_AddZedsToEntityGroupsFile ENTITY GROUP: sleeperHordeStageGS4938
DEBUG:Adding: <entity name="DoughsR25_zombieBiker" prob="1"/>
DEBUG:Adding: <entity name="DoughsR36_zombieYoRadiated" prob="1"/>
DEBUG:Adding: <entity name="DoughsR42_zombieMaleHazmat" prob="1"/>
DEBUG:Adding: <entity name="DoughsR44_zombieBusinessMan"/>
DEBUG:Adding: <entity name="DoughsR55_zombieJoeRadiated" prob="1"/>
DEBUG:Adding: <entity name="DoughsR56_zombieUtilityWorker" prob="1"/>
DEBUG:Adding: <entity name="DoughsR58_zombieJanitorRadiated" prob="1"/>
DEBUG:Adding: <entity name="DoughsR65_zombieJanitor"/>
DEBUG:Adding: <entity name="DoughsR66_zombieDarleneRadiated" prob="1"/>
DEBUG:Adding: <entity name="DoughsR71_zombieNurseFeral" prob="1"/>
DEBUG:Adding: <entity name="DoughsR79_zombieYoFeral" prob="1"/>
DEBUG:ModletGen_AddZedsToEntityGroupsFile ENTITY GROUP: sleeperHordeStageGS4964
DEBUG:Adding: <entity name="DoughsR16_zombieFemaleFat" prob="1"/>
DEBUG:Adding: <entity name="DoughsR27_zombieFatCop" prob="1"/>
DEBUG:Adding: <entity name="DoughsR44_zombieBusinessMan"/>
DEBUG:Adding: <entity name="DoughsR45_zombieSpider" prob="1"/>
DEBUG:Adding: <entity name="DoughsR50_zombieBoeRadiated" prob="1"/>
DEBUG:Adding: <entity name="DoughsR62_zombieDarlene"/>
DEBUG:Adding: <entity name="DoughsR66_zombieDarleneRadiated" prob="1"/>
DEBUG:Adding: <entity name="DoughsR6_zombieSoldierFeral" prob="1"/>
DEBUG:Adding: <entity name="DoughsR71_zombieNurseFeral" prob="1"/>
DEBUG:Adding: <entity name="DoughsR75_zombieSkateboarderRadiated" prob="1"/>
DEBUG:Adding: <entity name="DoughsR86_zombieBikerRadiated" prob="1"/>
DEBUG:ModletGen_AddZedsToEntityGroupsFile ENTITY GROUP: sleeperHordeStageGS4989
DEBUG:Adding: <entity name="DoughsR11_zombieBoeFeral" prob="1"/>
DEBUG:Adding: <entity name="DoughsR21_zombieSpiderRadiated" prob="1"/>
DEBUG:Adding: <entity name="DoughsR26_zombieFatHawaiian" prob="1"/>
DEBUG:Adding: <entity name="DoughsR37_zombieMarleneFeral" prob="1"/>
DEBUG:Adding: <entity name="DoughsR48_zombieCheerleaderRadiated" prob="1"/>
DEBUG:Adding: <entity name="DoughsR49_zombieMoe" prob="1"/>
DEBUG:Adding: <entity name="DoughsR56_zombieUtilityWorker" prob="1"/>
DEBUG:Adding: <entity name="DoughsR59_zombieArleneFeral" prob="1"/>
DEBUG:Adding: <entity name="DoughsR73_zombieSteveCrawlerFeral" prob="0.5"/>
DEBUG:Adding: <entity name="DoughsR78_zombieSteveFeral" prob="1"/>
DEBUG:Adding: <entity name="DoughsR7_zombieWightFeral" prob="1"/>
DEBUG:ModletGen_AddZedsToEntityGroupsFile ENTITY GROUP: sleeperHordeStageGS5
DEBUG:Adding: <entity name="DoughsR13_zombieSteve"/>
DEBUG:Adding: <entity name="DoughsR24_zombieNurse"/>
DEBUG:Adding: <entity name="DoughsR28_zombieMarlene"/>
DEBUG:Adding: <entity name="DoughsR29_zombieBoe"/>
DEBUG:Adding: <entity name="DoughsR31_zombieArlene"/>
DEBUG:Adding: <entity name="DoughsR35_zombieJoe"/>
DEBUG:Adding: <entity name="DoughsR41_zombieYo"/>
DEBUG:Adding: <entity name="DoughsR44_zombieBusinessMan"/>
DEBUG:Adding: <entity name="DoughsR5_zombieSteveCrawler" prob="0.5"/>
DEBUG:Adding: <entity name="DoughsR61_zombieSkateboarder"/>
DEBUG:Adding: <entity name="DoughsR64_zombieCheerleader"/>
DEBUG:ModletGen_AddZedsToEntityGroupsFile ENTITY GROUP: sleeperHordeStageGS500
DEBUG:Adding: <entity name="DoughsR11_zombieBoeFeral" prob="1"/>
DEBUG:Adding: <entity name="DoughsR21_zombieSpiderRadiated" prob="1"/>
DEBUG:Adding: <entity name="DoughsR32_zombieMoeRadiated" prob="1"/>
DEBUG:Adding: <entity name="DoughsR35_zombieJoe"/>
DEBUG:Adding: <entity name="DoughsR51_zombieDarleneFeral" prob="1"/>
DEBUG:Adding: <entity name="DoughsR59_zombieArleneFeral" prob="1"/>
DEBUG:Adding: <entity name="DoughsR66_zombieDarleneRadiated" prob="1"/>
DEBUG:Adding: <entity name="DoughsR70_zombieBikerFeral" prob="1"/>
DEBUG:Adding: <entity name="DoughsR74_zombieMoeFeral" prob="1"/>
DEBUG:Adding: <entity name="DoughsR81_zombieSteveRadiated" prob="1"/>
DEBUG:Adding: <entity name="DoughsR86_zombieBikerRadiated" prob="1"/>
DEBUG:ModletGen_AddZedsToEntityGroupsFile ENTITY GROUP: sleeperHordeStageGS5015
DEBUG:Adding: <entity name="DoughsR25_zombieBiker" prob="1"/>
DEBUG:Adding: <entity name="DoughsR32_zombieMoeRadiated" prob="1"/>
DEBUG:Adding: <entity name="DoughsR35_zombieJoe"/>
DEBUG:Adding: <entity name="DoughsR36_zombieYoRadiated" prob="1"/>
DEBUG:Adding: <entity name="DoughsR39_zombieSkateboarderFeral" prob="1"/>
DEBUG:Adding: <entity name="DoughsR45_zombieSpider" prob="1"/>
DEBUG:Adding: <entity name="DoughsR46_zombieFootballPlayer" prob="1"/>
DEBUG:Adding: <entity name="DoughsR50_zombieBoeRadiated" prob="1"/>
DEBUG:Adding: <entity name="DoughsR63_zombieFatCopFeral" prob="1"/>
DEBUG:Adding: <entity name="DoughsR74_zombieMoeFeral" prob="1"/>
DEBUG:Adding: <entity name="DoughsR79_zombieYoFeral" prob="1"/>
DEBUG:ModletGen_AddZedsToEntityGroupsFile ENTITY GROUP: sleeperHordeStageGS5041
DEBUG:Adding: <entity name="DoughsR25_zombieBiker" prob="1"/>
DEBUG:Adding: <entity name="DoughsR42_zombieMaleHazmat" prob="1"/>
DEBUG:Adding: <entity name="DoughsR46_zombieFootballPlayer" prob="1"/>
DEBUG:Adding: <entity name="DoughsR51_zombieDarleneFeral" prob="1"/>
DEBUG:Adding: <entity name="DoughsR53_zombieJanitorFeral" prob="1"/>
DEBUG:Adding: <entity name="DoughsR54_zombieFemaleFatRadiated" prob="1"/>
DEBUG:Adding: <entity name="DoughsR55_zombieJoeRadiated" prob="1"/>
DEBUG:Adding: <entity name="DoughsR58_zombieJanitorRadiated" prob="1"/>
DEBUG:Adding: <entity name="DoughsR61_zombieSkateboarder"/>
DEBUG:Adding: <entity name="DoughsR73_zombieSteveCrawlerFeral" prob="0.5"/>
DEBUG:Adding: <entity name="DoughsR7_zombieWightFeral" prob="1"/>
DEBUG:ModletGen_AddZedsToEntityGroupsFile ENTITY GROUP: sleeperHordeStageGS5066
DEBUG:Adding: <entity name="DoughsR16_zombieFemaleFat" prob="1"/>
DEBUG:Adding: <entity name="DoughsR28_zombieMarlene"/>
DEBUG:Adding: <entity name="DoughsR29_zombieBoe"/>
DEBUG:Adding: <entity name="DoughsR34_zombieMarleneRadiated" prob="1"/>
DEBUG:Adding: <entity name="DoughsR35_zombieJoe"/>
DEBUG:Adding: <entity name="DoughsR39_zombieSkateboarderFeral" prob="1"/>
DEBUG:Adding: <entity name="DoughsR62_zombieDarlene"/>
DEBUG:Adding: <entity name="DoughsR63_zombieFatCopFeral" prob="1"/>
DEBUG:Adding: <entity name="DoughsR7_zombieWightFeral" prob="1"/>
DEBUG:Adding: <entity name="DoughsR81_zombieSteveRadiated" prob="1"/>
DEBUG:Adding: <entity name="DoughsR8_zombieArleneRadiated" prob="1"/>
DEBUG:ModletGen_AddZedsToEntityGroupsFile ENTITY GROUP: sleeperHordeStageGS5092
DEBUG:Adding: <entity name="DoughsR20_zombieSoldierRadiated" prob="1"/>
DEBUG:Adding: <entity name="DoughsR37_zombieMarleneFeral" prob="1"/>
DEBUG:Adding: <entity name="DoughsR48_zombieCheerleaderRadiated" prob="1"/>
DEBUG:Adding: <entity name="DoughsR50_zombieBoeRadiated" prob="1"/>
DEBUG:Adding: <entity name="DoughsR57_zombieSpiderFeral" prob="1"/>
DEBUG:Adding: <entity name="DoughsR59_zombieArleneFeral" prob="1"/>
DEBUG:Adding: <entity name="DoughsR63_zombieFatCopFeral" prob="1"/>
DEBUG:Adding: <entity name="DoughsR64_zombieCheerleader"/>
DEBUG:Adding: <entity name="DoughsR66_zombieDarleneRadiated" prob="1"/>
DEBUG:Adding: <entity name="DoughsR79_zombieYoFeral" prob="1"/>
DEBUG:Adding: <entity name="DoughsR8_zombieArleneRadiated" prob="1"/>
DEBUG:ModletGen_AddZedsToEntityGroupsFile ENTITY GROUP: sleeperHordeStageGS5118
DEBUG:Adding: <entity name="DoughsR12_zombieJoeFeral" prob="1"/>
DEBUG:Adding: <entity name="DoughsR32_zombieMoeRadiated" prob="1"/>
DEBUG:Adding: <entity name="DoughsR35_zombieJoe"/>
DEBUG:Adding: <entity name="DoughsR37_zombieMarleneFeral" prob="1"/>
DEBUG:Adding: <entity name="DoughsR3_zombieFatCopRadiated" prob="1"/>
DEBUG:Adding: <entity name="DoughsR44_zombieBusinessMan"/>
DEBUG:Adding: <entity name="DoughsR58_zombieJanitorRadiated" prob="1"/>
DEBUG:Adding: <entity name="DoughsR6_zombieSoldierFeral" prob="1"/>
DEBUG:Adding: <entity name="DoughsR75_zombieSkateboarderRadiated" prob="1"/>
DEBUG:Adding: <entity name="DoughsR7_zombieWightFeral" prob="1"/>
DEBUG:Adding: <entity name="DoughsR81_zombieSteveRadiated" prob="1"/>
DEBUG:ModletGen_AddZedsToEntityGroupsFile ENTITY GROUP: sleeperHordeStageGS512
DEBUG:Adding: <entity name="DoughsR16_zombieFemaleFat" prob="1"/>
DEBUG:Adding: <entity name="DoughsR26_zombieFatHawaiian" prob="1"/>
DEBUG:Adding: <entity name="DoughsR27_zombieFatCop" prob="1"/>
DEBUG:Adding: <entity name="DoughsR31_zombieArlene"/>
DEBUG:Adding: <entity name="DoughsR36_zombieYoRadiated" prob="1"/>
DEBUG:Adding: <entity name="DoughsR42_zombieMaleHazmat" prob="1"/>
DEBUG:Adding: <entity name="DoughsR48_zombieCheerleaderRadiated" prob="1"/>
DEBUG:Adding: <entity name="DoughsR49_zombieMoe" prob="1"/>
DEBUG:Adding: <entity name="DoughsR56_zombieUtilityWorker" prob="1"/>
DEBUG:Adding: <entity name="DoughsR78_zombieSteveFeral" prob="1"/>
DEBUG:Adding: <entity name="DoughsR81_zombieSteveRadiated" prob="1"/>
DEBUG:ModletGen_AddZedsToEntityGroupsFile ENTITY GROUP: sleeperHordeStageGS5144
DEBUG:Adding: <entity name="DoughsR13_zombieSteve"/>
DEBUG:Adding: <entity name="DoughsR26_zombieFatHawaiian" prob="1"/>
DEBUG:Adding: <entity name="DoughsR32_zombieMoeRadiated" prob="1"/>
DEBUG:Adding: <entity name="DoughsR36_zombieYoRadiated" prob="1"/>
DEBUG:Adding: <entity name="DoughsR41_zombieYo"/>
DEBUG:Adding: <entity name="DoughsR46_zombieFootballPlayer" prob="1"/>
DEBUG:Adding: <entity name="DoughsR56_zombieUtilityWorker" prob="1"/>
DEBUG:Adding: <entity name="DoughsR5_zombieSteveCrawler" prob="0.5"/>
DEBUG:Adding: <entity name="DoughsR6_zombieSoldierFeral" prob="1"/>
DEBUG:Adding: <entity name="DoughsR86_zombieBikerRadiated" prob="1"/>
DEBUG:Adding: <entity name="DoughsR8_zombieArleneRadiated" prob="1"/>
DEBUG:ModletGen_AddZedsToEntityGroupsFile ENTITY GROUP: sleeperHordeStageGS5170
DEBUG:Adding: <entity name="DoughsR11_zombieBoeFeral" prob="1"/>
DEBUG:Adding: <entity name="DoughsR21_zombieSpiderRadiated" prob="1"/>
DEBUG:Adding: <entity name="DoughsR32_zombieMoeRadiated" prob="1"/>
DEBUG:Adding: <entity name="DoughsR34_zombieMarleneRadiated" prob="1"/>
DEBUG:Adding: <entity name="DoughsR36_zombieYoRadiated" prob="1"/>
DEBUG:Adding: <entity name="DoughsR42_zombieMaleHazmat" prob="1"/>
DEBUG:Adding: <entity name="DoughsR53_zombieJanitorFeral" prob="1"/>
DEBUG:Adding: <entity name="DoughsR57_zombieSpiderFeral" prob="1"/>
DEBUG:Adding: <entity name="DoughsR66_zombieDarleneRadiated" prob="1"/>
DEBUG:Adding: <entity name="DoughsR69_zombieOldTimerRadiated" prob="1"/>
DEBUG:Adding: <entity name="DoughsR73_zombieSteveCrawlerFeral" prob="0.5"/>
DEBUG:ModletGen_AddZedsToEntityGroupsFile ENTITY GROUP: sleeperHordeStageGS5196
DEBUG:Adding: <entity name="DoughsR10_zombieFemaleFatFeral" prob="1"/>
DEBUG:Adding: <entity name="DoughsR24_zombieNurse"/>
DEBUG:Adding: <entity name="DoughsR2_zombieBusinessManFeral" prob="1"/>
DEBUG:Adding: <entity name="DoughsR30_zombieFatHawaiianFeral" prob="1"/>
DEBUG:Adding: <entity name="DoughsR34_zombieMarleneRadiated" prob="1"/>
DEBUG:Adding: <entity name="DoughsR36_zombieYoRadiated" prob="1"/>
DEBUG:Adding: <entity name="DoughsR49_zombieMoe" prob="1"/>
DEBUG:Adding: <entity name="DoughsR50_zombieBoeRadiated" prob="1"/>
DEBUG:Adding: <entity name="DoughsR64_zombieCheerleader"/>
DEBUG:Adding: <entity name="DoughsR69_zombieOldTimerRadiated" prob="1"/>
DEBUG:Adding: <entity name="DoughsR73_zombieSteveCrawlerFeral" prob="0.5"/>
DEBUG:ModletGen_AddZedsToEntityGroupsFile ENTITY GROUP: sleeperHordeStageGS52
DEBUG:Adding: <entity name="DoughsR25_zombieBiker" prob="0.42"/>
DEBUG:Adding: <entity name="DoughsR26_zombieFatHawaiian" prob="0.4"/>
DEBUG:Adding: <entity name="DoughsR31_zombieArlene"/>
DEBUG:Adding: <entity name="DoughsR35_zombieJoe"/>
DEBUG:Adding: <entity name="DoughsR41_zombieYo"/>
DEBUG:Adding: <entity name="DoughsR44_zombieBusinessMan"/>
DEBUG:Adding: <entity name="DoughsR45_zombieSpider" prob="0.46"/>
DEBUG:Adding: <entity name="DoughsR49_zombieMoe" prob="0.55"/>
DEBUG:Adding: <entity name="DoughsR59_zombieArleneFeral" prob="0.3"/>
DEBUG:Adding: <entity name="DoughsR62_zombieDarlene"/>
DEBUG:Adding: <entity name="DoughsR64_zombieCheerleader"/>
DEBUG:ModletGen_AddZedsToEntityGroupsFile ENTITY GROUP: sleeperHordeStageGS5222
DEBUG:Adding: <entity name="DoughsR10_zombieFemaleFatFeral" prob="1"/>
DEBUG:Adding: <entity name="DoughsR13_zombieSteve"/>
DEBUG:Adding: <entity name="DoughsR16_zombieFemaleFat" prob="1"/>
DEBUG:Adding: <entity name="DoughsR24_zombieNurse"/>
DEBUG:Adding: <entity name="DoughsR48_zombieCheerleaderRadiated" prob="1"/>
DEBUG:Adding: <entity name="DoughsR49_zombieMoe" prob="1"/>
DEBUG:Adding: <entity name="DoughsR53_zombieJanitorFeral" prob="1"/>
DEBUG:Adding: <entity name="DoughsR63_zombieFatCopFeral" prob="1"/>
DEBUG:Adding: <entity name="DoughsR65_zombieJanitor"/>
DEBUG:Adding: <entity name="DoughsR73_zombieSteveCrawlerFeral" prob="0.5"/>
DEBUG:Adding: <entity name="DoughsR75_zombieSkateboarderRadiated" prob="1"/>
DEBUG:ModletGen_AddZedsToEntityGroupsFile ENTITY GROUP: sleeperHordeStageGS524
DEBUG:Adding: <entity name="DoughsR25_zombieBiker" prob="1"/>
DEBUG:Adding: <entity name="DoughsR26_zombieFatHawaiian" prob="1"/>
DEBUG:Adding: <entity name="DoughsR39_zombieSkateboarderFeral" prob="1"/>
DEBUG:Adding: <entity name="DoughsR44_zombieBusinessMan"/>
DEBUG:Adding: <entity name="DoughsR49_zombieMoe" prob="1"/>
DEBUG:Adding: <entity name="DoughsR50_zombieBoeRadiated" prob="1"/>
DEBUG:Adding: <entity name="DoughsR54_zombieFemaleFatRadiated" prob="1"/>
DEBUG:Adding: <entity name="DoughsR55_zombieJoeRadiated" prob="1"/>
DEBUG:Adding: <entity name="DoughsR59_zombieArleneFeral" prob="1"/>
DEBUG:Adding: <entity name="DoughsR78_zombieSteveFeral" prob="1"/>
DEBUG:Adding: <entity name="DoughsR81_zombieSteveRadiated" prob="1"/>
DEBUG:ModletGen_AddZedsToEntityGroupsFile ENTITY GROUP: sleeperHordeStageGS5248
DEBUG:Adding: <entity name="DoughsR28_zombieMarlene"/>
DEBUG:Adding: <entity name="DoughsR30_zombieFatHawaiianFeral" prob="1"/>
DEBUG:Adding: <entity name="DoughsR31_zombieArlene"/>
DEBUG:Adding: <entity name="DoughsR35_zombieJoe"/>
DEBUG:Adding: <entity name="DoughsR48_zombieCheerleaderRadiated" prob="1"/>
DEBUG:Adding: <entity name="DoughsR49_zombieMoe" prob="1"/>
DEBUG:Adding: <entity name="DoughsR53_zombieJanitorFeral" prob="1"/>
DEBUG:Adding: <entity name="DoughsR57_zombieSpiderFeral" prob="1"/>
DEBUG:Adding: <entity name="DoughsR78_zombieSteveFeral" prob="1"/>
DEBUG:Adding: <entity name="DoughsR79_zombieYoFeral" prob="1"/>
DEBUG:Adding: <entity name="DoughsR8_zombieArleneRadiated" prob="1"/>
DEBUG:ModletGen_AddZedsToEntityGroupsFile ENTITY GROUP: sleeperHordeStageGS5274
DEBUG:Adding: <entity name="DoughsR13_zombieSteve"/>
DEBUG:Adding: <entity name="DoughsR29_zombieBoe"/>
DEBUG:Adding: <entity name="DoughsR30_zombieFatHawaiianFeral" prob="1"/>
DEBUG:Adding: <entity name="DoughsR35_zombieJoe"/>
DEBUG:Adding: <entity name="DoughsR41_zombieYo"/>
DEBUG:Adding: <entity name="DoughsR56_zombieUtilityWorker" prob="1"/>
DEBUG:Adding: <entity name="DoughsR57_zombieSpiderFeral" prob="1"/>
DEBUG:Adding: <entity name="DoughsR62_zombieDarlene"/>
DEBUG:Adding: <entity name="DoughsR63_zombieFatCopFeral" prob="1"/>
DEBUG:Adding: <entity name="DoughsR65_zombieJanitor"/>
DEBUG:Adding: <entity name="DoughsR73_zombieSteveCrawlerFeral" prob="0.5"/>
DEBUG:ModletGen_AddZedsToEntityGroupsFile ENTITY GROUP: sleeperHordeStageGS5300
DEBUG:Adding: <entity name="DoughsR13_zombieSteve"/>
DEBUG:Adding: <entity name="DoughsR20_zombieSoldierRadiated" prob="1"/>
DEBUG:Adding: <entity name="DoughsR21_zombieSpiderRadiated" prob="1"/>
DEBUG:Adding: <entity name="DoughsR25_zombieBiker" prob="1"/>
DEBUG:Adding: <entity name="DoughsR30_zombieFatHawaiianFeral" prob="1"/>
DEBUG:Adding: <entity name="DoughsR32_zombieMoeRadiated" prob="1"/>
DEBUG:Adding: <entity name="DoughsR36_zombieYoRadiated" prob="1"/>
DEBUG:Adding: <entity name="DoughsR39_zombieSkateboarderFeral" prob="1"/>
DEBUG:Adding: <entity name="DoughsR54_zombieFemaleFatRadiated" prob="1"/>
DEBUG:Adding: <entity name="DoughsR58_zombieJanitorRadiated" prob="1"/>
DEBUG:Adding: <entity name="DoughsR70_zombieBikerFeral" prob="1"/>
DEBUG:ModletGen_AddZedsToEntityGroupsFile ENTITY GROUP: sleeperHordeStageGS5326
DEBUG:Adding: <entity name="DoughsR16_zombieFemaleFat" prob="1"/>
DEBUG:Adding: <entity name="DoughsR24_zombieNurse"/>
DEBUG:Adding: <entity name="DoughsR32_zombieMoeRadiated" prob="1"/>
DEBUG:Adding: <entity name="DoughsR34_zombieMarleneRadiated" prob="1"/>
DEBUG:Adding: <entity name="DoughsR46_zombieFootballPlayer" prob="1"/>
DEBUG:Adding: <entity name="DoughsR58_zombieJanitorRadiated" prob="1"/>
DEBUG:Adding: <entity name="DoughsR61_zombieSkateboarder"/>
DEBUG:Adding: <entity name="DoughsR64_zombieCheerleader"/>
DEBUG:Adding: <entity name="DoughsR65_zombieJanitor"/>
DEBUG:Adding: <entity name="DoughsR69_zombieOldTimerRadiated" prob="1"/>
DEBUG:Adding: <entity name="DoughsR73_zombieSteveCrawlerFeral" prob="0.5"/>
DEBUG:ModletGen_AddZedsToEntityGroupsFile ENTITY GROUP: sleeperHordeStageGS5352
DEBUG:Adding: <entity name="DoughsR13_zombieSteve"/>
DEBUG:Adding: <entity name="DoughsR14_zombieSoldier" prob="1"/>
DEBUG:Adding: <entity name="DoughsR25_zombieBiker" prob="1"/>
DEBUG:Adding: <entity name="DoughsR39_zombieSkateboarderFeral" prob="1"/>
DEBUG:Adding: <entity name="DoughsR45_zombieSpider" prob="1"/>
DEBUG:Adding: <entity name="DoughsR50_zombieBoeRadiated" prob="1"/>
DEBUG:Adding: <entity name="DoughsR53_zombieJanitorFeral" prob="1"/>
DEBUG:Adding: <entity name="DoughsR54_zombieFemaleFatRadiated" prob="1"/>
DEBUG:Adding: <entity name="DoughsR58_zombieJanitorRadiated" prob="1"/>
DEBUG:Adding: <entity name="DoughsR64_zombieCheerleader"/>
DEBUG:Adding: <entity name="DoughsR6_zombieSoldierFeral" prob="1"/>
DEBUG:ModletGen_AddZedsToEntityGroupsFile ENTITY GROUP: sleeperHordeStageGS536
DEBUG:Adding: <entity name="DoughsR21_zombieSpiderRadiated" prob="1"/>
DEBUG:Adding: <entity name="DoughsR25_zombieBiker" prob="1"/>
DEBUG:Adding: <entity name="DoughsR27_zombieFatCop" prob="1"/>
DEBUG:Adding: <entity name="DoughsR37_zombieMarleneFeral" prob="1"/>
DEBUG:Adding: <entity name="DoughsR39_zombieSkateboarderFeral" prob="1"/>
DEBUG:Adding: <entity name="DoughsR41_zombieYo"/>
DEBUG:Adding: <entity name="DoughsR45_zombieSpider" prob="1"/>
DEBUG:Adding: <entity name="DoughsR59_zombieArleneFeral" prob="1"/>
DEBUG:Adding: <entity name="DoughsR6_zombieSoldierFeral" prob="1"/>
DEBUG:Adding: <entity name="DoughsR81_zombieSteveRadiated" prob="1"/>
DEBUG:Adding: <entity name="DoughsR8_zombieArleneRadiated" prob="1"/>
DEBUG:ModletGen_AddZedsToEntityGroupsFile ENTITY GROUP: sleeperHordeStageGS5379
DEBUG:Adding: <entity name="DoughsR11_zombieBoeFeral" prob="1"/>
DEBUG:Adding: <entity name="DoughsR13_zombieSteve"/>
DEBUG:Adding: <entity name="DoughsR21_zombieSpiderRadiated" prob="1"/>
DEBUG:Adding: <entity name="DoughsR26_zombieFatHawaiian" prob="1"/>
DEBUG:Adding: <entity name="DoughsR28_zombieMarlene"/>
DEBUG:Adding: <entity name="DoughsR30_zombieFatHawaiianFeral" prob="1"/>
DEBUG:Adding: <entity name="DoughsR34_zombieMarleneRadiated" prob="1"/>
DEBUG:Adding: <entity name="DoughsR46_zombieFootballPlayer" prob="1"/>
DEBUG:Adding: <entity name="DoughsR57_zombieSpiderFeral" prob="1"/>
DEBUG:Adding: <entity name="DoughsR73_zombieSteveCrawlerFeral" prob="0.5"/>
DEBUG:Adding: <entity name="DoughsR74_zombieMoeFeral" prob="1"/>
DEBUG:ModletGen_AddZedsToEntityGroupsFile ENTITY GROUP: sleeperHordeStageGS5405
DEBUG:Adding: <entity name="DoughsR11_zombieBoeFeral" prob="1"/>
DEBUG:Adding: <entity name="DoughsR12_zombieJoeFeral" prob="1"/>
DEBUG:Adding: <entity name="DoughsR13_zombieSteve"/>
DEBUG:Adding: <entity name="DoughsR2_zombieBusinessManFeral" prob="1"/>
DEBUG:Adding: <entity name="DoughsR46_zombieFootballPlayer" prob="1"/>
DEBUG:Adding: <entity name="DoughsR54_zombieFemaleFatRadiated" prob="1"/>
DEBUG:Adding: <entity name="DoughsR5_zombieSteveCrawler" prob="0.5"/>
DEBUG:Adding: <entity name="DoughsR65_zombieJanitor"/>
DEBUG:Adding: <entity name="DoughsR70_zombieBikerFeral" prob="1"/>
DEBUG:Adding: <entity name="DoughsR7_zombieWightFeral" prob="1"/>
DEBUG:Adding: <entity name="DoughsR86_zombieBikerRadiated" prob="1"/>
DEBUG:ModletGen_AddZedsToEntityGroupsFile ENTITY GROUP: sleeperHordeStageGS5431
DEBUG:Adding: <entity name="DoughsR20_zombieSoldierRadiated" prob="1"/>
DEBUG:Adding: <entity name="DoughsR21_zombieSpiderRadiated" prob="1"/>
DEBUG:Adding: <entity name="DoughsR24_zombieNurse"/>
DEBUG:Adding: <entity name="DoughsR25_zombieBiker" prob="1"/>
DEBUG:Adding: <entity name="DoughsR30_zombieFatHawaiianFeral" prob="1"/>
DEBUG:Adding: <entity name="DoughsR3_zombieFatCopRadiated" prob="1"/>
DEBUG:Adding: <entity name="DoughsR58_zombieJanitorRadiated" prob="1"/>
DEBUG:Adding: <entity name="DoughsR61_zombieSkateboarder"/>
DEBUG:Adding: <entity name="DoughsR66_zombieDarleneRadiated" prob="1"/>
DEBUG:Adding: <entity name="DoughsR75_zombieSkateboarderRadiated" prob="1"/>
DEBUG:Adding: <entity name="DoughsR81_zombieSteveRadiated" prob="1"/>
DEBUG:ModletGen_AddZedsToEntityGroupsFile ENTITY GROUP: sleeperHordeStageGS5458
DEBUG:Adding: <entity name="DoughsR25_zombieBiker" prob="1"/>
DEBUG:Adding: <entity name="DoughsR27_zombieFatCop" prob="1"/>
DEBUG:Adding: <entity name="DoughsR36_zombieYoRadiated" prob="1"/>
DEBUG:Adding: <entity name="DoughsR41_zombieYo"/>
DEBUG:Adding: <entity name="DoughsR46_zombieFootballPlayer" prob="1"/>
DEBUG:Adding: <entity name="DoughsR48_zombieCheerleaderRadiated" prob="1"/>
DEBUG:Adding: <entity name="DoughsR51_zombieDarleneFeral" prob="1"/>
DEBUG:Adding: <entity name="DoughsR55_zombieJoeRadiated" prob="1"/>
DEBUG:Adding: <entity name="DoughsR64_zombieCheerleader"/>
DEBUG:Adding: <entity name="DoughsR73_zombieSteveCrawlerFeral" prob="0.5"/>
DEBUG:Adding: <entity name="DoughsR74_zombieMoeFeral" prob="1"/>
DEBUG:ModletGen_AddZedsToEntityGroupsFile ENTITY GROUP: sleeperHordeStageGS548
DEBUG:Adding: <entity name="DoughsR16_zombieFemaleFat" prob="1"/>
DEBUG:Adding: <entity name="DoughsR21_zombieSpiderRadiated" prob="1"/>
DEBUG:Adding: <entity name="DoughsR22_zombieWightRadiated" prob="1"/>
DEBUG:Adding: <entity name="DoughsR29_zombieBoe"/>
DEBUG:Adding: <entity name="DoughsR34_zombieMarleneRadiated" prob="1"/>
DEBUG:Adding: <entity name="DoughsR48_zombieCheerleaderRadiated" prob="1"/>
DEBUG:Adding: <entity name="DoughsR49_zombieMoe" prob="1"/>
DEBUG:Adding: <entity name="DoughsR57_zombieSpiderFeral" prob="1"/>
DEBUG:Adding: <entity name="DoughsR61_zombieSkateboarder"/>
DEBUG:Adding: <entity name="DoughsR6_zombieSoldierFeral" prob="1"/>
DEBUG:Adding: <entity name="DoughsR79_zombieYoFeral" prob="1"/>
DEBUG:ModletGen_AddZedsToEntityGroupsFile ENTITY GROUP: sleeperHordeStageGS5484
DEBUG:Adding: <entity name="DoughsR12_zombieJoeFeral" prob="1"/>
DEBUG:Adding: <entity name="DoughsR25_zombieBiker" prob="1"/>
DEBUG:Adding: <entity name="DoughsR39_zombieSkateboarderFeral" prob="1"/>
DEBUG:Adding: <entity name="DoughsR44_zombieBusinessMan"/>
DEBUG:Adding: <entity name="DoughsR45_zombieSpider" prob="1"/>
DEBUG:Adding: <entity name="DoughsR46_zombieFootballPlayer" prob="1"/>
DEBUG:Adding: <entity name="DoughsR55_zombieJoeRadiated" prob="1"/>
DEBUG:Adding: <entity name="DoughsR57_zombieSpiderFeral" prob="1"/>
DEBUG:Adding: <entity name="DoughsR63_zombieFatCopFeral" prob="1"/>
DEBUG:Adding: <entity name="DoughsR71_zombieNurseFeral" prob="1"/>
DEBUG:Adding: <entity name="DoughsR8_zombieArleneRadiated" prob="1"/>
DEBUG:ModletGen_AddZedsToEntityGroupsFile ENTITY GROUP: sleeperHordeStageGS5511
DEBUG:Adding: <entity name="DoughsR21_zombieSpiderRadiated" prob="1"/>
DEBUG:Adding: <entity name="DoughsR25_zombieBiker" prob="1"/>
DEBUG:Adding: <entity name="DoughsR2_zombieBusinessManFeral" prob="1"/>
DEBUG:Adding: <entity name="DoughsR32_zombieMoeRadiated" prob="1"/>
DEBUG:Adding: <entity name="DoughsR35_zombieJoe"/>
DEBUG:Adding: <entity name="DoughsR48_zombieCheerleaderRadiated" prob="1"/>
DEBUG:Adding: <entity name="DoughsR61_zombieSkateboarder"/>
DEBUG:Adding: <entity name="DoughsR63_zombieFatCopFeral" prob="1"/>
DEBUG:Adding: <entity name="DoughsR71_zombieNurseFeral" prob="1"/>
DEBUG:Adding: <entity name="DoughsR78_zombieSteveFeral" prob="1"/>
DEBUG:Adding: <entity name="DoughsR79_zombieYoFeral" prob="1"/>
DEBUG:ModletGen_AddZedsToEntityGroupsFile ENTITY GROUP: sleeperHordeStageGS5537
DEBUG:Adding: <entity name="DoughsR20_zombieSoldierRadiated" prob="1"/>
DEBUG:Adding: <entity name="DoughsR27_zombieFatCop" prob="1"/>
DEBUG:Adding: <entity name="DoughsR29_zombieBoe"/>
DEBUG:Adding: <entity name="DoughsR2_zombieBusinessManFeral" prob="1"/>
DEBUG:Adding: <entity name="DoughsR30_zombieFatHawaiianFeral" prob="1"/>
DEBUG:Adding: <entity name="DoughsR32_zombieMoeRadiated" prob="1"/>
DEBUG:Adding: <entity name="DoughsR37_zombieMarleneFeral" prob="1"/>
DEBUG:Adding: <entity name="DoughsR55_zombieJoeRadiated" prob="1"/>
DEBUG:Adding: <entity name="DoughsR65_zombieJanitor"/>
DEBUG:Adding: <entity name="DoughsR78_zombieSteveFeral" prob="1"/>
DEBUG:Adding: <entity name="DoughsR8_zombieArleneRadiated" prob="1"/>
DEBUG:ModletGen_AddZedsToEntityGroupsFile ENTITY GROUP: sleeperHordeStageGS5564
DEBUG:Adding: <entity name="DoughsR11_zombieBoeFeral" prob="1"/>
DEBUG:Adding: <entity name="DoughsR27_zombieFatCop" prob="1"/>
DEBUG:Adding: <entity name="DoughsR2_zombieBusinessManFeral" prob="1"/>
DEBUG:Adding: <entity name="DoughsR31_zombieArlene"/>
DEBUG:Adding: <entity name="DoughsR41_zombieYo"/>
DEBUG:Adding: <entity name="DoughsR44_zombieBusinessMan"/>
DEBUG:Adding: <entity name="DoughsR50_zombieBoeRadiated" prob="1"/>
DEBUG:Adding: <entity name="DoughsR55_zombieJoeRadiated" prob="1"/>
DEBUG:Adding: <entity name="DoughsR5_zombieSteveCrawler" prob="0.5"/>
DEBUG:Adding: <entity name="DoughsR75_zombieSkateboarderRadiated" prob="1"/>
DEBUG:Adding: <entity name="DoughsR8_zombieArleneRadiated" prob="1"/>
DEBUG:ModletGen_AddZedsToEntityGroupsFile ENTITY GROUP: sleeperHordeStageGS5590
DEBUG:Adding: <entity name="DoughsR20_zombieSoldierRadiated" prob="1"/>
DEBUG:Adding: <entity name="DoughsR24_zombieNurse"/>
DEBUG:Adding: <entity name="DoughsR39_zombieSkateboarderFeral" prob="1"/>
DEBUG:Adding: <entity name="DoughsR41_zombieYo"/>
DEBUG:Adding: <entity name="DoughsR48_zombieCheerleaderRadiated" prob="1"/>
DEBUG:Adding: <entity name="DoughsR53_zombieJanitorFeral" prob="1"/>
DEBUG:Adding: <entity name="DoughsR56_zombieUtilityWorker" prob="1"/>
DEBUG:Adding: <entity name="DoughsR6_zombieSoldierFeral" prob="1"/>
DEBUG:Adding: <entity name="DoughsR75_zombieSkateboarderRadiated" prob="1"/>
DEBUG:Adding: <entity name="DoughsR7_zombieWightFeral" prob="1"/>
DEBUG:Adding: <entity name="DoughsR86_zombieBikerRadiated" prob="1"/>
DEBUG:ModletGen_AddZedsToEntityGroupsFile ENTITY GROUP: sleeperHordeStageGS560
DEBUG:Adding: <entity name="DoughsR28_zombieMarlene"/>
DEBUG:Adding: <entity name="DoughsR2_zombieBusinessManFeral" prob="1"/>
DEBUG:Adding: <entity name="DoughsR32_zombieMoeRadiated" prob="1"/>
DEBUG:Adding: <entity name="DoughsR34_zombieMarleneRadiated" prob="1"/>
DEBUG:Adding: <entity name="DoughsR39_zombieSkateboarderFeral" prob="1"/>
DEBUG:Adding: <entity name="DoughsR48_zombieCheerleaderRadiated" prob="1"/>
DEBUG:Adding: <entity name="DoughsR50_zombieBoeRadiated" prob="1"/>
DEBUG:Adding: <entity name="DoughsR53_zombieJanitorFeral" prob="1"/>
DEBUG:Adding: <entity name="DoughsR54_zombieFemaleFatRadiated" prob="1"/>
DEBUG:Adding: <entity name="DoughsR5_zombieSteveCrawler" prob="0.5"/>
DEBUG:Adding: <entity name="DoughsR61_zombieSkateboarder"/>
DEBUG:ModletGen_AddZedsToEntityGroupsFile ENTITY GROUP: sleeperHordeStageGS5617
DEBUG:Adding: <entity name="DoughsR13_zombieSteve"/>
DEBUG:Adding: <entity name="DoughsR32_zombieMoeRadiated" prob="1"/>
DEBUG:Adding: <entity name="DoughsR35_zombieJoe"/>
DEBUG:Adding: <entity name="DoughsR46_zombieFootballPlayer" prob="1"/>
DEBUG:Adding: <entity name="DoughsR55_zombieJoeRadiated" prob="1"/>
DEBUG:Adding: <entity name="DoughsR57_zombieSpiderFeral" prob="1"/>
DEBUG:Adding: <entity name="DoughsR65_zombieJanitor"/>
DEBUG:Adding: <entity name="DoughsR70_zombieBikerFeral" prob="1"/>
DEBUG:Adding: <entity name="DoughsR73_zombieSteveCrawlerFeral" prob="0.5"/>
DEBUG:Adding: <entity name="DoughsR81_zombieSteveRadiated" prob="1"/>
DEBUG:Adding: <entity name="DoughsR86_zombieBikerRadiated" prob="1"/>
DEBUG:ModletGen_AddZedsToEntityGroupsFile ENTITY GROUP: sleeperHordeStageGS5644
DEBUG:Adding: <entity name="DoughsR24_zombieNurse"/>
DEBUG:Adding: <entity name="DoughsR31_zombieArlene"/>
DEBUG:Adding: <entity name="DoughsR32_zombieMoeRadiated" prob="1"/>
DEBUG:Adding: <entity name="DoughsR37_zombieMarleneFeral" prob="1"/>
DEBUG:Adding: <entity name="DoughsR39_zombieSkateboarderFeral" prob="1"/>
DEBUG:Adding: <entity name="DoughsR44_zombieBusinessMan"/>
DEBUG:Adding: <entity name="DoughsR5_zombieSteveCrawler" prob="0.5"/>
DEBUG:Adding: <entity name="DoughsR62_zombieDarlene"/>
DEBUG:Adding: <entity name="DoughsR66_zombieDarleneRadiated" prob="1"/>
DEBUG:Adding: <entity name="DoughsR74_zombieMoeFeral" prob="1"/>
DEBUG:Adding: <entity name="DoughsR75_zombieSkateboarderRadiated" prob="1"/>
DEBUG:ModletGen_AddZedsToEntityGroupsFile ENTITY GROUP: sleeperHordeStageGS5670
DEBUG:Adding: <entity name="DoughsR27_zombieFatCop" prob="1"/>
DEBUG:Adding: <entity name="DoughsR29_zombieBoe"/>
DEBUG:Adding: <entity name="DoughsR31_zombieArlene"/>
DEBUG:Adding: <entity name="DoughsR36_zombieYoRadiated" prob="1"/>
DEBUG:Adding: <entity name="DoughsR39_zombieSkateboarderFeral" prob="1"/>
DEBUG:Adding: <entity name="DoughsR41_zombieYo"/>
DEBUG:Adding: <entity name="DoughsR50_zombieBoeRadiated" prob="1"/>
DEBUG:Adding: <entity name="DoughsR59_zombieArleneFeral" prob="1"/>
DEBUG:Adding: <entity name="DoughsR62_zombieDarlene"/>
DEBUG:Adding: <entity name="DoughsR69_zombieOldTimerRadiated" prob="1"/>
DEBUG:Adding: <entity name="DoughsR70_zombieBikerFeral" prob="1"/>
DEBUG:ModletGen_AddZedsToEntityGroupsFile ENTITY GROUP: sleeperHordeStageGS5697
DEBUG:Adding: <entity name="DoughsR11_zombieBoeFeral" prob="1"/>
DEBUG:Adding: <entity name="DoughsR12_zombieJoeFeral" prob="1"/>
DEBUG:Adding: <entity name="DoughsR20_zombieSoldierRadiated" prob="1"/>
DEBUG:Adding: <entity name="DoughsR36_zombieYoRadiated" prob="1"/>
DEBUG:Adding: <entity name="DoughsR39_zombieSkateboarderFeral" prob="1"/>
DEBUG:Adding: <entity name="DoughsR42_zombieMaleHazmat" prob="1"/>
DEBUG:Adding: <entity name="DoughsR50_zombieBoeRadiated" prob="1"/>
DEBUG:Adding: <entity name="DoughsR51_zombieDarleneFeral" prob="1"/>
DEBUG:Adding: <entity name="DoughsR75_zombieSkateboarderRadiated" prob="1"/>
DEBUG:Adding: <entity name="DoughsR78_zombieSteveFeral" prob="1"/>
DEBUG:Adding: <entity name="DoughsR7_zombieWightFeral" prob="1"/>
DEBUG:ModletGen_AddZedsToEntityGroupsFile ENTITY GROUP: sleeperHordeStageGS5724
DEBUG:Adding: <entity name="DoughsR13_zombieSteve"/>
DEBUG:Adding: <entity name="DoughsR14_zombieSoldier" prob="1"/>
DEBUG:Adding: <entity name="DoughsR39_zombieSkateboarderFeral" prob="1"/>
DEBUG:Adding: <entity name="DoughsR45_zombieSpider" prob="1"/>
DEBUG:Adding: <entity name="DoughsR55_zombieJoeRadiated" prob="1"/>
DEBUG:Adding: <entity name="DoughsR61_zombieSkateboarder"/>
DEBUG:Adding: <entity name="DoughsR64_zombieCheerleader"/>
DEBUG:Adding: <entity name="DoughsR65_zombieJanitor"/>
DEBUG:Adding: <entity name="DoughsR69_zombieOldTimerRadiated" prob="1"/>
DEBUG:Adding: <entity name="DoughsR81_zombieSteveRadiated" prob="1"/>
DEBUG:Adding: <entity name="DoughsR8_zombieArleneRadiated" prob="1"/>
DEBUG:ModletGen_AddZedsToEntityGroupsFile ENTITY GROUP: sleeperHordeStageGS573
DEBUG:Adding: <entity name="DoughsR10_zombieFemaleFatFeral" prob="1"/>
DEBUG:Adding: <entity name="DoughsR28_zombieMarlene"/>
DEBUG:Adding: <entity name="DoughsR2_zombieBusinessManFeral" prob="1"/>
DEBUG:Adding: <entity name="DoughsR30_zombieFatHawaiianFeral" prob="1"/>
DEBUG:Adding: <entity name="DoughsR36_zombieYoRadiated" prob="1"/>
DEBUG:Adding: <entity name="DoughsR3_zombieFatCopRadiated" prob="1"/>
DEBUG:Adding: <entity name="DoughsR41_zombieYo"/>
DEBUG:Adding: <entity name="DoughsR55_zombieJoeRadiated" prob="1"/>
DEBUG:Adding: <entity name="DoughsR5_zombieSteveCrawler" prob="0.5"/>
DEBUG:Adding: <entity name="DoughsR69_zombieOldTimerRadiated" prob="1"/>
DEBUG:Adding: <entity name="DoughsR75_zombieSkateboarderRadiated" prob="1"/>
DEBUG:ModletGen_AddZedsToEntityGroupsFile ENTITY GROUP: sleeperHordeStageGS5751
DEBUG:Adding: <entity name="DoughsR11_zombieBoeFeral" prob="1"/>
DEBUG:Adding: <entity name="DoughsR22_zombieWightRadiated" prob="1"/>
DEBUG:Adding: <entity name="DoughsR29_zombieBoe"/>
DEBUG:Adding: <entity name="DoughsR2_zombieBusinessManFeral" prob="1"/>
DEBUG:Adding: <entity name="DoughsR30_zombieFatHawaiianFeral" prob="1"/>
DEBUG:Adding: <entity name="DoughsR31_zombieArlene"/>
DEBUG:Adding: <entity name="DoughsR39_zombieSkateboarderFeral" prob="1"/>
DEBUG:Adding: <entity name="DoughsR46_zombieFootballPlayer" prob="1"/>
DEBUG:Adding: <entity name="DoughsR51_zombieDarleneFeral" prob="1"/>
DEBUG:Adding: <entity name="DoughsR53_zombieJanitorFeral" prob="1"/>
DEBUG:Adding: <entity name="DoughsR54_zombieFemaleFatRadiated" prob="1"/>
DEBUG:ModletGen_AddZedsToEntityGroupsFile ENTITY GROUP: sleeperHordeStageGS5778
DEBUG:Adding: <entity name="DoughsR11_zombieBoeFeral" prob="1"/>
DEBUG:Adding: <entity name="DoughsR20_zombieSoldierRadiated" prob="1"/>
DEBUG:Adding: <entity name="DoughsR25_zombieBiker" prob="1"/>
DEBUG:Adding: <entity name="DoughsR31_zombieArlene"/>
DEBUG:Adding: <entity name="DoughsR35_zombieJoe"/>
DEBUG:Adding: <entity name="DoughsR46_zombieFootballPlayer" prob="1"/>
DEBUG:Adding: <entity name="DoughsR58_zombieJanitorRadiated" prob="1"/>
DEBUG:Adding: <entity name="DoughsR5_zombieSteveCrawler" prob="0.5"/>
DEBUG:Adding: <entity name="DoughsR6_zombieSoldierFeral" prob="1"/>
DEBUG:Adding: <entity name="DoughsR71_zombieNurseFeral" prob="1"/>
DEBUG:Adding: <entity name="DoughsR73_zombieSteveCrawlerFeral" prob="0.5"/>
DEBUG:ModletGen_AddZedsToEntityGroupsFile ENTITY GROUP: sleeperHordeStageGS58
DEBUG:Adding: <entity name="DoughsR24_zombieNurse"/>
DEBUG:Adding: <entity name="DoughsR29_zombieBoe"/>
DEBUG:Adding: <entity name="DoughsR31_zombieArlene"/>
DEBUG:Adding: <entity name="DoughsR35_zombieJoe"/>
DEBUG:Adding: <entity name="DoughsR37_zombieMarleneFeral" prob="0.34"/>
DEBUG:Adding: <entity name="DoughsR45_zombieSpider" prob="0.52"/>
DEBUG:Adding: <entity name="DoughsR51_zombieDarleneFeral" prob="0.35"/>
DEBUG:Adding: <entity name="DoughsR56_zombieUtilityWorker" prob="0.49"/>
DEBUG:Adding: <entity name="DoughsR62_zombieDarlene"/>
DEBUG:Adding: <entity name="DoughsR65_zombieJanitor"/>
DEBUG:Adding: <entity name="DoughsR73_zombieSteveCrawlerFeral" prob="0.5"/>
DEBUG:ModletGen_AddZedsToEntityGroupsFile ENTITY GROUP: sleeperHordeStageGS585
DEBUG:Adding: <entity name="DoughsR11_zombieBoeFeral" prob="1"/>
DEBUG:Adding: <entity name="DoughsR20_zombieSoldierRadiated" prob="1"/>
DEBUG:Adding: <entity name="DoughsR25_zombieBiker" prob="1"/>
DEBUG:Adding: <entity name="DoughsR32_zombieMoeRadiated" prob="1"/>
DEBUG:Adding: <entity name="DoughsR34_zombieMarleneRadiated" prob="1"/>
DEBUG:Adding: <entity name="DoughsR42_zombieMaleHazmat" prob="1"/>
DEBUG:Adding: <entity name="DoughsR48_zombieCheerleaderRadiated" prob="1"/>
DEBUG:Adding: <entity name="DoughsR58_zombieJanitorRadiated" prob="1"/>
DEBUG:Adding: <entity name="DoughsR59_zombieArleneFeral" prob="1"/>
DEBUG:Adding: <entity name="DoughsR71_zombieNurseFeral" prob="1"/>
DEBUG:Adding: <entity name="DoughsR73_zombieSteveCrawlerFeral" prob="0.5"/>
DEBUG:ModletGen_AddZedsToEntityGroupsFile ENTITY GROUP: sleeperHordeStageGS598
DEBUG:Adding: <entity name="DoughsR16_zombieFemaleFat" prob="1"/>
DEBUG:Adding: <entity name="DoughsR29_zombieBoe"/>
DEBUG:Adding: <entity name="DoughsR34_zombieMarleneRadiated" prob="1"/>
DEBUG:Adding: <entity name="DoughsR37_zombieMarleneFeral" prob="1"/>
DEBUG:Adding: <entity name="DoughsR42_zombieMaleHazmat" prob="1"/>
DEBUG:Adding: <entity name="DoughsR44_zombieBusinessMan"/>
DEBUG:Adding: <entity name="DoughsR45_zombieSpider" prob="1"/>
DEBUG:Adding: <entity name="DoughsR58_zombieJanitorRadiated" prob="1"/>
DEBUG:Adding: <entity name="DoughsR65_zombieJanitor"/>
DEBUG:Adding: <entity name="DoughsR6_zombieSoldierFeral" prob="1"/>
DEBUG:Adding: <entity name="DoughsR70_zombieBikerFeral" prob="1"/>
DEBUG:ModletGen_AddZedsToEntityGroupsFile ENTITY GROUP: sleeperHordeStageGS610
DEBUG:Adding: <entity name="DoughsR11_zombieBoeFeral" prob="1"/>
DEBUG:Adding: <entity name="DoughsR12_zombieJoeFeral" prob="1"/>
DEBUG:Adding: <entity name="DoughsR20_zombieSoldierRadiated" prob="1"/>
DEBUG:Adding: <entity name="DoughsR29_zombieBoe"/>
DEBUG:Adding: <entity name="DoughsR45_zombieSpider" prob="1"/>
DEBUG:Adding: <entity name="DoughsR46_zombieFootballPlayer" prob="1"/>
DEBUG:Adding: <entity name="DoughsR48_zombieCheerleaderRadiated" prob="1"/>
DEBUG:Adding: <entity name="DoughsR54_zombieFemaleFatRadiated" prob="1"/>
DEBUG:Adding: <entity name="DoughsR57_zombieSpiderFeral" prob="1"/>
DEBUG:Adding: <entity name="DoughsR6_zombieSoldierFeral" prob="1"/>
DEBUG:Adding: <entity name="DoughsR70_zombieBikerFeral" prob="1"/>
DEBUG:ModletGen_AddZedsToEntityGroupsFile ENTITY GROUP: sleeperHordeStageGS623
DEBUG:Adding: <entity name="DoughsR25_zombieBiker" prob="1"/>
DEBUG:Adding: <entity name="DoughsR26_zombieFatHawaiian" prob="1"/>
DEBUG:Adding: <entity name="DoughsR29_zombieBoe"/>
DEBUG:Adding: <entity name="DoughsR39_zombieSkateboarderFeral" prob="1"/>
DEBUG:Adding: <entity name="DoughsR46_zombieFootballPlayer" prob="1"/>
DEBUG:Adding: <entity name="DoughsR53_zombieJanitorFeral" prob="1"/>
DEBUG:Adding: <entity name="DoughsR61_zombieSkateboarder"/>
DEBUG:Adding: <entity name="DoughsR64_zombieCheerleader"/>
DEBUG:Adding: <entity name="DoughsR71_zombieNurseFeral" prob="1"/>
DEBUG:Adding: <entity name="DoughsR73_zombieSteveCrawlerFeral" prob="0.5"/>
DEBUG:Adding: <entity name="DoughsR78_zombieSteveFeral" prob="1"/>
DEBUG:ModletGen_AddZedsToEntityGroupsFile ENTITY GROUP: sleeperHordeStageGS636
DEBUG:Adding: <entity name="DoughsR14_zombieSoldier" prob="1"/>
DEBUG:Adding: <entity name="DoughsR26_zombieFatHawaiian" prob="1"/>
DEBUG:Adding: <entity name="DoughsR28_zombieMarlene"/>
DEBUG:Adding: <entity name="DoughsR41_zombieYo"/>
DEBUG:Adding: <entity name="DoughsR45_zombieSpider" prob="1"/>
DEBUG:Adding: <entity name="DoughsR49_zombieMoe" prob="1"/>
DEBUG:Adding: <entity name="DoughsR51_zombieDarleneFeral" prob="1"/>
DEBUG:Adding: <entity name="DoughsR54_zombieFemaleFatRadiated" prob="1"/>
DEBUG:Adding: <entity name="DoughsR69_zombieOldTimerRadiated" prob="1"/>
DEBUG:Adding: <entity name="DoughsR7_zombieWightFeral" prob="1"/>
DEBUG:Adding: <entity name="DoughsR86_zombieBikerRadiated" prob="1"/>
DEBUG:ModletGen_AddZedsToEntityGroupsFile ENTITY GROUP: sleeperHordeStageGS64
DEBUG:Adding: <entity name="DoughsR26_zombieFatHawaiian" prob="0.52"/>
DEBUG:Adding: <entity name="DoughsR41_zombieYo"/>
DEBUG:Adding: <entity name="DoughsR42_zombieMaleHazmat" prob="0.61"/>
DEBUG:Adding: <entity name="DoughsR49_zombieMoe" prob="0.67"/>
DEBUG:Adding: <entity name="DoughsR51_zombieDarleneFeral" prob="0.41"/>
DEBUG:Adding: <entity name="DoughsR5_zombieSteveCrawler" prob="0.5"/>
DEBUG:Adding: <entity name="DoughsR61_zombieSkateboarder"/>
DEBUG:Adding: <entity name="DoughsR62_zombieDarlene"/>
DEBUG:Adding: <entity name="DoughsR65_zombieJanitor"/>
DEBUG:Adding: <entity name="DoughsR71_zombieNurseFeral" prob="0.31"/>
DEBUG:Adding: <entity name="DoughsR73_zombieSteveCrawlerFeral" prob="0.5"/>
DEBUG:ModletGen_AddZedsToEntityGroupsFile ENTITY GROUP: sleeperHordeStageGS649
DEBUG:Adding: <entity name="DoughsR12_zombieJoeFeral" prob="1"/>
DEBUG:Adding: <entity name="DoughsR16_zombieFemaleFat" prob="1"/>
DEBUG:Adding: <entity name="DoughsR22_zombieWightRadiated" prob="1"/>
DEBUG:Adding: <entity name="DoughsR44_zombieBusinessMan"/>
DEBUG:Adding: <entity name="DoughsR69_zombieOldTimerRadiated" prob="1"/>
DEBUG:Adding: <entity name="DoughsR71_zombieNurseFeral" prob="1"/>
DEBUG:Adding: <entity name="DoughsR74_zombieMoeFeral" prob="1"/>
DEBUG:Adding: <entity name="DoughsR75_zombieSkateboarderRadiated" prob="1"/>
DEBUG:Adding: <entity name="DoughsR78_zombieSteveFeral" prob="1"/>
DEBUG:Adding: <entity name="DoughsR79_zombieYoFeral" prob="1"/>
DEBUG:Adding: <entity name="DoughsR7_zombieWightFeral" prob="1"/>
DEBUG:ModletGen_AddZedsToEntityGroupsFile ENTITY GROUP: sleeperHordeStageGS662
DEBUG:Adding: <entity name="DoughsR11_zombieBoeFeral" prob="1"/>
DEBUG:Adding: <entity name="DoughsR22_zombieWightRadiated" prob="1"/>
DEBUG:Adding: <entity name="DoughsR24_zombieNurse"/>
DEBUG:Adding: <entity name="DoughsR39_zombieSkateboarderFeral" prob="1"/>
DEBUG:Adding: <entity name="DoughsR45_zombieSpider" prob="1"/>
DEBUG:Adding: <entity name="DoughsR48_zombieCheerleaderRadiated" prob="1"/>
DEBUG:Adding: <entity name="DoughsR50_zombieBoeRadiated" prob="1"/>
DEBUG:Adding: <entity name="DoughsR53_zombieJanitorFeral" prob="1"/>
DEBUG:Adding: <entity name="DoughsR73_zombieSteveCrawlerFeral" prob="0.5"/>
DEBUG:Adding: <entity name="DoughsR75_zombieSkateboarderRadiated" prob="1"/>
DEBUG:Adding: <entity name="DoughsR78_zombieSteveFeral" prob="1"/>
DEBUG:ModletGen_AddZedsToEntityGroupsFile ENTITY GROUP: sleeperHordeStageGS675
DEBUG:Adding: <entity name="DoughsR16_zombieFemaleFat" prob="1"/>
DEBUG:Adding: <entity name="DoughsR21_zombieSpiderRadiated" prob="1"/>
DEBUG:Adding: <entity name="DoughsR25_zombieBiker" prob="1"/>
DEBUG:Adding: <entity name="DoughsR30_zombieFatHawaiianFeral" prob="1"/>
DEBUG:Adding: <entity name="DoughsR35_zombieJoe"/>
DEBUG:Adding: <entity name="DoughsR36_zombieYoRadiated" prob="1"/>
DEBUG:Adding: <entity name="DoughsR45_zombieSpider" prob="1"/>
DEBUG:Adding: <entity name="DoughsR49_zombieMoe" prob="1"/>
DEBUG:Adding: <entity name="DoughsR54_zombieFemaleFatRadiated" prob="1"/>
DEBUG:Adding: <entity name="DoughsR64_zombieCheerleader"/>
DEBUG:Adding: <entity name="DoughsR78_zombieSteveFeral" prob="1"/>
DEBUG:ModletGen_AddZedsToEntityGroupsFile ENTITY GROUP: sleeperHordeStageGS688
DEBUG:Adding: <entity name="DoughsR20_zombieSoldierRadiated" prob="1"/>
DEBUG:Adding: <entity name="DoughsR29_zombieBoe"/>
DEBUG:Adding: <entity name="DoughsR2_zombieBusinessManFeral" prob="1"/>
DEBUG:Adding: <entity name="DoughsR31_zombieArlene"/>
DEBUG:Adding: <entity name="DoughsR37_zombieMarleneFeral" prob="1"/>
DEBUG:Adding: <entity name="DoughsR39_zombieSkateboarderFeral" prob="1"/>
DEBUG:Adding: <entity name="DoughsR55_zombieJoeRadiated" prob="1"/>
DEBUG:Adding: <entity name="DoughsR59_zombieArleneFeral" prob="1"/>
DEBUG:Adding: <entity name="DoughsR64_zombieCheerleader"/>
DEBUG:Adding: <entity name="DoughsR73_zombieSteveCrawlerFeral" prob="0.5"/>
DEBUG:Adding: <entity name="DoughsR81_zombieSteveRadiated" prob="1"/>
DEBUG:ModletGen_AddZedsToEntityGroupsFile ENTITY GROUP: sleeperHordeStageGS70
DEBUG:Adding: <entity name="DoughsR27_zombieFatCop" prob="0.34"/>
DEBUG:Adding: <entity name="DoughsR28_zombieMarlene"/>
DEBUG:Adding: <entity name="DoughsR44_zombieBusinessMan"/>
DEBUG:Adding: <entity name="DoughsR45_zombieSpider" prob="0.64"/>
DEBUG:Adding: <entity name="DoughsR49_zombieMoe" prob="0.73"/>
DEBUG:Adding: <entity name="DoughsR51_zombieDarleneFeral" prob="0.47"/>
DEBUG:Adding: <entity name="DoughsR61_zombieSkateboarder"/>
DEBUG:Adding: <entity name="DoughsR62_zombieDarlene"/>
DEBUG:Adding: <entity name="DoughsR64_zombieCheerleader"/>
DEBUG:Adding: <entity name="DoughsR78_zombieSteveFeral" prob="0.4"/>
DEBUG:Adding: <entity name="DoughsR79_zombieYoFeral" prob="0.43"/>
DEBUG:ModletGen_AddZedsToEntityGroupsFile ENTITY GROUP: sleeperHordeStageGS702
DEBUG:Adding: <entity name="DoughsR20_zombieSoldierRadiated" prob="1"/>
DEBUG:Adding: <entity name="DoughsR21_zombieSpiderRadiated" prob="1"/>
DEBUG:Adding: <entity name="DoughsR25_zombieBiker" prob="1"/>
DEBUG:Adding: <entity name="DoughsR35_zombieJoe"/>
DEBUG:Adding: <entity name="DoughsR54_zombieFemaleFatRadiated" prob="1"/>
DEBUG:Adding: <entity name="DoughsR59_zombieArleneFeral" prob="1"/>
DEBUG:Adding: <entity name="DoughsR62_zombieDarlene"/>
DEBUG:Adding: <entity name="DoughsR69_zombieOldTimerRadiated" prob="1"/>
DEBUG:Adding: <entity name="DoughsR70_zombieBikerFeral" prob="1"/>
DEBUG:Adding: <entity name="DoughsR79_zombieYoFeral" prob="1"/>
DEBUG:Adding: <entity name="DoughsR7_zombieWightFeral" prob="1"/>
DEBUG:ModletGen_AddZedsToEntityGroupsFile ENTITY GROUP: sleeperHordeStageGS715
DEBUG:Adding: <entity name="DoughsR25_zombieBiker" prob="1"/>
DEBUG:Adding: <entity name="DoughsR28_zombieMarlene"/>
DEBUG:Adding: <entity name="DoughsR2_zombieBusinessManFeral" prob="1"/>
DEBUG:Adding: <entity name="DoughsR46_zombieFootballPlayer" prob="1"/>
DEBUG:Adding: <entity name="DoughsR5_zombieSteveCrawler" prob="0.5"/>
DEBUG:Adding: <entity name="DoughsR63_zombieFatCopFeral" prob="1"/>
DEBUG:Adding: <entity name="DoughsR70_zombieBikerFeral" prob="1"/>
DEBUG:Adding: <entity name="DoughsR74_zombieMoeFeral" prob="1"/>
DEBUG:Adding: <entity name="DoughsR75_zombieSkateboarderRadiated" prob="1"/>
DEBUG:Adding: <entity name="DoughsR7_zombieWightFeral" prob="1"/>
DEBUG:Adding: <entity name="DoughsR8_zombieArleneRadiated" prob="1"/>
DEBUG:ModletGen_AddZedsToEntityGroupsFile ENTITY GROUP: sleeperHordeStageGS729
DEBUG:Adding: <entity name="DoughsR12_zombieJoeFeral" prob="1"/>
DEBUG:Adding: <entity name="DoughsR36_zombieYoRadiated" prob="1"/>
DEBUG:Adding: <entity name="DoughsR37_zombieMarleneFeral" prob="1"/>
DEBUG:Adding: <entity name="DoughsR41_zombieYo"/>
DEBUG:Adding: <entity name="DoughsR49_zombieMoe" prob="1"/>
DEBUG:Adding: <entity name="DoughsR53_zombieJanitorFeral" prob="1"/>
DEBUG:Adding: <entity name="DoughsR58_zombieJanitorRadiated" prob="1"/>
DEBUG:Adding: <entity name="DoughsR5_zombieSteveCrawler" prob="0.5"/>
DEBUG:Adding: <entity name="DoughsR64_zombieCheerleader"/>
DEBUG:Adding: <entity name="DoughsR65_zombieJanitor"/>
DEBUG:Adding: <entity name="DoughsR69_zombieOldTimerRadiated" prob="1"/>
DEBUG:ModletGen_AddZedsToEntityGroupsFile ENTITY GROUP: sleeperHordeStageGS742
DEBUG:Adding: <entity name="DoughsR12_zombieJoeFeral" prob="1"/>
DEBUG:Adding: <entity name="DoughsR25_zombieBiker" prob="1"/>
DEBUG:Adding: <entity name="DoughsR45_zombieSpider" prob="1"/>
DEBUG:Adding: <entity name="DoughsR48_zombieCheerleaderRadiated" prob="1"/>
DEBUG:Adding: <entity name="DoughsR51_zombieDarleneFeral" prob="1"/>
DEBUG:Adding: <entity name="DoughsR55_zombieJoeRadiated" prob="1"/>
DEBUG:Adding: <entity name="DoughsR57_zombieSpiderFeral" prob="1"/>
DEBUG:Adding: <entity name="DoughsR58_zombieJanitorRadiated" prob="1"/>
DEBUG:Adding: <entity name="DoughsR69_zombieOldTimerRadiated" prob="1"/>
DEBUG:Adding: <entity name="DoughsR70_zombieBikerFeral" prob="1"/>
DEBUG:Adding: <entity name="DoughsR86_zombieBikerRadiated" prob="1"/>
DEBUG:ModletGen_AddZedsToEntityGroupsFile ENTITY GROUP: sleeperHordeStageGS756
DEBUG:Adding: <entity name="DoughsR10_zombieFemaleFatFeral" prob="1"/>
DEBUG:Adding: <entity name="DoughsR11_zombieBoeFeral" prob="1"/>
DEBUG:Adding: <entity name="DoughsR28_zombieMarlene"/>
DEBUG:Adding: <entity name="DoughsR29_zombieBoe"/>
DEBUG:Adding: <entity name="DoughsR2_zombieBusinessManFeral" prob="1"/>
DEBUG:Adding: <entity name="DoughsR36_zombieYoRadiated" prob="1"/>
DEBUG:Adding: <entity name="DoughsR49_zombieMoe" prob="1"/>
DEBUG:Adding: <entity name="DoughsR50_zombieBoeRadiated" prob="1"/>
DEBUG:Adding: <entity name="DoughsR51_zombieDarleneFeral" prob="1"/>
DEBUG:Adding: <entity name="DoughsR55_zombieJoeRadiated" prob="1"/>
DEBUG:Adding: <entity name="DoughsR65_zombieJanitor"/>
DEBUG:ModletGen_AddZedsToEntityGroupsFile ENTITY GROUP: sleeperHordeStageGS76
DEBUG:Adding: <entity name="DoughsR13_zombieSteve"/>
DEBUG:Adding: <entity name="DoughsR24_zombieNurse"/>
DEBUG:Adding: <entity name="DoughsR28_zombieMarlene"/>
DEBUG:Adding: <entity name="DoughsR31_zombieArlene"/>
DEBUG:Adding: <entity name="DoughsR35_zombieJoe"/>
DEBUG:Adding: <entity name="DoughsR39_zombieSkateboarderFeral" prob="0.31"/>
DEBUG:Adding: <entity name="DoughsR41_zombieYo"/>
DEBUG:Adding: <entity name="DoughsR56_zombieUtilityWorker" prob="0.67"/>
DEBUG:Adding: <entity name="DoughsR59_zombieArleneFeral" prob="0.54"/>
DEBUG:Adding: <entity name="DoughsR61_zombieSkateboarder"/>
DEBUG:Adding: <entity name="DoughsR78_zombieSteveFeral" prob="0.46"/>
DEBUG:ModletGen_AddZedsToEntityGroupsFile ENTITY GROUP: sleeperHordeStageGS769
DEBUG:Adding: <entity name="DoughsR14_zombieSoldier" prob="1"/>
DEBUG:Adding: <entity name="DoughsR27_zombieFatCop" prob="1"/>
DEBUG:Adding: <entity name="DoughsR2_zombieBusinessManFeral" prob="1"/>
DEBUG:Adding: <entity name="DoughsR32_zombieMoeRadiated" prob="1"/>
DEBUG:Adding: <entity name="DoughsR37_zombieMarleneFeral" prob="1"/>
DEBUG:Adding: <entity name="DoughsR3_zombieFatCopRadiated" prob="1"/>
DEBUG:Adding: <entity name="DoughsR56_zombieUtilityWorker" prob="1"/>
DEBUG:Adding: <entity name="DoughsR64_zombieCheerleader"/>
DEBUG:Adding: <entity name="DoughsR6_zombieSoldierFeral" prob="1"/>
DEBUG:Adding: <entity name="DoughsR70_zombieBikerFeral" prob="1"/>
DEBUG:Adding: <entity name="DoughsR75_zombieSkateboarderRadiated" prob="1"/>
DEBUG:ModletGen_AddZedsToEntityGroupsFile ENTITY GROUP: sleeperHordeStageGS783
DEBUG:Adding: <entity name="DoughsR10_zombieFemaleFatFeral" prob="1"/>
DEBUG:Adding: <entity name="DoughsR26_zombieFatHawaiian" prob="1"/>
DEBUG:Adding: <entity name="DoughsR39_zombieSkateboarderFeral" prob="1"/>
DEBUG:Adding: <entity name="DoughsR42_zombieMaleHazmat" prob="1"/>
DEBUG:Adding: <entity name="DoughsR49_zombieMoe" prob="1"/>
DEBUG:Adding: <entity name="DoughsR55_zombieJoeRadiated" prob="1"/>
DEBUG:Adding: <entity name="DoughsR57_zombieSpiderFeral" prob="1"/>
DEBUG:Adding: <entity name="DoughsR75_zombieSkateboarderRadiated" prob="1"/>
DEBUG:Adding: <entity name="DoughsR79_zombieYoFeral" prob="1"/>
DEBUG:Adding: <entity name="DoughsR81_zombieSteveRadiated" prob="1"/>
DEBUG:Adding: <entity name="DoughsR86_zombieBikerRadiated" prob="1"/>
DEBUG:ModletGen_AddZedsToEntityGroupsFile ENTITY GROUP: sleeperHordeStageGS797
DEBUG:Adding: <entity name="DoughsR12_zombieJoeFeral" prob="1"/>
DEBUG:Adding: <entity name="DoughsR13_zombieSteve"/>
DEBUG:Adding: <entity name="DoughsR24_zombieNurse"/>
DEBUG:Adding: <entity name="DoughsR2_zombieBusinessManFeral" prob="1"/>
DEBUG:Adding: <entity name="DoughsR36_zombieYoRadiated" prob="1"/>
DEBUG:Adding: <entity name="DoughsR44_zombieBusinessMan"/>
DEBUG:Adding: <entity name="DoughsR49_zombieMoe" prob="1"/>
DEBUG:Adding: <entity name="DoughsR57_zombieSpiderFeral" prob="1"/>
DEBUG:Adding: <entity name="DoughsR71_zombieNurseFeral" prob="1"/>
DEBUG:Adding: <entity name="DoughsR79_zombieYoFeral" prob="1"/>
DEBUG:Adding: <entity name="DoughsR86_zombieBikerRadiated" prob="1"/>
DEBUG:ModletGen_AddZedsToEntityGroupsFile ENTITY GROUP: sleeperHordeStageGS8
DEBUG:Adding: <entity name="DoughsR24_zombieNurse"/>
DEBUG:Adding: <entity name="DoughsR28_zombieMarlene"/>
DEBUG:Adding: <entity name="DoughsR29_zombieBoe"/>
DEBUG:Adding: <entity name="DoughsR31_zombieArlene"/>
DEBUG:Adding: <entity name="DoughsR35_zombieJoe"/>
DEBUG:Adding: <entity name="DoughsR41_zombieYo"/>
DEBUG:Adding: <entity name="DoughsR44_zombieBusinessMan"/>
DEBUG:Adding: <entity name="DoughsR5_zombieSteveCrawler" prob="0.5"/>
DEBUG:Adding: <entity name="DoughsR62_zombieDarlene"/>
DEBUG:Adding: <entity name="DoughsR64_zombieCheerleader"/>
DEBUG:Adding: <entity name="DoughsR65_zombieJanitor"/>
DEBUG:ModletGen_AddZedsToEntityGroupsFile ENTITY GROUP: sleeperHordeStageGS811
DEBUG:Adding: <entity name="DoughsR21_zombieSpiderRadiated" prob="1"/>
DEBUG:Adding: <entity name="DoughsR29_zombieBoe"/>
DEBUG:Adding: <entity name="DoughsR32_zombieMoeRadiated" prob="1"/>
DEBUG:Adding: <entity name="DoughsR34_zombieMarleneRadiated" prob="1"/>
DEBUG:Adding: <entity name="DoughsR46_zombieFootballPlayer" prob="1"/>
DEBUG:Adding: <entity name="DoughsR51_zombieDarleneFeral" prob="1"/>
DEBUG:Adding: <entity name="DoughsR58_zombieJanitorRadiated" prob="1"/>
DEBUG:Adding: <entity name="DoughsR63_zombieFatCopFeral" prob="1"/>
DEBUG:Adding: <entity name="DoughsR65_zombieJanitor"/>
DEBUG:Adding: <entity name="DoughsR66_zombieDarleneRadiated" prob="1"/>
DEBUG:Adding: <entity name="DoughsR75_zombieSkateboarderRadiated" prob="1"/>
DEBUG:ModletGen_AddZedsToEntityGroupsFile ENTITY GROUP: sleeperHordeStageGS82
DEBUG:Adding: <entity name="DoughsR13_zombieSteve"/>
DEBUG:Adding: <entity name="DoughsR16_zombieFemaleFat" prob="0.85"/>
DEBUG:Adding: <entity name="DoughsR24_zombieNurse"/>
DEBUG:Adding: <entity name="DoughsR25_zombieBiker" prob="0.72"/>
DEBUG:Adding: <entity name="DoughsR26_zombieFatHawaiian" prob="0.7"/>
DEBUG:Adding: <entity name="DoughsR35_zombieJoe"/>
DEBUG:Adding: <entity name="DoughsR42_zombieMaleHazmat" prob="0.79"/>
DEBUG:Adding: <entity name="DoughsR59_zombieArleneFeral" prob="0.6"/>
DEBUG:Adding: <entity name="DoughsR5_zombieSteveCrawler" prob="0.5"/>
DEBUG:Adding: <entity name="DoughsR62_zombieDarlene"/>
DEBUG:Adding: <entity name="DoughsR64_zombieCheerleader"/>
DEBUG:ModletGen_AddZedsToEntityGroupsFile ENTITY GROUP: sleeperHordeStageGS825
DEBUG:Adding: <entity name="DoughsR13_zombieSteve"/>
DEBUG:Adding: <entity name="DoughsR14_zombieSoldier" prob="1"/>
DEBUG:Adding: <entity name="DoughsR16_zombieFemaleFat" prob="1"/>
DEBUG:Adding: <entity name="DoughsR21_zombieSpiderRadiated" prob="1"/>
DEBUG:Adding: <entity name="DoughsR30_zombieFatHawaiianFeral" prob="1"/>
DEBUG:Adding: <entity name="DoughsR32_zombieMoeRadiated" prob="1"/>
DEBUG:Adding: <entity name="DoughsR44_zombieBusinessMan"/>
DEBUG:Adding: <entity name="DoughsR55_zombieJoeRadiated" prob="1"/>
DEBUG:Adding: <entity name="DoughsR61_zombieSkateboarder"/>
DEBUG:Adding: <entity name="DoughsR70_zombieBikerFeral" prob="1"/>
DEBUG:Adding: <entity name="DoughsR78_zombieSteveFeral" prob="1"/>
DEBUG:ModletGen_AddZedsToEntityGroupsFile ENTITY GROUP: sleeperHordeStageGS839
DEBUG:Adding: <entity name="DoughsR27_zombieFatCop" prob="1"/>
DEBUG:Adding: <entity name="DoughsR28_zombieMarlene"/>
DEBUG:Adding: <entity name="DoughsR29_zombieBoe"/>
DEBUG:Adding: <entity name="DoughsR2_zombieBusinessManFeral" prob="1"/>
DEBUG:Adding: <entity name="DoughsR44_zombieBusinessMan"/>
DEBUG:Adding: <entity name="DoughsR55_zombieJoeRadiated" prob="1"/>
DEBUG:Adding: <entity name="DoughsR57_zombieSpiderFeral" prob="1"/>
DEBUG:Adding: <entity name="DoughsR58_zombieJanitorRadiated" prob="1"/>
DEBUG:Adding: <entity name="DoughsR61_zombieSkateboarder"/>
DEBUG:Adding: <entity name="DoughsR66_zombieDarleneRadiated" prob="1"/>
DEBUG:Adding: <entity name="DoughsR7_zombieWightFeral" prob="1"/>
DEBUG:ModletGen_AddZedsToEntityGroupsFile ENTITY GROUP: sleeperHordeStageGS853
DEBUG:Adding: <entity name="DoughsR10_zombieFemaleFatFeral" prob="1"/>
DEBUG:Adding: <entity name="DoughsR12_zombieJoeFeral" prob="1"/>
DEBUG:Adding: <entity name="DoughsR16_zombieFemaleFat" prob="1"/>
DEBUG:Adding: <entity name="DoughsR21_zombieSpiderRadiated" prob="1"/>
DEBUG:Adding: <entity name="DoughsR39_zombieSkateboarderFeral" prob="1"/>
DEBUG:Adding: <entity name="DoughsR48_zombieCheerleaderRadiated" prob="1"/>
DEBUG:Adding: <entity name="DoughsR57_zombieSpiderFeral" prob="1"/>
DEBUG:Adding: <entity name="DoughsR70_zombieBikerFeral" prob="1"/>
DEBUG:Adding: <entity name="DoughsR71_zombieNurseFeral" prob="1"/>
DEBUG:Adding: <entity name="DoughsR79_zombieYoFeral" prob="1"/>
DEBUG:Adding: <entity name="DoughsR8_zombieArleneRadiated" prob="1"/>
DEBUG:ModletGen_AddZedsToEntityGroupsFile ENTITY GROUP: sleeperHordeStageGS868
DEBUG:Adding: <entity name="DoughsR13_zombieSteve"/>
DEBUG:Adding: <entity name="DoughsR21_zombieSpiderRadiated" prob="1"/>
DEBUG:Adding: <entity name="DoughsR22_zombieWightRadiated" prob="1"/>
DEBUG:Adding: <entity name="DoughsR24_zombieNurse"/>
DEBUG:Adding: <entity name="DoughsR2_zombieBusinessManFeral" prob="1"/>
DEBUG:Adding: <entity name="DoughsR30_zombieFatHawaiianFeral" prob="1"/>
DEBUG:Adding: <entity name="DoughsR39_zombieSkateboarderFeral" prob="1"/>
DEBUG:Adding: <entity name="DoughsR58_zombieJanitorRadiated" prob="1"/>
DEBUG:Adding: <entity name="DoughsR66_zombieDarleneRadiated" prob="1"/>
DEBUG:Adding: <entity name="DoughsR69_zombieOldTimerRadiated" prob="1"/>
DEBUG:Adding: <entity name="DoughsR71_zombieNurseFeral" prob="1"/>
DEBUG:ModletGen_AddZedsToEntityGroupsFile ENTITY GROUP: sleeperHordeStageGS882
DEBUG:Adding: <entity name="DoughsR10_zombieFemaleFatFeral" prob="1"/>
DEBUG:Adding: <entity name="DoughsR30_zombieFatHawaiianFeral" prob="1"/>
DEBUG:Adding: <entity name="DoughsR31_zombieArlene"/>
DEBUG:Adding: <entity name="DoughsR34_zombieMarleneRadiated" prob="1"/>
DEBUG:Adding: <entity name="DoughsR37_zombieMarleneFeral" prob="1"/>
DEBUG:Adding: <entity name="DoughsR44_zombieBusinessMan"/>
DEBUG:Adding: <entity name="DoughsR55_zombieJoeRadiated" prob="1"/>
DEBUG:Adding: <entity name="DoughsR5_zombieSteveCrawler" prob="0.5"/>
DEBUG:Adding: <entity name="DoughsR70_zombieBikerFeral" prob="1"/>
DEBUG:Adding: <entity name="DoughsR79_zombieYoFeral" prob="1"/>
DEBUG:Adding: <entity name="DoughsR8_zombieArleneRadiated" prob="1"/>
DEBUG:ModletGen_AddZedsToEntityGroupsFile ENTITY GROUP: sleeperHordeStageGS89
DEBUG:Adding: <entity name="DoughsR12_zombieJoeFeral" prob="0.41"/>
DEBUG:Adding: <entity name="DoughsR25_zombieBiker" prob="0.79"/>
DEBUG:Adding: <entity name="DoughsR26_zombieFatHawaiian" prob="0.77"/>
DEBUG:Adding: <entity name="DoughsR28_zombieMarlene"/>
DEBUG:Adding: <entity name="DoughsR39_zombieSkateboarderFeral" prob="0.44"/>
DEBUG:Adding: <entity name="DoughsR44_zombieBusinessMan"/>
DEBUG:Adding: <entity name="DoughsR46_zombieFootballPlayer" prob="0.35"/>
DEBUG:Adding: <entity name="DoughsR62_zombieDarlene"/>
DEBUG:Adding: <entity name="DoughsR64_zombieCheerleader"/>
DEBUG:Adding: <entity name="DoughsR65_zombieJanitor"/>
DEBUG:Adding: <entity name="DoughsR71_zombieNurseFeral" prob="0.56"/>
DEBUG:ModletGen_AddZedsToEntityGroupsFile ENTITY GROUP: sleeperHordeStageGS896
DEBUG:Adding: <entity name="DoughsR32_zombieMoeRadiated" prob="1"/>
DEBUG:Adding: <entity name="DoughsR35_zombieJoe"/>
DEBUG:Adding: <entity name="DoughsR54_zombieFemaleFatRadiated" prob="1"/>
DEBUG:Adding: <entity name="DoughsR57_zombieSpiderFeral" prob="1"/>
DEBUG:Adding: <entity name="DoughsR5_zombieSteveCrawler" prob="0.5"/>
DEBUG:Adding: <entity name="DoughsR65_zombieJanitor"/>
DEBUG:Adding: <entity name="DoughsR66_zombieDarleneRadiated" prob="1"/>
DEBUG:Adding: <entity name="DoughsR70_zombieBikerFeral" prob="1"/>
DEBUG:Adding: <entity name="DoughsR74_zombieMoeFeral" prob="1"/>
DEBUG:Adding: <entity name="DoughsR78_zombieSteveFeral" prob="1"/>
DEBUG:Adding: <entity name="DoughsR81_zombieSteveRadiated" prob="1"/>
DEBUG:ModletGen_AddZedsToEntityGroupsFile ENTITY GROUP: sleeperHordeStageGS911
DEBUG:Adding: <entity name="DoughsR20_zombieSoldierRadiated" prob="1"/>
DEBUG:Adding: <entity name="DoughsR27_zombieFatCop" prob="1"/>
DEBUG:Adding: <entity name="DoughsR2_zombieBusinessManFeral" prob="1"/>
DEBUG:Adding: <entity name="DoughsR35_zombieJoe"/>
DEBUG:Adding: <entity name="DoughsR41_zombieYo"/>
DEBUG:Adding: <entity name="DoughsR57_zombieSpiderFeral" prob="1"/>
DEBUG:Adding: <entity name="DoughsR59_zombieArleneFeral" prob="1"/>
DEBUG:Adding: <entity name="DoughsR5_zombieSteveCrawler" prob="0.5"/>
DEBUG:Adding: <entity name="DoughsR71_zombieNurseFeral" prob="1"/>
DEBUG:Adding: <entity name="DoughsR7_zombieWightFeral" prob="1"/>
DEBUG:Adding: <entity name="DoughsR81_zombieSteveRadiated" prob="1"/>
DEBUG:ModletGen_AddZedsToEntityGroupsFile ENTITY GROUP: sleeperHordeStageGS925
DEBUG:Adding: <entity name="DoughsR11_zombieBoeFeral" prob="1"/>
DEBUG:Adding: <entity name="DoughsR13_zombieSteve"/>
DEBUG:Adding: <entity name="DoughsR16_zombieFemaleFat" prob="1"/>
DEBUG:Adding: <entity name="DoughsR20_zombieSoldierRadiated" prob="1"/>
DEBUG:Adding: <entity name="DoughsR27_zombieFatCop" prob="1"/>
DEBUG:Adding: <entity name="DoughsR29_zombieBoe"/>
DEBUG:Adding: <entity name="DoughsR34_zombieMarleneRadiated" prob="1"/>
DEBUG:Adding: <entity name="DoughsR35_zombieJoe"/>
DEBUG:Adding: <entity name="DoughsR62_zombieDarlene"/>
DEBUG:Adding: <entity name="DoughsR64_zombieCheerleader"/>
DEBUG:Adding: <entity name="DoughsR79_zombieYoFeral" prob="1"/>
DEBUG:ModletGen_AddZedsToEntityGroupsFile ENTITY GROUP: sleeperHordeStageGS940
DEBUG:Adding: <entity name="DoughsR10_zombieFemaleFatFeral" prob="1"/>
DEBUG:Adding: <entity name="DoughsR31_zombieArlene"/>
DEBUG:Adding: <entity name="DoughsR35_zombieJoe"/>
DEBUG:Adding: <entity name="DoughsR3_zombieFatCopRadiated" prob="1"/>
DEBUG:Adding: <entity name="DoughsR49_zombieMoe" prob="1"/>
DEBUG:Adding: <entity name="DoughsR50_zombieBoeRadiated" prob="1"/>
DEBUG:Adding: <entity name="DoughsR59_zombieArleneFeral" prob="1"/>
DEBUG:Adding: <entity name="DoughsR69_zombieOldTimerRadiated" prob="1"/>
DEBUG:Adding: <entity name="DoughsR71_zombieNurseFeral" prob="1"/>
DEBUG:Adding: <entity name="DoughsR75_zombieSkateboarderRadiated" prob="1"/>
DEBUG:Adding: <entity name="DoughsR7_zombieWightFeral" prob="1"/>
DEBUG:ModletGen_AddZedsToEntityGroupsFile ENTITY GROUP: sleeperHordeStageGS955
DEBUG:Adding: <entity name="DoughsR26_zombieFatHawaiian" prob="1"/>
DEBUG:Adding: <entity name="DoughsR3_zombieFatCopRadiated" prob="1"/>
DEBUG:Adding: <entity name="DoughsR42_zombieMaleHazmat" prob="1"/>
DEBUG:Adding: <entity name="DoughsR44_zombieBusinessMan"/>
DEBUG:Adding: <entity name="DoughsR48_zombieCheerleaderRadiated" prob="1"/>
DEBUG:Adding: <entity name="DoughsR50_zombieBoeRadiated" prob="1"/>
DEBUG:Adding: <entity name="DoughsR53_zombieJanitorFeral" prob="1"/>
DEBUG:Adding: <entity name="DoughsR55_zombieJoeRadiated" prob="1"/>
DEBUG:Adding: <entity name="DoughsR58_zombieJanitorRadiated" prob="1"/>
DEBUG:Adding: <entity name="DoughsR59_zombieArleneFeral" prob="1"/>
DEBUG:Adding: <entity name="DoughsR73_zombieSteveCrawlerFeral" prob="0.5"/>
DEBUG:ModletGen_AddZedsToEntityGroupsFile ENTITY GROUP: sleeperHordeStageGS96
DEBUG:Adding: <entity name="DoughsR12_zombieJoeFeral" prob="0.48"/>
DEBUG:Adding: <entity name="DoughsR27_zombieFatCop" prob="0.6"/>
DEBUG:Adding: <entity name="DoughsR29_zombieBoe"/>
DEBUG:Adding: <entity name="DoughsR35_zombieJoe"/>
DEBUG:Adding: <entity name="DoughsR37_zombieMarleneFeral" prob="0.72"/>
DEBUG:Adding: <entity name="DoughsR5_zombieSteveCrawler" prob="0.5"/>
DEBUG:Adding: <entity name="DoughsR62_zombieDarlene"/>
DEBUG:Adding: <entity name="DoughsR64_zombieCheerleader"/>
DEBUG:Adding: <entity name="DoughsR71_zombieNurseFeral" prob="0.63"/>
DEBUG:Adding: <entity name="DoughsR78_zombieSteveFeral" prob="0.66"/>
DEBUG:Adding: <entity name="DoughsR79_zombieYoFeral" prob="0.69"/>
DEBUG:ModletGen_AddZedsToEntityGroupsFile ENTITY GROUP: sleeperHordeStageGS970
DEBUG:Adding: <entity name="DoughsR10_zombieFemaleFatFeral" prob="1"/>
DEBUG:Adding: <entity name="DoughsR20_zombieSoldierRadiated" prob="1"/>
DEBUG:Adding: <entity name="DoughsR21_zombieSpiderRadiated" prob="1"/>
DEBUG:Adding: <entity name="DoughsR32_zombieMoeRadiated" prob="1"/>
DEBUG:Adding: <entity name="DoughsR39_zombieSkateboarderFeral" prob="1"/>
DEBUG:Adding: <entity name="DoughsR46_zombieFootballPlayer" prob="1"/>
DEBUG:Adding: <entity name="DoughsR49_zombieMoe" prob="1"/>
DEBUG:Adding: <entity name="DoughsR50_zombieBoeRadiated" prob="1"/>
DEBUG:Adding: <entity name="DoughsR62_zombieDarlene"/>
DEBUG:Adding: <entity name="DoughsR64_zombieCheerleader"/>
DEBUG:Adding: <entity name="DoughsR8_zombieArleneRadiated" prob="1"/>
DEBUG:ModletGen_AddZedsToEntityGroupsFile ENTITY GROUP: sleeperHordeStageGS985
DEBUG:Adding: <entity name="DoughsR22_zombieWightRadiated" prob="1"/>
DEBUG:Adding: <entity name="DoughsR28_zombieMarlene"/>
DEBUG:Adding: <entity name="DoughsR35_zombieJoe"/>
DEBUG:Adding: <entity name="DoughsR49_zombieMoe" prob="1"/>
DEBUG:Adding: <entity name="DoughsR56_zombieUtilityWorker" prob="1"/>
DEBUG:Adding: <entity name="DoughsR59_zombieArleneFeral" prob="1"/>
DEBUG:Adding: <entity name="DoughsR5_zombieSteveCrawler" prob="0.5"/>
DEBUG:Adding: <entity name="DoughsR74_zombieMoeFeral" prob="1"/>
DEBUG:Adding: <entity name="DoughsR78_zombieSteveFeral" prob="1"/>
DEBUG:Adding: <entity name="DoughsR81_zombieSteveRadiated" prob="1"/>
DEBUG:Adding: <entity name="DoughsR8_zombieArleneRadiated" prob="1"/>
DEBUG:ModletGen_AddZedsToEntityGroupsFile ENTITY GROUP: wanderingHordeStageGS1
DEBUG:Adding: <entity name="DoughsR16_zombieFemaleFat"/>
DEBUG:Adding: <entity name="DoughsR24_zombieNurse"/>
DEBUG:Adding: <entity name="DoughsR28_zombieMarlene"/>
DEBUG:Adding: <entity name="DoughsR29_zombieBoe"/>
DEBUG:Adding: <entity name="DoughsR31_zombieArlene"/>
DEBUG:Adding: <entity name="DoughsR35_zombieJoe"/>
DEBUG:Adding: <entity name="DoughsR41_zombieYo"/>
DEBUG:Adding: <entity name="DoughsR44_zombieBusinessMan"/>
DEBUG:Adding: <entity name="DoughsR61_zombieSkateboarder"/>
DEBUG:Adding: <entity name="DoughsR62_zombieDarlene"/>
DEBUG:Adding: <entity name="DoughsR64_zombieCheerleader"/>
DEBUG:ModletGen_AddZedsToEntityGroupsFile ENTITY GROUP: wanderingHordeStageGS11
DEBUG:Adding: <entity name="DoughsR13_zombieSteve"/>
DEBUG:Adding: <entity name="DoughsR24_zombieNurse"/>
DEBUG:Adding: <entity name="DoughsR28_zombieMarlene"/>
DEBUG:Adding: <entity name="DoughsR29_zombieBoe"/>
DEBUG:Adding: <entity name="DoughsR35_zombieJoe"/>
DEBUG:Adding: <entity name="DoughsR41_zombieYo"/>
DEBUG:Adding: <entity name="DoughsR44_zombieBusinessMan"/>
DEBUG:Adding: <entity name="DoughsR49_zombieMoe"/>
DEBUG:Adding: <entity name="DoughsR61_zombieSkateboarder"/>
DEBUG:Adding: <entity name="DoughsR62_zombieDarlene"/>
DEBUG:Adding: <entity name="DoughsR64_zombieCheerleader"/>
DEBUG:ModletGen_AddZedsToEntityGroupsFile ENTITY GROUP: wanderingHordeStageGS14
DEBUG:Adding: <entity name="DoughsR13_zombieSteve"/>
DEBUG:Adding: <entity name="DoughsR16_zombieFemaleFat"/>
DEBUG:Adding: <entity name="DoughsR24_zombieNurse"/>
DEBUG:Adding: <entity name="DoughsR29_zombieBoe"/>
DEBUG:Adding: <entity name="DoughsR35_zombieJoe"/>
DEBUG:Adding: <entity name="DoughsR41_zombieYo"/>
DEBUG:Adding: <entity name="DoughsR44_zombieBusinessMan"/>
DEBUG:Adding: <entity name="DoughsR49_zombieMoe"/>
DEBUG:Adding: <entity name="DoughsR61_zombieSkateboarder"/>
DEBUG:Adding: <entity name="DoughsR62_zombieDarlene"/>
DEBUG:Adding: <entity name="DoughsR64_zombieCheerleader"/>
DEBUG:ModletGen_AddZedsToEntityGroupsFile ENTITY GROUP: wanderingHordeStageGS18
DEBUG:Adding: <entity name="DoughsR13_zombieSteve"/>
DEBUG:Adding: <entity name="DoughsR16_zombieFemaleFat"/>
DEBUG:Adding: <entity name="DoughsR24_zombieNurse"/>
DEBUG:Adding: <entity name="DoughsR28_zombieMarlene"/>
DEBUG:Adding: <entity name="DoughsR29_zombieBoe"/>
DEBUG:Adding: <entity name="DoughsR31_zombieArlene"/>
DEBUG:Adding: <entity name="DoughsR35_zombieJoe"/>
DEBUG:Adding: <entity name="DoughsR49_zombieMoe"/>
DEBUG:Adding: <entity name="DoughsR61_zombieSkateboarder"/>
DEBUG:Adding: <entity name="DoughsR62_zombieDarlene"/>
DEBUG:Adding: <entity name="DoughsR64_zombieCheerleader"/>
DEBUG:ModletGen_AddZedsToEntityGroupsFile ENTITY GROUP: wanderingHordeStageGS2
DEBUG:Adding: <entity name="DoughsR13_zombieSteve"/>
DEBUG:Adding: <entity name="DoughsR16_zombieFemaleFat"/>
DEBUG:Adding: <entity name="DoughsR24_zombieNurse"/>
DEBUG:Adding: <entity name="DoughsR29_zombieBoe"/>
DEBUG:Adding: <entity name="DoughsR31_zombieArlene"/>
DEBUG:Adding: <entity name="DoughsR35_zombieJoe"/>
DEBUG:Adding: <entity name="DoughsR41_zombieYo"/>
DEBUG:Adding: <entity name="DoughsR44_zombieBusinessMan"/>
DEBUG:Adding: <entity name="DoughsR49_zombieMoe"/>
DEBUG:Adding: <entity name="DoughsR61_zombieSkateboarder"/>
DEBUG:Adding: <entity name="DoughsR62_zombieDarlene"/>
DEBUG:ModletGen_AddZedsToEntityGroupsFile ENTITY GROUP: wanderingHordeStageGS22
DEBUG:Adding: <entity name="DoughsR16_zombieFemaleFat"/>
DEBUG:Adding: <entity name="DoughsR24_zombieNurse"/>
DEBUG:Adding: <entity name="DoughsR28_zombieMarlene"/>
DEBUG:Adding: <entity name="DoughsR29_zombieBoe"/>
DEBUG:Adding: <entity name="DoughsR31_zombieArlene"/>
DEBUG:Adding: <entity name="DoughsR41_zombieYo"/>
DEBUG:Adding: <entity name="DoughsR44_zombieBusinessMan"/>
DEBUG:Adding: <entity name="DoughsR49_zombieMoe"/>
DEBUG:Adding: <entity name="DoughsR61_zombieSkateboarder"/>
DEBUG:Adding: <entity name="DoughsR62_zombieDarlene"/>
DEBUG:Adding: <entity name="DoughsR64_zombieCheerleader"/>
DEBUG:ModletGen_AddZedsToEntityGroupsFile ENTITY GROUP: wanderingHordeStageGS27
DEBUG:Adding: <entity name="DoughsR16_zombieFemaleFat"/>
DEBUG:Adding: <entity name="DoughsR24_zombieNurse"/>
DEBUG:Adding: <entity name="DoughsR29_zombieBoe"/>
DEBUG:Adding: <entity name="DoughsR31_zombieArlene"/>
DEBUG:Adding: <entity name="DoughsR35_zombieJoe"/>
DEBUG:Adding: <entity name="DoughsR41_zombieYo"/>
DEBUG:Adding: <entity name="DoughsR44_zombieBusinessMan"/>
DEBUG:Adding: <entity name="DoughsR49_zombieMoe"/>
DEBUG:Adding: <entity name="DoughsR61_zombieSkateboarder"/>
DEBUG:Adding: <entity name="DoughsR62_zombieDarlene"/>
DEBUG:Adding: <entity name="DoughsR64_zombieCheerleader"/>
DEBUG:ModletGen_AddZedsToEntityGroupsFile ENTITY GROUP: wanderingHordeStageGS31
DEBUG:Adding: <entity name="DoughsR13_zombieSteve"/>
DEBUG:Adding: <entity name="DoughsR24_zombieNurse"/>
DEBUG:Adding: <entity name="DoughsR28_zombieMarlene"/>
DEBUG:Adding: <entity name="DoughsR29_zombieBoe"/>
DEBUG:Adding: <entity name="DoughsR35_zombieJoe"/>
DEBUG:Adding: <entity name="DoughsR41_zombieYo"/>
DEBUG:Adding: <entity name="DoughsR49_zombieMoe"/>
DEBUG:Adding: <entity name="DoughsR61_zombieSkateboarder"/>
DEBUG:Adding: <entity name="DoughsR62_zombieDarlene"/>
DEBUG:Adding: <entity name="DoughsR64_zombieCheerleader"/>
DEBUG:Adding: <entity name="DoughsR88_animalZombieVulture" prob="0.114"/>
DEBUG:ModletGen_AddZedsToEntityGroupsFile ENTITY GROUP: wanderingHordeStageGS36
DEBUG:Adding: <entity name="DoughsR16_zombieFemaleFat"/>
DEBUG:Adding: <entity name="DoughsR28_zombieMarlene"/>
DEBUG:Adding: <entity name="DoughsR35_zombieJoe"/>
DEBUG:Adding: <entity name="DoughsR41_zombieYo"/>
DEBUG:Adding: <entity name="DoughsR42_zombieMaleHazmat"/>
DEBUG:Adding: <entity name="DoughsR44_zombieBusinessMan"/>
DEBUG:Adding: <entity name="DoughsR45_zombieSpider" prob="0.05"/>
DEBUG:Adding: <entity name="DoughsR49_zombieMoe"/>
DEBUG:Adding: <entity name="DoughsR56_zombieUtilityWorker"/>
DEBUG:Adding: <entity name="DoughsR64_zombieCheerleader"/>
DEBUG:ModletGen_AddZedsToEntityGroupsFile ENTITY GROUP: wanderingHordeStageGS41
DEBUG:Adding: <entity name="DoughsR16_zombieFemaleFat"/>
DEBUG:Adding: <entity name="DoughsR29_zombieBoe"/>
DEBUG:Adding: <entity name="DoughsR31_zombieArlene" prob="0.064"/>
DEBUG:Adding: <entity name="DoughsR42_zombieMaleHazmat"/>
DEBUG:Adding: <entity name="DoughsR44_zombieBusinessMan"/>
DEBUG:Adding: <entity name="DoughsR49_zombieMoe"/>
DEBUG:Adding: <entity name="DoughsR62_zombieDarlene" prob="0.064"/>
DEBUG:Adding: <entity name="DoughsR62_zombieDarlene"/>
DEBUG:Adding: <entity name="DoughsR65_zombieJanitor"/>
DEBUG:Adding: <entity name="DoughsR88_animalZombieVulture" prob="0.119"/>
DEBUG:Adding: <entity name="DoughsR98_animalZombieDog" prob="0.05"/>
DEBUG:ModletGen_AddZedsToEntityGroupsFile ENTITY GROUP: wanderingHordeStageGS46
DEBUG:Adding: <entity name="DoughsR16_zombieFemaleFat"/>
DEBUG:Adding: <entity name="DoughsR25_zombieBiker"/>
DEBUG:Adding: <entity name="DoughsR26_zombieFatHawaiian"/>
DEBUG:Adding: <entity name="DoughsR27_zombieFatCop" prob="0.08"/>
DEBUG:Adding: <entity name="DoughsR28_zombieMarlene"/>
DEBUG:Adding: <entity name="DoughsR29_zombieBoe"/>
DEBUG:Adding: <entity name="DoughsR31_zombieArlene"/>
DEBUG:Adding: <entity name="DoughsR35_zombieJoe"/>
DEBUG:Adding: <entity name="DoughsR44_zombieBusinessMan" prob="0.072"/>
DEBUG:Adding: <entity name="DoughsR62_zombieDarlene" prob="0.072"/>
DEBUG:ModletGen_AddZedsToEntityGroupsFile ENTITY GROUP: wanderingHordeStageGS5
DEBUG:Adding: <entity name="DoughsR13_zombieSteve"/>
DEBUG:Adding: <entity name="DoughsR24_zombieNurse"/>
DEBUG:Adding: <entity name="DoughsR28_zombieMarlene"/>
DEBUG:Adding: <entity name="DoughsR29_zombieBoe"/>
DEBUG:Adding: <entity name="DoughsR31_zombieArlene"/>
DEBUG:Adding: <entity name="DoughsR35_zombieJoe"/>
DEBUG:Adding: <entity name="DoughsR41_zombieYo"/>
DEBUG:Adding: <entity name="DoughsR44_zombieBusinessMan"/>
DEBUG:Adding: <entity name="DoughsR49_zombieMoe"/>
DEBUG:Adding: <entity name="DoughsR61_zombieSkateboarder"/>
DEBUG:Adding: <entity name="DoughsR64_zombieCheerleader"/>
DEBUG:ModletGen_AddZedsToEntityGroupsFile ENTITY GROUP: wanderingHordeStageGS52
DEBUG:Adding: <entity name="DoughsR14_zombieSoldier" prob="0.558"/>
DEBUG:Adding: <entity name="DoughsR24_zombieNurse"/>
DEBUG:Adding: <entity name="DoughsR27_zombieFatCop" prob="0.08"/>
DEBUG:Adding: <entity name="DoughsR28_zombieMarlene" prob="0.081"/>
DEBUG:Adding: <entity name="DoughsR29_zombieBoe" prob="0.081"/>
DEBUG:Adding: <entity name="DoughsR31_zombieArlene" prob="0.081"/>
DEBUG:Adding: <entity name="DoughsR41_zombieYo"/>
DEBUG:Adding: <entity name="DoughsR44_zombieBusinessMan" prob="0.081"/>
DEBUG:Adding: <entity name="DoughsR56_zombieUtilityWorker"/>
DEBUG:Adding: <entity name="DoughsR62_zombieDarlene"/>
DEBUG:Adding: <entity name="DoughsR64_zombieCheerleader"/>
DEBUG:ModletGen_AddZedsToEntityGroupsFile ENTITY GROUP: wanderingHordeStageGS58
DEBUG:Adding: <entity name="DoughsR24_zombieNurse"/>
DEBUG:Adding: <entity name="DoughsR27_zombieFatCop" prob="0.08"/>
DEBUG:Adding: <entity name="DoughsR28_zombieMarlene" prob="0.091"/>
DEBUG:Adding: <entity name="DoughsR42_zombieMaleHazmat"/>
DEBUG:Adding: <entity name="DoughsR44_zombieBusinessMan"/>
DEBUG:Adding: <entity name="DoughsR45_zombieSpider" prob="0.09"/>
DEBUG:Adding: <entity name="DoughsR49_zombieMoe" prob="0.091"/>
DEBUG:Adding: <entity name="DoughsR62_zombieDarlene"/>
DEBUG:Adding: <entity name="DoughsR98_animalZombieDog" prob="0.05"/>
DEBUG:ModletGen_AddZedsToEntityGroupsFile ENTITY GROUP: wanderingHordeStageGS64
DEBUG:Adding: <entity name="DoughsR13_zombieSteve" prob="0.1"/>
DEBUG:Adding: <entity name="DoughsR16_zombieFemaleFat" prob="0.1"/>
DEBUG:Adding: <entity name="DoughsR16_zombieFemaleFat"/>
DEBUG:Adding: <entity name="DoughsR24_zombieNurse" prob="0.1"/>
DEBUG:Adding: <entity name="DoughsR44_zombieBusinessMan" prob="0.1"/>
DEBUG:Adding: <entity name="DoughsR45_zombieSpider" prob="0.5"/>
DEBUG:Adding: <entity name="DoughsR62_zombieDarlene"/>
DEBUG:Adding: <entity name="DoughsR65_zombieJanitor" prob="0.05"/>
DEBUG:Adding: <entity name="DoughsR98_animalZombieDog" prob="0.05"/>
DEBUG:ModletGen_AddZedsToEntityGroupsFile ENTITY GROUP: wanderingHordeStageGS70
DEBUG:Adding: <entity name="DoughsR16_zombieFemaleFat"/>
DEBUG:Adding: <entity name="DoughsR26_zombieFatHawaiian" prob="0.094"/>
DEBUG:Adding: <entity name="DoughsR26_zombieFatHawaiian"/>
DEBUG:Adding: <entity name="DoughsR28_zombieMarlene"/>
DEBUG:Adding: <entity name="DoughsR29_zombieBoe" prob="0.109"/>
DEBUG:Adding: <entity name="DoughsR45_zombieSpider" prob="0.05"/>
DEBUG:Adding: <entity name="DoughsR49_zombieMoe" prob="0.109"/>
DEBUG:Adding: <entity name="DoughsR64_zombieCheerleader"/>
DEBUG:Adding: <entity name="DoughsR88_animalZombieVulture" prob="0.132"/>
DEBUG:Adding: <entity name="DoughsR98_animalZombieDog" prob="0.05"/>
DEBUG:ModletGen_AddZedsToEntityGroupsFile ENTITY GROUP: wanderingHordeStageGS76
DEBUG:Adding: <entity name="DoughsR13_zombieSteve" prob="0.119"/>
DEBUG:Adding: <entity name="DoughsR24_zombieNurse"/>
DEBUG:Adding: <entity name="DoughsR26_zombieFatHawaiian"/>
DEBUG:Adding: <entity name="DoughsR27_zombieFatCop" prob="0.08"/>
DEBUG:Adding: <entity name="DoughsR28_zombieMarlene"/>
DEBUG:Adding: <entity name="DoughsR35_zombieJoe" prob="0.119"/>
DEBUG:Adding: <entity name="DoughsR41_zombieYo"/>
DEBUG:Adding: <entity name="DoughsR46_zombieFootballPlayer"/>
DEBUG:Adding: <entity name="DoughsR49_zombieMoe"/>
DEBUG:Adding: <entity name="DoughsR62_zombieDarlene" prob="0.119"/>
DEBUG:ModletGen_AddZedsToEntityGroupsFile ENTITY GROUP: wanderingHordeStageGS8
DEBUG:Adding: <entity name="DoughsR16_zombieFemaleFat"/>
DEBUG:Adding: <entity name="DoughsR24_zombieNurse"/>
DEBUG:Adding: <entity name="DoughsR28_zombieMarlene"/>
DEBUG:Adding: <entity name="DoughsR29_zombieBoe"/>
DEBUG:Adding: <entity name="DoughsR31_zombieArlene"/>
DEBUG:Adding: <entity name="DoughsR35_zombieJoe"/>
DEBUG:Adding: <entity name="DoughsR41_zombieYo"/>
DEBUG:Adding: <entity name="DoughsR49_zombieMoe"/>
DEBUG:Adding: <entity name="DoughsR61_zombieSkateboarder"/>
DEBUG:Adding: <entity name="DoughsR62_zombieDarlene"/>
DEBUG:Adding: <entity name="DoughsR64_zombieCheerleader"/>
DEBUG:ModletGen_AddZedsToEntityGroupsFile ENTITY GROUP: wanderingHordeStageGS82
DEBUG:Adding: <entity name="DoughsR16_zombieFemaleFat" prob="0.128"/>
DEBUG:Adding: <entity name="DoughsR24_zombieNurse" prob="0.128"/>
DEBUG:Adding: <entity name="DoughsR27_zombieFatCop" prob="0.08"/>
DEBUG:Adding: <entity name="DoughsR44_zombieBusinessMan" prob="0.128"/>
DEBUG:Adding: <entity name="DoughsR45_zombieSpider" prob="0.05"/>
DEBUG:Adding: <entity name="DoughsR49_zombieMoe" prob="0.128"/>
DEBUG:Adding: <entity name="DoughsR61_zombieSkateboarder" prob="0.128"/>
DEBUG:Adding: <entity name="DoughsR62_zombieDarlene" prob="0.128"/>
DEBUG:Adding: <entity name="DoughsR65_zombieJanitor"/>
DEBUG:ModletGen_AddZedsToEntityGroupsFile ENTITY GROUP: zombieBusinessManGroupGS1
DEBUG:Adding: <entity name="DoughsR2_zombieBusinessManFeral" prob="0"/>
DEBUG:Adding: <entity name="DoughsR44_zombieBusinessMan" prob="1"/>
DEBUG:ModletGen_AddZedsToEntityGroupsFile ENTITY GROUP: zombieBusinessManGroupGS100
DEBUG:Adding: <entity name="DoughsR2_zombieBusinessManFeral" prob="0.2"/>
DEBUG:Adding: <entity name="DoughsR44_zombieBusinessMan" prob="0.7"/>
DEBUG:ModletGen_AddZedsToEntityGroupsFile ENTITY GROUP: zombieBusinessManGroupGS200
DEBUG:Adding: <entity name="DoughsR2_zombieBusinessManFeral" prob="0.3"/>
DEBUG:Adding: <entity name="DoughsR44_zombieBusinessMan" prob="0.55"/>
DEBUG:ModletGen_AddZedsToEntityGroupsFile ENTITY GROUP: zombieBusinessManGroupGS400
DEBUG:Adding: <entity name="DoughsR2_zombieBusinessManFeral" prob="0.4"/>
DEBUG:Adding: <entity name="DoughsR44_zombieBusinessMan" prob="0.4"/>
DEBUG:ModletGen_AddZedsToEntityGroupsFile ENTITY GROUP: zombieBusinessManGroupGS50
DEBUG:Adding: <entity name="DoughsR2_zombieBusinessManFeral" prob="0.1"/>
DEBUG:Adding: <entity name="DoughsR44_zombieBusinessMan" prob="0.85"/>
DEBUG:ModletGen_AddZedsToEntityGroupsFile ENTITY GROUP: zombieBusinessManGroupGS800
DEBUG:Adding: <entity name="DoughsR2_zombieBusinessManFeral" prob="0.5"/>
DEBUG:Adding: <entity name="DoughsR44_zombieBusinessMan" prob="0.25"/>
DEBUG:ModletGen_AddZedsToEntityGroupsFile ENTITY GROUP: zombieFarmerGroupGS1
DEBUG:Adding: <entity name="DoughsR101_animalChicken"/>
DEBUG:Adding: <entity name="DoughsR10_zombieFemaleFatFeral" prob="0"/>
DEBUG:Adding: <entity name="DoughsR16_zombieFemaleFat" prob="1"/>
DEBUG:Adding: <entity name="DoughsR4_zombieFarmer" prob="1"/>
DEBUG:Adding: <entity name="DoughsR54_zombieFemaleFatRadiated" prob="0"/>
DEBUG:Adding: <entity name="DoughsR82_zombieFarmerFeral" prob="0"/>
DEBUG:Adding: <entity name="DoughsR94_animalBoar"/>
DEBUG:Adding: <entity name="DoughsR98_animalZombieDog"/>
DEBUG:ModletGen_AddZedsToEntityGroupsFile ENTITY GROUP: zombieFarmerGroupGS100
DEBUG:Adding: <entity name="DoughsR101_animalChicken"/>
DEBUG:Adding: <entity name="DoughsR10_zombieFemaleFatFeral" prob="0.2"/>
DEBUG:Adding: <entity name="DoughsR16_zombieFemaleFat" prob="0.7"/>
DEBUG:Adding: <entity name="DoughsR4_zombieFarmer" prob="0.7"/>
DEBUG:Adding: <entity name="DoughsR54_zombieFemaleFatRadiated" prob="0"/>
DEBUG:Adding: <entity name="DoughsR82_zombieFarmerFeral" prob="0.2"/>
DEBUG:Adding: <entity name="DoughsR94_animalBoar"/>
DEBUG:Adding: <entity name="DoughsR95_animalZombieBear" prob="0.1"/>
DEBUG:Adding: <entity name="DoughsR98_animalZombieDog"/>
DEBUG:ModletGen_AddZedsToEntityGroupsFile ENTITY GROUP: zombieFarmerGroupGS200
DEBUG:Adding: <entity name="DoughsR101_animalChicken"/>
DEBUG:Adding: <entity name="DoughsR10_zombieFemaleFatFeral" prob="0.3"/>
DEBUG:Adding: <entity name="DoughsR16_zombieFemaleFat" prob="0.55"/>
DEBUG:Adding: <entity name="DoughsR4_zombieFarmer" prob="0.55"/>
DEBUG:Adding: <entity name="DoughsR54_zombieFemaleFatRadiated" prob="0.15"/>
DEBUG:Adding: <entity name="DoughsR82_zombieFarmerFeral" prob="0.3"/>
DEBUG:Adding: <entity name="DoughsR94_animalBoar"/>
DEBUG:Adding: <entity name="DoughsR95_animalZombieBear" prob="0.2"/>
DEBUG:Adding: <entity name="DoughsR98_animalZombieDog"/>
DEBUG:ModletGen_AddZedsToEntityGroupsFile ENTITY GROUP: zombieFarmerGroupGS400
DEBUG:Adding: <entity name="DoughsR101_animalChicken"/>
DEBUG:Adding: <entity name="DoughsR10_zombieFemaleFatFeral" prob="0.4"/>
DEBUG:Adding: <entity name="DoughsR16_zombieFemaleFat" prob="0.4"/>
DEBUG:Adding: <entity name="DoughsR4_zombieFarmer" prob="0.4"/>
DEBUG:Adding: <entity name="DoughsR54_zombieFemaleFatRadiated" prob="0.3"/>
DEBUG:Adding: <entity name="DoughsR82_zombieFarmerFeral" prob="0.4"/>
DEBUG:Adding: <entity name="DoughsR94_animalBoar"/>
DEBUG:Adding: <entity name="DoughsR95_animalZombieBear" prob="0.35"/>
DEBUG:Adding: <entity name="DoughsR98_animalZombieDog"/>
DEBUG:ModletGen_AddZedsToEntityGroupsFile ENTITY GROUP: zombieFarmerGroupGS50
DEBUG:Adding: <entity name="DoughsR101_animalChicken"/>
DEBUG:Adding: <entity name="DoughsR10_zombieFemaleFatFeral" prob="0.1"/>
DEBUG:Adding: <entity name="DoughsR16_zombieFemaleFat" prob="0.85"/>
DEBUG:Adding: <entity name="DoughsR4_zombieFarmer" prob="0.85"/>
DEBUG:Adding: <entity name="DoughsR54_zombieFemaleFatRadiated" prob="0"/>
DEBUG:Adding: <entity name="DoughsR82_zombieFarmerFeral" prob="0.1"/>
DEBUG:Adding: <entity name="DoughsR94_animalBoar"/>
DEBUG:Adding: <entity name="DoughsR98_animalZombieDog"/>
DEBUG:ModletGen_AddZedsToEntityGroupsFile ENTITY GROUP: zombieFarmerGroupGS800
DEBUG:Adding: <entity name="DoughsR101_animalChicken"/>
DEBUG:Adding: <entity name="DoughsR10_zombieFemaleFatFeral" prob="0.5"/>
DEBUG:Adding: <entity name="DoughsR16_zombieFemaleFat" prob="0.25"/>
DEBUG:Adding: <entity name="DoughsR4_zombieFarmer" prob="0.25"/>
DEBUG:Adding: <entity name="DoughsR54_zombieFemaleFatRadiated" prob="0.45"/>
DEBUG:Adding: <entity name="DoughsR82_zombieFarmerFeral" prob="0.5"/>
DEBUG:Adding: <entity name="DoughsR94_animalBoar"/>
DEBUG:Adding: <entity name="DoughsR95_animalZombieBear" prob="0.5"/>
DEBUG:Adding: <entity name="DoughsR98_animalZombieDog"/>
DEBUG:ModletGen_AddZedsToEntityGroupsFile ENTITY GROUP: zombieFatCopGroupGS1
DEBUG:Adding: <entity name="DoughsR27_zombieFatCop" prob="1"/>
DEBUG:Adding: <entity name="DoughsR63_zombieFatCopFeral" prob="0"/>
DEBUG:ModletGen_AddZedsToEntityGroupsFile ENTITY GROUP: zombieFatCopGroupGS100
DEBUG:Adding: <entity name="DoughsR27_zombieFatCop" prob="0.7"/>
DEBUG:Adding: <entity name="DoughsR3_zombieFatCopRadiated" prob="0.05"/>
DEBUG:Adding: <entity name="DoughsR63_zombieFatCopFeral" prob="0.2"/>
DEBUG:ModletGen_AddZedsToEntityGroupsFile ENTITY GROUP: zombieFatCopGroupGS200
DEBUG:Adding: <entity name="DoughsR27_zombieFatCop" prob="0.55"/>
DEBUG:Adding: <entity name="DoughsR3_zombieFatCopRadiated" prob="0.1"/>
DEBUG:Adding: <entity name="DoughsR63_zombieFatCopFeral" prob="0.3"/>
DEBUG:ModletGen_AddZedsToEntityGroupsFile ENTITY GROUP: zombieFatCopGroupGS400
DEBUG:Adding: <entity name="DoughsR27_zombieFatCop" prob="0.4"/>
DEBUG:Adding: <entity name="DoughsR3_zombieFatCopRadiated" prob="0.2"/>
DEBUG:Adding: <entity name="DoughsR63_zombieFatCopFeral" prob="0.4"/>
DEBUG:ModletGen_AddZedsToEntityGroupsFile ENTITY GROUP: zombieFatCopGroupGS50
DEBUG:Adding: <entity name="DoughsR27_zombieFatCop" prob="0.85"/>
DEBUG:Adding: <entity name="DoughsR63_zombieFatCopFeral" prob="0.1"/>
DEBUG:ModletGen_AddZedsToEntityGroupsFile ENTITY GROUP: zombieFatCopGroupGS800
DEBUG:Adding: <entity name="DoughsR27_zombieFatCop" prob="0.25"/>
DEBUG:Adding: <entity name="DoughsR3_zombieFatCopRadiated" prob="0.4"/>
DEBUG:Adding: <entity name="DoughsR63_zombieFatCopFeral" prob="0.5"/>
DEBUG:ModletGen_AddZedsToEntityGroupsFile ENTITY GROUP: zombieHospitalGroupGS1
DEBUG:Adding: <entity name="DoughsR11_zombieBoeFeral" prob="0"/>
DEBUG:Adding: <entity name="DoughsR12_zombieJoeFeral" prob="0"/>
DEBUG:Adding: <entity name="DoughsR24_zombieNurse" prob="2.5"/>
DEBUG:Adding: <entity name="DoughsR28_zombieMarlene" prob="1"/>
DEBUG:Adding: <entity name="DoughsR29_zombieBoe" prob="1"/>
DEBUG:Adding: <entity name="DoughsR31_zombieArlene" prob="1"/>
DEBUG:Adding: <entity name="DoughsR34_zombieMarleneRadiated" prob="0"/>
DEBUG:Adding: <entity name="DoughsR35_zombieJoe" prob="1"/>
DEBUG:Adding: <entity name="DoughsR36_zombieYoRadiated" prob="0"/>
DEBUG:Adding: <entity name="DoughsR37_zombieMarleneFeral" prob="0"/>
DEBUG:Adding: <entity name="DoughsR38_zombieLab" prob="1.7"/>
DEBUG:Adding: <entity name="DoughsR39_zombieSkateboarderFeral" prob="0"/>
DEBUG:Adding: <entity name="DoughsR41_zombieYo" prob="1"/>
DEBUG:Adding: <entity name="DoughsR42_zombieMaleHazmat" prob="1.7"/>
DEBUG:Adding: <entity name="DoughsR50_zombieBoeRadiated" prob="0"/>
DEBUG:Adding: <entity name="DoughsR55_zombieJoeRadiated" prob="0"/>
DEBUG:Adding: <entity name="DoughsR59_zombieArleneFeral" prob="0"/>
DEBUG:Adding: <entity name="DoughsR61_zombieSkateboarder" prob="1"/>
DEBUG:Adding: <entity name="DoughsR71_zombieNurseFeral" prob="0"/>
DEBUG:Adding: <entity name="DoughsR75_zombieSkateboarderRadiated" prob="0"/>
DEBUG:Adding: <entity name="DoughsR79_zombieYoFeral" prob="0"/>
DEBUG:Adding: <entity name="DoughsR8_zombieArleneRadiated" prob="0"/>
DEBUG:ModletGen_AddZedsToEntityGroupsFile ENTITY GROUP: zombieHospitalGroupGS100
DEBUG:Adding: <entity name="DoughsR11_zombieBoeFeral" prob="0.2"/>
DEBUG:Adding: <entity name="DoughsR12_zombieJoeFeral" prob="0.2"/>
DEBUG:Adding: <entity name="DoughsR24_zombieNurse" prob="1.75"/>
DEBUG:Adding: <entity name="DoughsR28_zombieMarlene" prob="0.7"/>
DEBUG:Adding: <entity name="DoughsR29_zombieBoe" prob="0.7"/>
DEBUG:Adding: <entity name="DoughsR31_zombieArlene" prob="0.7"/>
DEBUG:Adding: <entity name="DoughsR34_zombieMarleneRadiated" prob="0"/>
DEBUG:Adding: <entity name="DoughsR35_zombieJoe" prob="0.7"/>
DEBUG:Adding: <entity name="DoughsR36_zombieYoRadiated" prob="0"/>
DEBUG:Adding: <entity name="DoughsR37_zombieMarleneFeral" prob="0.2"/>
DEBUG:Adding: <entity name="DoughsR38_zombieLab" prob="1.7"/>
DEBUG:Adding: <entity name="DoughsR39_zombieSkateboarderFeral" prob="0.2"/>
DEBUG:Adding: <entity name="DoughsR41_zombieYo" prob="0.7"/>
DEBUG:Adding: <entity name="DoughsR42_zombieMaleHazmat" prob="1.7"/>
DEBUG:Adding: <entity name="DoughsR50_zombieBoeRadiated" prob="0"/>
DEBUG:Adding: <entity name="DoughsR55_zombieJoeRadiated" prob="0"/>
DEBUG:Adding: <entity name="DoughsR59_zombieArleneFeral" prob="0.2"/>
DEBUG:Adding: <entity name="DoughsR61_zombieSkateboarder" prob="0.7"/>
DEBUG:Adding: <entity name="DoughsR71_zombieNurseFeral" prob="0.5"/>
DEBUG:Adding: <entity name="DoughsR75_zombieSkateboarderRadiated" prob="0"/>
DEBUG:Adding: <entity name="DoughsR79_zombieYoFeral" prob="0.2"/>
DEBUG:Adding: <entity name="DoughsR8_zombieArleneRadiated" prob="0"/>
DEBUG:ModletGen_AddZedsToEntityGroupsFile ENTITY GROUP: zombieHospitalGroupGS200
DEBUG:Adding: <entity name="DoughsR11_zombieBoeFeral" prob="0.3"/>
DEBUG:Adding: <entity name="DoughsR12_zombieJoeFeral" prob="0.3"/>
DEBUG:Adding: <entity name="DoughsR24_zombieNurse" prob="1.375"/>
DEBUG:Adding: <entity name="DoughsR28_zombieMarlene" prob="0.55"/>
DEBUG:Adding: <entity name="DoughsR29_zombieBoe" prob="0.55"/>
DEBUG:Adding: <entity name="DoughsR31_zombieArlene" prob="0.55"/>
DEBUG:Adding: <entity name="DoughsR34_zombieMarleneRadiated" prob="0.15"/>
DEBUG:Adding: <entity name="DoughsR35_zombieJoe" prob="0.55"/>
DEBUG:Adding: <entity name="DoughsR36_zombieYoRadiated" prob="0.15"/>
DEBUG:Adding: <entity name="DoughsR37_zombieMarleneFeral" prob="0.3"/>
DEBUG:Adding: <entity name="DoughsR38_zombieLab" prob="1.7"/>
DEBUG:Adding: <entity name="DoughsR39_zombieSkateboarderFeral" prob="0.3"/>
DEBUG:Adding: <entity name="DoughsR41_zombieYo" prob="0.55"/>
DEBUG:Adding: <entity name="DoughsR42_zombieMaleHazmat" prob="1.7"/>
DEBUG:Adding: <entity name="DoughsR50_zombieBoeRadiated" prob="0.15"/>
DEBUG:Adding: <entity name="DoughsR55_zombieJoeRadiated" prob="0.15"/>
DEBUG:Adding: <entity name="DoughsR59_zombieArleneFeral" prob="0.3"/>
DEBUG:Adding: <entity name="DoughsR61_zombieSkateboarder" prob="0.55"/>
DEBUG:Adding: <entity name="DoughsR71_zombieNurseFeral" prob="0.75"/>
DEBUG:Adding: <entity name="DoughsR75_zombieSkateboarderRadiated" prob="0.15"/>
DEBUG:Adding: <entity name="DoughsR79_zombieYoFeral" prob="0.3"/>
DEBUG:Adding: <entity name="DoughsR8_zombieArleneRadiated" prob="0.15"/>
DEBUG:ModletGen_AddZedsToEntityGroupsFile ENTITY GROUP: zombieHospitalGroupGS400
DEBUG:Adding: <entity name="DoughsR11_zombieBoeFeral" prob="0.4"/>
DEBUG:Adding: <entity name="DoughsR12_zombieJoeFeral" prob="0.4"/>
DEBUG:Adding: <entity name="DoughsR24_zombieNurse" prob="1"/>
DEBUG:Adding: <entity name="DoughsR28_zombieMarlene" prob="0.4"/>
DEBUG:Adding: <entity name="DoughsR29_zombieBoe" prob="0.4"/>
DEBUG:Adding: <entity name="DoughsR31_zombieArlene" prob="0.4"/>
DEBUG:Adding: <entity name="DoughsR34_zombieMarleneRadiated" prob="0.3"/>
DEBUG:Adding: <entity name="DoughsR35_zombieJoe" prob="0.4"/>
DEBUG:Adding: <entity name="DoughsR36_zombieYoRadiated" prob="0.3"/>
DEBUG:Adding: <entity name="DoughsR37_zombieMarleneFeral" prob="0.4"/>
DEBUG:Adding: <entity name="DoughsR38_zombieLab" prob="1.7"/>
DEBUG:Adding: <entity name="DoughsR39_zombieSkateboarderFeral" prob="0.4"/>
DEBUG:Adding: <entity name="DoughsR41_zombieYo" prob="0.4"/>
DEBUG:Adding: <entity name="DoughsR42_zombieMaleHazmat" prob="1.7"/>
DEBUG:Adding: <entity name="DoughsR50_zombieBoeRadiated" prob="0.3"/>
DEBUG:Adding: <entity name="DoughsR55_zombieJoeRadiated" prob="0.3"/>
DEBUG:Adding: <entity name="DoughsR59_zombieArleneFeral" prob="0.4"/>
DEBUG:Adding: <entity name="DoughsR61_zombieSkateboarder" prob="0.4"/>
DEBUG:Adding: <entity name="DoughsR71_zombieNurseFeral" prob="1"/>
DEBUG:Adding: <entity name="DoughsR75_zombieSkateboarderRadiated" prob="0.3"/>
DEBUG:Adding: <entity name="DoughsR79_zombieYoFeral" prob="0.4"/>
DEBUG:Adding: <entity name="DoughsR8_zombieArleneRadiated" prob="0.3"/>
DEBUG:ModletGen_AddZedsToEntityGroupsFile ENTITY GROUP: zombieHospitalGroupGS50
DEBUG:Adding: <entity name="DoughsR11_zombieBoeFeral" prob="0.1"/>
DEBUG:Adding: <entity name="DoughsR12_zombieJoeFeral" prob="0.1"/>
DEBUG:Adding: <entity name="DoughsR24_zombieNurse" prob="2.125"/>
DEBUG:Adding: <entity name="DoughsR28_zombieMarlene" prob="0.85"/>
DEBUG:Adding: <entity name="DoughsR29_zombieBoe" prob="0.85"/>
DEBUG:Adding: <entity name="DoughsR31_zombieArlene" prob="0.85"/>
DEBUG:Adding: <entity name="DoughsR34_zombieMarleneRadiated" prob="0"/>
DEBUG:Adding: <entity name="DoughsR35_zombieJoe" prob="0.85"/>
DEBUG:Adding: <entity name="DoughsR36_zombieYoRadiated" prob="0"/>
DEBUG:Adding: <entity name="DoughsR37_zombieMarleneFeral" prob="0.1"/>
DEBUG:Adding: <entity name="DoughsR38_zombieLab" prob="1.7"/>
DEBUG:Adding: <entity name="DoughsR39_zombieSkateboarderFeral" prob="0.1"/>
DEBUG:Adding: <entity name="DoughsR41_zombieYo" prob="0.85"/>
DEBUG:Adding: <entity name="DoughsR42_zombieMaleHazmat" prob="1.7"/>
DEBUG:Adding: <entity name="DoughsR50_zombieBoeRadiated" prob="0"/>
DEBUG:Adding: <entity name="DoughsR55_zombieJoeRadiated" prob="0"/>
DEBUG:Adding: <entity name="DoughsR59_zombieArleneFeral" prob="0.1"/>
DEBUG:Adding: <entity name="DoughsR61_zombieSkateboarder" prob="0.85"/>
DEBUG:Adding: <entity name="DoughsR71_zombieNurseFeral" prob="0.25"/>
DEBUG:Adding: <entity name="DoughsR75_zombieSkateboarderRadiated" prob="0"/>
DEBUG:Adding: <entity name="DoughsR79_zombieYoFeral" prob="0.1"/>
DEBUG:Adding: <entity name="DoughsR8_zombieArleneRadiated" prob="0"/>
DEBUG:ModletGen_AddZedsToEntityGroupsFile ENTITY GROUP: zombieHospitalGroupGS800
DEBUG:Adding: <entity name="DoughsR11_zombieBoeFeral" prob="0.5"/>
DEBUG:Adding: <entity name="DoughsR12_zombieJoeFeral" prob="0.5"/>
DEBUG:Adding: <entity name="DoughsR24_zombieNurse" prob="0.625"/>
DEBUG:Adding: <entity name="DoughsR28_zombieMarlene" prob="0.25"/>
DEBUG:Adding: <entity name="DoughsR29_zombieBoe" prob="0.25"/>
DEBUG:Adding: <entity name="DoughsR31_zombieArlene" prob="0.25"/>
DEBUG:Adding: <entity name="DoughsR34_zombieMarleneRadiated" prob="0.45"/>
DEBUG:Adding: <entity name="DoughsR35_zombieJoe" prob="0.25"/>
DEBUG:Adding: <entity name="DoughsR36_zombieYoRadiated" prob="0.45"/>
DEBUG:Adding: <entity name="DoughsR37_zombieMarleneFeral" prob="0.5"/>
DEBUG:Adding: <entity name="DoughsR38_zombieLab" prob="1.7"/>
DEBUG:Adding: <entity name="DoughsR39_zombieSkateboarderFeral" prob="0.5"/>
DEBUG:Adding: <entity name="DoughsR41_zombieYo" prob="0.25"/>
DEBUG:Adding: <entity name="DoughsR42_zombieMaleHazmat" prob="1.7"/>
DEBUG:Adding: <entity name="DoughsR50_zombieBoeRadiated" prob="0.45"/>
DEBUG:Adding: <entity name="DoughsR55_zombieJoeRadiated" prob="0.45"/>
DEBUG:Adding: <entity name="DoughsR59_zombieArleneFeral" prob="0.5"/>
DEBUG:Adding: <entity name="DoughsR61_zombieSkateboarder" prob="0.25"/>
DEBUG:Adding: <entity name="DoughsR71_zombieNurseFeral" prob="1.25"/>
DEBUG:Adding: <entity name="DoughsR75_zombieSkateboarderRadiated" prob="0.45"/>
DEBUG:Adding: <entity name="DoughsR79_zombieYoFeral" prob="0.5"/>
DEBUG:Adding: <entity name="DoughsR8_zombieArleneRadiated" prob="0.45"/>
DEBUG:ModletGen_AddZedsToEntityGroupsFile ENTITY GROUP: zombieJanitorGroupGS1
DEBUG:Adding: <entity name="DoughsR65_zombieJanitor" prob="1"/>
DEBUG:ModletGen_AddZedsToEntityGroupsFile ENTITY GROUP: zombieJanitorGroupGS100
DEBUG:Adding: <entity name="DoughsR53_zombieJanitorFeral" prob="0.2"/>
DEBUG:Adding: <entity name="DoughsR58_zombieJanitorRadiated" prob="0.05"/>
DEBUG:Adding: <entity name="DoughsR65_zombieJanitor" prob="0.7"/>
DEBUG:ModletGen_AddZedsToEntityGroupsFile ENTITY GROUP: zombieJanitorGroupGS200
DEBUG:Adding: <entity name="DoughsR53_zombieJanitorFeral" prob="0.3"/>
DEBUG:Adding: <entity name="DoughsR58_zombieJanitorRadiated" prob="0.1"/>
DEBUG:Adding: <entity name="DoughsR65_zombieJanitor" prob="0.55"/>
DEBUG:ModletGen_AddZedsToEntityGroupsFile ENTITY GROUP: zombieJanitorGroupGS400
DEBUG:Adding: <entity name="DoughsR53_zombieJanitorFeral" prob="0.4"/>
DEBUG:Adding: <entity name="DoughsR58_zombieJanitorRadiated" prob="0.2"/>
DEBUG:Adding: <entity name="DoughsR65_zombieJanitor" prob="0.4"/>
DEBUG:ModletGen_AddZedsToEntityGroupsFile ENTITY GROUP: zombieJanitorGroupGS50
DEBUG:Adding: <entity name="DoughsR53_zombieJanitorFeral" prob="0.1"/>
DEBUG:Adding: <entity name="DoughsR65_zombieJanitor" prob="0.85"/>
DEBUG:ModletGen_AddZedsToEntityGroupsFile ENTITY GROUP: zombieJanitorGroupGS800
DEBUG:Adding: <entity name="DoughsR53_zombieJanitorFeral" prob="0.5"/>
DEBUG:Adding: <entity name="DoughsR58_zombieJanitorRadiated" prob="0.4"/>
DEBUG:Adding: <entity name="DoughsR65_zombieJanitor" prob="0.25"/>
DEBUG:ModletGen_AddZedsToEntityGroupsFile ENTITY GROUP: zombieLabWorkerGroupGS1
DEBUG:Adding: <entity name="DoughsR18_zombieLabFeral" prob="0"/>
DEBUG:Adding: <entity name="DoughsR2_zombieBusinessManFeral" prob="0"/>
DEBUG:Adding: <entity name="DoughsR38_zombieLab" prob="1"/>
DEBUG:Adding: <entity name="DoughsR44_zombieBusinessMan" prob="0.1"/>
DEBUG:Adding: <entity name="DoughsR60_zombieLabRadiated" prob="0"/>
DEBUG:ModletGen_AddZedsToEntityGroupsFile ENTITY GROUP: zombieLabWorkerGroupGS100
DEBUG:Adding: <entity name="DoughsR18_zombieLabFeral" prob="0.2"/>
DEBUG:Adding: <entity name="DoughsR2_zombieBusinessManFeral" prob="0.04"/>
DEBUG:Adding: <entity name="DoughsR38_zombieLab" prob="0.7"/>
DEBUG:Adding: <entity name="DoughsR44_zombieBusinessMan" prob="0.08"/>
DEBUG:Adding: <entity name="DoughsR60_zombieLabRadiated" prob="0"/>
DEBUG:ModletGen_AddZedsToEntityGroupsFile ENTITY GROUP: zombieLabWorkerGroupGS200
DEBUG:Adding: <entity name="DoughsR18_zombieLabFeral" prob="0.3"/>
DEBUG:Adding: <entity name="DoughsR2_zombieBusinessManFeral" prob="0.06"/>
DEBUG:Adding: <entity name="DoughsR38_zombieLab" prob="0.55"/>
DEBUG:Adding: <entity name="DoughsR44_zombieBusinessMan" prob="0.07"/>
DEBUG:Adding: <entity name="DoughsR60_zombieLabRadiated" prob="0.15"/>
DEBUG:ModletGen_AddZedsToEntityGroupsFile ENTITY GROUP: zombieLabWorkerGroupGS400
DEBUG:Adding: <entity name="DoughsR18_zombieLabFeral" prob="0.4"/>
DEBUG:Adding: <entity name="DoughsR2_zombieBusinessManFeral" prob="0.08"/>
DEBUG:Adding: <entity name="DoughsR38_zombieLab" prob="0.4"/>
DEBUG:Adding: <entity name="DoughsR44_zombieBusinessMan" prob="0.06"/>
DEBUG:Adding: <entity name="DoughsR60_zombieLabRadiated" prob="0.3"/>
DEBUG:ModletGen_AddZedsToEntityGroupsFile ENTITY GROUP: zombieLabWorkerGroupGS50
DEBUG:Adding: <entity name="DoughsR18_zombieLabFeral" prob="0.1"/>
DEBUG:Adding: <entity name="DoughsR2_zombieBusinessManFeral" prob="0.02"/>
DEBUG:Adding: <entity name="DoughsR38_zombieLab" prob="0.85"/>
DEBUG:Adding: <entity name="DoughsR44_zombieBusinessMan" prob="0.09"/>
DEBUG:Adding: <entity name="DoughsR60_zombieLabRadiated" prob="0"/>
DEBUG:ModletGen_AddZedsToEntityGroupsFile ENTITY GROUP: zombieLabWorkerGroupGS800
DEBUG:Adding: <entity name="DoughsR18_zombieLabFeral" prob="0.5"/>
DEBUG:Adding: <entity name="DoughsR2_zombieBusinessManFeral" prob="0.1"/>
DEBUG:Adding: <entity name="DoughsR38_zombieLab" prob="0.25"/>
DEBUG:Adding: <entity name="DoughsR44_zombieBusinessMan" prob="0.05"/>
DEBUG:Adding: <entity name="DoughsR60_zombieLabRadiated" prob="0.45"/>
DEBUG:ModletGen_AddZedsToEntityGroupsFile ENTITY GROUP: zombieSnowGroupGS1
DEBUG:Adding: <entity name="DoughsR23_zombieSnow" prob="1"/>
DEBUG:Adding: <entity name="DoughsR67_zombieSnowFeral" prob="0"/>
DEBUG:ModletGen_AddZedsToEntityGroupsFile ENTITY GROUP: zombieSnowGroupGS100
DEBUG:Adding: <entity name="DoughsR23_zombieSnow" prob="0.7"/>
DEBUG:Adding: <entity name="DoughsR67_zombieSnowFeral" prob="0.2"/>
DEBUG:ModletGen_AddZedsToEntityGroupsFile ENTITY GROUP: zombieSnowGroupGS200
DEBUG:Adding: <entity name="DoughsR23_zombieSnow" prob="0.55"/>
DEBUG:Adding: <entity name="DoughsR67_zombieSnowFeral" prob="0.3"/>
DEBUG:ModletGen_AddZedsToEntityGroupsFile ENTITY GROUP: zombieSnowGroupGS400
DEBUG:Adding: <entity name="DoughsR23_zombieSnow" prob="0.4"/>
DEBUG:Adding: <entity name="DoughsR67_zombieSnowFeral" prob="0.4"/>
DEBUG:ModletGen_AddZedsToEntityGroupsFile ENTITY GROUP: zombieSnowGroupGS50
DEBUG:Adding: <entity name="DoughsR23_zombieSnow" prob="0.85"/>
DEBUG:Adding: <entity name="DoughsR67_zombieSnowFeral" prob="0.1"/>
DEBUG:ModletGen_AddZedsToEntityGroupsFile ENTITY GROUP: zombieSnowGroupGS800
DEBUG:Adding: <entity name="DoughsR23_zombieSnow" prob="0.25"/>
DEBUG:Adding: <entity name="DoughsR67_zombieSnowFeral" prob="0.5"/>
DEBUG:ModletGen_AddZedsToEntityGroupsFile ENTITY GROUP: zombieSoldierGroupGS1
DEBUG:Adding: <entity name="DoughsR13_zombieSteve" prob="0.01"/>
DEBUG:Adding: <entity name="DoughsR14_zombieSoldier" prob="1"/>
DEBUG:Adding: <entity name="DoughsR20_zombieSoldierRadiated" prob="0"/>
DEBUG:Adding: <entity name="DoughsR24_zombieNurse" prob="0.01"/>
DEBUG:Adding: <entity name="DoughsR28_zombieMarlene" prob="0.01"/>
DEBUG:Adding: <entity name="DoughsR29_zombieBoe" prob="0.01"/>
DEBUG:Adding: <entity name="DoughsR31_zombieArlene" prob="0.01"/>
DEBUG:Adding: <entity name="DoughsR35_zombieJoe" prob="0.01"/>
DEBUG:Adding: <entity name="DoughsR41_zombieYo" prob="0.01"/>
DEBUG:Adding: <entity name="DoughsR42_zombieMaleHazmat" prob="0.4"/>
DEBUG:Adding: <entity name="DoughsR45_zombieSpider" prob="0.01"/>
DEBUG:Adding: <entity name="DoughsR49_zombieMoe" prob="0.01"/>
DEBUG:Adding: <entity name="DoughsR62_zombieDarlene" prob="0.01"/>
DEBUG:Adding: <entity name="DoughsR6_zombieSoldierFeral" prob="0"/>
DEBUG:Adding: <entity name="DoughsR7_zombieWightFeral" prob="0.01"/>
DEBUG:ModletGen_AddZedsToEntityGroupsFile ENTITY GROUP: zombieSoldierGroupGS100
DEBUG:Adding: <entity name="DoughsR13_zombieSteve" prob="0.01"/>
DEBUG:Adding: <entity name="DoughsR14_zombieSoldier" prob="0.7"/>
DEBUG:Adding: <entity name="DoughsR20_zombieSoldierRadiated" prob="0"/>
DEBUG:Adding: <entity name="DoughsR24_zombieNurse" prob="0.01"/>
DEBUG:Adding: <entity name="DoughsR28_zombieMarlene" prob="0.01"/>
DEBUG:Adding: <entity name="DoughsR29_zombieBoe" prob="0.01"/>
DEBUG:Adding: <entity name="DoughsR31_zombieArlene" prob="0.01"/>
DEBUG:Adding: <entity name="DoughsR35_zombieJoe" prob="0.01"/>
DEBUG:Adding: <entity name="DoughsR41_zombieYo" prob="0.01"/>
DEBUG:Adding: <entity name="DoughsR42_zombieMaleHazmat" prob="0.4"/>
DEBUG:Adding: <entity name="DoughsR45_zombieSpider" prob="0.01"/>
DEBUG:Adding: <entity name="DoughsR49_zombieMoe" prob="0.01"/>
DEBUG:Adding: <entity name="DoughsR62_zombieDarlene" prob="0.01"/>
DEBUG:Adding: <entity name="DoughsR6_zombieSoldierFeral" prob="0.2"/>
DEBUG:Adding: <entity name="DoughsR7_zombieWightFeral" prob="0.01"/>
DEBUG:ModletGen_AddZedsToEntityGroupsFile ENTITY GROUP: zombieSoldierGroupGS200
DEBUG:Adding: <entity name="DoughsR13_zombieSteve" prob="0.01"/>
DEBUG:Adding: <entity name="DoughsR14_zombieSoldier" prob="0.55"/>
DEBUG:Adding: <entity name="DoughsR20_zombieSoldierRadiated" prob="0.15"/>
DEBUG:Adding: <entity name="DoughsR24_zombieNurse" prob="0.01"/>
DEBUG:Adding: <entity name="DoughsR28_zombieMarlene" prob="0.01"/>
DEBUG:Adding: <entity name="DoughsR29_zombieBoe" prob="0.01"/>
DEBUG:Adding: <entity name="DoughsR31_zombieArlene" prob="0.01"/>
DEBUG:Adding: <entity name="DoughsR35_zombieJoe" prob="0.01"/>
DEBUG:Adding: <entity name="DoughsR41_zombieYo" prob="0.01"/>
DEBUG:Adding: <entity name="DoughsR42_zombieMaleHazmat" prob="0.4"/>
DEBUG:Adding: <entity name="DoughsR45_zombieSpider" prob="0.01"/>
DEBUG:Adding: <entity name="DoughsR49_zombieMoe" prob="0.01"/>
DEBUG:Adding: <entity name="DoughsR62_zombieDarlene" prob="0.01"/>
DEBUG:Adding: <entity name="DoughsR6_zombieSoldierFeral" prob="0.3"/>
DEBUG:Adding: <entity name="DoughsR7_zombieWightFeral" prob="0.01"/>
DEBUG:ModletGen_AddZedsToEntityGroupsFile ENTITY GROUP: zombieSoldierGroupGS400
DEBUG:Adding: <entity name="DoughsR13_zombieSteve" prob="0.01"/>
DEBUG:Adding: <entity name="DoughsR14_zombieSoldier" prob="0.4"/>
DEBUG:Adding: <entity name="DoughsR20_zombieSoldierRadiated" prob="0.3"/>
DEBUG:Adding: <entity name="DoughsR24_zombieNurse" prob="0.01"/>
DEBUG:Adding: <entity name="DoughsR28_zombieMarlene" prob="0.01"/>
DEBUG:Adding: <entity name="DoughsR29_zombieBoe" prob="0.01"/>
DEBUG:Adding: <entity name="DoughsR31_zombieArlene" prob="0.01"/>
DEBUG:Adding: <entity name="DoughsR35_zombieJoe" prob="0.01"/>
DEBUG:Adding: <entity name="DoughsR41_zombieYo" prob="0.01"/>
DEBUG:Adding: <entity name="DoughsR42_zombieMaleHazmat" prob="0.4"/>
DEBUG:Adding: <entity name="DoughsR45_zombieSpider" prob="0.01"/>
DEBUG:Adding: <entity name="DoughsR49_zombieMoe" prob="0.01"/>
DEBUG:Adding: <entity name="DoughsR62_zombieDarlene" prob="0.01"/>
DEBUG:Adding: <entity name="DoughsR6_zombieSoldierFeral" prob="0.4"/>
DEBUG:Adding: <entity name="DoughsR7_zombieWightFeral" prob="0.01"/>
DEBUG:ModletGen_AddZedsToEntityGroupsFile ENTITY GROUP: zombieSoldierGroupGS50
DEBUG:Adding: <entity name="DoughsR13_zombieSteve" prob="0.01"/>
DEBUG:Adding: <entity name="DoughsR14_zombieSoldier" prob="0.85"/>
DEBUG:Adding: <entity name="DoughsR20_zombieSoldierRadiated" prob="0"/>
DEBUG:Adding: <entity name="DoughsR24_zombieNurse" prob="0.01"/>
DEBUG:Adding: <entity name="DoughsR28_zombieMarlene" prob="0.01"/>
DEBUG:Adding: <entity name="DoughsR29_zombieBoe" prob="0.01"/>
DEBUG:Adding: <entity name="DoughsR31_zombieArlene" prob="0.01"/>
DEBUG:Adding: <entity name="DoughsR35_zombieJoe" prob="0.01"/>
DEBUG:Adding: <entity name="DoughsR41_zombieYo" prob="0.01"/>
DEBUG:Adding: <entity name="DoughsR42_zombieMaleHazmat" prob="0.4"/>
DEBUG:Adding: <entity name="DoughsR45_zombieSpider" prob="0.01"/>
DEBUG:Adding: <entity name="DoughsR49_zombieMoe" prob="0.01"/>
DEBUG:Adding: <entity name="DoughsR62_zombieDarlene" prob="0.01"/>
DEBUG:Adding: <entity name="DoughsR6_zombieSoldierFeral" prob="0.1"/>
DEBUG:Adding: <entity name="DoughsR7_zombieWightFeral" prob="0.01"/>
DEBUG:ModletGen_AddZedsToEntityGroupsFile ENTITY GROUP: zombieSoldierGroupGS800
DEBUG:Adding: <entity name="DoughsR13_zombieSteve" prob="0.01"/>
DEBUG:Adding: <entity name="DoughsR14_zombieSoldier" prob="0.25"/>
DEBUG:Adding: <entity name="DoughsR20_zombieSoldierRadiated" prob="0.45"/>
DEBUG:Adding: <entity name="DoughsR24_zombieNurse" prob="0.01"/>
DEBUG:Adding: <entity name="DoughsR28_zombieMarlene" prob="0.01"/>
DEBUG:Adding: <entity name="DoughsR29_zombieBoe" prob="0.01"/>
DEBUG:Adding: <entity name="DoughsR31_zombieArlene" prob="0.01"/>
DEBUG:Adding: <entity name="DoughsR35_zombieJoe" prob="0.01"/>
DEBUG:Adding: <entity name="DoughsR41_zombieYo" prob="0.01"/>
DEBUG:Adding: <entity name="DoughsR42_zombieMaleHazmat" prob="0.4"/>
DEBUG:Adding: <entity name="DoughsR45_zombieSpider" prob="0.01"/>
DEBUG:Adding: <entity name="DoughsR49_zombieMoe" prob="0.01"/>
DEBUG:Adding: <entity name="DoughsR62_zombieDarlene" prob="0.01"/>
DEBUG:Adding: <entity name="DoughsR6_zombieSoldierFeral" prob="0.5"/>
DEBUG:Adding: <entity name="DoughsR7_zombieWightFeral" prob="0.01"/>
DEBUG:ModletGen_AddZedsToEntityGroupsFile ENTITY GROUP: zombieSpiderGroupGS1
DEBUG:Adding: <entity name="DoughsR21_zombieSpiderRadiated" prob="0"/>
DEBUG:Adding: <entity name="DoughsR45_zombieSpider" prob="1"/>
DEBUG:Adding: <entity name="DoughsR57_zombieSpiderFeral" prob="0"/>
DEBUG:ModletGen_AddZedsToEntityGroupsFile ENTITY GROUP: zombieSpiderGroupGS100
DEBUG:Adding: <entity name="DoughsR21_zombieSpiderRadiated" prob="0"/>
DEBUG:Adding: <entity name="DoughsR45_zombieSpider" prob="0.7"/>
DEBUG:Adding: <entity name="DoughsR57_zombieSpiderFeral" prob="0.2"/>
DEBUG:ModletGen_AddZedsToEntityGroupsFile ENTITY GROUP: zombieSpiderGroupGS200
DEBUG:Adding: <entity name="DoughsR21_zombieSpiderRadiated" prob="0.15"/>
DEBUG:Adding: <entity name="DoughsR45_zombieSpider" prob="0.55"/>
DEBUG:Adding: <entity name="DoughsR57_zombieSpiderFeral" prob="0.3"/>
DEBUG:ModletGen_AddZedsToEntityGroupsFile ENTITY GROUP: zombieSpiderGroupGS400
DEBUG:Adding: <entity name="DoughsR21_zombieSpiderRadiated" prob="0.3"/>
DEBUG:Adding: <entity name="DoughsR45_zombieSpider" prob="0.4"/>
DEBUG:Adding: <entity name="DoughsR57_zombieSpiderFeral" prob="0.4"/>
DEBUG:ModletGen_AddZedsToEntityGroupsFile ENTITY GROUP: zombieSpiderGroupGS50
DEBUG:Adding: <entity name="DoughsR21_zombieSpiderRadiated" prob="0"/>
DEBUG:Adding: <entity name="DoughsR45_zombieSpider" prob="0.85"/>
DEBUG:Adding: <entity name="DoughsR57_zombieSpiderFeral" prob="0.1"/>
DEBUG:ModletGen_AddZedsToEntityGroupsFile ENTITY GROUP: zombieSpiderGroupGS800
DEBUG:Adding: <entity name="DoughsR21_zombieSpiderRadiated" prob="0.45"/>
DEBUG:Adding: <entity name="DoughsR45_zombieSpider" prob="0.25"/>
DEBUG:Adding: <entity name="DoughsR57_zombieSpiderFeral" prob="0.5"/>
DEBUG:ModletGen_AddZedsToEntityGroupsFile ENTITY GROUP: zombieUtilityWorkerGroupGS1
DEBUG:Adding: <entity name="DoughsR56_zombieUtilityWorker" prob="1"/>
DEBUG:Adding: <entity name="DoughsR65_zombieJanitor" prob=".4"/>
DEBUG:ModletGen_AddZedsToEntityGroupsFile ENTITY GROUP: zombieUtilityWorkerGroupGS100
DEBUG:Adding: <entity name="DoughsR52_zombieUtilityWorkerFeral" prob="0.2"/>
DEBUG:Adding: <entity name="DoughsR53_zombieJanitorFeral" prob="0.08"/>
DEBUG:Adding: <entity name="DoughsR56_zombieUtilityWorker" prob="0.7"/>
DEBUG:Adding: <entity name="DoughsR58_zombieJanitorRadiated" prob="0.02"/>
DEBUG:Adding: <entity name="DoughsR65_zombieJanitor" prob="0.28"/>
DEBUG:ModletGen_AddZedsToEntityGroupsFile ENTITY GROUP: zombieUtilityWorkerGroupGS200
DEBUG:Adding: <entity name="DoughsR52_zombieUtilityWorkerFeral" prob="0.3"/>
DEBUG:Adding: <entity name="DoughsR53_zombieJanitorFeral" prob="0.12"/>
DEBUG:Adding: <entity name="DoughsR56_zombieUtilityWorker" prob="0.55"/>
DEBUG:Adding: <entity name="DoughsR58_zombieJanitorRadiated" prob="0.04"/>
DEBUG:Adding: <entity name="DoughsR65_zombieJanitor" prob="0.22"/>
DEBUG:ModletGen_AddZedsToEntityGroupsFile ENTITY GROUP: zombieUtilityWorkerGroupGS400
DEBUG:Adding: <entity name="DoughsR52_zombieUtilityWorkerFeral" prob="0.4"/>
DEBUG:Adding: <entity name="DoughsR53_zombieJanitorFeral" prob="0.16"/>
DEBUG:Adding: <entity name="DoughsR56_zombieUtilityWorker" prob="0.4"/>
DEBUG:Adding: <entity name="DoughsR58_zombieJanitorRadiated" prob="0.08"/>
DEBUG:Adding: <entity name="DoughsR65_zombieJanitor" prob="0.16"/>
DEBUG:ModletGen_AddZedsToEntityGroupsFile ENTITY GROUP: zombieUtilityWorkerGroupGS50
DEBUG:Adding: <entity name="DoughsR52_zombieUtilityWorkerFeral" prob="0.1"/>
DEBUG:Adding: <entity name="DoughsR53_zombieJanitorFeral" prob="0.04"/>
DEBUG:Adding: <entity name="DoughsR56_zombieUtilityWorker" prob="0.85"/>
DEBUG:Adding: <entity name="DoughsR65_zombieJanitor" prob="0.34"/>
DEBUG:ModletGen_AddZedsToEntityGroupsFile ENTITY GROUP: zombieUtilityWorkerGroupGS800
DEBUG:Adding: <entity name="DoughsR52_zombieUtilityWorkerFeral" prob="0.5"/>
DEBUG:Adding: <entity name="DoughsR53_zombieJanitorFeral" prob="0.2"/>
DEBUG:Adding: <entity name="DoughsR56_zombieUtilityWorker" prob="0.25"/>
DEBUG:Adding: <entity name="DoughsR58_zombieJanitorRadiated" prob="0.16"/>
DEBUG:Adding: <entity name="DoughsR65_zombieJanitor" prob="0.1"/>
DEBUG:Completing: Entities file.
DEBUG:Completing: EntityGroups file.
DEBUG:Completing: Archetypes file.
INFO:Generated Zeds: 85 entities from: 86 base entities
INFO:Generated Hostile Animals: 12 entities from: 13 base entities
INFO:Generated Friendly Animals: 4 entities from: 5 base entities
INFO:Generated Archetypes: 40 archetypes from: 27 base archetypes
